05-07 13:44:09.096   911  1385 D ConnectivityService: ConnectivityService NetworkRequestInfo binderDied(NetworkRequest [ TRACK_DEFAULT id=22, [ Capabilities: INTERNET&NOT_RESTRICTED&TRUSTED Uid: 10072] ], android.os.BinderProxy@39fe797)
05-07 13:44:09.096   631   631 I Zygote  : Process 3057 exited due to signal 9 (Killed)
05-07 13:44:09.103   911  1368 D ConnectivityService: releasing NetworkRequest [ TRACK_DEFAULT id=22, [ Capabilities: INTERNET&NOT_RESTRICTED&TRUSTED Uid: 10072] ] (release request)
05-07 13:44:09.107  4168  4168 W INeedInit6: type=1400 audit(0.0:231): avc: granted { execute } for path="/data/data/com.facebook.katana/lib-superpack-xz/libglog.so" dev="sda35" ino=7212655 scontext=u:r:untrusted_app:s0:c134,c256,c512,c768 tcontext=u:object_r:app_data_file:s0:c134,c256,c512,c768 tclass=file
05-07 13:44:09.139  3681  3681 I Finsky  : [2] aitq.a(1): Connecting InstallListener to SplitInstallService broadcaster...
05-07 13:44:09.154  3681  3681 I Finsky  : [2] wbe.<init>(2): Item store provider started.
05-07 13:44:09.164  4168  4168 W INeedInit6: type=1400 audit(0.0:232): avc: granted { execute } for path="/data/data/com.facebook.katana/lib-superpack-xz/libbreakpad.so" dev="sda35" ino=7212557 scontext=u:r:untrusted_app:s0:c134,c256,c512,c768 tcontext=u:object_r:app_data_file:s0:c134,c256,c512,c768 tclass=file
05-07 13:44:09.164  4168  4168 W INeedInit6: type=1400 audit(0.0:233): avc: granted { execute } for path="/data/data/com.facebook.katana/lib-superpack-xz/libdexload.so" dev="sda35" ino=7209059 scontext=u:r:untrusted_app:s0:c134,c256,c512,c768 tcontext=u:object_r:app_data_file:s0:c134,c256,c512,c768 tclass=file
05-07 13:44:09.186  4129  4167 W dalvik-internals: sigaction64 succeeded
05-07 13:44:09.191  4129  4168 W DependencyManager|Runner:   Finished LoadLibDexLoad in 205ms
05-07 13:44:09.192  4129  4166 W DependencyManager|Runner: Running InitDitto
05-07 13:44:09.192  4129  4165 W DependencyManager|Runner: Running DisableRuntimeVerification
05-07 13:44:09.193  4129  4165 W DependencyManager|Runner:   Finished DisableRuntimeVerification in 0ms
05-07 13:44:09.206  4129  4165 W DependencyManager|Runner: Running InitClassTracing
05-07 13:44:09.208  4129  4165 W DependencyManager|Runner:   Finished InitClassTracing in 1ms
05-07 13:44:09.208  4129  4165 W DependencyManager|Runner: Running InitDeadCodeDetection
05-07 13:44:09.208  4129  4165 W DependencyManager|Runner:   Finished InitDeadCodeDetection in 0ms
05-07 13:44:09.208  4129  4165 W DependencyManager|Runner: Running InitMemoryTracer
05-07 13:44:09.208  4129  4165 W DependencyManager|Runner:   Finished InitMemoryTracer in 0ms
05-07 13:44:09.208  4129  4165 W DependencyManager|Runner: Running InitLacrimaEarlyNative
05-07 13:44:09.210  4164  4164 W INeedInit2: type=1400 audit(0.0:234): avc: granted { execute } for path="/data/data/com.facebook.katana/lib-superpack-xz/libxplat_third-party_jsoncpp_jsoncppAndroid.so" dev="sda35" ino=7212650 scontext=u:r:untrusted_app:s0:c134,c256,c512,c768 tcontext=u:object_r:app_data_file:s0:c134,c256,c512,c768 tclass=file
05-07 13:44:09.210  4129  4168 W DependencyManager|Runner: Running InitTerminateHandler
05-07 13:44:09.250  4129  4167 W dalvik-internals: ignoring failure to find _ZN3art12FaultManager35EnsureArtActionInFrontOfSignalChainEv: could not hook _ZN3art12FaultManager35EnsureArtActionInFrontOfSignalChainEv
05-07 13:44:09.250  4129  4167 V dalvik-internals: hooked signal using trap ()
05-07 13:44:09.250  4129  4167 V dalvik-internals: hooked sigaction using trap ()
05-07 13:44:09.256  4129  4167 I dalvik-internals: integrateWithCrashLog crashlog: /data/user/0/com.facebook.katana/crash_log, insta_crashlog: /data/user/0/com.facebook.katana/insta_crash_log
05-07 13:44:09.256  4129  4167 I dalvik-internals: installed sigmux crash handler for crash log
05-07 13:44:09.257  4129  4167 W DependencyManager|Runner:   Finished InitCrashLoopMitigation in 231ms
05-07 13:44:09.257  4129  4167 W DependencyManager|Runner: Running LoadVoltronModules
05-07 13:44:09.257  4129  4167 W DependencyManager|Runner:   Finished LoadVoltronModules in 1ms
05-07 13:44:09.257  4129  4167 W DependencyManager|Runner: Running PreConnect
05-07 13:44:09.258  4129  4167 W DependencyManager|Runner:   Finished PreConnect in 0ms
05-07 13:44:09.264  4129  4166 W DependencyManager|Runner:   Finished InitDitto in 73ms
05-07 13:44:09.265  4129  4166 W DependencyManager|Runner: Running NeedsDexUnpackingDetector
05-07 13:44:09.271  4129  4165 V appstatelogger2: Registered App State Logger stream with Breakpad
05-07 13:44:09.271  4129  4165 E appstatelogger2: Can't run on P or newer
05-07 13:44:09.284  4129  4168 W DependencyManager|Runner:   Finished InitTerminateHandler in 73ms
05-07 13:44:09.298  4129  4165 W lacrima : Start AnrAppDeathDetector... X.0cB
05-07 13:44:09.332  4129  4166 W DependencyManager|Runner:   Finished NeedsDexUnpackingDetector in 67ms
05-07 13:44:09.332  4129  4167 W DependencyManager|Runner: Running LoadDexes
05-07 13:44:09.336  4129  4167 W DexLibLoader: disabling background optimization
05-07 13:44:09.350  4129  4165 W lacrima : No anr report file found
05-07 13:44:09.350  4129  4165 W DependencyManager|Runner:   Finished InitLacrimaEarlyNative in 142ms
05-07 13:44:09.351  4129  4168 W DependencyManager|Runner: Running InitDittoBreakpadIntegration
05-07 13:44:09.351  4129  4168 W DependencyManager|Runner:   Finished InitDittoBreakpadIntegration in 0ms
05-07 13:44:09.436  3681  3771 I Finsky  : [231] aczs.j(7): Already at the latest configurations for experiment package com.google.android.finsky.regular.
05-07 13:44:09.436  3681  3771 I Finsky  : [231] aczj.u(2): Retrieved DSE selection state is true (cache=acze@e6f499c)
05-07 13:44:09.436  3681  3771 I Finsky  : [231] adaa.apply(4): DSE selection state after sync is true (cache=acze@e6f499c)
05-07 13:44:09.496  4129  4164 W DependencyManager|Runner:   Finished LoadLibColdStart in 491ms
05-07 13:44:09.496  4129  4166 W DependencyManager|Runner: Running FixAndroidBugs
05-07 13:44:09.497  4129  4166 W DependencyManager|Runner:   Finished FixAndroidBugs in 0ms
05-07 13:44:09.497  4129  4167 W DexLibLoader: Comparing new 1617120871442 to old 1617120871442
05-07 13:44:09.498  4129  4167 W DependencyManager|Runner:   Finished LoadDexes in 165ms
05-07 13:44:09.498  4129  4168 W DependencyManager|Runner: Running CreateApplicationImpl
05-07 13:44:09.499  4129  4168 W DependencyManager|Runner:   Finished CreateApplicationImpl in 0ms
05-07 13:44:09.511  4129  4165 W DependencyManager|Runner: Running AddMainDexStoreInfoToReliabilityLogging
05-07 13:44:09.511  4129  4165 W DependencyManager|Runner:   Finished AddMainDexStoreInfoToReliabilityLogging in 1ms
05-07 13:44:09.512  4129  4166 W DependencyManager|Runner: Running BuildIdWriter
05-07 13:44:09.512  4129  4166 W DependencyManager|Runner:   Finished BuildIdWriter in 0ms
05-07 13:44:09.512  4129  4168 W DependencyManager|Runner: Running ConfigureJitAfterDexesLoad
05-07 13:44:09.513  4129  4168 W DependencyManager|Runner:   Finished ConfigureJitAfterDexesLoad in 1ms
05-07 13:44:09.515  4129  4161 W ComponentDiscovery: Class com.google.firebase.dynamicloading.DynamicLoadingRegistrar is not an found.
05-07 13:44:09.516  4129  4165 W DependencyManager|Runner: Running FreeApkZipToReduceMemoryUsage
05-07 13:44:09.517  4129  4165 W DependencyManager|Runner:   Finished FreeApkZipToReduceMemoryUsage in 0ms
05-07 13:44:09.517  4129  4166 W DependencyManager|Runner: Running InitLacrimaLaterInit
05-07 13:44:09.517  4129  4166 W lacrima : FbErrorReportingConfig.laterInit
05-07 13:44:09.526  4129  4168 W DependencyManager|Runner: Running MprotectCode
05-07 13:44:09.537  4129  4168 W DependencyManager|Runner:   Finished MprotectCode in 11ms
05-07 13:44:09.537  4129  4168 W DependencyManager|Runner: Running MlockCode
05-07 13:44:09.538  4129  4168 W DependencyManager|Runner:   Finished MlockCode in 1ms
05-07 13:44:09.544  4129  4167 W DependencyManager|Runner: Running FbSharedPreferenceInitializer
05-07 13:44:09.550  4129  4168 W DependencyManager|Runner: Running GatekeeperStoreInitializer
05-07 13:44:09.554  4129  4168 W DependencyManager|Runner:   Finished GatekeeperStoreInitializer in 4ms
05-07 13:44:09.554  4129  4165 W DependencyManager|Runner: Running MobileConfigSessionlessInit
05-07 13:44:09.564  4129  4165 W DependencyManager|Runner:   Finished MobileConfigSessionlessInit in 9ms
05-07 13:44:09.566  4129  4168 W DependencyManager|Runner: Running MobileConfigInit
05-07 13:44:09.568  4129  4166 W lacrima : Abort hooks installed successfully
05-07 13:44:09.579  4129  4165 W DependencyManager|Runner: Running StartupQPLInit
05-07 13:44:09.586  4129  4164 W DependencyManager|Runner: Running InitAcraNative
05-07 13:44:09.586  4129  4164 W DependencyManager|Runner:   Finished InitAcraNative in 0ms
05-07 13:44:09.586  4129  4164 W DependencyManager|Runner: Running InitAppStateLoggerNative
05-07 13:44:09.586  4129  4164 W DependencyManager|Runner:   Finished InitAppStateLoggerNative in 0ms
05-07 13:44:09.586  4129  4164 W DependencyManager|Runner: Running InitJit
05-07 13:44:09.591  4129  4164 W DependencyManager|Runner:   Finished InitJit in 6ms
05-07 13:44:09.592  4129  4164 W DependencyManager|Runner: Running InitLyra
05-07 13:44:09.620  4129  4164 W DependencyManager|Runner:   Finished InitLyra in 28ms
05-07 13:44:09.620  4129  4164 W DependencyManager|Runner: Running EagerInitTigonLibs
05-07 13:44:09.620  4129  4164 W DependencyManager|Runner:   Finished EagerInitTigonLibs in 0ms
05-07 13:44:09.620  4129  4164 W DependencyManager|Runner: Running EagerInitTigonInterceptors
05-07 13:44:09.621  4129  4164 W DependencyManager|Runner:   Finished EagerInitTigonInterceptors in 0ms
05-07 13:44:09.621  4129  4164 W DependencyManager|Runner: Running EagerTigonLigerXPlatService
05-07 13:44:09.621  4129  4164 W DependencyManager|Runner:   Finished EagerTigonLigerXPlatService in 0ms
05-07 13:44:09.621  4129  4164 W DependencyManager|Runner: Running StaticGraphServiceFactoryInitializerFastPath
05-07 13:44:09.621  4129  4164 W DependencyManager|Runner:   Finished StaticGraphServiceFactoryInitializerFastPath in 1ms
05-07 13:44:09.621  4129  4164 W DependencyManager|Runner: Running MaybeTraceColdStart
05-07 13:44:09.646  4129  4168 W DependencyManager|Runner:   Finished MobileConfigInit in 79ms
05-07 13:44:09.646  4129  4168 W DependencyManager|Runner: Running NetworkEagerInit
05-07 13:44:09.646  4129  4168 W DependencyManager|Runner:   Finished NetworkEagerInit in 0ms
05-07 13:44:09.646  4129  4168 W DependencyManager|Runner: Running GraphServiceEagerInit
05-07 13:44:09.646  4129  4168 W DependencyManager|Runner:   Finished GraphServiceEagerInit in 0ms
05-07 13:44:09.646  4129  4168 W DependencyManager|Runner: Running AddProcessNameToErrorReport
05-07 13:44:09.647  4129  4168 W DependencyManager|Runner:   Finished AddProcessNameToErrorReport in 0ms
05-07 13:44:09.647  4129  4168 W DependencyManager|Runner: Running AppDataBridge
05-07 13:44:09.657  4129  4175 V AospBugFixOpts: set AOSP bug fix jboolean EnableAospBugFixes: bugFixOpt -> enable = 0. Given 0
05-07 13:44:09.669   631   631 D Zygote  : Forked child process 4186
05-07 13:44:09.670  4129  4164 W DependencyManager|Runner:   Finished MaybeTraceColdStart in 49ms
05-07 13:44:09.674   911  1024 I ActivityManager: Start proc 4186:android.process.acore/u0a20 for content provider {com.android.providers.contacts/com.android.providers.contacts.CallLogProvider}
05-07 13:44:09.676  4129  4165 E MobileConfigFactoryImpl: Unable to enable contextV2 due to null buffer - unitType: null, handleHolder is null: true
05-07 13:44:09.677  4129  4165 W EndToEndAnalyticsEventListener: WRITE_ANALYTICS_TO_LOGCAT = null, EndToEnd.isRunningEndToEndTest() = false
05-07 13:44:09.679  4129  4168 W AppStateLoggerCore: Application needs to be registered before setting app state manager bridge
05-07 13:44:09.679  4129  4168 W DependencyManager|Runner:   Finished AppDataBridge in 33ms
05-07 13:44:09.689  4186  4186 E d.process.acor: Not starting debugger since process cannot load the jdwp agent.
05-07 13:44:09.693  4129  4168 W DependencyManager|Runner: Running AsyncStartLooperMonitor
05-07 13:44:09.694  4129  4168 W DependencyManager|Runner:   Finished AsyncStartLooperMonitor in 1ms
05-07 13:44:09.694  4129  4168 W DependencyManager|Runner: Running BlackBoxOnInitTrigger
05-07 13:44:09.694  4129  4168 W DependencyManager|Runner:   Finished BlackBoxOnInitTrigger in 0ms
05-07 13:44:09.695  4129  4168 W DependencyManager|Runner: Running ConfigureComponentsIfIsRunningEndToEndTest
05-07 13:44:09.695  4129  4168 W DependencyManager|Runner:   Finished ConfigureComponentsIfIsRunningEndToEndTest in 0ms
05-07 13:44:09.695  4129  4168 W DependencyManager|Runner: Running DalvikInternalsOnColdStartEnd
05-07 13:44:09.695  4129  4168 W DependencyManager|Runner:   Finished DalvikInternalsOnColdStartEnd in 0ms
05-07 13:44:09.695  4129  4168 W DependencyManager|Runner: Running DismissSplashScreens
05-07 13:44:09.695  4129  4168 W DependencyManager|Runner:   Finished DismissSplashScreens in 0ms
05-07 13:44:09.695  4129  4168 W DependencyManager|Runner: Running DownloadedFbResources
05-07 13:44:09.696  4129  4164 W DependencyManager|Runner: Running RunPerfMarkers
05-07 13:44:09.697  4129  4164 W DependencyManager|Runner:   Finished RunPerfMarkers in 1ms
05-07 13:44:09.698  4129  4164 W DependencyManager|Runner: Running EarliestPossibleColdStartClassPreloadStarter
05-07 13:44:09.698  4129  4164 W DependencyManager|Runner:   Finished EarliestPossibleColdStartClassPreloadStarter in 1ms
05-07 13:44:09.698  4129  4164 W DependencyManager|Runner: Running HandleAppComponentsForPreTosBuild
05-07 13:44:09.699  4129  4164 W DependencyManager|Runner:   Finished HandleAppComponentsForPreTosBuild in 0ms
05-07 13:44:09.699  4129  4164 W DependencyManager|Runner: Running INeedInitForBroadcastReceiverRegister
05-07 13:44:09.718   911  1385 I ActivityManager: Killing 3636:roman10.media.converterv2/u0a148 (adj 975): empty #17
05-07 13:44:09.751  3939  4036 W id.apps.tachyo: Verification of java.lang.Object dv.createFromParcel(android.os.Parcel) took 156.404ms
05-07 13:44:09.770  4129  4165 W QuickPerformanceLoggerModule: Providing QPL...
05-07 13:44:09.783  4129  4168 D CACHE_HINTS: Entering madvise file
05-07 13:44:09.784  4129  4168 D CACHE_HINTS: MADVISE_RAND file 0x78a55dc000 4739071 /data/data/com.facebook.katana/app_restricks/layouts.bin
05-07 13:44:09.801  4129  4167 W DependencyManager|Runner:   Finished FbSharedPreferenceInitializer in 256ms
05-07 13:44:09.801  4129  4167 W DependencyManager|Runner: Running StringResourcesDelegate
05-07 13:44:09.813  4129  4164 W DependencyManager|Runner:   Finished INeedInitForBroadcastReceiverRegister in 114ms
05-07 13:44:09.813  4129  4164 W DependencyManager|Runner: Running ClientCacheEdgeManagerInitializer
05-07 13:44:09.814  4129  4164 W DependencyManager|Runner:   Finished ClientCacheEdgeManagerInitializer in 1ms
05-07 13:44:09.814  4129  4164 W DependencyManager|Runner: Running ComposerSavedSessionStoreInitializer
05-07 13:44:09.815  4129  4164 W DependencyManager|Runner:   Finished ComposerSavedSessionStoreInitializer in 0ms
05-07 13:44:09.815  4129  4164 W DependencyManager|Runner: Running ErrorReporterSecondaryInit
05-07 13:44:09.835  4129  4164 W DependencyManager|Runner:   Finished ErrorReporterSecondaryInit in 19ms
05-07 13:44:09.835  4129  4164 W DependencyManager|Runner: Running FacebookEmojiTypefaceProviderImpl
05-07 13:44:09.835  4129  4164 W DependencyManager|Runner:   Finished FacebookEmojiTypefaceProviderImpl in 1ms
05-07 13:44:09.836  4129  4164 W DependencyManager|Runner: Running Fb4aReactEagerInitHotMCUnpacker
05-07 13:44:09.836  4129  4164 W DependencyManager|Runner:   Finished Fb4aReactEagerInitHotMCUnpacker in 1ms
05-07 13:44:09.836  4129  4164 W DependencyManager|Runner: Running Fb4aUIQREnvironment
05-07 13:44:09.837  4129  4164 W DependencyManager|Runner:   Finished Fb4aUIQREnvironment in 0ms
05-07 13:44:09.837  4129  4164 W DependencyManager|Runner: Running INeedInitForEventBusRegister
05-07 13:44:09.837  4129  4164 W DependencyManager|Runner:   Finished INeedInitForEventBusRegister in 1ms
05-07 13:44:09.838  4129  4164 W DependencyManager|Runner: Running INeedInitForGatekeepersListenerRegister
05-07 13:44:09.838  4129  4164 W DependencyManager|Runner:   Finished INeedInitForGatekeepersListenerRegister in 0ms
05-07 13:44:09.838  4129  4164 W DependencyManager|Runner: Running INeedInitForSharedPrefsListenerRegister
05-07 13:44:09.839  4129  4164 W DependencyManager|Runner:   Finished INeedInitForSharedPrefsListenerRegister in 2ms
05-07 13:44:09.840  4129  4164 W DependencyManager|Runner: Running InitAcraBLogBridge
05-07 13:44:09.840  4129  4164 W DependencyManager|Runner:   Finished InitAcraBLogBridge in 0ms
05-07 13:44:09.840  4129  4164 W DependencyManager|Runner: Running InitAppChoreographer
05-07 13:44:09.841  4129  4164 W DependencyManager|Runner:   Finished InitAppChoreographer in 1ms
05-07 13:44:09.841  4129  4164 W DependencyManager|Runner: Running InitAppModuleFallbackLoader
05-07 13:44:09.841  4129  4164 W DependencyManager|Runner:   Finished InitAppModuleFallbackLoader in 1ms
05-07 13:44:09.841  4129  4164 W DependencyManager|Runner: Running InitFury
05-07 13:44:09.846  4129  4168 W DependencyManager|Runner:   Finished DownloadedFbResources in 150ms
05-07 13:44:09.846  4129  4168 W DependencyManager|Runner: Running InitGrimsey
05-07 13:44:09.846  4129  4168 W DependencyManager|Runner:   Finished InitGrimsey in 0ms
05-07 13:44:09.846  4129  4168 W DependencyManager|Runner: Running InitHelium
05-07 13:44:09.847  4129  4168 W DependencyManager|Runner:   Finished InitHelium in 0ms
05-07 13:44:09.847  4129  4168 W DependencyManager|Runner: Running InitLogging
05-07 13:44:09.850  4129  4167 W fb4a.FrscLanguagePackLoader: Loading FRSC strings for locale (en)
05-07 13:44:09.851  4129  4167 W fb4a.DependencyManager|Runner:   Finished StringResourcesDelegate in 49ms
05-07 13:44:09.851  4129  4167 W fb4a.DependencyManager|Runner: Running WaitForUIDependenciesInitializer
05-07 13:44:09.860  4129  4167 W fb4a.DependencyManager|Runner:   Finished WaitForUIDependenciesInitializer in 9ms
05-07 13:44:09.861  4129  4167 W fb4a.DependencyManager|Runner: Running InitMallocHooks
05-07 13:44:09.862  4129  4167 W fb4a.DependencyManager|Runner:   Finished InitMallocHooks in 1ms
05-07 13:44:09.894  4129  4168 W fb4a.DependencyManager|Runner:   Finished InitLogging in 0ms
05-07 13:44:09.903   911  1025 E libprocessgroup: Failed to kill process cgroup uid 10134 pid 2716 in 1414ms, 1 processes remain
05-07 13:44:09.904   911  1025 I libprocessgroup: Successfully killed process cgroup uid 10072 pid 3057 in 0ms
05-07 13:44:09.905   911  1025 I libprocessgroup: Successfully killed process cgroup uid 10091 pid 2877 in 0ms
05-07 13:44:09.910   631   631 I Zygote  : Process 3086 exited due to signal 9 (Killed)
05-07 13:44:09.911  4129  4168 W fb4a.DependencyManager|Runner: Running InitSurfaces
05-07 13:44:09.959   675   750 I ThermalEngine: vs_get_temperature: read[0] tsens_tz_sensor15 48000 mC, weight[0] 1
05-07 13:44:09.959   675   750 I ThermalEngine: vs_get_temperature: read[1] tsens_tz_sensor0 52000 mC, weight[1] -1
05-07 13:44:10.012  4129  4167 W fb4a.DependencyManager|Runner: Running InitMemoryDumpHandler
05-07 13:44:10.016  4186  4186 I ContactsPerf: VoicemailContentProvider.onCreate start
05-07 13:44:10.034  4186  4186 I ContactsPerf: VoicemailContentProvider.onCreate finish
05-07 13:44:10.058  4129  4167 W fb4a.DependencyManager|Runner:   Finished InitMemoryDumpHandler in 47ms
05-07 13:44:10.058  4129  4167 W fb4a.DependencyManager|Runner: Running LanguageSwitcher
05-07 13:44:10.115   911  1385 D CountryDetector: The first listener is added
05-07 13:44:10.115  4186  4186 I ContactsDatabaseHelper: updateUseStrictPhoneNumberComparison: IN
05-07 13:44:10.120  4186  4186 D ActivityThread: Loading provider contacts;com.android.contacts: com.android.providers.contacts.ContactsProvider2
05-07 13:44:10.158  4129  4164 W fb4a.DependencyManager|Runner:   Finished InitFury in 316ms
05-07 13:44:10.158  4129  4164 W fb4a.DependencyManager|Runner: Running LazyCustomErrorDataInitializer
05-07 13:44:10.160  4129  4168 W fb4a.DependencyManager|Runner:   Finished InitSurfaces in 248ms
05-07 13:44:10.160  4129  4168 W fb4a.DependencyManager|Runner: Running LocationRequestDetector
05-07 13:44:10.160  4129  4168 W fb4a.DependencyManager|Runner:   Finished LocationRequestDetector in 1ms
05-07 13:44:10.160  4129  4168 W fb4a.DependencyManager|Runner: Running LogController
05-07 13:44:10.167  4129  4167 W fb4a.DependencyManager|Runner:   Finished LanguageSwitcher in 108ms
05-07 13:44:10.167  4129  4167 W fb4a.DependencyManager|Runner: Running NotifyAppStateManagerOnCreateComplete
05-07 13:44:10.168  4129  4167 W fb4a.DependencyManager|Runner:   Finished NotifyAppStateManagerOnCreateComplete in 1ms
05-07 13:44:10.168  4129  4167 W fb4a.DependencyManager|Runner: Running PendingStoryStoreInitializer
05-07 13:44:10.168  4129  4167 W fb4a.DependencyManager|Runner:   Finished PendingStoryStoreInitializer in 1ms
05-07 13:44:10.168  4129  4167 W fb4a.DependencyManager|Runner: Running RegisterFrameRateTraceListener
05-07 13:44:10.168  4129  4167 W fb4a.DependencyManager|Runner:   Finished RegisterFrameRateTraceListener in 0ms
05-07 13:44:10.169  4129  4167 W fb4a.DependencyManager|Runner: Running RegisterMainLooperTracer
05-07 13:44:10.169  4129  4167 W fb4a.DependencyManager|Runner:   Finished RegisterMainLooperTracer in 0ms
05-07 13:44:10.169  4129  4167 W fb4a.DependencyManager|Runner: Running ReleaseDeferredBroadcastReceiver
05-07 13:44:10.169  4129  4167 W fb4a.DependencyManager|Runner:   Finished ReleaseDeferredBroadcastReceiver in 0ms
05-07 13:44:10.170  4129  4167 W fb4a.DependencyManager|Runner: Running ReplaceDalvikBuffer
05-07 13:44:10.170  4129  4167 W fb4a.DependencyManager|Runner:   Finished ReplaceDalvikBuffer in 0ms
05-07 13:44:10.170  4129  4167 W fb4a.DependencyManager|Runner: Running SetupDynaBuilds
05-07 13:44:10.170  4129  4167 W fb4a.DependencyManager|Runner:   Finished SetupDynaBuilds in 0ms
05-07 13:44:10.170  4129  4167 W fb4a.DependencyManager|Runner: Running SetupSmartGc
05-07 13:44:10.170  4129  4167 W fb4a.DependencyManager|Runner:   Finished SetupSmartGc in 0ms
05-07 13:44:10.170  4129  4167 W fb4a.DependencyManager|Runner: Running SetupYogaInstrumentation
05-07 13:44:10.171  4129  4167 W facebook.katan: !bang JNI is deprecated. Switch to @FastNative for void com.facebook.yoga.YogaSetup.jni_enableFacebookInstrumentation()
05-07 13:44:10.171  4129  4167 W facebook.katan: !bang JNI is deprecated. Switch to @FastNative for void com.facebook.yoga.YogaSetup.jni_resetCounters()
05-07 13:44:10.171  4129  4167 W fb4a.DependencyManager|Runner:   Finished SetupYogaInstrumentation in 1ms
05-07 13:44:10.171  4129  4167 W fb4a.DependencyManager|Runner: Running StatefulPeerManagerImpl
05-07 13:44:10.196   632   632 I Zygote  : Process 3636 exited due to signal 9 (Killed)
05-07 13:44:10.230   911  1025 I libprocessgroup: Successfully killed process cgroup uid 10148 pid 3636 in 324ms
05-07 13:44:10.235   620  4038 E ResolverController: No valid NAT64 prefix (100, <unspecified>/0)
05-07 13:44:10.284  4129  4167 W fb4a.DependencyManager|Runner:   Finished StatefulPeerManagerImpl in 112ms
05-07 13:44:10.284  4129  4167 W fb4a.DependencyManager|Runner: Running StaticGraphServiceFactoryInitializer
05-07 13:44:10.285  4186  4225 D ContactsDatabaseHelper: WAL enabled for contacts2.db: true
05-07 13:44:10.346  4129  4168 W fb4a.DependencyManager|Runner:   Finished LogController in 185ms
05-07 13:44:10.347  4129  4164 W fb4a.DependencyManager|Runner:   Finished LazyCustomErrorDataInitializer in 188ms
05-07 13:44:10.347  4129  4168 W fb4a.DependencyManager|Runner: Running TraceCurrentThreadMetadata
05-07 13:44:10.348  4129  4168 W fb4a.DependencyManager|Runner:   Finished TraceCurrentThreadMetadata in 0ms
05-07 13:44:10.348  4129  4168 W fb4a.DependencyManager|Runner: Running TransientNetworkTraceEarlyInit
05-07 13:44:10.348  4129  4164 W fb4a.DependencyManager|Runner: Running VpvHelperInitializer
05-07 13:44:10.348  4129  4164 W fb4a.DependencyManager|Runner:   Finished VpvHelperInitializer in 0ms
05-07 13:44:10.348  4129  4164 W fb4a.DependencyManager|Runner: Running WhitehatOverlayInitializer
05-07 13:44:10.389  1963  2890 W Conscrypt: Could not set socket write timeout: java.net.SocketException: Socket closed
05-07 13:44:10.390  1963  2890 W Conscrypt: 	at com.google.android.gms.org.conscrypt.Platform.setSocketWriteTimeout(:com.google.android.gms@210915037@21.09.15 (120400-361652764):2)
05-07 13:44:10.390  1963  2890 W Conscrypt: 	at com.google.android.gms.org.conscrypt.ConscryptFileDescriptorSocket.setSoWriteTimeout(:com.google.android.gms@210915037@21.09.15 (120400-361652764):0)
05-07 13:44:10.402  4129  4167 W fb4a.DependencyManager|Runner:   Finished StaticGraphServiceFactoryInitializer in 117ms
05-07 13:44:10.402  4129  4167 W fb4a.DependencyManager|Runner: Running ZeroLibraryInitializer
05-07 13:44:10.403  4129  4183 W fb4a.QPLConfig: failed to load config
05-07 13:44:10.403  4129  4183 W fb4a.QPLConfig: java.io.FileNotFoundException: /data/user/0/com.facebook.katana/app_qpl/qpl_sampling_config_v2.null: open failed: ENOENT (No such file or directory)
05-07 13:44:10.403  4129  4183 W fb4a.QPLConfig: 	at libcore.io.IoBridge.open(IoBridge.java:496)
05-07 13:44:10.403  4129  4183 W fb4a.QPLConfig: 	at java.io.FileInputStream.<init>(FileInputStream.java:159)
05-07 13:44:10.403  4129  4183 W fb4a.QPLConfig: 	at X.1mx.run(Unknown Source:75)
05-07 13:44:10.403  4129  4183 W fb4a.QPLConfig: 	at X.1nn.run(Unknown Source:2)
05-07 13:44:10.403  4129  4183 W fb4a.QPLConfig: 	at java.util.concurrent.ThreadPoolExecutor.runWorker(ThreadPoolExecutor.java:1167)
05-07 13:44:10.403  4129  4183 W fb4a.QPLConfig: 	at java.util.concurrent.ThreadPoolExecutor$Worker.run(ThreadPoolExecutor.java:641)
05-07 13:44:10.403  4129  4183 W fb4a.QPLConfig: 	at X.2ld.run(Unknown Source:3)
05-07 13:44:10.403  4129  4183 W fb4a.QPLConfig: 	at X.2lg.run(Unknown Source:12)
05-07 13:44:10.403  4129  4183 W fb4a.QPLConfig: 	at java.lang.Thread.run(Thread.java:919)
05-07 13:44:10.403  4129  4183 W fb4a.QPLConfig: Caused by: android.system.ErrnoException: open failed: ENOENT (No such file or directory)
05-07 13:44:10.403  4129  4183 W fb4a.QPLConfig: 	at libcore.io.Linux.open(Native Method)
05-07 13:44:10.403  4129  4183 W fb4a.QPLConfig: 	at libcore.io.ForwardingOs.open(ForwardingOs.java:167)
05-07 13:44:10.403  4129  4183 W fb4a.QPLConfig: 	at libcore.io.BlockGuardOs.open(BlockGuardOs.java:252)
05-07 13:44:10.403  4129  4183 W fb4a.QPLConfig: 	at libcore.io.ForwardingOs.open(ForwardingOs.java:167)
05-07 13:44:10.403  4129  4183 W fb4a.QPLConfig: 	at android.app.ActivityThread$AndroidOs.open(ActivityThread.java:7255)
05-07 13:44:10.403  4129  4183 W fb4a.QPLConfig: 	at libcore.io.IoBridge.open(IoBridge.java:482)
05-07 13:44:10.403  4129  4183 W fb4a.QPLConfig: 	... 8 more
05-07 13:44:10.404  4129  4168 W fb4a.DependencyManager|Runner:   Finished TransientNetworkTraceEarlyInit in 56ms
05-07 13:44:10.404  4129  4168 W fb4a.DependencyManager|Runner: Running SoftReportAnyAppSetupDetectorExceptions
05-07 13:44:10.404  4129  4168 W fb4a.DependencyManager|Runner:   Finished SoftReportAnyAppSetupDetectorExceptions in 0ms
05-07 13:44:10.405  4129  4164 W fb4a.DependencyManager|Runner:   Finished WhitehatOverlayInitializer in 0ms
05-07 13:44:10.492  4129  4167 W fb4a.MobileConfigFactoryImpl: null factory used for SESSIONLESS param
05-07 13:44:10.494  4129  4167 W fb4a.DependencyManager|Runner:   Finished ZeroLibraryInitializer in 91ms
05-07 13:44:10.525  1963  2890 W Conscrypt: Could not set socket write timeout: java.net.SocketException: Socket closed
05-07 13:44:10.527  1963  2890 W Conscrypt: 	at com.google.android.gms.org.conscrypt.Platform.setSocketWriteTimeout(:com.google.android.gms@210915037@21.09.15 (120400-361652764):2)
05-07 13:44:10.527  1963  2890 W Conscrypt: 	at com.google.android.gms.org.conscrypt.ConscryptFileDescriptorSocket.setSoWriteTimeout(:com.google.android.gms@210915037@21.09.15 (120400-361652764):0)
05-07 13:44:10.595  4063  4112 I DialerSystemCallLogDataSource: com.android.dialer.calllog.datasources.systemcalllog.SystemCallLogDataSource.handleInsertsAndUpdatesInternal:398 found 528 entries for REGULAR_CALL
05-07 13:44:10.653  4063  4111 I DialerSystemCallLogDataSource: com.android.dialer.calllog.datasources.systemcalllog.SystemCallLogDataSource.handleInsertsAndUpdatesInternal:392 no results for CALL_IN_DIRECT_BOOT_MODE
05-07 13:44:10.706  4186  4226 I ContactLocale: AddressBook Labels [[en_US]]: [, A, B, C, D, E, F, G, H, I, J, K, L, M, N, O, P, Q, R, S, T, U, V, W, X, Y, Z, , , , , , , , , , , , , , , , , , , , , , , , , , , , , , , , , , , , , , , , , , , , , , , , , , , , , , , , , , , , , , , , , , , , , , , , , , , , , , , , , , , , , , , , , , , , , , , , , , , , , , , , , , , , , , , , , , , , , , , , , , , , , , , , , , , , , , , , , , , , , , , , , , , , , , , , , , , , , , , , , , , , , , , , , , , , , , , , , , , , , , , , , , , #, ]
05-07 13:44:10.770  4186  4225 D ContactsDatabaseHelper: WAL enabled for profile.db: false
05-07 13:44:10.826  3939  3951 W id.apps.tachyo: Suspending all threads took: 509.540ms
05-07 13:44:10.912  4129  4165 W fb4a.QuickPerformanceLoggerModule: Provided QPL: 98755775
05-07 13:44:10.913  4129  4165 W fb4a.DependencyManager|Runner:   Finished StartupQPLInit in 1334ms
05-07 13:44:10.913  4129  4168 W fb4a.DependencyManager|Runner: Running CombinedLoggingInit
05-07 13:44:10.914  4129  4168 W fb4a.DependencyManager|Runner:   Finished CombinedLoggingInit in 0ms
05-07 13:44:10.914  4129  4164 W fb4a.DependencyManager|Runner: Running FunctionalReliabilityRingBufferInitializer
05-07 13:44:10.915  4129  4164 W fb4a.DependencyManager|Runner:   Finished FunctionalReliabilityRingBufferInitializer in 1ms
05-07 13:44:10.939   675   757 I ThermalEngine: ACTION: CLUSTER - Setting CLUSTER[1] to 2054400
05-07 13:44:10.940  4129  4167 W fb4a.DependencyManager|Runner: Running ProfiloBridgeFactoryImpl
05-07 13:44:10.942  4129  4168 W fb4a.DependencyManager|Runner: Running ReliabilityUserPerceptibleScopeToQPL
05-07 13:44:10.943  4129  4168 W fb4a.DependencyManager|Runner:   Finished ReliabilityUserPerceptibleScopeToQPL in 0ms
05-07 13:44:10.945  4129  4164 W fb4a.DependencyManager|Runner: Running StartupInfraPreloader
05-07 13:44:10.946  4129  4164 W fb4a.DependencyManager|Runner:   Finished StartupInfraPreloader in 1ms
05-07 13:44:10.947  4129  4168 W fb4a.DependencyManager|Runner: Running StartupQPLReplayer
05-07 13:44:10.947  4129  4168 W fb4a.DependencyManager|Runner:   Finished StartupQPLReplayer in 1ms
05-07 13:44:10.949  4129  4167 W fb4a.DependencyManager|Runner:   Finished ProfiloBridgeFactoryImpl in 9ms
05-07 13:44:10.952  4129  4214 W fb4a.FrscLanguagePackLoader: FRSC English strings buffer size - (limit : 643576, capacity : 643576)
05-07 13:44:10.961   675   750 I ThermalEngine: vs_get_temperature: read[0] tsens_tz_sensor15 48000 mC, weight[0] 1
05-07 13:44:10.962   675   750 I ThermalEngine: vs_get_temperature: read[1] tsens_tz_sensor0 52000 mC, weight[1] -1
05-07 13:44:11.037  1963  1963 D BoundBrokerSvc: onUnbind: Intent { act=com.google.android.gms.udc.service.START pkg=com.google.android.gms }
05-07 13:44:11.058  4129  4163 W fb4a.DependencyManager|Runner:   Waiting on InitLacrimaLaterInit for 1542ms...
05-07 13:44:11.076  4129  4166 W fb4a.DependencyManager|Runner:   Finished InitLacrimaLaterInit in 1559ms
05-07 13:44:11.076  4129  4166 W fb4a.DependencyManager|Runner: All work finished.
05-07 13:44:11.265  3681  3823 E PlayCommon: [245] bamw.h(134): Failed to connect to server for server timestamp: java.net.ConnectException: Failed to connect to play.googleapis.com/142.250.192.74:443
05-07 13:44:11.294   911   984 D ColorDisplayService: Setting saturation level: 100
05-07 13:44:11.306  4129  4143 W System  : A resource failed to call close. 
05-07 13:44:11.307  4129  4143 I chatty  : uid=10134(com.facebook.katana) identical 2 lines
05-07 13:44:11.307  4129  4143 W System  : A resource failed to call close. 
05-07 13:44:11.337  2035  2114 W WindDownScheduler: Missing wind down pause.
05-07 13:44:11.352   911  2519 I ActivityManager: Killing 3254:com.estrongs.android.pop/u0a156 (adj 975): empty #17
05-07 13:44:11.378   620  4046 E ResolverController: No valid NAT64 prefix (100, <unspecified>/0)
05-07 13:44:11.389  3681  3823 I PlayCommon: [245] bamw.h(167): Connecting to server: https://play.googleapis.com/play/log?format=raw&proto_v2=true
05-07 13:44:11.390  4063  4063 I DialerCountryDetector: com.android.dialer.location.CountryDetector.getCurrentCountryIso:114 returning Redacted-2-chars
05-07 13:44:11.395  4063  4119 I DialerVisualVoicemailUpdateTask: com.android.dialer.app.calllog.VisualVoicemailUpdateTask.lambda$start$8:306 Starting service to update VVM notification
05-07 13:44:11.399  4063  4119 W DialerVisualVoicemailUpdateTask: com.android.dialer.app.calllog.VisualVoicemailUpdateTask.lambda$start$8:324 Vvm notification broadcast received before notification channels were created
05-07 13:44:11.400  2345  2345 D RcsPresence: IRcsPresence creates
05-07 13:44:11.400  4063  4119 I DialerLogcatLoggingBindings: com.android.dialer.logging.logcat.LogcatLoggingBindings.logImpression:46 Impression: CHECKING_NEW_VOICEMAIL_TRANSIENT_NOTIFICATION_SHOWN
05-07 13:44:11.457   620  1844 I netd    : bandwidthAddNiceApp(10043) <3.51ms>
05-07 13:44:11.477  4063  4111 I DialerVisualVoicemailUpdateTask: com.android.dialer.app.calllog.VisualVoicemailUpdateTask.lambda$updateNotification$1:142 no voicemails to notify about
05-07 13:44:11.477  4063  4111 I DialerVisualVoicemailNotifier: com.android.dialer.app.calllog.VisualVoicemailNotifier.cancelAllVoicemailNotifications:204 enter
05-07 13:44:11.479  4063  4118 I DialerSystemCallLogDataSource: com.android.dialer.calllog.datasources.systemcalllog.SystemCallLogDataSource.lambda$handleDeletes$6:618 found 0 call log entries to remove
05-07 13:44:11.484  4063  4111 I DialerVoicemailNotificationJobService: com.android.dialer.app.calllog.VoicemailNotificationJobService.cancelJob:69 cancelJob
05-07 13:44:11.487   911  2519 D ConnectivityService: requestNetwork for uid/pid:10043/4063 NetworkRequest [ TRACK_DEFAULT id=32, [ Capabilities: INTERNET&NOT_RESTRICTED&TRUSTED Uid: 10043] ]
05-07 13:44:11.489  1632  1632 D PhoneSwitcherNetworkRequstListener: got request NetworkRequest [ TRACK_DEFAULT id=32, [ Capabilities: INTERNET&NOT_RESTRICTED&TRUSTED Uid: 10043] ] with score 50 and serial 3
05-07 13:44:11.489   911  1360 D UntrustedWifiNetworkFactory: got request NetworkRequest [ TRACK_DEFAULT id=32, [ Capabilities: INTERNET&NOT_RESTRICTED&TRUSTED Uid: 10043] ] with score 50 and serial 3
05-07 13:44:11.489   911  1360 D WifiNetworkFactory: got request NetworkRequest [ TRACK_DEFAULT id=32, [ Capabilities: INTERNET&NOT_RESTRICTED&TRUSTED Uid: 10043] ] with score 50 and serial 3
05-07 13:44:11.489   911  1418 D Ethernet: got request NetworkRequest [ TRACK_DEFAULT id=32, [ Capabilities: INTERNET&NOT_RESTRICTED&TRUSTED Uid: 10043] ] with score 50 and serial 3
05-07 13:44:11.504  4063  4112 I DialerVoicemailStatusDataMigration: com.android.dialer.voicemailstatus.dataservice.impl.VoicemailStatusDataMigration.migrate:66 enter
05-07 13:44:11.505  3726  3726 I GH.WifiBluetoothRcvr: Connection action: android.intent.action.BOOT_COMPLETED, device null
05-07 13:44:11.510  3726  3726 I GH.WifiBluetoothRcvr: Wireless projection is available on this phone.
05-07 13:44:11.516   620  1844 I netd    : bandwidthRemoveNiceApp(10043) <7.70ms>
05-07 13:44:11.518   911  1368 D ConnectivityService: Blocked status changed to true for 10043(32) on netId 100
05-07 13:44:11.519  1963  1963 D BoundBrokerSvc: onBind: Intent { act=android.intent.action.RESOLVE_INSTANT_APP_PACKAGE cmp=com.google.android.gms/.chimera.PersistentBoundBrokerService }
05-07 13:44:11.519  1963  1963 D BoundBrokerSvc: Loading bound service for intent: Intent { act=android.intent.action.RESOLVE_INSTANT_APP_PACKAGE cmp=com.google.android.gms/.chimera.PersistentBoundBrokerService }
05-07 13:44:11.529   911   911 I Telecom : DefaultDialerCache: Refreshing default dialer for user 0: now com.google.android.dialer: CM.CCCR->CM.UECNT@AD4
05-07 13:44:11.529   911   911 I Telecom : DefaultDialerCache: Refreshing default dialer for user 11: now null: CM.CCCR->CM.UECNT@AD4
05-07 13:44:11.529   911   911 I Telecom : DefaultDialerCache: Refreshing default dialer for user 12: now null: CM.CCCR->CM.UECNT@AD4
05-07 13:44:11.530   911   911 I Telecom : MissedCallNotifierImpl: reloadAfterBootComplete: user=0: CM.CCCR->CM.UECNT@AD4
05-07 13:44:11.537  1632  1632 D CarrierConfigLoader: mHandler: 13 phoneId: 0
05-07 13:44:11.537  1632  1632 D CarrierConfigLoader: mHandler: 7 phoneId: 0
05-07 13:44:11.540  1632  1632 D CarrierConfigLoader: Loaded config from XML. package=com.google.android.carrier phoneId=0
05-07 13:44:11.546   911   911 I Telecom : TelecomSystem: CallerInfoAsyncQuery.startQuery number=*** cookie=CM.CCCR->CM.UECNT->CILH.sL->CILH.sL@AD4: CM.CCCR->CM.UECNT->CILH.sL@AD4
05-07 13:44:11.549  1632  1632 D CarrierConfigLoader: mHandler: 5 phoneId: 0
05-07 13:44:11.571   631   631 D Zygote  : Forked child process 4255
05-07 13:44:11.579  4063  4114 I DialerVoicemailModule: com.android.voicemail.impl.VoicemailModule.provideVoicemailClient:79 providing VoicemailClientImpl [CONTEXT enable_persistent_logger=true ]
05-07 13:44:11.580   911   911 I Telecom : TelecomSystem: CallerInfoAsyncQuery.startQuery number=*** cookie=CM.CCCR->CM.UECNT->CILH.sL->CILH.sL@AD4: CM.CCCR->CM.UECNT->CILH.sL@AD4
05-07 13:44:11.589   911  1024 I ActivityManager: Start proc 4255:com.google.android.marvin.talkback/u0a94 for broadcast {com.google.android.marvin.talkback/com.google.android.accessibility.talkback.BootReceiver}
05-07 13:44:11.592  1632  1632 D CarrierConfigLoader: mHandler: 16 phoneId: 0
05-07 13:44:11.601  1632  1632 D CarrierConfigLoader: Broadcast CARRIER_CONFIG_CHANGED for phone 0
05-07 13:44:11.605  1632  1632 D CarrierKeyDownloadManager: Carrier Config changed: android.telephony.action.CARRIER_CONFIG_CHANGED
05-07 13:44:11.607   631   631 I Zygote  : Process 3254 exited due to signal 9 (Killed)
05-07 13:44:11.611  4063  4063 I DialerConstellationSyncWorker: com.android.dialer.businessvoice.control.worker.ConstellationSyncWorker.startWork:72 starting work
05-07 13:44:11.620  4063  4113 I DialerCountryCodeProvider: com.android.dialer.businessvoice.verifiedcall.impl.i18n.CountryCodeProvider.getSimCountryCodeInternal:82 returning Redacted-2-chars
05-07 13:44:11.623   911  1025 I libprocessgroup: Successfully killed process cgroup uid 10156 pid 3254 in 260ms
05-07 13:44:11.623  4255  4255 E marvin.talkbac: Not starting debugger since process cannot load the jdwp agent.
05-07 13:44:11.623  1632  1632 I ImsResolver: Received Carrier Config Changed for SlotId: 0
05-07 13:44:11.626   911   911 I NotificationService: Cannot find enqueued record for key: 0|com.google.android.dialer|174344743|null|10043
05-07 13:44:11.636  1632  1632 I TelecomFramework: : Carrier-config changed, checking for phone account updates.
05-07 13:44:11.644  1632  2030 I CarrierInfoManager: using values for mnc, mcc: 45,404
05-07 13:44:11.646  1632  2030 D CarrierInfoManager: No rows found for keyType: 2
05-07 13:44:11.650   620  1844 I netd    : bandwidthRemoveInterfaceQuota("rmnet_data0") <3.57ms>
05-07 13:44:11.658   620  1844 I netd    : bandwidthSetInterfaceQuota("rmnet_data0", 9223372036854775807) <3.42ms>
05-07 13:44:11.661   620  1844 I netd    : bandwidthSetGlobalAlert(2097152) <0.32ms>
05-07 13:44:11.662   911   911 I Telecom : PhoneAccountRegistrar: getSimCallManager: SimCallManager for subId 2 queried, returning: null: TSI.gSCMFU@AFc
05-07 13:44:11.663   631   631 D Zygote  : Forked child process 4275
05-07 13:44:11.664   911  1024 W ActivityManager: Slow operation: 60ms so far, now at startProcess: returned from zygote!
05-07 13:44:11.664   911  1024 W ActivityManager: Slow operation: 60ms so far, now at startProcess: done updating battery stats
05-07 13:44:11.664   911  1024 W ActivityManager: Slow operation: 60ms so far, now at startProcess: building log message
05-07 13:44:11.664   911  1024 I ActivityManager: Start proc 4275:com.android.cellbroadcastreceiver/u0a36 for broadcast {com.android.cellbroadcastreceiver/com.android.cellbroadcastreceiver.CellBroadcastReceiver}
05-07 13:44:11.665   911  1024 W ActivityManager: Slow operation: 60ms so far, now at startProcess: starting to update pids map
05-07 13:44:11.665   911  1024 W ActivityManager: Slow operation: 60ms so far, now at startProcess: done updating pids map
05-07 13:44:11.672   911   911 I Telecom : PhoneAccountRegistrar: getSimCallManager: SimCallManager for subId 2 queried, returning: null: TSI.gSCMFU@AFg
05-07 13:44:11.677  4275  4275 E oadcastreceive: Not starting debugger since process cannot load the jdwp agent.
05-07 13:44:11.681  1632  1632 I TelecomFramework: AccountEntry: reRegisterPstnPhoneAccount: subId: 2 - no change
05-07 13:44:11.683  1963  4045 E ActivityThread: Failed to find provider info for instantapp-dev-manager
05-07 13:44:11.683   911   911 I Telecom : PhoneAccountRegistrar: getSimCallManager: SimCallManager for subId 2 queried, returning: null: TSI.gSCMFU@AFo
05-07 13:44:11.742   911   911 I Telecom : CallerInfoLookupHelper: CI query for handle tel:************* has completed; notifying all listeners.: CM.CCCR->CM.UECNT->CILH.sL->CILH.oQC@AD4
05-07 13:44:11.743   911   911 I Telecom : MissedCallNotifierImpl: showMissedCallNotification: userHandle=0: CM.CCCR->CM.UECNT->CILH.sL->CILH.oQC@AD4
05-07 13:44:11.743   667   876 I nanohub : osLog: [AR_CHRE] still: 100
05-07 13:44:11.743   911   911 W Telecom : MissedCallNotifierImpl: Showing missed calls through default dialer.: CM.CCCR->CM.UECNT->CILH.sL->CILH.oQC@AD4
05-07 13:44:11.744   911   911 I Telecom : CallerInfoLookupHelper: There is no photo for this contact, skipping photo query: CM.CCCR->CM.UECNT->CILH.sL->CILH.oQC@AD4
05-07 13:44:11.744   911   911 I Telecom : CallerInfoLookupHelper: CI query for handle tel:************* has completed; notifying all listeners.: CM.CCCR->CM.UECNT->CILH.sL->CILH.oQC@AD4
05-07 13:44:11.744   911   911 I Telecom : MissedCallNotifierImpl: showMissedCallNotification: userHandle=0: CM.CCCR->CM.UECNT->CILH.sL->CILH.oQC@AD4
05-07 13:44:11.744   911   911 W Telecom : MissedCallNotifierImpl: Showing missed calls through default dialer.: CM.CCCR->CM.UECNT->CILH.sL->CILH.oQC@AD4
05-07 13:44:11.745   911   911 I Telecom : CallerInfoLookupHelper: There is no photo for this contact, skipping photo query: CM.CCCR->CM.UECNT->CILH.sL->CILH.oQC@AD4
05-07 13:44:11.753  4275  4275 D CellBroadcastReceiver: onReceive Intent { act=android.telephony.action.CARRIER_CONFIG_CHANGED flg=0x15000010 cmp=com.android.cellbroadcastreceiver/.CellBroadcastReceiver (has extras) }
05-07 13:44:11.754  4275  4275 D CellBroadcastReceiver: initializeSharedPreference
05-07 13:44:11.764  4275  4275 D CellBroadcastReceiver: Default interval 0 did not change.
05-07 13:44:11.764  4275  4275 D CellBroadcastReceiver: Start Cell Broadcast configuration.
05-07 13:44:11.773  4275  4304 D CellBroadcastConfigService: Enable CellBroadcast on sub 2
05-07 13:44:11.780  4063  4063 I DialerRegistrationWorker: com.android.dialer.businessvoice.control.worker.RegistrationWorker.startWork:127 starting work
05-07 13:44:11.781   911  2523 I ActivityManager: Killing 2632:com.google.android.googlequicksearchbox:search/u0a47 (adj 965): empty #17
05-07 13:44:11.794   631   631 D Zygote  : Forked child process 4306
05-07 13:44:11.795   911  1024 I ActivityManager: Start proc 4306:org.videolan.vlc/u0a155 for broadcast {org.videolan.vlc/org.videolan.vlc.TvReceiver}
05-07 13:44:11.799  1632  2015 D IccSmsInterfaceManager: [IccSmsInterfaceManager] Added GSM cell broadcast channels range 4370 to 4370
05-07 13:44:11.799  1632  2015 D IccSmsInterfaceManager: [IccSmsInterfaceManager] Calling setCellBroadcastActivation(true)
05-07 13:44:11.803  1632  4313 W ImsConfigImpl: VoWiFi Roaming: value can't be changed
05-07 13:44:11.803  1632  4313 D ImsConfigImplBase: Set provision value of 26 to 0 failed with error code 1
05-07 13:44:11.803  1632  4313 D ImsConfigImplBase: Set provision value of 26 to 0 failed with error code 1
05-07 13:44:11.806  1632  1928 V ImsSenderRxr: Read packet: 12 bytes
05-07 13:44:11.807  1632  1931 D ImsConfigImpl: Message received: what = 1
05-07 13:44:11.807  1632  1931 D ImsConfigImpl: Notifyall
05-07 13:44:11.807  1632  4312 D ImsConfigImplBase: Set provision value of 27 to 1 failed with error code 1
05-07 13:44:11.807  1632  4312 D ImsConfigImplBase: Set provision value of 27 to 1 failed with error code 1
05-07 13:44:11.810  4306  4306 E rg.videolan.vl: Not starting debugger since process cannot load the jdwp agent.
05-07 13:44:11.814  2276  2709 I A       : processToken binder died, :search process likely died
05-07 13:44:11.816   631   631 I Zygote  : Process 2632 exited due to signal 9 (Killed)
05-07 13:44:11.826  4063  4113 I DialerCachedVerifiedNumberProvider: com.android.dialer.businessvoice.verifiedcall.impl.constellation.CachedVerifiedNumberProvider.refreshConstellationInfo:188 Retrieving constellation info and refreshing the cache.
05-07 13:44:11.826   911  1025 I libprocessgroup: Successfully killed process cgroup uid 10047 pid 2632 in 44ms
05-07 13:44:11.833  1632  1632 I ImsManager: update RTT value false
05-07 13:44:11.833  4063  4119 I DialerVoicemailStatusDataMigration: com.android.dialer.voicemailstatus.dataservice.impl.VoicemailStatusDataMigration.lambda$migrate$0:71 no package status to migrate
05-07 13:44:11.833  4063  4119 I DialerVoicemailStatusDataMigration: com.android.dialer.voicemailstatus.dataservice.impl.VoicemailStatusDataMigration.cleanup:84 enter
05-07 13:44:11.838  1632  1632 I ImsManager: changeMmTelCapability: changing capabilities for sub: 2, request: CapabilityChangeRequest{mCapabilitiesToEnable={}, mCapabilitiesToDisable={CapabilityPair{mCapability=1, radioTech=0}, CapabilityPair{mCapability=1, radioTech=1}, CapabilityPair{mCapability=2, radioTech=0}, CapabilityPair{mCapability=4, radioTech=0}}}
05-07 13:44:11.838  1632  1632 I MmTelFeatureCompat: changeEnabledCapabilities - cap: 0 radioTech: 13 disabled
05-07 13:44:11.839  1632  1632 D ImsConfigImpl: SetServiceStatus = 0 13 0
05-07 13:44:11.841  1632  1928 V ImsSenderRxr: Read packet: 12 bytes
05-07 13:44:11.841  1632  1931 D ImsConfigImpl: Message received: what = 2
05-07 13:44:11.841  1632  1931 I MmTelFeatureCompat: changeEnabledCapabilities - setFeatureValueReceived with value 0
05-07 13:44:11.842  1632  1632 I MmTelFeatureCompat: changeEnabledCapabilities - cap: 2 radioTech: 18 disabled
05-07 13:44:11.842  4063  4111 I DialerDialerBlockedNumberPhoneLookupContributor: com.android.dialer.phonelookup.blockednumber.DialerBlockedNumberPhoneLookupContributor.getMostRecentInfo:99 getMostRecentInfo
05-07 13:44:11.842  1632  1632 D ImsConfigImpl: SetServiceStatus = 0 18 0
05-07 13:44:11.842  4063  4111 I DialerSystemBlockedNumberPhoneLookupContributor: com.android.dialer.phonelookup.blockednumber.SystemBlockedNumberPhoneLookupContributor.getMostRecentInfo:104 getMostRecentInfo
05-07 13:44:11.844  1632  1928 V ImsSenderRxr: Read packet: 12 bytes
05-07 13:44:11.845  1632  1931 D ImsConfigImpl: Message received: what = 2
05-07 13:44:11.845  1632  1931 I MmTelFeatureCompat: changeEnabledCapabilities - setFeatureValueReceived with value 0
05-07 13:44:11.845  1632  1632 I MmTelFeatureCompat: changeEnabledCapabilities - cap: 1 radioTech: 13 disabled
05-07 13:44:11.845  1632  1632 D ImsConfigImpl: SetServiceStatus = 3 13 0
05-07 13:44:11.847  1632  1928 V ImsSenderRxr: Read packet: 12 bytes
05-07 13:44:11.847  1632  1931 D ImsConfigImpl: Message received: what = 2
05-07 13:44:11.848  1632  1931 I MmTelFeatureCompat: changeEnabledCapabilities - setFeatureValueReceived with value 0
05-07 13:44:11.848  1632  1632 I MmTelFeatureCompat: changeEnabledCapabilities - cap: 4 radioTech: 13 disabled
05-07 13:44:11.849  1632  1632 I MmTelFeatureCompat: changeEnabledCapabilities - setFeatureValueReceived with value 0
05-07 13:44:11.852  1632  1928 V ImsSenderRxr: Read packet: 12 bytes
05-07 13:44:11.854  1632  1632 D CarrierKeyDownloadManager: Carrier not enabled or invalid values
05-07 13:44:11.854  1632  1632 D CarrierKeyDownloadManager: Cleaning up existing renewal alarms
05-07 13:44:11.863  4063  4118 I DialerCountryCodeProvider: com.android.dialer.businessvoice.verifiedcall.impl.i18n.CountryCodeProvider.getSimCountryCodeInternal:82 returning Redacted-2-chars
05-07 13:44:11.863  4063  4113 I DialerCachedVerifiedNumberProvider: com.android.dialer.businessvoice.verifiedcall.impl.constellation.CachedVerifiedNumberProvider.refreshConstellationInfo:188 Retrieving constellation info and refreshing the cache.
05-07 13:44:11.873  1632  1632 D OtaspSimStateReceiver: Received intent: android.telephony.action.CARRIER_CONFIG_CHANGED
05-07 13:44:11.874  1632  1632 D OtaspSimStateReceiver: otasp activation not needed: no supported carrier
05-07 13:44:11.875  1632  1632 D ImsServiceSub: Message received: what = 9
05-07 13:44:11.875  1632  1632 D ImsServiceSub: Request turn on/off IMS failed
05-07 13:44:11.876  1632  1632 I VvmSimStateTracker: android.telephony.action.CARRIER_CONFIG_CHANGED
05-07 13:44:11.878  1632  2015 D IccSmsInterfaceManager: [IccSmsInterfaceManager] Calling setCdmaBroadcastConfig with 1 configurations
05-07 13:44:11.878  1632  1632 I VvmSimStateTracker: Service connected on ComponentInfo{com.android.phone/com.android.services.telephony.TelephonyConnectionService}, ***, UserHandle{0}
