05-07 13:43:48.302  2990  3391 W ndroid.contact: Verification of void android.support.v4.graphics.drawable.IconCompat.<init>() took 193.863ms
05-07 13:43:48.340  3484  3572 I WhatsAppJni: EnsureThreadAttached: attached current thread to JVM
05-07 13:43:48.340  3484  3571 I WhatsAppJni: EnsureThreadAttached: attached current thread to JVM
05-07 13:43:48.404  2891  2891 W pool-15-thread-: type=1400 audit(0.0:81): avc: denied { read } for name="devices" dev="sysfs" ino=4 scontext=u:r:untrusted_app_27:s0:c133,c256,c512,c768 tcontext=u:object_r:sysfs:s0 tclass=dir permissive=0
05-07 13:43:48.487  2891  2891 W pool-15-thread-: type=1400 audit(0.0:82): avc: denied { read } for name="devices" dev="sysfs" ino=4 scontext=u:r:untrusted_app_27:s0:c133,c256,c512,c768 tcontext=u:object_r:sysfs:s0 tclass=dir permissive=0
05-07 13:43:48.599  3254  3301 I ngs.android.po: WaitForGcToComplete blocked ProfileSaver on ClassLinker for 474.846ms
05-07 13:43:48.755   911  2296 I chatty  : uid=1000(system) backup-0 identical 10398 lines
05-07 13:43:48.756   911  2296 I BackupManagerService: Found stale backup journal, scheduling
05-07 13:43:48.761  2546  2589 W vo.anyshare.gp: Suspending all threads took: 94.920ms
05-07 13:43:48.764   911  1368 D ConnectivityService: releasing NetworkRequest [ TRACK_DEFAULT id=20, [ Capabilities: INTERNET&NOT_RESTRICTED&TRUSTED Uid: 10133] ] (release request)
05-07 13:43:48.767   911  2296 I BackupManagerService: Found stale backup journal, scheduling
05-07 13:43:48.858  2632  3555 W earchbox:searc: Verification of du lf.H(boolean) took 492.783ms
05-07 13:43:48.918   675   750 I ThermalEngine: vs_get_temperature: read[0] tsens_tz_sensor15 55000 mC, weight[0] 1
05-07 13:43:48.919   675   750 I ThermalEngine: vs_get_temperature: read[1] tsens_tz_sensor0 61000 mC, weight[1] -1
05-07 13:43:48.972  2632  3555 W earchbox:searc: Verification of void lf.f(dy) took 113.241ms
05-07 13:43:48.979  3484  3484 W com.whatsapp: Accessing hidden method Landroid/text/StaticLayout;-><init>(Ljava/lang/CharSequence;IILandroid/text/TextPaint;ILandroid/text/Layout$Alignment;Landroid/text/TextDirectionHeuristic;FFZLandroid/text/TextUtils$TruncateAt;II)V (greylist-max-p, linking, denied)
05-07 13:43:49.000  3484  3484 W com.whatsapp: Accessing hidden method Landroid/text/StaticLayout;-><init>(Ljava/lang/CharSequence;IILandroid/text/TextPaint;ILandroid/text/Layout$Alignment;Landroid/text/TextDirectionHeuristic;FFZLandroid/text/TextUtils$TruncateAt;II)V (greylist-max-p, linking, denied)
05-07 13:43:49.126   911  2296 I chatty  : uid=1000(system) backup-0 identical 3234 lines
05-07 13:43:49.126   911  2296 I BackupManagerService: Found stale backup journal, scheduling
05-07 13:43:49.164  1797  2615 W JobInfoUtil: JobInfoUtil.setJobInfo():45 The retry policy will be ignored for idle task: TRAINING_CACHE_STORAGE_MAINTENANCE_TASK.
05-07 13:43:49.164  1797  2615 W JobInfoUtil: JobInfoUtil.setJobInfo():56 The max execution delay will be ignored for periodic task: TRAINING_CACHE_STORAGE_MAINTENANCE_TASK
05-07 13:43:49.197  2891  2891 W pool-15-thread-: type=1400 audit(0.0:89): avc: denied { read } for name="devices" dev="sysfs" ino=4 scontext=u:r:untrusted_app_27:s0:c133,c256,c512,c768 tcontext=u:object_r:sysfs:s0 tclass=dir permissive=0
05-07 13:43:49.273  3484  3484 D FirebaseApp: com.google.firebase.auth.FirebaseAuth is not linked. Skipping initialization.
05-07 13:43:49.273  3484  3484 D FirebaseApp: com.google.firebase.crash.FirebaseCrash is not linked. Skipping initialization.
05-07 13:43:49.274  3484  3484 D FirebaseApp: com.google.android.gms.measurement.AppMeasurement is not linked. Skipping initialization.
05-07 13:43:49.274  3484  3484 I FirebaseInitProvider: FirebaseApp initialization successful
05-07 13:43:49.308   911  2523 D ConnectivityService: Returning BLOCKED NetworkInfo to uid=10142
05-07 13:43:49.397  2891  2891 W pool-15-thread-: type=1400 audit(0.0:90): avc: denied { read } for name="devices" dev="sysfs" ino=4 scontext=u:r:untrusted_app_27:s0:c133,c256,c512,c768 tcontext=u:object_r:sysfs:s0 tclass=dir permissive=0
05-07 13:43:49.416  3484  3484 W com.whatsapp: Verification of void X.0GO.A0F(android.database.sqlite.SQLiteDatabase) took 100.737ms
05-07 13:43:49.430  2891  2891 W pool-15-thread-: type=1400 audit(0.0:91): avc: denied { read } for name="devices" dev="sysfs" ino=4 scontext=u:r:untrusted_app_27:s0:c133,c256,c512,c768 tcontext=u:object_r:sysfs:s0 tclass=dir permissive=0
05-07 13:43:49.547  2891  2891 W pool-15-thread-: type=1400 audit(0.0:92): avc: denied { read } for name="devices" dev="sysfs" ino=4 scontext=u:r:untrusted_app_27:s0:c133,c256,c512,c768 tcontext=u:object_r:sysfs:s0 tclass=dir permissive=0
05-07 13:43:49.621  3057  3294 I ogle.android.g: Waiting for a blocking GC ClassLinker
05-07 13:43:49.680  2891  2891 W pool-15-thread-: type=1400 audit(0.0:93): avc: denied { read } for name="devices" dev="sysfs" ino=4 scontext=u:r:untrusted_app_27:s0:c133,c256,c512,c768 tcontext=u:object_r:sysfs:s0 tclass=dir permissive=0
05-07 13:43:49.797  3484  3484 W com.whatsapp: Class X.024 failed lock verification and will run slower.
05-07 13:43:49.797  3484  3484 W com.whatsapp: Common causes for lock verification issues are non-optimized dex code
05-07 13:43:49.797  3484  3484 W com.whatsapp: and incorrect proguard optimizations.
05-07 13:43:49.800  3254  3476 D SharedPreferencesImpl: Time required to fsync /data/user/0/com.estrongs.android.pop/shared_prefs/_search_prefs.xml: [<1: 0, <2: 0, <4: 0, <8: 0, <16: 0, <32: 0, <64: 0, <128: 0, <256: 2, <512: 2, <1024: 0, <2048: 0, <4096: 0, <8192: 0, <16384: 0, >=16384: 0]
05-07 13:43:49.828  2632  3555 W earchbox:searc: Verification of void hq.<clinit>() took 502.869ms
05-07 13:43:49.918   675   757 I ThermalEngine: ACTION: CLUSTER - Setting CLUSTER[1] to 1670400
05-07 13:43:49.920   675   750 I ThermalEngine: vs_get_temperature: read[0] tsens_tz_sensor15 54000 mC, weight[0] 1
05-07 13:43:49.920   675   750 I ThermalEngine: vs_get_temperature: read[1] tsens_tz_sensor0 59000 mC, weight[1] -1
05-07 13:43:50.043  2632  3555 W earchbox:searc: Verification of java.lang.Object hp.b(java.lang.Object) took 213.840ms
05-07 13:43:50.150  1797  2615 I JobSchedulerImpl: JobSchedulerImpl.schedule():90 Schedule task: TRAINING_CACHE_STORAGE_MAINTENANCE_TASK. Success.
05-07 13:43:50.183  1797  2426 I putmethod.lati: WaitForGcToComplete blocked ClassLinker on HeapTrim for 2.969s
05-07 13:43:50.205   659   659 I /vendor/bin/hw/android.hardware.health@2.0-service.marlin: SRAM data: 2481000
05-07 13:43:50.216   659   659 I /vendor/bin/hw/android.hardware.health@2.0-service.marlin: SRAM data: 2481000
05-07 13:43:50.221  1456  2009 D PowerUI : can't show warning due to - plugged: true status unknown: false
05-07 13:43:50.400  3254  3474 I internationalization:  SDK V3.9 - 2017.05.23 - UI
05-07 13:43:50.407  3057  3294 I ogle.android.g: WaitForGcToComplete blocked ClassLinker on HeapTrim for 786.670ms
05-07 13:43:50.426  2632  3555 W earchbox:searc: Verification of java.lang.Object fk.a() took 380.471ms
05-07 13:43:50.793  2632  3555 W earchbox:searc: Verification of java.lang.Object fy.a() took 363.758ms
05-07 13:43:50.922   675   750 I ThermalEngine: vs_get_temperature: read[0] tsens_tz_sensor15 53000 mC, weight[0] 1
05-07 13:43:50.922   675   750 I ThermalEngine: vs_get_temperature: read[1] tsens_tz_sensor0 58000 mC, weight[1] -1
05-07 13:43:50.926  3393  3627 I FirebaseCrash: Sending crashes
05-07 13:43:51.425  2632  3555 W earchbox:searc: Verification of java.lang.Object he.a() took 292.985ms
05-07 13:43:51.514  1797  2426 I DynamiteModule: Considering local module com.google.android.gms.cronet_dynamite:0 and remote module com.google.android.gms.cronet_dynamite:1411
05-07 13:43:51.515  1797  2426 I DynamiteModule: Selected remote version of com.google.android.gms.cronet_dynamite, version >= 1411
05-07 13:43:51.518  1797  2574 I NetworkInfoNotification: NetworkInfoNotification$Listener.onReceive():89 onNetworkAvailable: networkState = METERED, isAirplaneModeOn = false
05-07 13:43:51.531  2632  3555 W earchbox:searc: Verification of void hf.<clinit>() took 105.657ms
05-07 13:43:51.561   632   632 D Zygote  : Forked child process 3636
05-07 13:43:51.564   911  1024 I ActivityManager: Start proc 3636:roman10.media.converterv2/u0a148 for broadcast {roman10.media.converterv2/roman10.media.converterv2.MediaMountMonitor}
05-07 13:43:51.584  3636  3636 W main    : type=1400 audit(0.0:95): avc: granted { read } for name="u:object_r:net_dns_prop:s0" dev="tmpfs" ino=15175 scontext=u:r:untrusted_app_25:s0:c512,c768 tcontext=u:object_r:net_dns_prop:s0 tclass=file
05-07 13:43:51.595  3636  3636 E dia.converterv: Not starting debugger since process cannot load the jdwp agent.
05-07 13:43:51.727  1797  2426 W putmethod.lati: Verification of void dg.<init>(android.content.Context) took 111.788ms
05-07 13:43:51.745  3484  3520 I com.whatsapp: Waiting for a blocking GC ProfileSaver
05-07 13:43:51.761  3636  3636 I dia.converterv: The ClassLoaderContext is a special shared library.
05-07 13:43:51.810  2546  3074 E FBAudienceNetwork: You are using custom Application class and don't call AudienceNetworkAds.isInAdsProcess(). Multi-process support will be disabled. Please call AudienceNetworkAds.isInAdsProcess() if you want to support multi-process mode.
05-07 13:43:51.924   675   750 I ThermalEngine: vs_get_temperature: read[0] tsens_tz_sensor15 53000 mC, weight[0] 1
05-07 13:43:51.924   675   750 I ThermalEngine: vs_get_temperature: read[1] tsens_tz_sensor0 57000 mC, weight[1] -1
05-07 13:43:51.930  2632  3555 W earchbox:searc: Verification of void of.<init>() took 394.137ms
05-07 13:43:52.100  3254  3254 I UpnpServiceImpl: >>> Starting UPnP service...
05-07 13:43:52.101  3254  3254 I UpnpServiceImpl: Using configuration: com.estrongs.dlna.core.d
05-07 13:43:52.109  3254  3254 I UpnpServiceImpl: <<< UPnP service started successfully
05-07 13:43:52.117  3254  3254 I Router  : WiFi state changed, trying to disable router
05-07 13:43:52.141  2546  3074 W vo.anyshare.gp: Verification of com.facebook.ads.redexgen.X.AO com.facebook.ads.redexgen.X.AW.A03(android.content.Context) took 113.476ms
05-07 13:43:52.207  2632  3555 W earchbox:searc: Verification of mq mo.a(java.lang.String, long) took 275.890ms
05-07 13:43:52.210  3254  3351 I WorkerWrapper: Worker result SUCCESS for Work [ id=c44e0db2-0f76-4352-8af3-329e3ec5adf3, tags={ com.estrongs.android.util.KAWorker } ]
05-07 13:43:52.251  3484  3595 D WM-PackageManagerHelper: androidx.work.impl.background.systemjob.SystemJobService enabled
05-07 13:43:52.251  3484  3595 D WM-Schedulers: Created SystemJobScheduler and enabled SystemJobService
05-07 13:43:52.313  2632  3555 W earchbox:searc: Verification of android.net.Uri mi.a() took 104.595ms
05-07 13:43:52.320  2546  2677 W vo.anyshare.gp: Verification of void com.android.org.conscrypt.OpenSSLX509CertPath.<clinit>() took 171.869ms
05-07 13:43:52.386  2546  2969 I WM-WorkerWrapper: Worker result SUCCESS for Work [ id=cb189eb9-c74d-43fe-9378-0be7a860e0da, tags={ com.ushareit.ccm.CommandWorker, Cmd } ]
05-07 13:43:52.430  2546  2677 W vo.anyshare.gp: Verification of java.security.cert.CertPath com.android.org.conscrypt.OpenSSLX509CertPath.fromPkcs7Encoding(java.io.InputStream) took 109.475ms
05-07 13:43:52.445  3057  3294 V NativeCrypto: Registering com/google/android/gms/org/conscrypt/NativeCrypto's 287 native methods...
05-07 13:43:52.499  3484  3671 D WM-WorkManagerImpl: Unable to initialize multi-process support
05-07 13:43:52.499  3484  3671 D WM-WorkManagerImpl: java.lang.ClassNotFoundException: androidx.work.multiprocess.RemoteWorkManagerClient
05-07 13:43:52.499  3484  3671 D WM-WorkManagerImpl: 	at java.lang.Class.classForName(Native Method)
05-07 13:43:52.499  3484  3671 D WM-WorkManagerImpl: 	at java.lang.Class.forName(Class.java:454)
05-07 13:43:52.499  3484  3671 D WM-WorkManagerImpl: 	at java.lang.Class.forName(Class.java:379)
05-07 13:43:52.499  3484  3671 D WM-WorkManagerImpl: 	at X.0yw.run(:282934)
05-07 13:43:52.499  3484  3671 D WM-WorkManagerImpl: 	at java.lang.RunnableEBaseShape5S0200000_I1_0.run(:259586)
05-07 13:43:52.499  3484  3671 D WM-WorkManagerImpl: 	at java.util.concurrent.ThreadPoolExecutor.runWorker(ThreadPoolExecutor.java:1167)
05-07 13:43:52.499  3484  3671 D WM-WorkManagerImpl: 	at java.util.concurrent.ThreadPoolExecutor$Worker.run(ThreadPoolExecutor.java:641)
05-07 13:43:52.499  3484  3671 D WM-WorkManagerImpl: 	at java.lang.Thread.run(Thread.java:919)
05-07 13:43:52.499  3484  3671 D WM-WorkManagerImpl: Caused by: java.lang.ClassNotFoundException: androidx.work.multiprocess.RemoteWorkManagerClient
05-07 13:43:52.499  3484  3671 D WM-WorkManagerImpl: 	... 8 more
05-07 13:43:52.499  3484  3671 D WM-ForceStopRunnable: Performing cleanup operations.
05-07 13:43:52.523  1797  2615 I Environment: Environment.isPackageInstalled():298 com.bitstrips.imoji is not installed
05-07 13:43:52.579  3636  3636 D FirebaseApp: com.google.firebase.auth.FirebaseAuth is not linked. Skipping initialization.
05-07 13:43:52.580  3636  3636 D FirebaseApp: com.google.firebase.crash.FirebaseCrash is not linked. Skipping initialization.
05-07 13:43:52.580  3636  3636 I FirebaseInitProvider: FirebaseApp initialization successful
05-07 13:43:52.597  1797  2426 W putmethod.lati: Verification of android.content.Context dg.a(android.content.Context, java.lang.String, int, android.database.Cursor) took 869.129ms
05-07 13:43:52.805  3636  3636 I GAv4    : Google Analytics 12.4.51 is starting up. To enable debug logging on a device run:
05-07 13:43:52.805  3636  3636 I GAv4    :   adb shell setprop log.tag.GAv4 DEBUG
05-07 13:43:52.805  3636  3636 I GAv4    :   adb logcat -s GAv4
05-07 13:43:52.821  2546  2933 I SystemConfig: Adding association: com.google.android.as <- com.android.providers.contacts
05-07 13:43:52.821  2546  2933 I SystemConfig: Adding association: com.google.android.as <- com.android.providers.media
05-07 13:43:52.821  2546  2933 I SystemConfig: Adding association: com.google.android.as <- com.android.providers.telephony
05-07 13:43:52.821  2546  2933 I SystemConfig: Adding association: com.google.android.as <- com.android.systemui
05-07 13:43:52.821  2546  2933 I SystemConfig: Adding association: com.google.android.as <- com.google.android.gms
05-07 13:43:52.821  2546  2933 I SystemConfig: Adding association: com.google.android.as <- com.google.android.gsf
05-07 13:43:52.874   911  1385 W BroadcastQueue: Background execution not allowed: receiving Intent { act=android.intent.action.ANY_DATA_STATE flg=0x10 (has extras) } to com.lenovo.anyshare.gps/com.ushareit.longevity.receiver.GlobalReceiver
05-07 13:43:52.877   911  1023 W BroadcastQueue: Background execution not allowed: receiving Intent { act=android.intent.action.ANY_DATA_STATE flg=0x10 (has extras) } to com.lenovo.anyshare.gps/com.ushareit.longevity.receiver.GlobalReceiver
05-07 13:43:52.878   911  1023 W BroadcastQueue: Background execution not allowed: receiving Intent { act=android.intent.action.ANY_DATA_STATE flg=0x10 (has extras) } to com.lenovo.anyshare.gps/com.ushareit.longevity.receiver.GlobalReceiver
05-07 13:43:52.881  1632  1632 I VvmSimStateTracker: android.intent.action.SIM_STATE_CHANGED
05-07 13:43:52.903   631   631 D Zygote  : Forked child process 3681
05-07 13:43:52.905   911  1024 I ActivityManager: Start proc 3681:com.android.vending/u0a55 for broadcast {com.android.vending/com.google.android.finsky.simhandler.SimStateReceiver}
05-07 13:43:52.905  1797  2426 W putmethod.lati: Verification of ey dg.c(android.content.Context, long) took 308.125ms
05-07 13:43:52.918  3681  3681 E android.vendin: Not starting debugger since process cannot load the jdwp agent.
05-07 13:43:52.925   675   750 I ThermalEngine: vs_get_temperature: read[0] tsens_tz_sensor15 52000 mC, weight[0] 1
05-07 13:43:52.925   675   750 I ThermalEngine: vs_get_temperature: read[1] tsens_tz_sensor0 57000 mC, weight[1] -1
05-07 13:43:52.954  3681  3681 I android.vendin: The ClassLoaderContext is a special shared library.
05-07 13:43:52.994  3484  3520 I com.whatsapp: WaitForGcToComplete blocked ProfileSaver on AddRemoveAppImageSpace for 1.248s
05-07 13:43:53.006  3484  3671 D WM-SystemJobScheduler: Reconciling jobs
05-07 13:43:53.027  3484  3671 D WM-ForceStopRunnable: Application was force-stopped, rescheduling.
05-07 13:43:53.108  3484  3671 D WM-SystemJobScheduler: Scheduling work ID 54f99c8c-d890-4aa1-9c4e-b9cdcd1a9629 Job ID 1104
05-07 13:43:53.120  2546  2933 W SystemConfig: No directory /product_services/etc/sysconfig, skipping
05-07 13:43:53.120  2546  2933 W SystemConfig: No directory /product_services/etc/permissions, skipping
05-07 13:43:53.130  3484  3671 D WM-GreedyScheduler: Starting tracking for [54f99c8c-d890-4aa1-9c4e-b9cdcd1a9629]
05-07 13:43:53.132  2091  2146 F adbd    : usb.cpp:554] Check failed: payload.size() <= bytes_left (payload.size()=99, bytes_left=51) 
--------- beginning of crash
05-07 13:43:53.133  2091  2146 F libc    : Fatal signal 6 (SIGABRT), code -1 (SI_QUEUE) in tid 2146 (UsbFfs-worker), pid 2091 (adbd)
05-07 13:43:53.144  3484  3671 D WM-ConstraintTracker: 1eC: initial state = [ Connected=false Validated=false Metered=true NotRoaming=true ]
05-07 13:43:53.145  3484  3671 D WM-NetworkStateTracker: Registering network callback
05-07 13:43:53.170  3705  3705 I crash_dump64: obtaining output fd from tombstoned, type: kDebuggerdTombstone
05-07 13:43:53.171   831   831 I /system/bin/tombstoned: received crash request for pid 2146
05-07 13:43:53.180  3705  3705 I crash_dump64: performing dump of process 2091 (target tid = 2146)
05-07 13:43:53.182  3705  3705 F DEBUG   : *** *** *** *** *** *** *** *** *** *** *** *** *** *** *** ***
05-07 13:43:53.182  3705  3705 F DEBUG   : Build fingerprint: 'google/sailfish/sailfish:10/QP1A.191005.007.A3/5972272:user/release-keys'
05-07 13:43:53.182  3705  3705 F DEBUG   : Revision: '0'
05-07 13:43:53.182  3705  3705 F DEBUG   : ABI: 'arm64'
05-07 13:43:53.183  3705  3705 F DEBUG   : Timestamp: 2021-05-07 13:43:53+0530
05-07 13:43:53.183  3705  3705 F DEBUG   : pid: 2091, tid: 2146, name: UsbFfs-worker  >>> /system/bin/adbd <<<
05-07 13:43:53.183  3705  3705 F DEBUG   : uid: 2000
05-07 13:43:53.183  3705  3705 F DEBUG   : signal 6 (SIGABRT), code -1 (SI_QUEUE), fault addr --------
05-07 13:43:53.183  3705  3705 F DEBUG   : Abort message: 'Check failed: payload.size() <= bytes_left (payload.size()=99, bytes_left=51) '
05-07 13:43:53.183  3705  3705 F DEBUG   :     x0  0000000000000000  x1  0000000000000862  x2  0000000000000006  x3  00000070825fb750
05-07 13:43:53.184  3705  3705 F DEBUG   :     x4  fefefefefefefeff  x5  fefefefefefefeff  x6  fefefefefefefeff  x7  7f7f7f7f7f7f7f7f
05-07 13:43:53.184  3705  3705 F DEBUG   :     x8  00000000000000f0  x9  0770a641e17eb23b  x10 fffffff0ffffffdf  x11 0000000000000000
05-07 13:43:53.184  3705  3705 F DEBUG   :     x12 0000000000000018  x13 ffffffffffffffff  x14 0000000000000004  x15 ffffffffffffffff
05-07 13:43:53.184  3705  3705 F DEBUG   :     x16 0000007085c5b8b8  x17 0000007085c39710  x18 0000007082484000  x19 00000000000000ac
05-07 13:43:53.184  3705  3705 F DEBUG   :     x20 000000000000082b  x21 00000000000000b2  x22 0000000000000862  x23 00000000ffffffff
05-07 13:43:53.184  3705  3705 F DEBUG   :     x24 00000070825fc020  x25 000000708575b6e7  x26 000000000000000d  x27 000000708575e5a6
05-07 13:43:53.184  3705  3705 F DEBUG   :     x28 00000000ffffffff  x29 00000070825fb800
05-07 13:43:53.184  3705  3705 F DEBUG   :     sp  00000070825fb730  lr  0000007085bec44c  pc  0000007085bec46c
05-07 13:43:53.189  3705  3705 F DEBUG   : 
05-07 13:43:53.189  3705  3705 F DEBUG   : backtrace:
05-07 13:43:53.189  3705  3705 F DEBUG   :       #00 pc 000000000008246c  /apex/com.android.runtime/lib64/bionic/libc.so (abort+160) (BuildId: 5812256023147338b8a9538321d4c456)
05-07 13:43:53.189  3705  3705 F DEBUG   :       #01 pc 000000000000bc2c  /system/lib64/libbase.so (android::base::DefaultAborter(char const*)+12) (BuildId: 83d94b0adf649fc558a5414c3ce539d7)
05-07 13:43:53.190  3705  3705 F DEBUG   :       #02 pc 000000000000c634  /system/lib64/libbase.so (android::base::LogMessage::~LogMessage()+604) (BuildId: 83d94b0adf649fc558a5414c3ce539d7)
05-07 13:43:53.190  3705  3705 F DEBUG   :       #03 pc 0000000000044b00  /system/lib64/libadbd.so (UsbFfsConnection::ProcessRead(IoBlock*)+1096) (BuildId: ae011d809f20e5988f9b5eea05cec4d2)
05-07 13:43:53.190  3705  3705 F DEBUG   :       #04 pc 00000000000443b4  /system/lib64/libadbd.so (UsbFfsConnection::HandleRead(TransferId, long)+124) (BuildId: ae011d809f20e5988f9b5eea05cec4d2)
05-07 13:43:53.190  3705  3705 F DEBUG   :       #05 pc 0000000000044234  /system/lib64/libadbd.so (UsbFfsConnection::ReadEvents()+120) (BuildId: ae011d809f20e5988f9b5eea05cec4d2)
05-07 13:43:53.190  3705  3705 F DEBUG   :       #06 pc 0000000000043fe4  /system/lib64/libadbd.so (_ZZN16UsbFfsConnection11StartWorkerEvENKUlvE_clEv+716) (BuildId: ae011d809f20e5988f9b5eea05cec4d2)
05-07 13:43:53.190  3705  3705 F DEBUG   :       #07 pc 0000000000043cdc  /system/lib64/libadbd.so (_ZNSt3__114__thread_proxyINS_5tupleIJNS_10unique_ptrINS_15__thread_structENS_14default_deleteIS3_EEEEZN16UsbFfsConnection11StartWorkerEvEUlvE_EEEEEPvSA_+44) (BuildId: ae011d809f20e5988f9b5eea05cec4d2)
05-07 13:43:53.190  3705  3705 F DEBUG   :       #08 pc 00000000000e372c  /apex/com.android.runtime/lib64/bionic/libc.so (__pthread_start(void*)+36) (BuildId: 5812256023147338b8a9538321d4c456)
05-07 13:43:53.190  3705  3705 F DEBUG   :       #09 pc 0000000000084004  /apex/com.android.runtime/lib64/bionic/libc.so (__start_thread+64) (BuildId: 5812256023147338b8a9538321d4c456)
05-07 13:43:53.205   911  2527 D ConnectivityService: requestNetwork for uid/pid:10142/3484 NetworkRequest [ TRACK_DEFAULT id=24, [ Capabilities: INTERNET&NOT_RESTRICTED&TRUSTED Uid: 10142] ]
05-07 13:43:53.207  3484  3671 D WM-GreedyScheduler: Constraints not met: Cancelling work ID 54f99c8c-d890-4aa1-9c4e-b9cdcd1a9629
05-07 13:43:53.207   911  1360 D UntrustedWifiNetworkFactory: got request NetworkRequest [ TRACK_DEFAULT id=24, [ Capabilities: INTERNET&NOT_RESTRICTED&TRUSTED Uid: 10142] ] with score 50 and serial 3
05-07 13:43:53.207   911  1360 D WifiNetworkFactory: got request NetworkRequest [ TRACK_DEFAULT id=24, [ Capabilities: INTERNET&NOT_RESTRICTED&TRUSTED Uid: 10142] ] with score 50 and serial 3
05-07 13:43:53.207   911  1418 D Ethernet: got request NetworkRequest [ TRACK_DEFAULT id=24, [ Capabilities: INTERNET&NOT_RESTRICTED&TRUSTED Uid: 10142] ] with score 50 and serial 3
05-07 13:43:53.212  1632  1632 D PhoneSwitcherNetworkRequstListener: got request NetworkRequest [ TRACK_DEFAULT id=24, [ Capabilities: INTERNET&NOT_RESTRICTED&TRUSTED Uid: 10142] ] with score 50 and serial 3
05-07 13:43:53.219  3484  3704 D WM-NetworkStateTracker: Network capabilities changed: [ Transports: CELLULAR Capabilities: SUPL&INTERNET&NOT_RESTRICTED&TRUSTED&NOT_VPN&VALIDATED&NOT_ROAMING&FOREGROUND&NOT_CONGESTED&NOT_SUSPENDED LinkUpBandwidth>=51200Kbps LinkDnBandwidth>=102400Kbps Specifier: <2>]
05-07 13:43:53.231   911  1475 W NativeCrashListener: Couldn't find ProcessRecord for pid 2091
05-07 13:43:53.234   831   831 E /system/bin/tombstoned: Tombstone written to: /data/tombstones/tombstone_00
05-07 13:43:53.266   911  2032 W AdbDebuggingManager: Read failed with count -1
05-07 13:43:53.266   911  2032 E AdbDebuggingManager: Caught an exception opening the socket: java.io.IOException: Connection refused
05-07 13:43:53.298  3710  3711 I adbd    : opening control endpoint /dev/usb-ffs/adb/ep0
05-07 13:43:53.330  3484  3709 D WM-Processor: Processor stopping background work 54f99c8c-d890-4aa1-9c4e-b9cdcd1a9629
05-07 13:43:53.330  3484  3709 D WM-Processor: WorkerWrapper could not be found for 54f99c8c-d890-4aa1-9c4e-b9cdcd1a9629
05-07 13:43:53.332  3710  3711 I adbd    : UsbFfsConnection constructed
05-07 13:43:53.333  3710  3712 I adbd    : USB event: FUNCTIONFS_BIND
05-07 13:43:53.340  3484  3709 D WM-StopWorkRunnable: StopWorkRunnable for 54f99c8c-d890-4aa1-9c4e-b9cdcd1a9629; Processor.stopWork = false
05-07 13:43:53.365  1456  1468 I ndroid.systemu: NativeAlloc concurrent copying GC freed 83215(4792KB) AllocSpace objects, 29(580KB) LOS objects, 49% free, 6375KB/12MB, paused 65us total 126.403ms
05-07 13:43:53.493  3681  3681 W android.vendin: JIT profile information will not be recorded: profile file does not exits.
05-07 13:43:53.493  3681  3681 W android.vendin: JIT profile information will not be recorded: profile file does not exits.
05-07 13:43:53.550  2891  2891 W pool-15-thread-: type=1400 audit(0.0:96): avc: denied { read } for name="devices" dev="sysfs" ino=4 scontext=u:r:untrusted_app_27:s0:c133,c256,c512,c768 tcontext=u:object_r:sysfs:s0 tclass=dir permissive=0
05-07 13:43:53.573  1797  2615 I Environment: Environment.isPackageInstalled():298 com.bitstrips.imoji is not installed
05-07 13:43:53.586   659   659 I /vendor/bin/hw/android.hardware.health@2.0-service.marlin: SRAM data: 2481000
05-07 13:43:53.590   911  1360 E WifiNative: Could not get Iface object for interface null
05-07 13:43:53.591  2276  2276 I GsaVoiceInteractionSrv: O received Intent { act=android.intent.action.ACTION_POWER_DISCONNECTED flg=0x4000010 (has extras) }
05-07 13:43:53.593   911  1073 V DisplayPowerController: Brightness [41] reason changing to: 'manual', previous reason: 'manual [ dim ]'.
05-07 13:43:53.596   911  1034 E BatteryExternalStatsWorker: no controller energy info supplied for bluetooth
05-07 13:43:53.597  2276  2659 I BrdcstRcvrMsgr: sendMessage(): received broadcast id:2 with action:android.intent.action.ACTION_POWER_DISCONNECTED
05-07 13:43:53.597   911   911 V SettingsProvider: Notifying for 0: content://settings/global/low_power
05-07 13:43:53.602  2632  2632 I A       : Creating pss binder().
05-07 13:43:53.611  2276  2276 I AmbBrdcstRcvrServClient: handleRefreshAction(): not handling android.intent.action.ACTION_POWER_DISCONNECTED
05-07 13:43:53.614  3636  3676 I FA      : App measurement is starting up, version: 12780
05-07 13:43:53.614  3636  3676 I FA      : To enable debug logging run: adb shell setprop log.tag.FA VERBOSE
05-07 13:43:53.622  2632  2936 I A       : Calling beginBinderSession().
05-07 13:43:53.623  2276  2709 I BrdcstRcvrMsgr: disconnect()
05-07 13:43:53.623  2276  2709 E BrdcstRcvrMsgr: SvcConn: binder null, could not send broadcast of action
05-07 13:43:53.632  2632  2647 I earchbox:searc: CollectorTransition concurrent copying GC freed 50383(2662KB) AllocSpace objects, 22(608KB) LOS objects, 49% free, 4734KB/9469KB, paused 22.010ms total 2.309s
05-07 13:43:53.645   659   659 I /vendor/bin/hw/android.hardware.health@2.0-service.marlin: SRAM data: 2481000
05-07 13:43:53.652   620   620 I netd    : bandwidthAddNiceApp(10050) <5.27ms>
05-07 13:43:53.659   659   659 I /vendor/bin/hw/android.hardware.health@2.0-service.marlin: SRAM data: 2481000
05-07 13:43:53.660  2891  2891 W pool-15-thread-: type=1400 audit(0.0:97): avc: denied { read } for name="devices" dev="sysfs" ino=4 scontext=u:r:untrusted_app_27:s0:c133,c256,c512,c768 tcontext=u:object_r:sysfs:s0 tclass=dir permissive=0
05-07 13:43:53.662   659   659 I /vendor/bin/hw/android.hardware.health@2.0-service.marlin: SRAM data: 2481000
05-07 13:43:53.665   659   659 I /vendor/bin/hw/android.hardware.health@2.0-service.marlin: SRAM data: 2481000
05-07 13:43:53.665   911   911 V SettingsProvider: Notifying for 0: content://settings/global/time_remaining_estimate_millis
05-07 13:43:53.671  3636  3676 I FA      : To enable faster debug mode event logging run:
05-07 13:43:53.671  3636  3676 I FA      :   adb shell setprop debug.firebase.analytics.app roman10.media.converterv2
05-07 13:43:53.673   911   911 V SettingsProvider: Notifying for 0: content://settings/global/battery_estimates_last_update_time
05-07 13:43:53.674   666   666 E QCOM PowerHAL: extract_stats: failed to open: /d/wlan_wcnss/power_stats Error = No such file or directory
05-07 13:43:53.712   620   620 I netd    : tetherGetStats() <4.93ms>
05-07 13:43:53.715   911  1034 I BatteryStatsImpl: Resetting battery stats: level=99 status=2 dischargeLevel=99 lowAmount=0 highAmount=0
05-07 13:43:53.727   666   666 E QCOM PowerHAL: extract_stats: failed to open: /d/wlan_wcnss/power_stats Error = No such file or directory
05-07 13:43:53.740  2891  2891 W pool-15-thread-: type=1400 audit(0.0:98): avc: denied { read } for name="devices" dev="sysfs" ino=4 scontext=u:r:untrusted_app_27:s0:c133,c256,c512,c768 tcontext=u:object_r:sysfs:s0 tclass=dir permissive=0
05-07 13:43:53.744   620   620 I netd    : firewallSetUidRule(2, 10316, 2) <4.21ms>
05-07 13:43:53.749   620   620 I netd    : firewallSetUidRule(2, 10215, 2) <4.27ms>
05-07 13:43:53.756   620   620 I netd    : firewallSetUidRule(2, 10127, 2) <5.81ms>
05-07 13:43:53.760   620   620 I netd    : firewallSetUidRule(2, 10116, 2) <3.71ms>
05-07 13:43:53.765   620   620 I netd    : firewallSetUidRule(2, 10082, 2) <3.70ms>
05-07 13:43:53.771   620   620 I netd    : firewallSetUidRule(2, 10070, 2) <4.22ms>
05-07 13:43:53.771   631   631 D Zygote  : Forked child process 3726
05-07 13:43:53.776   620   620 I netd    : firewallSetUidRule(2, 10108, 2) <3.84ms>
05-07 13:43:53.780   911  1024 I ActivityManager: Start proc 3726:com.google.android.projection.gearhead:shared/u0a214 for broadcast {com.google.android.projection.gearhead/com.google.android.apps.auto.components.connectivity.impl.ConnectivityEventHandlerImpl$ConnectivityEventBroadcastReceiver}
05-07 13:43:53.783   620   620 I netd    : firewallSetUidRule(2, 10115, 2) <5.49ms>
05-07 13:43:53.791   620   620 I netd    : firewallSetUidRule(2, 10133, 2) <6.67ms>
05-07 13:43:53.796   620   620 I netd    : firewallSetUidRule(2, 10142, 2) <4.39ms>
05-07 13:43:53.797  2891  2891 W pool-15-thread-: type=1400 audit(0.0:99): avc: denied { read } for name="devices" dev="sysfs" ino=4 scontext=u:r:untrusted_app_27:s0:c133,c256,c512,c768 tcontext=u:object_r:sysfs:s0 tclass=dir permissive=0
05-07 13:43:53.797  3726  3726 E gearhead:share: Not starting debugger since process cannot load the jdwp agent.
05-07 13:43:53.809   620   620 I netd    : firewallReplaceUidChain("fw_powersave", "true", [1000,1001,1027,1068,2000,10008,10013,10014,10016,10019,10020,10026,10029,10036,10046,10047,10050,10055,10056,10057,10060,10064,10066,10084,10130,10131,10132,1101000,1101001,1102000,1110008,1110016,1110019,1110020,1110026,1110029,1110036,1110050,1110055,1110056,1110057,1110060,1110064,1110066,1110084,1110130,1110131,1110132,1201000,1201001,1202000,1210008,1210016,1210019,1210020,1210026,1210029,1210036,1210050,1210055,1210056,1210057,1210060,1210064,1210066,1210084,1210130,1210131,1210132]) -> {"true"} <8.13ms>
05-07 13:43:53.815   620   620 I netd    : firewallEnableChildChain(3, "true") <4.26ms>
05-07 13:43:53.817   620   620 I Netd    : Destroyed 1 sockets for UidRanges{ 10000-2147483647 } skip={1000 1001 1027 1068 2000 10008 10013 10014 10016 10019 10020 10026 10029 10036 10046 10047 10050 10055 10056 10057 10060 10064 10066 10084 10130 10131 10132 1101000 1101001 1102000 1110008 1110016 1110019 1110020 1110026 1110029 1110036 1110050 1110055 1110056 1110057 1110060 1110064 1110066 1110084 1110130 1110131 1110132 1201000 1201001 1202000 1210008 1210016 1210019 1210020 1210026 1210029 1210036 1210050 1210055 1210056 1210057 1210060 1210064 1210066 1210084 1210130 1210131 1210132} in 0.5 ms
05-07 13:43:53.817   620   620 I netd    : socketDestroy([1000,1001,1027,1068,2000,10008,10013,10014,10016,10019,10020,10026,10029,10036,10046,10047,10050,10055,10056,10057,10060,10064,10066,10084,10130,10131,10132,1101000,1101001,1102000,1110008,1110016,1110019,1110020,1110026,1110029,1110036,1110050,1110055,1110056,1110057,1110060,1110064,1110066,1110084,1110130,1110131,1110132,1201000,1201001,1202000,1210008,1210016,1210019,1210020,1210026,1210029,1210036,1210050,1210055,1210056,1210057,1210060,1210064,1210066,1210084,1210130,1210131,1210132]) <0.69ms>
05-07 13:43:53.825  3710  3712 I adbd    : USB event: FUNCTIONFS_ENABLE
05-07 13:43:53.840  3726  3726 I gearhead:share: The ClassLoaderContext is a special shared library.
05-07 13:43:53.843  3681  3681 I Finsky  : [2] hew.aA(5): Process created at version: 24.6.31-21 [0] [PR] 364955343
05-07 13:43:53.853  1963  2826 I chatty  : uid=10008(com.google.android.gms) .gms.persistent expire 1 line
05-07 13:43:53.885   659   659 I /vendor/bin/hw/android.hardware.health@2.0-service.marlin: SRAM data: 2481000
05-07 13:43:53.887   911  1360 E WifiNative: Could not get Iface object for interface null
05-07 13:43:53.888   659   659 I /vendor/bin/hw/android.hardware.health@2.0-service.marlin: SRAM data: 2481000
05-07 13:43:53.888   911  1034 E BatteryExternalStatsWorker: no controller energy info supplied for bluetooth
05-07 13:43:53.891   659   659 I chatty  : uid=1000(system) identical 1 line
05-07 13:43:53.894   659   659 I /vendor/bin/hw/android.hardware.health@2.0-service.marlin: SRAM data: 2481000
05-07 13:43:53.915   620   620 I netd    : tetherGetStats() <2.69ms>
05-07 13:43:53.927   675   750 I ThermalEngine: vs_get_temperature: read[0] tsens_tz_sensor15 52000 mC, weight[0] 1
05-07 13:43:53.927   675   750 I ThermalEngine: vs_get_temperature: read[1] tsens_tz_sensor0 57000 mC, weight[1] -1
05-07 13:43:53.938   659   659 I /vendor/bin/hw/android.hardware.health@2.0-service.marlin: SRAM data: 2481000
05-07 13:43:53.981  3726  3726 W gearhead:share: Accessing hidden field Ljava/util/Collections$SynchronizedCollection;->mutex:Ljava/lang/Object; (greylist-max-o, reflection, denied)
05-07 13:43:53.982  3726  3726 W gearhead:share: Accessing hidden method Ljava/util/Collections$SynchronizedSet;-><init>(Ljava/util/Set;Ljava/lang/Object;)V (greylist-max-o, reflection, denied)
05-07 13:43:53.983  3726  3726 W gearhead:share: Accessing hidden method Ljava/util/Collections$SynchronizedCollection;-><init>(Ljava/util/Collection;Ljava/lang/Object;)V (greylist-max-o, reflection, denied)
05-07 13:43:53.994   911   911 W Looper  : Slow dispatch took 192ms main h=com.android.server.job.controllers.ConnectivityController$CcHandler c=null m=1
05-07 13:43:53.994   911   911 W Looper  : Slow delivery took 232ms main h=com.android.server.job.controllers.ConnectivityController$CcHandler c=null m=1
05-07 13:43:54.004  2276  2276 I GsaVoiceInteractionSrv: O received Intent { act=android.intent.action.ACTION_POWER_CONNECTED flg=0x4000010 (has extras) }
05-07 13:43:54.005  2276  2276 I AmbBrdcstRcvrServClient: handleRefreshAction(): not handling android.intent.action.ACTION_POWER_CONNECTED
05-07 13:43:54.005  2276  2659 I BrdcstRcvrMsgr: sendMessage(): received broadcast id:3 with action:android.intent.action.ACTION_POWER_CONNECTED
05-07 13:43:54.007  2891  2891 W pool-15-thread-: type=1400 audit(0.0:100): avc: denied { read } for name="devices" dev="sysfs" ino=4 scontext=u:r:untrusted_app_27:s0:c133,c256,c512,c768 tcontext=u:object_r:sysfs:s0 tclass=dir permissive=0
05-07 13:43:54.007   911   983 I EntropyMixer: Writing entropy...
05-07 13:43:54.010   798   917 D NuPlayerDriver: stop(0xed92d180)
05-07 13:43:54.012  2632  2632 I A       : Creating pss binder().
05-07 13:43:54.019  2632  2936 I A       : Calling beginBinderSession().
05-07 13:43:54.019  2276  2709 I BrdcstRcvrMsgr: disconnect()
05-07 13:43:54.019  2276  2709 E BrdcstRcvrMsgr: SvcConn: binder null, could not send broadcast of action
05-07 13:43:54.023   911  1615 I ActivityManager: Killing 2148:com.google.android.marvin.talkback/u0a94 (adj 975): empty #17
05-07 13:43:54.023   911  1615 I ActivityManager: Killing 2056:com.google.vr.vrcore/u0a87 (adj 985): empty #18
05-07 13:43:54.039  2632  2632 I A       : hasHotwordEverywhere-true
05-07 13:43:54.048  1456  2009 D PowerUI : can't show warning due to - plugged: true status unknown: false
05-07 13:43:54.049   911   911 V SettingsProvider: Notifying for 0: content://settings/global/low_power
05-07 13:43:54.055   911   911 W Looper  : Drained
05-07 13:43:54.067  2891  2891 W pool-15-thread-: type=1400 audit(0.0:101): avc: denied { read } for name="devices" dev="sysfs" ino=4 scontext=u:r:untrusted_app_27:s0:c133,c256,c512,c768 tcontext=u:object_r:sysfs:s0 tclass=dir permissive=0
05-07 13:43:54.084  2891  2891 I chatty  : uid=10133(com.lenovo.anyshare.gps) identical 6 lines
05-07 13:43:54.107  2891  2891 W pool-15-thread-: type=1400 audit(0.0:103): avc: denied { read } for name="devices" dev="sysfs" ino=4 scontext=u:r:untrusted_app_27:s0:c133,c256,c512,c768 tcontext=u:object_r:sysfs:s0 tclass=dir permissive=0
05-07 13:43:54.123  3484  3499 W com.whatsapp: Suspending all threads took: 72.855ms
05-07 13:43:54.169  2540  2540 I chatty  : uid=10008(com.google.android.gms) gle.android.gms expire 25 lines
05-07 13:43:54.170  2891  2891 W pool-15-thread-: type=1400 audit(0.0:104): avc: denied { read } for name="devices" dev="sysfs" ino=4 scontext=u:r:untrusted_app_27:s0:c133,c256,c512,c768 tcontext=u:object_r:sysfs:s0 tclass=dir permissive=0
05-07 13:43:54.247  3726  3726 I Primes  : Primes not initialized, returning default (no-op) Primes instance which will ignore all calls. Please call Primes.initialize(...) before using any Primes API.
05-07 13:43:54.247  3726  3726 I CAR.GH  : onCreate
05-07 13:43:54.247  3726  3726 I GH.PrimesMgr: transmitting to prod
05-07 13:43:54.256  3726  3726 I CAR.GH  : Process: SHARED_SERVICE
05-07 13:43:54.273   631   631 I Zygote  : Process 2056 exited due to signal 9 (Killed)
05-07 13:43:54.326  3254  3474 W System.err: org.json.JSONException: No value for name
05-07 13:43:54.427  3254  3474 W System.err: 	at org.json.JSONObject.get(JSONObject.java:399)
05-07 13:43:54.427  3254  3474 W System.err: 	at org.json.JSONObject.getString(JSONObject.java:560)
05-07 13:43:54.427  3254  3474 W System.err: 	at es.tj.a(InfoCms.java:30)
05-07 13:43:54.427  3254  3474 W System.err: 	at com.estrongs.android.pop.app.openscreenad.e.a(OpenScreenADCms.java:30)
05-07 13:43:54.427  3254  3474 W System.err: 	at es.tf.i(CmsManagerBase.java:204)
05-07 13:43:54.427  3254  3474 W System.err: 	at com.estrongs.android.pop.app.messagebox.b.b(ESCmsManager.java:90)
05-07 13:43:54.427  3254  3474 W System.err: 	at com.estrongs.android.pop.FexApplication$1.run(FexApplication.java:283)
05-07 13:43:54.427  3254  3474 W System.err: 	at android.os.Handler.handleCallback(Handler.java:883)
05-07 13:43:54.427  3254  3474 W System.err: 	at android.os.Handler.dispatchMessage(Handler.java:100)
05-07 13:43:54.427  3254  3474 W System.err: 	at android.os.Looper.loop(Looper.java:214)
05-07 13:43:54.427  3254  3474 W System.err: 	at android.os.HandlerThread.run(HandlerThread.java:67)
05-07 13:43:54.447  3681  3754 I Finsky  : [229] aczh.a(18): Finished reading experiment flags from file [0tGUNCGIkbk4o6-fQ335kUYSKwVj4lusnHT-A5Dsy08].
05-07 13:43:54.457   911  2465 I ActivityManager: Killing 2174:com.google.android.deskclock/u0a118 (adj 975): empty #17
05-07 13:43:54.471  2785  2785 D MtpService: starting MTP server in MTP mode with storage /storage/emulated/0 unlocked as user 0
05-07 13:43:54.528  2785  2785 V MtpService: Adding MTP storage:/storage/emulated/0
05-07 13:43:54.557  2785  2805 W System  : A resource failed to call close. 
05-07 13:43:54.557   620   620 I netd    : firewallEnableChildChain(3, "false") <3.77ms>
05-07 13:43:54.565   631   631 I Zygote  : Process 2148 exited due to signal 9 (Killed)
05-07 13:43:54.584  3710  3710 I adbd    : UsbFfs: already offline
05-07 13:43:54.584  3710  3710 I adbd    : Calling send_auth_request...
05-07 13:43:54.592  3681  3748 I Finsky  : [225] aczh.a(18): Finished reading experiment flags from file [fXDZfk20coXiUnU_A_4Ko1uCTDGBHmbuhpepA_BDuyY].
05-07 13:43:54.596   911  1025 I libprocessgroup: Successfully killed process cgroup uid 10094 pid 2148 in 571ms
05-07 13:43:54.597   911  1025 I libprocessgroup: Successfully killed process cgroup uid 10087 pid 2056 in 0ms
05-07 13:43:54.607  3710  3710 I adbd    : Loading keys from /data/misc/adb/adb_keys
05-07 13:43:54.608  3710  3710 I adbd    : adb client authorized
05-07 13:43:54.613  3681  3681 I Finsky  : [2] aczh.a(18): Finished reading experiment flags from file [Se-xCc4LzNyh3UrKMIU2sUf-PUKz4oQEbpKZDMuaFno].
05-07 13:43:54.636   659   659 I /vendor/bin/hw/android.hardware.health@2.0-service.marlin: SRAM data: 2481000
05-07 13:43:54.640   659   659 I /vendor/bin/hw/android.hardware.health@2.0-service.marlin: SRAM data: 2481000
05-07 13:43:54.680   620   620 I netd    : firewallSetUidRule(2, 10316, 1) <5.03ms>
05-07 13:43:54.683  3726  3776 I GH.ConnLoggerV2: Started session dc2fdb2c-b1fe-4585-bb0e-abce26807f66, start time = 34577
05-07 13:43:54.688   620  1844 I netd    : firewallSetUidRule(2, 10215, 1) <6.97ms>
05-07 13:43:54.693   620  1844 I netd    : firewallSetUidRule(2, 10142, 1) <4.23ms>
05-07 13:43:54.696  3681  3681 I Finsky  : [2] agnf.<init>(3): Resetting scheduler db
05-07 13:43:54.704   620  1844 I netd    : firewallSetUidRule(2, 10133, 1) <9.96ms>
05-07 13:43:54.705   911  1001 W NetworkPolicy: setRestrictBackgroundUL: already true
05-07 13:43:54.710   620  1844 I netd    : bandwidthRemoveNiceApp(10050) <4.20ms>
05-07 13:43:54.720   620  1844 I netd    : firewallSetUidRule(2, 10127, 1) <8.00ms>
05-07 13:43:54.726   620  1844 I netd    : firewallSetUidRule(2, 10116, 1) <5.57ms>
05-07 13:43:54.729  3681  3748 I Finsky  : [225] aoog.a(2): Not a unicorn account
05-07 13:43:54.738   620  1844 I netd    : firewallSetUidRule(2, 10115, 1) <11.14ms>
05-07 13:43:54.754   620  1844 I netd    : firewallSetUidRule(2, 10082, 1) <14.74ms>
05-07 13:43:54.765   620  1844 I netd    : firewallSetUidRule(2, 10070, 1) <10.21ms>
05-07 13:43:54.772   620  1844 I netd    : firewallSetUidRule(2, 10108, 1) <4.45ms>
05-07 13:43:54.774   911   911 W Looper  : Slow dispatch took 221ms main h=com.android.server.job.JobSchedulerService$JobHandler c=null m=1
05-07 13:43:54.774   911   911 W Looper  : Slow delivery took 212ms main h=com.android.server.job.controllers.ConnectivityController$CcHandler c=null m=1
05-07 13:43:54.801   911   911 W Looper  : Drained
05-07 13:43:54.805  1456  2009 D PowerUI : can't show warning due to - plugged: true status unknown: false
05-07 13:43:54.828  3726  3726 I GH.SharedService: Shared Service created
05-07 13:43:54.833   631   631 D Zygote  : Forked child process 3796
05-07 13:43:54.834   911  1024 I ActivityManager: Start proc 3796:com.google.android.projection.gearhead:car/u0a214 for service {com.google.android.projection.gearhead/com.google.android.apps.auto.carservice.service.impl.GearheadCarStartupService}
05-07 13:43:54.837   911  2522 D ConnectivityService: Returning BLOCKED NetworkInfo to uid=10055
05-07 13:43:54.853  3681  3792 W android.vendin: Accessing hidden field Ljava/util/Collections$SynchronizedCollection;->mutex:Ljava/lang/Object; (greylist-max-o, reflection, denied)
05-07 13:43:54.854  3681  3792 W android.vendin: Accessing hidden method Ljava/util/Collections$SynchronizedSet;-><init>(Ljava/util/Set;Ljava/lang/Object;)V (greylist-max-o, reflection, denied)
05-07 13:43:54.855  3681  3792 W android.vendin: Accessing hidden method Ljava/util/Collections$SynchronizedCollection;-><init>(Ljava/util/Collection;Ljava/lang/Object;)V (greylist-max-o, reflection, denied)
05-07 13:43:54.868   911  2521 D ConnectivityService: requestNetwork for uid/pid:10055/3681 NetworkRequest [ TRACK_DEFAULT id=25, [ Capabilities: INTERNET&NOT_RESTRICTED&TRUSTED Uid: 10055] ]
05-07 13:43:54.869   911  1360 D UntrustedWifiNetworkFactory: got request NetworkRequest [ TRACK_DEFAULT id=25, [ Capabilities: INTERNET&NOT_RESTRICTED&TRUSTED Uid: 10055] ] with score 50 and serial 3
05-07 13:43:54.869   911  1360 D WifiNetworkFactory: got request NetworkRequest [ TRACK_DEFAULT id=25, [ Capabilities: INTERNET&NOT_RESTRICTED&TRUSTED Uid: 10055] ] with score 50 and serial 3
05-07 13:43:54.869   911  1418 D Ethernet: got request NetworkRequest [ TRACK_DEFAULT id=25, [ Capabilities: INTERNET&NOT_RESTRICTED&TRUSTED Uid: 10055] ] with score 50 and serial 3
05-07 13:43:54.871  1632  1632 D PhoneSwitcherNetworkRequstListener: got request NetworkRequest [ TRACK_DEFAULT id=25, [ Capabilities: INTERNET&NOT_RESTRICTED&TRUSTED Uid: 10055] ] with score 50 and serial 3
05-07 13:43:54.881  3796  3796 E on.gearhead:ca: Not starting debugger since process cannot load the jdwp agent.
05-07 13:43:54.929   675   750 I ThermalEngine: vs_get_temperature: read[0] tsens_tz_sensor15 53000 mC, weight[0] 1
05-07 13:43:54.929   675   750 I ThermalEngine: vs_get_temperature: read[1] tsens_tz_sensor0 58000 mC, weight[1] -1
05-07 13:43:54.999   911  2465 D ConnectivityService: Returning BLOCKED NetworkInfo to uid=10148
05-07 13:43:55.038  3681  3751 I cr_CronetLibraryLoader: Cronet version: 90.0.4430.19, arch: aarch64
05-07 13:43:55.064  2891  2891 W pool-15-thread-: type=1400 audit(0.0:115): avc: denied { read } for name="devices" dev="sysfs" ino=4 scontext=u:r:untrusted_app_27:s0:c133,c256,c512,c768 tcontext=u:object_r:sysfs:s0 tclass=dir permissive=0
05-07 13:43:55.082  3796  3796 I on.gearhead:ca: The ClassLoaderContext is a special shared library.
05-07 13:43:55.095  3681  3748 I Finsky  : [225] acav.<init>(3): PackageMonitorReceiverImpl - Registering in memory receiver for android.intent.action.PACKAGE_ADDED and android.intent.action.PACKAGE_REMOVED
05-07 13:43:55.098   620  3827 E ResolverController: No valid NAT64 prefix (100, <unspecified>/0)
05-07 13:43:55.144  2891  2891 W pool-15-thread-: type=1400 audit(0.0:116): avc: denied { read } for name="devices" dev="sysfs" ino=4 scontext=u:r:untrusted_app_27:s0:c133,c256,c512,c768 tcontext=u:object_r:sysfs:s0 tclass=dir permissive=0
05-07 13:43:55.234  2891  2891 W pool-15-thread-: type=1400 audit(0.0:118): avc: denied { read } for name="devices" dev="sysfs" ino=4 scontext=u:r:untrusted_app_27:s0:c133,c256,c512,c768 tcontext=u:object_r:sysfs:s0 tclass=dir permissive=0
05-07 13:43:55.246  3484  3501 W System  : A resource failed to call close. 
05-07 13:43:55.268  3636  3676 W dia.converterv: Verification of java.security.Key com.android.org.conscrypt.OpenSSLRSAKeyFactory.engineTranslateKey(java.security.Key) took 156.256ms
05-07 13:43:55.268   911  2032 D AdbDebuggingManager: Received connected key message: QAAAAE8zGEdR/EoGYtqQcc/XwCCFWFMElLho/fK+vRHJhUhLLbKWhLeFQsoZBoZ3LD2AXjxXXG+bVQyH39sng51bFQ5UgP5pXRmI+vzvQ1jLD+YKky0h38g8LbPrLGEHCOw9a4WmwHiW/BZqvBnMX66JsU8PsKo07jcJn/EGd1wA196r+gpsyn3qhWDYtFtxxzswoMZWaOtqfwdCX+QarNl6P6yihkMEFNmMHQkxEq7oWfPwuvdQPH3fESjs6al7fCDFPFCI8CZSvXKPyw9SuG+q1Fxf3F2PIte90DwerjSOB6nRyjtPlDwH5lDSyfXF6eHm2eiJw963gX8ntKNe9ZpP65bmEHvUKe+b5+uLA7O4j/gCELat0grO4GgbYQG8RhH3OgjhYKXvhQDM7CeDuYaT19tJixYNDF/r/yfuroJlloU/javNvHo+/vWeVHvEW4G8u1j3JR7F7Ah02dp/CcoiQx64NkZuK8wNB9ceM6SEerSObBtc2n7tj/TjQ82vdv7TQqRywfZEC+yYHOh4Ypq6dCE+umXStWA2khaT8Mwl7vZdc7w9noiX6D2Zn/JnFjuWBipz+b4UbEMFfU1MmUqFkevbrJyp13VA/KIErZwAllyV/+TUkC1WTysNtx2vMxt2iCTgBPsdbL9KWG0/nWcAOzmuJBP+iyVa83VXgJn35lwJCt7aJQEAAQA= root@arpita
05-07 13:43:55.269  1797  1815 W putmethod.lati: Suspending all threads took: 90.482ms
05-07 13:43:55.271   911   978 D AdbDebuggingManager: Logging key QAAAAE8zGEdR/EoGYtqQcc/XwCCFWFMElLho/fK+vRHJhUhLLbKWhLeFQsoZBoZ3LD2AXjxXXG+bVQyH39sng51bFQ5UgP5pXRmI+vzvQ1jLD+YKky0h38g8LbPrLGEHCOw9a4WmwHiW/BZqvBnMX66JsU8PsKo07jcJn/EGd1wA196r+gpsyn3qhWDYtFtxxzswoMZWaOtqfwdCX+QarNl6P6yihkMEFNmMHQkxEq7oWfPwuvdQPH3fESjs6al7fCDFPFCI8CZSvXKPyw9SuG+q1Fxf3F2PIte90DwerjSOB6nRyjtPlDwH5lDSyfXF6eHm2eiJw963gX8ntKNe9ZpP65bmEHvUKe+b5+uLA7O4j/gCELat0grO4GgbYQG8RhH3OgjhYKXvhQDM7CeDuYaT19tJixYNDF/r/yfuroJlloU/javNvHo+/vWeVHvEW4G8u1j3JR7F7Ah02dp/CcoiQx64NkZuK8wNB9ceM6SEerSObBtc2n7tj/TjQ82vdv7TQqRywfZEC+yYHOh4Ypq6dCE+umXStWA2khaT8Mwl7vZdc7w9noiX6D2Zn/JnFjuWBipz+b4UbEMFfU1MmUqFkevbrJyp13VA/KIErZwAllyV/+TUkC1WTysNtx2vMxt2iCTgBPsdbL9KWG0/nWcAOzmuJBP+iyVa83VXgJn35lwJCt7aJQEAAQA= root@arpita, state = 4, alwaysAllow = true, lastConnectionTime = 1620375235271, authWindow = 604800000
05-07 13:43:55.274  2891  2891 W pool-15-thread-: type=1400 audit(0.0:119): avc: denied { read } for name="devices" dev="sysfs" ino=4 scontext=u:r:untrusted_app_27:s0:c133,c256,c512,c768 tcontext=u:object_r:sysfs:s0 tclass=dir permissive=0
05-07 13:43:55.305  2632  3555 W earchbox:searc: Verification of void ol.<init>() took 145.651ms
05-07 13:43:55.332  3484  3671 D WM-GreedyScheduler: Starting tracking for [54f99c8c-d890-4aa1-9c4e-b9cdcd1a9629]
05-07 13:43:55.332  3484  3671 D WM-GreedyScheduler: Constraints not met: Cancelling work ID 54f99c8c-d890-4aa1-9c4e-b9cdcd1a9629
05-07 13:43:55.332  3484  3671 D WM-GreedyScheduler: Constraints not met: Cancelling work ID 54f99c8c-d890-4aa1-9c4e-b9cdcd1a9629
05-07 13:43:55.334  3484  3708 D WM-Processor: Processor stopping background work 54f99c8c-d890-4aa1-9c4e-b9cdcd1a9629
05-07 13:43:55.334  3484  3708 D WM-Processor: WorkerWrapper could not be found for 54f99c8c-d890-4aa1-9c4e-b9cdcd1a9629
05-07 13:43:55.334  3484  3708 D WM-StopWorkRunnable: StopWorkRunnable for 54f99c8c-d890-4aa1-9c4e-b9cdcd1a9629; Processor.stopWork = false
05-07 13:43:55.336  3484  3708 D WM-Processor: Processor stopping background work 54f99c8c-d890-4aa1-9c4e-b9cdcd1a9629
05-07 13:43:55.336  3484  3708 D WM-Processor: WorkerWrapper could not be found for 54f99c8c-d890-4aa1-9c4e-b9cdcd1a9629
05-07 13:43:55.336  3484  3708 D WM-StopWorkRunnable: StopWorkRunnable for 54f99c8c-d890-4aa1-9c4e-b9cdcd1a9629; Processor.stopWork = false
05-07 13:43:55.369  3636  3676 W dia.converterv: Verification of com.android.org.conscrypt.OpenSSLKey com.android.org.conscrypt.OpenSSLKey.fromECPrivateKeyForTLSStackOnly(java.security.PrivateKey, java.security.spec.ECParameterSpec) took 100.341ms
05-07 13:43:55.384  3484  3671 D WM-GreedyScheduler: Starting tracking for [54f99c8c-d890-4aa1-9c4e-b9cdcd1a9629]
05-07 13:43:55.384  3484  3671 D WM-GreedyScheduler: Constraints not met: Cancelling work ID 54f99c8c-d890-4aa1-9c4e-b9cdcd1a9629
