05-07 13:43:34.850   911  1024 W ActivityManager: Slow operation: 71ms so far, now at startProcess: building log message
05-07 13:43:34.850   911  1024 I ActivityManager: Start proc 2035:com.google.android.apps.wellbeing/u0a159 for on-hold
05-07 13:43:34.850   911  1024 W ActivityManager: Slow operation: 72ms so far, now at startProcess: starting to update pids map
05-07 13:43:34.851   911  1024 W ActivityManager: Slow operation: 72ms so far, now at startProcess: done updating pids map
05-07 13:43:34.851   911  1024 W ActivityManager: Slow operation: 71ms so far, now at startProcess: asking zygote to start proc
05-07 13:43:34.856   911   984 D ColorDisplayService: onNightDisplayAutoModeChanged: autoMode=1
05-07 13:43:34.857   911   984 I ColorDisplayService: Turning off night display
05-07 13:43:34.868   911  1024 W ActivityManager: Slow operation: 89ms so far, now at startProcess: returned from zygote!
05-07 13:43:34.868   911  1024 W ActivityManager: Slow operation: 89ms so far, now at startProcess: done updating battery stats
05-07 13:43:34.868   911  1024 W ActivityManager: Slow operation: 89ms so far, now at startProcess: building log message
05-07 13:43:34.869   911  1024 I ActivityManager: Start proc 2056:com.google.vr.vrcore/u0a87 for on-hold
05-07 13:43:34.869   911  1024 W ActivityManager: Slow operation: 89ms so far, now at startProcess: starting to update pids map
05-07 13:43:34.873   911  1024 W ActivityManager: Slow operation: 93ms so far, now at startProcess: done updating pids map
05-07 13:43:34.906   911  2048 W Telecom : PhoneAccountRegistrar: Trying to set nonexistent default outgoing ComponentInfo{com.android.phone/com.android.services.telephony.TelephonyConnectionService}, ***, UserHandle{0}: TSI.sUSOPA@ABY
05-07 13:43:34.908  1632  1632 I TelecomFramework: PstnIncomingCallNotifier: Unregistering: Handler (com.android.internal.telephony.GsmCdmaPhone) {6012af4}
05-07 13:43:34.908  1632  1632 I TelecomFramework: TelecomAccountRegistry: setupAccounts: Found 1 phones.  Attempting to register.
05-07 13:43:34.908  1632  1632 I TelecomFramework: TelecomAccountRegistry: setupAccounts: Phone with subscription id 2
05-07 13:43:34.949   911  1616 I Telecom : PhoneAccountRegistrar: New phone account registered: [[ ] PhoneAccount: ComponentInfo{com.android.phone/com.android.services.telephony.TelephonyConnectionService}, ***, UserHandle{0} Capabilities: CallProvider MultiUser PlaceEmerg SimSub  Audio Routes: BESW Schemes: tel voicemail  Extras: Bundle[{android.telecom.extra.SUPPORTS_VIDEO_CALLING_FALLBACK=true, android.telecom.extra.SUPPORTS_HANDOVER_FROM=true}] GroupId: ***]: TSI.rPA@ABc
05-07 13:43:34.952   911  1616 I Telecom : CallsManager: Sending phone-account ComponentInfo{com.android.phone/com.android.services.telephony.TelephonyConnectionService}, ***, UserHandle{0} registered intent as user: TSI.rPA@ABc
05-07 13:43:34.968   911  1616 I Telecom : CallsManager: Sending phone-account registered intent to default dialer: TSI.rPA@ABc
05-07 13:43:34.976  1632  1632 I TelecomFramework: AccountEntry: Registered phoneAccount: [[ ] PhoneAccount: ComponentInfo{com.android.phone/com.android.services.telephony.TelephonyConnectionService}, ***, UserHandle{0} Capabilities: CallProvider MultiUser PlaceEmerg SimSub  Audio Routes: BESW Schemes: tel voicemail  Extras: Bundle[{android.telecom.extra.SUPPORTS_VIDEO_CALLING_FALLBACK=true, android.telecom.extra.SUPPORTS_HANDOVER_FROM=true}] GroupId: ***] with handle: ComponentInfo{com.android.phone/com.android.services.telephony.TelephonyConnectionService}, ***, UserHandle{0}
05-07 13:43:34.977  1632  1632 I TelecomFramework: PstnIncomingCallNotifier: Registering: Handler (com.android.internal.telephony.GsmCdmaPhone) {6012af4}
05-07 13:43:34.983  1632  1632 I TelecomFramework: TelecomAccountRegistry: Unregistering phone account ComponentInfo{com.android.phone/com.android.services.telephony.TelephonyConnectionService}, ***, UserHandle{0}.
05-07 13:43:34.986   911  2048 I Telecom : CallsManager: Sending phone-account ComponentInfo{com.android.phone/com.android.services.telephony.TelephonyConnectionService}, ***, UserHandle{0} unregistered intent as user: TSI.uPA@ABk
05-07 13:43:34.991   911  2048 I Telecom : CallsManager: Sending phone-account unregistered intent to default dialer: TSI.uPA@ABk
05-07 13:43:35.016  1632  1632 I TelecomFramework: : onSubscriptionsChanged - update accounts
05-07 13:43:35.016  1632  1632 I TelecomFramework: PstnIncomingCallNotifier: Unregistering: Handler (com.android.internal.telephony.GsmCdmaPhone) {6012af4}
05-07 13:43:35.021  1632  1632 I TelecomFramework: TelecomAccountRegistry: setupAccounts: Found 1 phones.  Attempting to register.
05-07 13:43:35.021  1632  1632 I TelecomFramework: TelecomAccountRegistry: setupAccounts: Phone with subscription id 2
05-07 13:43:35.032   911  2048 I Telecom : PhoneAccountRegistrar: Modify account: [ComponentInfo{com.android.phone/com.android.services.telephony.TelephonyConnectionService}, ***, UserHandle{0}]: TSI.rPA@ABs
05-07 13:43:35.033   911  2048 I Telecom : CallsManager: handlePhoneAccountChanged: phoneAccount=[[X] PhoneAccount: ComponentInfo{com.android.phone/com.android.services.telephony.TelephonyConnectionService}, ***, UserHandle{0} Capabilities: CallProvider MultiUser PlaceEmerg SimSub  Audio Routes: BESW Schemes: tel voicemail  Extras: Bundle[{android.telecom.extra.SUPPORTS_VIDEO_CALLING_FALLBACK=true, android.telecom.extra.SUPPORTS_HANDOVER_FROM=true}] GroupId: ***]: TSI.rPA@ABs
05-07 13:43:35.035  1632  1632 I TelecomFramework: AccountEntry: Registered phoneAccount: [[ ] PhoneAccount: ComponentInfo{com.android.phone/com.android.services.telephony.TelephonyConnectionService}, ***, UserHandle{0} Capabilities: CallProvider MultiUser PlaceEmerg SimSub  Audio Routes: BESW Schemes: tel voicemail  Extras: Bundle[{android.telecom.extra.SUPPORTS_VIDEO_CALLING_FALLBACK=true, android.telecom.extra.SUPPORTS_HANDOVER_FROM=true}] GroupId: ***] with handle: ComponentInfo{com.android.phone/com.android.services.telephony.TelephonyConnectionService}, ***, UserHandle{0}
05-07 13:43:35.035  1632  1632 I TelecomFramework: PstnIncomingCallNotifier: Registering: Handler (com.android.internal.telephony.GsmCdmaPhone) {6012af4}
05-07 13:43:35.058   911  2032 W AdbDebuggingManager: Read failed with count -1
05-07 13:43:35.060   911  2032 E AdbDebuggingManager: Caught an exception opening the socket: java.io.IOException: Connection refused
05-07 13:43:35.171   911   978 D UsbDeviceManager: Clear notification
05-07 13:43:35.178   911   978 D UsbDeviceManager: push notification:USB file transfer turned on
05-07 13:43:35.180   911   978 W Looper  : Slow dispatch took 403ms android.fg h=com.android.server.usb.UsbDeviceManager$UsbHandlerLegacy c=null m=4
05-07 13:43:35.180   911   978 D AdbDebuggingManager: Logging key QAAAAE8zGEdR/EoGYtqQcc/XwCCFWFMElLho/fK+vRHJhUhLLbKWhLeFQsoZBoZ3LD2AXjxXXG+bVQyH39sng51bFQ5UgP5pXRmI+vzvQ1jLD+YKky0h38g8LbPrLGEHCOw9a4WmwHiW/BZqvBnMX66JsU8PsKo07jcJn/EGd1wA196r+gpsyn3qhWDYtFtxxzswoMZWaOtqfwdCX+QarNl6P6yihkMEFNmMHQkxEq7oWfPwuvdQPH3fESjs6al7fCDFPFCI8CZSvXKPyw9SuG+q1Fxf3F2PIte90DwerjSOB6nRyjtPlDwH5lDSyfXF6eHm2eiJw963gX8ntKNe9ZpP65bmEHvUKe+b5+uLA7O4j/gCELat0grO4GgbYQG8RhH3OgjhYKXvhQDM7CeDuYaT19tJixYNDF/r/yfuroJlloU/javNvHo+/vWeVHvEW4G8u1j3JR7F7Ah02dp/CcoiQx64NkZuK8wNB9ceM6SEerSObBtc2n7tj/TjQ82vdv7TQqRywfZEC+yYHOh4Ypq6dCE+umXStWA2khaT8Mwl7vZdc7w9noiX6D2Zn/JnFjuWBipz+b4UbEMFfU1MmUqFkevbrJyp13VA/KIErZwAllyV/+TUkC1WTysNtx2vMxt2iCTgBPsdbL9KWG0/nWcAOzmuJBP+iyVa83VXgJn35lwJCt7aJQEAAQA= root@arpita, state = 4, alwaysAllow = true, lastConnectionTime = 1620375215180, authWindow = 604800000
05-07 13:43:35.180   911   978 W Looper  : Slow delivery took 389ms android.fg h=com.android.server.adb.AdbDebuggingManager$AdbDebuggingHandler c=null m=10
05-07 13:43:35.180   477   604 D vold    : fscrypt_prepare_user_storage for volume null, user 0, serial 0, flags 2
05-07 13:43:35.181   477   604 D vold    : Preparing: /data/system_ce/0
05-07 13:43:35.181   477   604 D vold    : Preparing: /data/misc_ce/0
05-07 13:43:35.181   477   604 D vold    : Preparing: /data/vendor_ce/0
05-07 13:43:35.181   477   604 D vold    : Preparing: /data/media/0
05-07 13:43:35.182   477   604 D vold    : Preparing: /data/data
05-07 13:43:35.183   477   604 I vold    : Found policy c9ffa1809598d705 at /data/system_ce/0 which matches expected value
05-07 13:43:35.186  2056  2106 E ActivityThread: Failed to find provider info for com.google.android.gsf.gservices
05-07 13:43:35.192   477   604 I vold    : Found policy c9ffa1809598d705 at /data/misc_ce/0 which matches expected value
05-07 13:43:35.193   477   604 I vold    : Found policy c9ffa1809598d705 at /data/vendor_ce/0 which matches expected value
05-07 13:43:35.194   477   604 I vold    : Found policy c9ffa1809598d705 at /data/media/0 which matches expected value
05-07 13:43:35.195   477   604 I vold    : Found policy c9ffa1809598d705 at /data/data which matches expected value
05-07 13:43:35.195   477   604 D vold    : Starting restorecon of /data/system_ce/0
05-07 13:43:35.203   911   911 V ConditionProviders: 0 condition provider service connected: ComponentInfo{com.google.android.apps.wellbeing/com.google.android.apps.wellbeing.dnd.impl.DndConditionProviderService}
05-07 13:43:35.212   911  1616 W ActivityManager: Unable to start service Intent { act=com.google.android.gms.phenotype.service.START pkg=com.google.android.gms } U=0: not found
05-07 13:43:35.219   911  1616 W ActivityManager: Unbind failed: could not find connection for android.os.BinderProxy@9f30720
05-07 13:43:35.220   477   604 D vold    : Finished restorecon of /data/system_ce/0
05-07 13:43:35.220   477   604 D vold    : Starting restorecon of /data/vendor_ce/0
05-07 13:43:35.221   911  2048 W ActivityManager: Unable to start service Intent { act=com.google.android.gms.people.service.START pkg=com.google.android.gms } U=0: not found
05-07 13:43:35.221   911  1616 W ActivityManager: Unbind failed: could not find connection for android.os.BinderProxy@b65f8d9
05-07 13:43:35.226   477   604 D vold    : Finished restorecon of /data/vendor_ce/0
05-07 13:43:35.226   477   604 D vold    : Starting restorecon of /data/misc_ce/0
05-07 13:43:35.232   911  1616 W ActivityManager: Unable to start service Intent { act=com.google.android.gms.phenotype.service.START pkg=com.google.android.gms } U=0: not found
05-07 13:43:35.232   477   604 D vold    : Finished restorecon of /data/misc_ce/0
05-07 13:43:35.232   477   604 D vold    : /system/bin/vold_prepare_subdirs
05-07 13:43:35.232   477   604 D vold    :     prepare
05-07 13:43:35.232   477   604 D vold    :     
05-07 13:43:35.232   477   604 D vold    :     0
05-07 13:43:35.232   477   604 D vold    :     2
05-07 13:43:35.238  1963  1963 E ActivityThread: Failed to find provider info for com.google.android.gsf.gservices
05-07 13:43:35.240  1963  1963 I chatty  : uid=10008 com.google.android.gms.persistent identical 2 lines
05-07 13:43:35.240  1963  1963 E ActivityThread: Failed to find provider info for com.google.android.gsf.gservices
05-07 13:43:35.246  1632  1632 I TelecomFramework: : onSubscriptionsChanged - update accounts
05-07 13:43:35.246  1632  1632 I TelecomFramework: PstnIncomingCallNotifier: Unregistering: Handler (com.android.internal.telephony.GsmCdmaPhone) {6012af4}
05-07 13:43:35.250  1632  1632 I TelecomFramework: TelecomAccountRegistry: setupAccounts: Found 1 phones.  Attempting to register.
05-07 13:43:35.250  1632  1632 I TelecomFramework: TelecomAccountRegistry: setupAccounts: Phone with subscription id 2
05-07 13:43:35.263   911   911 V ConditionProviders: 0 condition provider service connected: ComponentInfo{com.google.vr.vrcore/com.google.vr.vrcore.common.VrCoreZenConditionProvider}
05-07 13:43:35.270   911  1385 I Telecom : PhoneAccountRegistrar: Modify account: [ComponentInfo{com.android.phone/com.android.services.telephony.TelephonyConnectionService}, ***, UserHandle{0}]: TSI.rPA@AB4
05-07 13:43:35.271   911  1385 I Telecom : CallsManager: handlePhoneAccountChanged: phoneAccount=[[X] PhoneAccount: ComponentInfo{com.android.phone/com.android.services.telephony.TelephonyConnectionService}, ***, UserHandle{0} Capabilities: CallProvider MultiUser PlaceEmerg SimSub  Audio Routes: BESW Schemes: tel voicemail  Extras: Bundle[{android.telecom.extra.SUPPORTS_VIDEO_CALLING_FALLBACK=true, android.telecom.extra.SUPPORTS_HANDOVER_FROM=true}] GroupId: ***]: TSI.rPA@AB4
05-07 13:43:35.272  1632  1632 I TelecomFramework: AccountEntry: Registered phoneAccount: [[ ] PhoneAccount: ComponentInfo{com.android.phone/com.android.services.telephony.TelephonyConnectionService}, ***, UserHandle{0} Capabilities: CallProvider MultiUser PlaceEmerg SimSub  Audio Routes: BESW Schemes: tel voicemail  Extras: Bundle[{android.telecom.extra.SUPPORTS_VIDEO_CALLING_FALLBACK=true, android.telecom.extra.SUPPORTS_HANDOVER_FROM=true}] GroupId: ***] with handle: ComponentInfo{com.android.phone/com.android.services.telephony.TelephonyConnectionService}, ***, UserHandle{0}
05-07 13:43:35.272  1632  1632 I TelecomFramework: PstnIncomingCallNotifier: Registering: Handler (com.android.internal.telephony.GsmCdmaPhone) {6012af4}
05-07 13:43:35.276   911  2048 W ActivityManager: Unbind failed: could not find connection for android.os.BinderProxy@638f4e
05-07 13:43:35.278  1632  1632 I TelecomFramework: : onSubscriptionsChanged - update accounts
05-07 13:43:35.278  1632  1632 I TelecomFramework: PstnIncomingCallNotifier: Unregistering: Handler (com.android.internal.telephony.GsmCdmaPhone) {6012af4}
05-07 13:43:35.279  1963  1963 E ActivityThread: Failed to find provider info for com.google.android.gsf.gservices
05-07 13:43:35.280  1632  1632 I TelecomFramework: TelecomAccountRegistry: setupAccounts: Found 1 phones.  Attempting to register.
05-07 13:43:35.280  1963  1963 E ActivityThread: Failed to find provider info for com.google.android.gsf.gservices
05-07 13:43:35.280  1632  1632 I TelecomFramework: TelecomAccountRegistry: setupAccounts: Phone with subscription id 2
05-07 13:43:35.284   911   911 V NotificationListeners: 0 notification listener service connected: ComponentInfo{com.google.vr.vrcore/com.google.vr.vrcore.notification.VrNotificationService}
05-07 13:43:35.288  1963  1963 E ActivityThread: Failed to find provider info for com.google.android.gsf.gservices
05-07 13:43:35.289  1963  1963 I chatty  : uid=10008 com.google.android.gms.persistent identical 1 line
05-07 13:43:35.292  1963  1963 E ActivityThread: Failed to find provider info for com.google.android.gsf.gservices
05-07 13:43:35.293   911  1616 D ConditionProviders: Disabling component com.google.vr.vrcore/.common.VrCoreZenConditionProvider
05-07 13:43:35.296   911  2048 D NotificationListeners: Disabling component com.google.vr.vrcore/.notification.VrNotificationService
05-07 13:43:35.308   911   978 V UserDataPreparer: Found /data/user/0 with serial number 0
05-07 13:43:35.308   911   978 V UserDataPreparer: Found /data/system_ce/0 with serial number 0
05-07 13:43:35.308   911   978 D UserDataPreparer: Setting property: sys.user.0.ce_available=true
05-07 13:43:35.310   911   978 V PackageManager: reconcileAppsData for null u0 0x2 migrateAppData=false
05-07 13:43:35.311   911  1616 I Telecom : PhoneAccountRegistrar: Modify account: [ComponentInfo{com.android.phone/com.android.services.telephony.TelephonyConnectionService}, ***, UserHandle{0}]: TSI.rPA@ACE
05-07 13:43:35.313   911  1616 I Telecom : CallsManager: handlePhoneAccountChanged: phoneAccount=[[X] PhoneAccount: ComponentInfo{com.android.phone/com.android.services.telephony.TelephonyConnectionService}, ***, UserHandle{0} Capabilities: CallProvider MultiUser PlaceEmerg SimSub  Audio Routes: BESW Schemes: tel voicemail  Extras: Bundle[{android.telecom.extra.SUPPORTS_VIDEO_CALLING_FALLBACK=true, android.telecom.extra.SUPPORTS_HANDOVER_FROM=true}] GroupId: ***]: TSI.rPA@ACE
05-07 13:43:35.315  1632  1632 I TelecomFramework: AccountEntry: Registered phoneAccount: [[ ] PhoneAccount: ComponentInfo{com.android.phone/com.android.services.telephony.TelephonyConnectionService}, ***, UserHandle{0} Capabilities: CallProvider MultiUser PlaceEmerg SimSub  Audio Routes: BESW Schemes: tel voicemail  Extras: Bundle[{android.telecom.extra.SUPPORTS_VIDEO_CALLING_FALLBACK=true, android.telecom.extra.SUPPORTS_HANDOVER_FROM=true}] GroupId: ***] with handle: ComponentInfo{com.android.phone/com.android.services.telephony.TelephonyConnectionService}, ***, UserHandle{0}
05-07 13:43:35.315  1632  1632 I TelecomFramework: PstnIncomingCallNotifier: Registering: Handler (com.android.internal.telephony.GsmCdmaPhone) {6012af4}
05-07 13:43:35.320  1963  1963 E ActivityThread: Failed to find provider info for com.google.android.gsf.gservices
05-07 13:43:35.326  1963  1963 I chatty  : uid=10008 com.google.android.gms.persistent identical 1 line
05-07 13:43:35.327  1963  1963 E ActivityThread: Failed to find provider info for com.google.android.gsf.gservices
05-07 13:43:35.333  1963  2120 E ActivityThread: Failed to find provider info for com.google.android.gsf.gservices
05-07 13:43:35.334  1963  2120 E ActivityThread: Failed to find provider info for com.google.android.gsf.gservices
05-07 13:43:35.335   911  2048 W ActivityManager: Unable to start service Intent { act=com.google.android.gms.clearcut.bootcount.service.START cmp=com.google.android.gms/.chimera.PersistentBoundBrokerService } U=0: not found
05-07 13:43:35.336  1632  1632 I TelecomFramework: : onSubscriptionsChanged - update accounts
05-07 13:43:35.336  1632  1632 I TelecomFramework: PstnIncomingCallNotifier: Unregistering: Handler (com.android.internal.telephony.GsmCdmaPhone) {6012af4}
05-07 13:43:35.337  1632  1632 I TelecomFramework: TelecomAccountRegistry: setupAccounts: Found 1 phones.  Attempting to register.
05-07 13:43:35.338  1632  1632 I TelecomFramework: TelecomAccountRegistry: setupAccounts: Phone with subscription id 2
05-07 13:43:35.340  1963  2120 E ActivityThread: Failed to find provider info for com.google.android.gsf.gservices
05-07 13:43:35.345  1963  2120 E ActivityThread: Failed to find provider info for com.google.android.gsf.gservices
05-07 13:43:35.345   911  2048 W ActivityManager: Unbind failed: could not find connection for android.os.BinderProxy@79c91f3
05-07 13:43:35.350  1963  1983 E ActivityThread: Failed to find provider info for com.google.android.gsf.gservices
05-07 13:43:35.351  1963  1983 I chatty  : uid=10008(com.google.android.gms) Binder:1963_2 identical 2 lines
05-07 13:43:35.351  1963  1983 E ActivityThread: Failed to find provider info for com.google.android.gsf.gservices
05-07 13:43:35.352   911  2048 I Telecom : PhoneAccountRegistrar: Modify account: [ComponentInfo{com.android.phone/com.android.services.telephony.TelephonyConnectionService}, ***, UserHandle{0}]: TSI.rPA@ACQ
05-07 13:43:35.353   911  2048 I Telecom : CallsManager: handlePhoneAccountChanged: phoneAccount=[[X] PhoneAccount: ComponentInfo{com.android.phone/com.android.services.telephony.TelephonyConnectionService}, ***, UserHandle{0} Capabilities: CallProvider MultiUser PlaceEmerg SimSub  Audio Routes: BESW Schemes: tel voicemail  Extras: Bundle[{android.telecom.extra.SUPPORTS_VIDEO_CALLING_FALLBACK=true, android.telecom.extra.SUPPORTS_HANDOVER_FROM=true}] GroupId: ***]: TSI.rPA@ACQ
05-07 13:43:35.354  1632  1632 I TelecomFramework: AccountEntry: Registered phoneAccount: [[ ] PhoneAccount: ComponentInfo{com.android.phone/com.android.services.telephony.TelephonyConnectionService}, ***, UserHandle{0} Capabilities: CallProvider MultiUser PlaceEmerg SimSub  Audio Routes: BESW Schemes: tel voicemail  Extras: Bundle[{android.telecom.extra.SUPPORTS_VIDEO_CALLING_FALLBACK=true, android.telecom.extra.SUPPORTS_HANDOVER_FROM=true}] GroupId: ***] with handle: ComponentInfo{com.android.phone/com.android.services.telephony.TelephonyConnectionService}, ***, UserHandle{0}
05-07 13:43:35.354  1632  1632 I TelecomFramework: PstnIncomingCallNotifier: Registering: Handler (com.android.internal.telephony.GsmCdmaPhone) {6012af4}
05-07 13:43:35.355  1963  1986 E ActivityThread: Failed to find provider info for com.google.android.gsf.gservices
05-07 13:43:35.360  1963  1986 I chatty  : uid=10008(com.google.android.gms) Binder:1963_3 identical 4 lines
05-07 13:43:35.362  1963  1986 E ActivityThread: Failed to find provider info for com.google.android.gsf.gservices
05-07 13:43:35.366  2035  2105 E ActivityThread: Failed to find provider info for com.google.android.gsf.gservices
05-07 13:43:35.367  1632  1632 I TelecomFramework: : onSubscriptionsChanged - update accounts
05-07 13:43:35.367  1632  1632 I TelecomFramework: PstnIncomingCallNotifier: Unregistering: Handler (com.android.internal.telephony.GsmCdmaPhone) {6012af4}
05-07 13:43:35.370  1632  1632 I TelecomFramework: TelecomAccountRegistry: setupAccounts: Found 1 phones.  Attempting to register.
05-07 13:43:35.370  1632  1632 I TelecomFramework: TelecomAccountRegistry: setupAccounts: Phone with subscription id 2
05-07 13:43:35.373  1963  1986 E ActivityThread: Failed to find provider info for com.google.android.gsf.gservices
05-07 13:43:35.373  1963  1986 E ActivityThread: Failed to find provider info for com.google.android.gsf.gservices
05-07 13:43:35.390  2035  2105 E ActivityThread: Failed to find provider info for com.google.android.gsf.gservices
05-07 13:43:35.394  1963  1981 E ActivityThread: Failed to find provider info for com.google.android.gsf.gservices
05-07 13:43:35.394   911  2048 I Telecom : PhoneAccountRegistrar: Modify account: [ComponentInfo{com.android.phone/com.android.services.telephony.TelephonyConnectionService}, ***, UserHandle{0}]: TSI.rPA@ACc
05-07 13:43:35.395  1963  1981 E ActivityThread: Failed to find provider info for com.google.android.gsf.gservices
05-07 13:43:35.396   911  2048 I Telecom : CallsManager: handlePhoneAccountChanged: phoneAccount=[[X] PhoneAccount: ComponentInfo{com.android.phone/com.android.services.telephony.TelephonyConnectionService}, ***, UserHandle{0} Capabilities: CallProvider MultiUser PlaceEmerg SimSub  Audio Routes: BESW Schemes: tel voicemail  Extras: Bundle[{android.telecom.extra.SUPPORTS_VIDEO_CALLING_FALLBACK=true, android.telecom.extra.SUPPORTS_HANDOVER_FROM=true}] GroupId: ***]: TSI.rPA@ACc
05-07 13:43:35.397  1632  1632 I TelecomFramework: AccountEntry: Registered phoneAccount: [[ ] PhoneAccount: ComponentInfo{com.android.phone/com.android.services.telephony.TelephonyConnectionService}, ***, UserHandle{0} Capabilities: CallProvider MultiUser PlaceEmerg SimSub  Audio Routes: BESW Schemes: tel voicemail  Extras: Bundle[{android.telecom.extra.SUPPORTS_VIDEO_CALLING_FALLBACK=true, android.telecom.extra.SUPPORTS_HANDOVER_FROM=true}] GroupId: ***] with handle: ComponentInfo{com.android.phone/com.android.services.telephony.TelephonyConnectionService}, ***, UserHandle{0}
05-07 13:43:35.397  1632  1632 I TelecomFramework: PstnIncomingCallNotifier: Registering: Handler (com.android.internal.telephony.GsmCdmaPhone) {6012af4}
05-07 13:43:35.399   911  1034 E BatteryExternalStatsWorker: no controller energy info supplied for bluetooth
05-07 13:43:35.404  1963  1981 E ActivityThread: Failed to find provider info for com.google.android.gsf.gservices
05-07 13:43:35.409  1632  1632 I TelecomFramework: : onSubscriptionsChanged - update accounts
05-07 13:43:35.409  1632  1632 I TelecomFramework: PstnIncomingCallNotifier: Unregistering: Handler (com.android.internal.telephony.GsmCdmaPhone) {6012af4}
05-07 13:43:35.411  1456  2009 E ActivityThread: Failed to find provider info for com.google.android.apps.turbo.estimated_time_remaining
05-07 13:43:35.411  1632  1632 I TelecomFramework: TelecomAccountRegistry: setupAccounts: Found 1 phones.  Attempting to register.
05-07 13:43:35.411  1632  1632 I TelecomFramework: TelecomAccountRegistry: setupAccounts: Phone with subscription id 2
05-07 13:43:35.413  1963  1981 E ActivityThread: Failed to find provider info for com.google.android.gsf.gservices
05-07 13:43:35.413  1963  1981 E ActivityThread: Failed to find provider info for com.google.android.gsf.gservices
05-07 13:43:35.414  1456  1696 E ActivityThread: Failed to find provider info for com.google.android.apps.turbo.estimated_time_remaining
05-07 13:43:35.414   911   911 V SettingsProvider: Notifying for 0: content://settings/global/low_power
05-07 13:43:35.429   911  1702 I Telecom : PhoneAccountRegistrar: Modify account: [ComponentInfo{com.android.phone/com.android.services.telephony.TelephonyConnectionService}, ***, UserHandle{0}]: TSI.rPA@ACo
05-07 13:43:35.429  1963  1981 E ActivityThread: Failed to find provider info for com.google.android.gsf.gservices
05-07 13:43:35.432   911  1702 I Telecom : CallsManager: handlePhoneAccountChanged: phoneAccount=[[X] PhoneAccount: ComponentInfo{com.android.phone/com.android.services.telephony.TelephonyConnectionService}, ***, UserHandle{0} Capabilities: CallProvider MultiUser PlaceEmerg SimSub  Audio Routes: BESW Schemes: tel voicemail  Extras: Bundle[{android.telecom.extra.SUPPORTS_VIDEO_CALLING_FALLBACK=true, android.telecom.extra.SUPPORTS_HANDOVER_FROM=true}] GroupId: ***]: TSI.rPA@ACo
05-07 13:43:35.433  1632  1632 I TelecomFramework: AccountEntry: Registered phoneAccount: [[ ] PhoneAccount: ComponentInfo{com.android.phone/com.android.services.telephony.TelephonyConnectionService}, ***, UserHandle{0} Capabilities: CallProvider MultiUser PlaceEmerg SimSub  Audio Routes: BESW Schemes: tel voicemail  Extras: Bundle[{android.telecom.extra.SUPPORTS_VIDEO_CALLING_FALLBACK=true, android.telecom.extra.SUPPORTS_HANDOVER_FROM=true}] GroupId: ***] with handle: ComponentInfo{com.android.phone/com.android.services.telephony.TelephonyConnectionService}, ***, UserHandle{0}
05-07 13:43:35.433  1632  1632 I TelecomFramework: PstnIncomingCallNotifier: Registering: Handler (com.android.internal.telephony.GsmCdmaPhone) {6012af4}
05-07 13:43:35.436  1963  1981 E ActivityThread: Failed to find provider info for com.google.android.gsf.gservices
05-07 13:43:35.452  1963  1981 E ActivityThread: Failed to find provider info for com.google.android.gsf.gservices
05-07 13:43:35.459  1632  1632 I TelecomFramework: : onSubscriptionsChanged - update accounts
05-07 13:43:35.460  1632  1632 I TelecomFramework: PstnIncomingCallNotifier: Unregistering: Handler (com.android.internal.telephony.GsmCdmaPhone) {6012af4}
05-07 13:43:35.464  1632  1632 I TelecomFramework: TelecomAccountRegistry: setupAccounts: Found 1 phones.  Attempting to register.
05-07 13:43:35.464  1632  1632 I TelecomFramework: TelecomAccountRegistry: setupAccounts: Phone with subscription id 2
05-07 13:43:35.481   911  2048 W ActivityManager: Unable to start service Intent { act=com.google.android.contextmanager.service.ContextManagerService.START pkg=com.google.android.gms } U=0: not found
05-07 13:43:35.483  1963  2125 E ActivityThread: Failed to find provider info for com.google.android.gsf.gservices
05-07 13:43:35.489   911  1705 W ActivityManager: Unbind failed: could not find connection for android.os.BinderProxy@5c2b22
05-07 13:43:35.492  1963  2125 E ActivityThread: Failed to find provider info for com.google.android.gsf.gservices
05-07 13:43:35.497  1963  2125 I chatty  : uid=10008(com.google.android.gms) lowpool[2] identical 6 lines
05-07 13:43:35.498  1963  2125 E ActivityThread: Failed to find provider info for com.google.android.gsf.gservices
05-07 13:43:35.499   911  1705 I Telecom : PhoneAccountRegistrar: Modify account: [ComponentInfo{com.android.phone/com.android.services.telephony.TelephonyConnectionService}, ***, UserHandle{0}]: TSI.rPA@AC0
05-07 13:43:35.501   911  1705 I Telecom : CallsManager: handlePhoneAccountChanged: phoneAccount=[[X] PhoneAccount: ComponentInfo{com.android.phone/com.android.services.telephony.TelephonyConnectionService}, ***, UserHandle{0} Capabilities: CallProvider MultiUser PlaceEmerg SimSub  Audio Routes: BESW Schemes: tel voicemail  Extras: Bundle[{android.telecom.extra.SUPPORTS_VIDEO_CALLING_FALLBACK=true, android.telecom.extra.SUPPORTS_HANDOVER_FROM=true}] GroupId: ***]: TSI.rPA@AC0
05-07 13:43:35.503  1632  1632 I TelecomFramework: AccountEntry: Registered phoneAccount: [[ ] PhoneAccount: ComponentInfo{com.android.phone/com.android.services.telephony.TelephonyConnectionService}, ***, UserHandle{0} Capabilities: CallProvider MultiUser PlaceEmerg SimSub  Audio Routes: BESW Schemes: tel voicemail  Extras: Bundle[{android.telecom.extra.SUPPORTS_VIDEO_CALLING_FALLBACK=true, android.telecom.extra.SUPPORTS_HANDOVER_FROM=true}] GroupId: ***] with handle: ComponentInfo{com.android.phone/com.android.services.telephony.TelephonyConnectionService}, ***, UserHandle{0}
05-07 13:43:35.503  1632  1632 I TelecomFramework: PstnIncomingCallNotifier: Registering: Handler (com.android.internal.telephony.GsmCdmaPhone) {6012af4}
05-07 13:43:35.518  1963  2125 E ActivityThread: Failed to find provider info for com.google.android.gsf.gservices
05-07 13:43:35.531  1963  2125 I chatty  : uid=10008(com.google.android.gms) lowpool[2] identical 5 lines
05-07 13:43:35.532  1963  2125 E ActivityThread: Failed to find provider info for com.google.android.gsf.gservices
05-07 13:43:35.533  1632  1632 I TelecomFramework: PstnPhoneCapabilitiesNotifier: handleVideoCapabilitesChanged. Video capability - false
05-07 13:43:35.534  1963  2125 E ActivityThread: Failed to find provider info for com.google.android.gsf.gservices
05-07 13:43:35.534  1963  2125 E ActivityThread: Failed to find provider info for com.google.android.gsf.gservices
05-07 13:43:35.539   911   984 D ColorDisplayService: Setting saturation level: 100
05-07 13:43:35.547   911  1702 W ActivityManager: Skipping broadcast of Intent { act=android.telephony.action.SHOW_VOICEMAIL_NOTIFICATION flg=0x10000010 (has extras) }: user 11 and its parent (if any) are stopped
05-07 13:43:35.549  2035  2105 E ActivityThread: Failed to find provider info for com.google.android.gsf.gservices
05-07 13:43:35.550  2035  2105 E ActivityThread: Failed to find provider info for com.google.android.gsf.gservices
05-07 13:43:35.553   911  1702 W ActivityManager: Skipping broadcast of Intent { act=android.telephony.action.SHOW_VOICEMAIL_NOTIFICATION flg=0x10000010 (has extras) }: user 12 and its parent (if any) are stopped
05-07 13:43:35.561   911   936 W ActivityManager: Skipping broadcast of Intent { act=android.telephony.action.SHOW_VOICEMAIL_NOTIFICATION flg=0x10000010 (has extras) }: user 11 and its parent (if any) are stopped
05-07 13:43:35.563   911   936 W ActivityManager: Skipping broadcast of Intent { act=android.telephony.action.SHOW_VOICEMAIL_NOTIFICATION flg=0x10000010 (has extras) }: user 12 and its parent (if any) are stopped
05-07 13:43:35.564  1632  1632 I TelecomFramework: PstnPhoneCapabilitiesNotifier: handleVideoCapabilitesChanged. Video capability - false
05-07 13:43:35.569   911  1024 I ActivityManager: Start proc 2127:com.google.android.dialer/u0a43 for broadcast {com.google.android.dialer/com.android.dialer.app.calllog.LegacyVoicemailNotificationReceiver_Receiver}
05-07 13:43:35.574   911  2048 W ActivityManager: Skipping broadcast of Intent { act=android.telephony.action.SHOW_VOICEMAIL_NOTIFICATION flg=0x10000010 (has extras) }: user 11 and its parent (if any) are stopped
05-07 13:43:35.582   911  2048 W ActivityManager: Skipping broadcast of Intent { act=android.telephony.action.SHOW_VOICEMAIL_NOTIFICATION flg=0x10000010 (has extras) }: user 12 and its parent (if any) are stopped
05-07 13:43:35.591  1963  2125 E ActivityThread: Failed to find provider info for com.google.android.gsf.gservices
05-07 13:43:35.595  1963  2125 I chatty  : uid=10008(com.google.android.gms) lowpool[2] identical 1 line
05-07 13:43:35.602  1963  2125 E ActivityThread: Failed to find provider info for com.google.android.gsf.gservices
05-07 13:43:35.603   911  1702 W ActivityManager: Skipping broadcast of Intent { act=android.telephony.action.SHOW_VOICEMAIL_NOTIFICATION flg=0x10000010 (has extras) }: user 11 and its parent (if any) are stopped
05-07 13:43:35.607   911   984 D ColorDisplayService: Setting saturation level: 100
05-07 13:43:35.607   911  1705 W ActivityManager: Skipping broadcast of Intent { act=android.telephony.action.SHOW_VOICEMAIL_NOTIFICATION flg=0x10000010 (has extras) }: user 12 and its parent (if any) are stopped
05-07 13:43:35.607  1632  1632 I TelecomFramework: : onSubscriptionsChanged - update accounts
05-07 13:43:35.608  1632  1632 I TelecomFramework: PstnIncomingCallNotifier: Unregistering: Handler (com.android.internal.telephony.GsmCdmaPhone) {6012af4}
05-07 13:43:35.611  1632  1632 I TelecomFramework: TelecomAccountRegistry: setupAccounts: Found 1 phones.  Attempting to register.
05-07 13:43:35.611  1632  1632 I TelecomFramework: TelecomAccountRegistry: setupAccounts: Phone with subscription id 2
05-07 13:43:35.614  1963  2125 E ActivityThread: Failed to find provider info for com.google.android.gsf.gservices
05-07 13:43:35.616  1963  2125 E ActivityThread: Failed to find provider info for com.google.android.gsf.gservices
05-07 13:43:35.653   911  2048 I Telecom : PhoneAccountRegistrar: Modify account: [ComponentInfo{com.android.phone/com.android.services.telephony.TelephonyConnectionService}, ***, UserHandle{0}]: TSI.rPA@ADA
05-07 13:43:35.654   911  2048 I Telecom : CallsManager: handlePhoneAccountChanged: phoneAccount=[[X] PhoneAccount: ComponentInfo{com.android.phone/com.android.services.telephony.TelephonyConnectionService}, ***, UserHandle{0} Capabilities: CallProvider MultiUser PlaceEmerg SimSub  Audio Routes: BESW Schemes: tel voicemail  Extras: Bundle[{android.telecom.extra.SUPPORTS_VIDEO_CALLING_FALLBACK=true, android.telecom.extra.SUPPORTS_HANDOVER_FROM=true}] GroupId: ***]: TSI.rPA@ADA
05-07 13:43:35.655  1632  1632 I TelecomFramework: AccountEntry: Registered phoneAccount: [[ ] PhoneAccount: ComponentInfo{com.android.phone/com.android.services.telephony.TelephonyConnectionService}, ***, UserHandle{0} Capabilities: CallProvider MultiUser PlaceEmerg SimSub  Audio Routes: BESW Schemes: tel voicemail  Extras: Bundle[{android.telecom.extra.SUPPORTS_VIDEO_CALLING_FALLBACK=true, android.telecom.extra.SUPPORTS_HANDOVER_FROM=true}] GroupId: ***] with handle: ComponentInfo{com.android.phone/com.android.services.telephony.TelephonyConnectionService}, ***, UserHandle{0}
05-07 13:43:35.655  1632  1632 I TelecomFramework: PstnIncomingCallNotifier: Registering: Handler (com.android.internal.telephony.GsmCdmaPhone) {6012af4}
05-07 13:43:35.675   911   983 I EntropyMixer: Writing entropy...
05-07 13:43:35.680   911   911 V SettingsProvider: Notifying for 0: content://settings/global/low_power
05-07 13:43:35.682  1963  2125 E ActivityThread: Failed to find provider info for com.google.android.gsf.gservices
05-07 13:43:35.685  1456  2009 E ActivityThread: Failed to find provider info for com.google.android.apps.turbo.estimated_time_remaining
05-07 13:43:35.703   911  1024 I ActivityManager: Start proc 2148:com.google.android.marvin.talkback/u0a94 for broadcast {com.google.android.marvin.talkback/com.google.android.accessibility.talkback.BootReceiver}
05-07 13:43:35.704  1963  2125 E ActivityThread: Failed to find provider info for com.google.android.gsf.gservices
05-07 13:43:35.707   911   936 W ActivityManager: Skipping broadcast of Intent { act=android.telephony.action.SHOW_VOICEMAIL_NOTIFICATION flg=0x10000010 (has extras) }: user 11 and its parent (if any) are stopped
05-07 13:43:35.713   911   936 W ActivityManager: Skipping broadcast of Intent { act=android.telephony.action.SHOW_VOICEMAIL_NOTIFICATION flg=0x10000010 (has extras) }: user 12 and its parent (if any) are stopped
05-07 13:43:35.713  1632  1632 I TelecomFramework: : onSubscriptionsChanged - update accounts
05-07 13:43:35.713  1632  1632 I TelecomFramework: PstnIncomingCallNotifier: Unregistering: Handler (com.android.internal.telephony.GsmCdmaPhone) {6012af4}
05-07 13:43:35.716  1632  1632 I TelecomFramework: TelecomAccountRegistry: setupAccounts: Found 1 phones.  Attempting to register.
05-07 13:43:35.716  1632  1632 I TelecomFramework: TelecomAccountRegistry: setupAccounts: Phone with subscription id 2
05-07 13:43:35.752  1963  2125 E ActivityThread: Failed to find provider info for com.google.android.gsf.gservices
05-07 13:43:35.765   911  2048 I Telecom : PhoneAccountRegistrar: Modify account: [ComponentInfo{com.android.phone/com.android.services.telephony.TelephonyConnectionService}, ***, UserHandle{0}]: TSI.rPA@ADM
05-07 13:43:35.766  1963  2125 E ActivityThread: Failed to find provider info for com.google.android.gsf.gservices
05-07 13:43:35.767   911  2048 I Telecom : CallsManager: handlePhoneAccountChanged: phoneAccount=[[X] PhoneAccount: ComponentInfo{com.android.phone/com.android.services.telephony.TelephonyConnectionService}, ***, UserHandle{0} Capabilities: CallProvider MultiUser PlaceEmerg SimSub  Audio Routes: BESW Schemes: tel voicemail  Extras: Bundle[{android.telecom.extra.SUPPORTS_VIDEO_CALLING_FALLBACK=true, android.telecom.extra.SUPPORTS_HANDOVER_FROM=true}] GroupId: ***]: TSI.rPA@ADM
05-07 13:43:35.768  1632  1632 I TelecomFramework: AccountEntry: Registered phoneAccount: [[ ] PhoneAccount: ComponentInfo{com.android.phone/com.android.services.telephony.TelephonyConnectionService}, ***, UserHandle{0} Capabilities: CallProvider MultiUser PlaceEmerg SimSub  Audio Routes: BESW Schemes: tel voicemail  Extras: Bundle[{android.telecom.extra.SUPPORTS_VIDEO_CALLING_FALLBACK=true, android.telecom.extra.SUPPORTS_HANDOVER_FROM=true}] GroupId: ***] with handle: ComponentInfo{com.android.phone/com.android.services.telephony.TelephonyConnectionService}, ***, UserHandle{0}
05-07 13:43:35.768  1632  1632 I TelecomFramework: PstnIncomingCallNotifier: Registering: Handler (com.android.internal.telephony.GsmCdmaPhone) {6012af4}
05-07 13:43:35.771  1963  2125 E ActivityThread: Failed to find provider info for com.google.android.gsf.gservices
05-07 13:43:35.804   911  1702 W ActivityManager: Skipping broadcast of Intent { act=android.telephony.action.SHOW_VOICEMAIL_NOTIFICATION flg=0x10000010 (has extras) }: user 11 and its parent (if any) are stopped
05-07 13:43:35.808   911  1702 W ActivityManager: Skipping broadcast of Intent { act=android.telephony.action.SHOW_VOICEMAIL_NOTIFICATION flg=0x10000010 (has extras) }: user 12 and its parent (if any) are stopped
05-07 13:43:35.814  1632  1632 I TelecomFramework: PstnPhoneCapabilitiesNotifier: handleVideoCapabilitesChanged. Video capability - false
05-07 13:43:35.830  1632  1632 I chatty  : uid=1001(radio) com.android.phone identical 4 lines
05-07 13:43:35.837  1632  1632 I TelecomFramework: PstnPhoneCapabilitiesNotifier: handleVideoCapabilitesChanged. Video capability - false
05-07 13:43:35.839  1963  2125 E ActivityThread: Failed to find provider info for com.google.android.gsf.gservices
05-07 13:43:35.841  1963  2125 E ActivityThread: Failed to find provider info for com.google.android.gsf.gservices
05-07 13:43:35.851  1632  1632 I TelecomFramework: PstnPhoneCapabilitiesNotifier: handleVideoCapabilitesChanged. Video capability - false
05-07 13:43:35.854  1632  1632 I TelecomFramework: PstnPhoneCapabilitiesNotifier: handleVideoCapabilitesChanged. Video capability - false
05-07 13:43:35.859  1963  2125 E ActivityThread: Failed to find provider info for com.google.android.gsf.gservices
05-07 13:43:35.863  1963  2125 E ActivityThread: Failed to find provider info for com.google.android.gsf.gservices
05-07 13:43:35.887   911  1702 I Telecom : PhoneAccountRegistrar: Modify account: [ComponentInfo{com.android.phone/com.android.services.telephony.TelephonyConnectionService}, ***, UserHandle{0}]: TSI.rPA@ADY
05-07 13:43:35.888   911  1702 I Telecom : CallsManager: handlePhoneAccountChanged: phoneAccount=[[X] PhoneAccount: ComponentInfo{com.android.phone/com.android.services.telephony.TelephonyConnectionService}, ***, UserHandle{0} Capabilities: CallProvider MultiUser PlaceEmerg SimSub  Audio Routes: BESW Schemes: tel voicemail  Extras: Bundle[{android.telecom.extra.SUPPORTS_VIDEO_CALLING_FALLBACK=true, android.telecom.extra.SUPPORTS_HANDOVER_FROM=true}] GroupId: ***]: TSI.rPA@ADY
05-07 13:43:35.896  1963  2125 E ActivityThread: Failed to find provider info for com.google.android.gsf.gservices
05-07 13:43:35.901   911  1024 I ActivityManager: Start proc 2174:com.google.android.deskclock/u0a118 for broadcast {com.google.android.deskclock/com.android.deskclock.AlarmInitReceiver}
05-07 13:43:35.930   911  1034 W KernelCpuProcStringReader: File not found. It's normal if not implemented: /proc/uid_concurrent_active_time
05-07 13:43:35.931   911  1034 W KernelCpuProcStringReader: File not found. It's normal if not implemented: /proc/uid_concurrent_policy_time
05-07 13:43:35.949   911  1034 I BatteryStatsImpl: Resetting battery stats: level=99 status=2 dischargeLevel=99 lowAmount=0 highAmount=0
05-07 13:43:35.955   911  1034 E BatteryExternalStatsWorker: no controller energy info supplied for bluetooth
05-07 13:43:35.956  1963  2125 E ActivityThread: Failed to find provider info for com.google.android.gsf.gservices
05-07 13:43:36.017   911  1001 W NetworkPolicy: setRestrictBackgroundUL: already true
05-07 13:43:36.019   911  1702 W ActivityManager: Unable to start service Intent { act=com.google.android.gms.phenotype.service.START pkg=com.google.android.gms } U=0: not found
05-07 13:43:36.023   911  2048 W ActivityManager: Unbind failed: could not find connection for android.os.BinderProxy@3feebc6
05-07 13:43:36.047  1963  2125 E ActivityThread: Failed to find provider info for com.google.android.gsf.gservices
05-07 13:43:36.108  1963  2125 I chatty  : uid=10008(com.google.android.gms) lowpool[2] identical 6 lines
05-07 13:43:36.133  1963  2125 E ActivityThread: Failed to find provider info for com.google.android.gsf.gservices
05-07 13:43:36.144   911   911 I Telecom : PhoneAccountRegistrar: getSimCallManager: SimCallManager for subId 2 queried, returning: null: TSI.gSCMFU@ADs
05-07 13:43:36.149  1963  2125 E ActivityThread: Failed to find provider info for com.google.android.gsf.gservices
05-07 13:43:36.152  1963  2125 E ActivityThread: Failed to find provider info for com.google.android.gsf.gservices
05-07 13:43:36.160  1632  1632 I TelecomFramework: : Carrier-config changed, checking for phone account updates.
05-07 13:43:36.164  2127  2173 E ActivityThread: Failed to find provider info for com.google.android.gsf.gservices
05-07 13:43:36.166   911   911 I Telecom : PhoneAccountRegistrar: getSimCallManager: SimCallManager for subId 2 queried, returning: null: TSI.gSCMFU@ADw
05-07 13:43:36.168   911   911 I Telecom : PhoneAccountRegistrar: getSimCallManager: SimCallManager for subId 2 queried, returning: null: TSI.gSCMFU@AD0
05-07 13:43:36.174   911   978 V PackageManager: reconcileAppsData finished 269 packages
05-07 13:43:36.174   911   978 I ActivityManager: User 0 state changed from RUNNING_LOCKED to RUNNING_UNLOCKING
05-07 13:43:36.175   911   978 D ActivityManager: Unlocking user 0 progress 20
05-07 13:43:36.175   911   978 W Looper  : Slow dispatch took 994ms android.fg h=android.os.Handler c=com.android.server.am.-$$Lambda$UserController$stQk1028ON105v_u-VMykVjcxLk@65a9829 m=0
05-07 13:43:36.175   911  1023 I SystemServiceManager: Calling onUnlockUser u0
05-07 13:43:36.207  1632  1632 I TelecomFramework: AccountEntry: reRegisterPstnPhoneAccount: subId: 2 - no change
05-07 13:43:36.239   911  1001 W NetworkPolicy: setRestrictBackgroundUL: already true
05-07 13:43:36.240   911   978 W Looper  : Drained
05-07 13:43:36.275   911  1023 W SystemServiceManager: Service com.android.server.wm.ActivityTaskManagerService$Lifecycle took 100 ms in onUnlockUser 
05-07 13:43:36.275   911  1023 D BluetoothManagerService: User 0 unlocked
05-07 13:43:36.276   911   983 D BluetoothManagerService: MESSAGE_USER_UNLOCKED
05-07 13:43:36.277   911  1023 D StorageManagerService: onUnlockUser 0
05-07 13:43:36.277   911  1616 W ActivityManager: Slow operation: 88ms so far, now at getContentProviderImpl: after updateOomAdj
05-07 13:43:36.277   911  1616 W ActivityManager: Slow operation: 88ms so far, now at getContentProviderImpl: done!
05-07 13:43:36.277   911  1024 W ActivityManager: Slow operation: 107ms so far, now at startProcess: done updating battery stats
05-07 13:43:36.277   477   604 D vold    : Linking /storage/emulated/0 to /mnt/user/0/primary
05-07 13:43:36.277   911  1024 W ActivityManager: Slow operation: 108ms so far, now at startProcess: building log message
05-07 13:43:36.277   911  1024 I ActivityManager: Start proc 2229:android.process.acore/u0a20 for content provider {com.android.providers.blockednumber/com.android.providers.blockednumber.BlockedNumberProvider}
05-07 13:43:36.277   911  1024 W ActivityManager: Slow operation: 108ms so far, now at startProcess: starting to update pids map
05-07 13:43:36.277   911  1024 W ActivityManager: Slow operation: 108ms so far, now at startProcess: done updating pids map
05-07 13:43:36.317   911  1024 I ActivityManager: Start proc 2252:com.google.process.gservices/u0a8 for content provider {com.google.android.gsf/com.google.android.gsf.gservices.GservicesProvider}
05-07 13:43:36.322   911  1023 W ActivityManager: Unable to start service Intent { act=android.service.systemcaptions.SystemCaptionsManagerService cmp=com.google.android.as/com.google.android.apps.miphone.aiai.captions.SystemCaptionsManagerService } U=0: not found
05-07 13:43:36.322   911  1023 W RemoteSystemCaptionsManagerService: Could not bind to Intent { act=android.service.systemcaptions.SystemCaptionsManagerService cmp=com.google.android.as/com.google.android.apps.miphone.aiai.captions.SystemCaptionsManagerService } with flags 67108865
05-07 13:43:36.322   911  1023 E SystemCaptionsManagerPerUserService: Bad service name: com.google.android.as/com.google.android.apps.miphone.aiai.captions.SystemCaptionsManagerService
05-07 13:43:36.364   911  1397 I BackupManagerService: Starting service for user: 0
05-07 13:43:36.366   911  1397 V BackupManagerService: Starting with transport com.google.android.gms/.backup.BackupTransportService
05-07 13:43:36.380   911  1023 I ActivityManager: User 0 state changed from RUNNING_UNLOCKING to RUNNING_UNLOCKED
05-07 13:43:36.380   911  1023 D SystemServerTiming: SystemUserUnlock took to complete: 1544ms
05-07 13:43:36.381   911   978 I ActivityTaskManager: Loading recents for user 0 into memory.
05-07 13:43:36.383   911  1024 I ActivityManager: Start proc 2276:com.google.android.googlequicksearchbox:interactor/u0a47 for service {com.google.android.googlequicksearchbox/com.google.android.voiceinteraction.GsaVoiceInteractionService}
05-07 13:43:36.412   911  1397 D BackupManagerService: Started thread backup-0 for user 0
05-07 13:43:36.458   911  1024 W ActivityManager: Slow operation: 64ms so far, now at startProcess: returned from zygote!
05-07 13:43:36.464   911  1024 W ActivityManager: Slow operation: 71ms so far, now at startProcess: done updating battery stats
05-07 13:43:36.464   911  1024 W ActivityManager: Slow operation: 71ms so far, now at startProcess: building log message
05-07 13:43:36.464   911  1024 I ActivityManager: Start proc 2303:com.android.nfc/1027 for added application com.android.nfc
05-07 13:43:36.464   911  1024 W ActivityManager: Slow operation: 71ms so far, now at startProcess: starting to update pids map
05-07 13:43:36.467   911  1024 W ActivityManager: Slow operation: 73ms so far, now at startProcess: done updating pids map
05-07 13:43:36.467   911  1024 W ActivityManager: Slow operation: 68ms so far, now at startProcess: asking zygote to start proc
05-07 13:43:36.499   911  1024 W ActivityManager: Slow operation: 101ms so far, now at startProcess: returned from zygote!
05-07 13:43:36.500   911  1024 W ActivityManager: Slow operation: 101ms so far, now at startProcess: done updating battery stats
05-07 13:43:36.500   911  1024 W ActivityManager: Slow operation: 101ms so far, now at startProcess: building log message
05-07 13:43:36.500   911  1024 I ActivityManager: Start proc 2316:com.android.se/1068 for added application com.android.se
05-07 13:43:36.500   911  1024 W ActivityManager: Slow operation: 101ms so far, now at startProcess: starting to update pids map
05-07 13:43:36.500   911  1024 W ActivityManager: Slow operation: 102ms so far, now at startProcess: done updating pids map
05-07 13:43:36.500   911  1024 W ActivityManager: Slow operation: 99ms so far, now at startProcess: asking zygote to start proc
05-07 13:43:36.502   911  1023 I ActivityManager: Posting BOOT_COMPLETED user #0
05-07 13:43:36.538   911  2048 D ConnectivityService: registerNetworkAgent NetworkAgentInfo{ ni{[type: MOBILE[LTE], state: CONNECTED/CONNECTED, reason: connected, extra: airtelgprs.com, failover: false, available: true, roaming: false]}  network{100}  nethandle{432902426637}  lp{{InterfaceName: rmnet_data0 LinkAddresses: [ 100.84.39.76/29,2401:4900:277d:99fe:90a9:ad1:b3ff:d80d/64 ] DnsAddresses: [ /125.22.47.102,/203.145.160.5,/2401:4900:50:9::65,/2401:4900:50:9::55 ] Domains: null MTU: 1500 TcpBufferSizes: 524288,1048576,8388608,262144,524288,4194304 Routes: [ 0.0.0.0/0 -> 100.84.39.77 rmnet_data0,::/0 -> fe80::9029:72b0:34b7:4065 rmnet_data0,100.84.39.72/29 -> 0.0.0.0 rmnet_data0,2401:4900:277d:99fe::/64 -> :: rmnet_data0 ]}}  nc{[ Transports: CELLULAR Capabilities: SUPL&INTERNET&NOT_RESTRICTED&TRUSTED&NOT_VPN&NOT_ROAMING&FOREGROUND&NOT_CONGESTED&NOT_SUSPENDED LinkUpBandwidth>=51200Kbps LinkDnBandwidth>=102400Kbps Specifier: <2>]}  Score{10}  everValidated{false}  lastValidated{false}  created{false} lingering{false} explicitlySelected{false} acceptUnvalidated{false} everCaptivePortalDetected{false} lastCaptivePortalDetected{false} captivePortalValidationPending{false} partialConnectivity{false} acceptPartialConnectivity{false} clat{mBaseIface: null, mIface: null, mState: IDLE} }
