05-07 13:43:55.384  3484  3671 D WM-GreedyScheduler: Constraints not met: Cancelling work ID 54f99c8c-d890-4aa1-9c4e-b9cdcd1a9629
05-07 13:43:55.386  3484  3708 D WM-Processor: Processor stopping background work 54f99c8c-d890-4aa1-9c4e-b9cdcd1a9629
05-07 13:43:55.386  3484  3708 D WM-Processor: WorkerWrapper could not be found for 54f99c8c-d890-4aa1-9c4e-b9cdcd1a9629
05-07 13:43:55.386  3484  3708 D WM-StopWorkRunnable: StopWorkRunnable for 54f99c8c-d890-4aa1-9c4e-b9cdcd1a9629; Processor.stopWork = false
05-07 13:43:55.388  3484  3708 D WM-Processor: Processor stopping background work 54f99c8c-d890-4aa1-9c4e-b9cdcd1a9629
05-07 13:43:55.388  3484  3708 D WM-Processor: WorkerWrapper could not be found for 54f99c8c-d890-4aa1-9c4e-b9cdcd1a9629
05-07 13:43:55.388  3484  3708 D WM-StopWorkRunnable: StopWorkRunnable for 54f99c8c-d890-4aa1-9c4e-b9cdcd1a9629; Processor.stopWork = false
05-07 13:43:55.468  3484  3671 D WM-GreedyScheduler: Starting tracking for [54f99c8c-d890-4aa1-9c4e-b9cdcd1a9629]
05-07 13:43:55.469  3484  3671 D WM-GreedyScheduler: Constraints not met: Cancelling work ID 54f99c8c-d890-4aa1-9c4e-b9cdcd1a9629
05-07 13:43:55.469  3484  3671 D WM-GreedyScheduler: Constraints not met: Cancelling work ID 54f99c8c-d890-4aa1-9c4e-b9cdcd1a9629
05-07 13:43:55.471  3484  3708 D WM-Processor: Processor stopping background work 54f99c8c-d890-4aa1-9c4e-b9cdcd1a9629
05-07 13:43:55.471  3484  3708 D WM-Processor: WorkerWrapper could not be found for 54f99c8c-d890-4aa1-9c4e-b9cdcd1a9629
05-07 13:43:55.471  3484  3708 D WM-StopWorkRunnable: StopWorkRunnable for 54f99c8c-d890-4aa1-9c4e-b9cdcd1a9629; Processor.stopWork = false
05-07 13:43:55.472  3484  3708 D WM-Processor: Processor stopping background work 54f99c8c-d890-4aa1-9c4e-b9cdcd1a9629
05-07 13:43:55.472  3484  3708 D WM-Processor: WorkerWrapper could not be found for 54f99c8c-d890-4aa1-9c4e-b9cdcd1a9629
05-07 13:43:55.472  3484  3708 D WM-StopWorkRunnable: StopWorkRunnable for 54f99c8c-d890-4aa1-9c4e-b9cdcd1a9629; Processor.stopWork = false
05-07 13:43:55.488  3681  3748 W Settings: Setting download_manager_max_bytes_over_mobile has moved from android.provider.Settings.Secure to android.provider.Settings.Global.
05-07 13:43:55.491  3681  3748 I Finsky  : [225] zqz.i(3): SettingNotFoundException, fall through to G.downloadBytesOverMobileMaximum
05-07 13:43:55.491  3681  3748 W Settings: Setting download_manager_recommended_max_bytes_over_mobile has moved from android.provider.Settings.Secure to android.provider.Settings.Global.
05-07 13:43:55.493  3681  3748 I Finsky  : [225] zqz.j(3): SettingNotFoundException, fall through to G.downloadBytesOverMobileRecommended
05-07 13:43:55.526  3057  3294 W ogle.android.g: Verification of java.lang.String[] com.android.org.conscrypt.KeyManagerImpl.getClientAliases(java.lang.String, java.security.Principal[]) took 316.886ms
05-07 13:43:55.527  3057  3294 D NetworkSecurityConfig: Using Network Security Config from resource network_security_config debugBuild: false
05-07 13:43:55.534  3681  3821 I Finsky  : [243] amhw.run(4): SysUA: Set SystemUpdateActivity enabled state to 1
05-07 13:43:55.562  3484  3671 D WM-GreedyScheduler: Starting tracking for [54f99c8c-d890-4aa1-9c4e-b9cdcd1a9629]
05-07 13:43:55.563  3484  3671 D WM-GreedyScheduler: Constraints not met: Cancelling work ID 54f99c8c-d890-4aa1-9c4e-b9cdcd1a9629
05-07 13:43:55.563  3484  3671 D WM-GreedyScheduler: Constraints not met: Cancelling work ID 54f99c8c-d890-4aa1-9c4e-b9cdcd1a9629
05-07 13:43:55.567  3484  3708 D WM-Processor: Processor stopping background work 54f99c8c-d890-4aa1-9c4e-b9cdcd1a9629
05-07 13:43:55.567  3484  3708 D WM-Processor: WorkerWrapper could not be found for 54f99c8c-d890-4aa1-9c4e-b9cdcd1a9629
05-07 13:43:55.567  3484  3708 D WM-StopWorkRunnable: StopWorkRunnable for 54f99c8c-d890-4aa1-9c4e-b9cdcd1a9629; Processor.stopWork = false
05-07 13:43:55.569  3484  3708 D WM-Processor: Processor stopping background work 54f99c8c-d890-4aa1-9c4e-b9cdcd1a9629
05-07 13:43:55.569  3484  3708 D WM-Processor: WorkerWrapper could not be found for 54f99c8c-d890-4aa1-9c4e-b9cdcd1a9629
05-07 13:43:55.569  3484  3708 D WM-StopWorkRunnable: StopWorkRunnable for 54f99c8c-d890-4aa1-9c4e-b9cdcd1a9629; Processor.stopWork = false
05-07 13:43:55.575  3681  3748 I Finsky  : [225] baot.c(2): registerListener
05-07 13:43:55.578  3681  3748 I Finsky  : [225] baot.c(2): registerListener
05-07 13:43:55.604  3796  3845 W on.gearhead:ca: Accessing hidden field Ljava/util/Collections$SynchronizedCollection;->mutex:Ljava/lang/Object; (greylist-max-o, reflection, denied)
05-07 13:43:55.605  3796  3845 W on.gearhead:ca: Accessing hidden method Ljava/util/Collections$SynchronizedSet;-><init>(Ljava/util/Set;Ljava/lang/Object;)V (greylist-max-o, reflection, denied)
05-07 13:43:55.605  3796  3845 W on.gearhead:ca: Accessing hidden method Ljava/util/Collections$SynchronizedCollection;-><init>(Ljava/util/Collection;Ljava/lang/Object;)V (greylist-max-o, reflection, denied)
05-07 13:43:55.631  3681  3748 I Finsky  : [225] wxs.n(5): Enqueuing libraries load for 1503554425
05-07 13:43:55.632  3681  3821 I Finsky  : [243] wxs.o(1): Starting libraries load for 1503554425
05-07 13:43:55.694  1797  2426 W putmethod.lati: Verification of void ak.e(android.content.Context, ak, ay, java.lang.String, int, java.lang.String, android.content.res.Resources, java.lang.ClassLoader, java.util.Map) took 385.392ms
05-07 13:43:55.702  3681  3748 I Finsky  : [225] ljc.j(3): Subscription detail: DataSubscriptionInfo{groupIdLevel1=FF, serviceProviderName=airtel}
05-07 13:43:55.715  3057  3294 I ProviderInstaller: Installed default security provider GmsCore_OpenSSL
05-07 13:43:55.716  3057  3569 W DynamiteModule: Local module descriptor class for com.google.android.gms.providerinstaller.dynamite not found.
05-07 13:43:55.720  1963  3541 I chatty  : uid=10008(com.google.android.gms) .gms.persistent expire 1 line
05-07 13:43:55.726  3057  3569 W ProviderInstaller: Failed to load providerinstaller module: No acceptable module found. Local version is 0 and remote version is 0.
05-07 13:43:55.771  3681  3748 I Finsky  : [225] aqyw.v(2): Setup app restrictions monitor
05-07 13:43:55.801  3681  3748 I Finsky  : [225] aras.a(3): Device wide unknown source restriction is changed.
05-07 13:43:55.825  3796  3796 I Primes  : Primes not initialized, returning default (no-op) Primes instance which will ignore all calls. Please call Primes.initialize(...) before using any Primes API.
05-07 13:43:55.869  3796  3796 I CAR.GH  : onCreate
05-07 13:43:55.870  3796  3796 I GH.PrimesMgr: transmitting to prod
05-07 13:43:55.891  3796  3796 I CAR.GH  : Process: CAR
05-07 13:43:55.924  3796  3796 I GH.CAR  : onCreate
05-07 13:43:55.930   675   750 I ThermalEngine: vs_get_temperature: read[0] tsens_tz_sensor15 52000 mC, weight[0] 1
05-07 13:43:55.931   675   750 I ThermalEngine: vs_get_temperature: read[1] tsens_tz_sensor0 57000 mC, weight[1] -1
05-07 13:43:55.954   631   631 I Zygote  : Process 2174 exited due to signal 9 (Killed)
05-07 13:43:55.994   911  1025 I libprocessgroup: Successfully killed process cgroup uid 10118 pid 2174 in 1395ms
05-07 13:43:56.024  3796  3796 W CAR.VALIDATOR: Invalid version in allow list flag [ALL]
05-07 13:43:56.024  3796  3796 W CAR.VALIDATOR: java.lang.NumberFormatException: For input string: "ALL"
05-07 13:43:56.024  3796  3796 W CAR.VALIDATOR: 	at java.lang.Integer.parseInt(Integer.java:615)
05-07 13:43:56.024  3796  3796 W CAR.VALIDATOR: 	at java.lang.Integer.parseInt(Integer.java:650)
05-07 13:43:56.024  3796  3796 W CAR.VALIDATOR: 	at cih.<init>(SourceFile:18)
05-07 13:43:56.024  3796  3796 W CAR.VALIDATOR: 	at cih.d(SourceFile:2)
05-07 13:43:56.024  3796  3796 W CAR.VALIDATOR: 	at cuf.<init>(SourceFile:4)
05-07 13:43:56.024  3796  3796 W CAR.VALIDATOR: 	at com.google.android.apps.auto.carservice.service.impl.GearheadCarStartupService.onCreate(SourceFile:9)
05-07 13:43:56.024  3796  3796 W CAR.VALIDATOR: 	at android.app.ActivityThread.handleCreateService(ActivityThread.java:3953)
05-07 13:43:56.024  3796  3796 W CAR.VALIDATOR: 	at android.app.ActivityThread.access$1500(ActivityThread.java:219)
05-07 13:43:56.024  3796  3796 W CAR.VALIDATOR: 	at android.app.ActivityThread$H.handleMessage(ActivityThread.java:1875)
05-07 13:43:56.024  3796  3796 W CAR.VALIDATOR: 	at android.os.Handler.dispatchMessage(Handler.java:107)
05-07 13:43:56.024  3796  3796 W CAR.VALIDATOR: 	at android.os.Looper.loop(Looper.java:214)
05-07 13:43:56.024  3796  3796 W CAR.VALIDATOR: 	at android.app.ActivityThread.main(ActivityThread.java:7356)
05-07 13:43:56.024  3796  3796 W CAR.VALIDATOR: 	at java.lang.reflect.Method.invoke(Native Method)
05-07 13:43:56.024  3796  3796 W CAR.VALIDATOR: 	at com.android.internal.os.RuntimeInit$MethodAndArgsCaller.run(RuntimeInit.java:492)
05-07 13:43:56.024  3796  3796 W CAR.VALIDATOR: 	at com.android.internal.os.ZygoteInit.main(ZygoteInit.java:930)
05-07 13:43:56.024  3796  3796 I GH.CAR  : carServiceBinderProxy in mainHandler:true
05-07 13:43:56.100  2891  2891 W pool-15-thread-: type=1400 audit(0.0:128): avc: denied { read } for name="devices" dev="sysfs" ino=4 scontext=u:r:untrusted_app_27:s0:c133,c256,c512,c768 tcontext=u:object_r:sysfs:s0 tclass=dir permissive=0
05-07 13:43:56.124  1797  2426 I DynamiteLoaderV2Impl: [71] Cronetdynamite
05-07 13:43:56.128   659   659 I /vendor/bin/hw/android.hardware.health@2.0-service.marlin: SRAM data: 2481000
05-07 13:43:56.135   659   659 I /vendor/bin/hw/android.hardware.health@2.0-service.marlin: SRAM data: 2481000
05-07 13:43:56.169  1456  2009 D PowerUI : can't show warning due to - plugged: true status unknown: false
05-07 13:43:56.197  2891  2891 W pool-15-thread-: type=1400 audit(0.0:129): avc: denied { read } for name="devices" dev="sysfs" ino=4 scontext=u:r:untrusted_app_27:s0:c133,c256,c512,c768 tcontext=u:object_r:sysfs:s0 tclass=dir permissive=0
05-07 13:43:56.317  2891  2891 W pool-15-thread-: type=1400 audit(0.0:130): avc: denied { read } for name="devices" dev="sysfs" ino=4 scontext=u:r:untrusted_app_27:s0:c133,c256,c512,c768 tcontext=u:object_r:sysfs:s0 tclass=dir permissive=0
05-07 13:43:56.322  3796  3796 I GH.CAR  : Using CarServiceBinderProxyImpl in CarMessageService.
05-07 13:43:56.368  3796  3796 I GH.DelegateMngCarSvc: Retries remaining initialized to 20
05-07 13:43:56.369  3796  3796 I GH.CAR  : Using Gearhead for projection services. All aboard! 
05-07 13:43:56.369  3796  3796 I GH.DelegateICarSupplier: Obtaining car service delegate from GMS Core via connectionless.
05-07 13:43:56.397  3796  3796 I GH.DelegateMngCarSvc: Skipping delegate acquisition on init().
05-07 13:43:56.397  3796  3796 I GH.CarService: Setting delegate: crt@abe852f
05-07 13:43:56.397  3796  3796 I GH.CAR  : Setting validator car info suppliers
05-07 13:43:56.414  2891  2891 W pool-15-thread-: type=1400 audit(0.0:131): avc: denied { read } for name="devices" dev="sysfs" ino=4 scontext=u:r:untrusted_app_27:s0:c133,c256,c512,c768 tcontext=u:object_r:sysfs:s0 tclass=dir permissive=0
05-07 13:43:56.433  3796  3796 I GH.CAR  : ICar delegate chain:
05-07 13:43:56.433  3796  3796 I GH.CAR  : 	ctk@10d373c
05-07 13:43:56.433  3796  3796 I GH.CAR  : 	-> crt@abe852f
05-07 13:43:56.433  3796  3796 I GH.CAR  : 	-> crw@ddcfcc5
05-07 13:43:56.434  3796  3796 I GH.CAR  : GearheadCarStartupService.onBind
05-07 13:43:56.499  3726  3857 I GH.GhCarClientCtor: Bound to startup service, got Car Service: com.google.android.gms.car.ICar$Stub$Proxy@30f69f6
05-07 13:43:56.507  2891  2891 W pool-15-thread-: type=1400 audit(0.0:132): avc: denied { read } for name="devices" dev="sysfs" ino=4 scontext=u:r:untrusted_app_27:s0:c133,c256,c512,c768 tcontext=u:object_r:sysfs:s0 tclass=dir permissive=0
05-07 13:43:56.511  3726  3858 I GH.GhCarClientCtor: Bound to startup service, got Car Service: com.google.android.gms.car.ICar$Stub$Proxy@a1d41f7
05-07 13:43:56.515  3726  3857 I CAR.TOKEN: shouldConnectToGearheadCarApi: true
05-07 13:43:56.515  3726  3857 I GH.GhCarClientCtor: Disconnecting GearheadCarClientConnector.
05-07 13:43:56.515  3726  3857 I GH.GhCarClientCtor: Unbinding service connection.
05-07 13:43:56.541   911  1023 I ActivityManager: Waited long enough for: ServiceRecord{7178807 u0 com.android.providers.media/.MediaService}
05-07 13:43:56.558  3726  3857 I CAR.TOKEN: Connecting com.google.android.gms.car.api.impl.GearheadCarClientToken@fc02f82 using class com.google.android.gms.car.api.impl.CarClientImpl@176670416/class com.google.android.gms.car.api.impl.GearheadCarClientConnector@64620179 (cx attempt 1)
05-07 13:43:56.598  3726  3860 I GH.GhCarClientCtor: Bound to startup service, got Car Service: com.google.android.gms.car.ICar$Stub$Proxy@f4336c9
05-07 13:43:56.600  3726  3726 I CAR.TOKEN: Successfully connected jzm@29478ef using class com.google.android.gms.car.api.impl.CarClientImpl@176670416/class com.google.android.gms.car.api.impl.GearheadCarClientConnector@64620179 (cx attempt 1)
05-07 13:43:56.604  3796  3815 W DynamiteModule: Local module descriptor class for com.google.android.gms.googlecertificates not found.
05-07 13:43:56.624  3796  3815 I DynamiteModule: Considering local module com.google.android.gms.googlecertificates:0 and remote module com.google.android.gms.googlecertificates:6
05-07 13:43:56.624  3796  3815 I DynamiteModule: Selected remote version of com.google.android.gms.googlecertificates, version >= 6
05-07 13:43:56.624  3796  3815 V DynamiteModule: Dynamite loader version >= 2, using loadModule2NoCrashUtils
05-07 13:43:56.638  3057  3859 I FirebaseCrash: Sending crashes
05-07 13:43:56.835  1797  2426 W putmethod.lati: ClassLoaderContext type mismatch. expected=PCL, found=DLC (PCL[] | DLC[];PCL[/data/app/com.google.android.inputmethod.latin-zOFqSdDAksoBsy_ECtN-wA==/base.apk*817099750:/data/app/com.google.android.inputmethod.latin-zOFqSdDAksoBsy_ECtN-wA==/base.apk!classes2.dex*2860431220:/data/app/com.google.android.inputmethod.latin-zOFqSdDAksoBsy_ECtN-wA==/base.apk!classes3.dex*2121718790])
05-07 13:43:56.836  1797  2426 W putmethod.lati: Found duplicate classes, falling back to extracting from APK : /data/user_de/0/com.google.android.gms/app_chimera/m/00000186/CronetDynamite.apk
05-07 13:43:56.836  1797  2426 W putmethod.lati: NOTE: This wastes RAM and hurts startup performance.
05-07 13:43:56.836  1797  2426 W putmethod.lati: Found duplicated class when checking oat files: 'La;' in /data/app/com.google.android.inputmethod.latin-zOFqSdDAksoBsy_ECtN-wA==/base.apk and /data/user_de/0/com.google.android.gms/app_chimera/m/00000186/CronetDynamite.apk
05-07 13:43:56.836  1797  2426 W putmethod.lati: 
05-07 13:43:56.924   675   757 D ThermalEngine: handle_timer_sig: SS Id SKIN-HIGH-FLOOR Read emmc_therm 48000mC, Err -1000mC, SampleCnt 1
05-07 13:43:56.933   675   750 I ThermalEngine: vs_get_temperature: read[0] tsens_tz_sensor15 51000 mC, weight[0] 1
05-07 13:43:56.933   675   750 I ThermalEngine: vs_get_temperature: read[1] tsens_tz_sensor0 55000 mC, weight[1] -1
05-07 13:43:56.938  1797  1864 I ContentCacheModule: ContentCacheModule.lambda$loadKeywordMappingsAsync$2():269 Loaded 430 keyword --> image mappings and 150 keyword --> timestamp mappings
05-07 13:43:56.959  3086  3352 W oid.apps.photo: Verification of android.net.Uri nnz.a(android.net.Uri) took 144.298ms
05-07 13:43:56.964  3796  3815 I DynamiteLoaderV2Impl: [71] Googlecertificates
05-07 13:43:57.010  3796  3815 W on.gearhead:ca: ClassLoaderContext type mismatch. expected=PCL, found=DLC (PCL[] | DLC[];PCL[/data/app/com.google.android.projection.gearhead-ZiFKFxAiSYsS2gdsFK6Fjw==/base.apk*2586760041:/data/app/com.google.android.projection.gearhead-ZiFKFxAiSYsS2gdsFK6Fjw==/base.apk!classes2.dex*839480361:/data/app/com.google.android.projection.gearhead-ZiFKFxAiSYsS2gdsFK6Fjw==/base.apk!classes3.dex*3294580756]{PCL[/system/framework/org.apache.http.legacy.jar*1038351580]})
05-07 13:43:57.011  3796  3815 W on.gearhead:ca: Found duplicate classes, falling back to extracting from APK : /data/user_de/0/com.google.android.gms/app_chimera/m/0000018a/GoogleCertificates.apk
05-07 13:43:57.011  3796  3815 W on.gearhead:ca: NOTE: This wastes RAM and hurts startup performance.
05-07 13:43:57.011  3796  3815 W on.gearhead:ca: Found duplicated class when checking oat files: 'La;' in /data/app/com.google.android.projection.gearhead-ZiFKFxAiSYsS2gdsFK6Fjw==/base.apk and /data/user_de/0/com.google.android.gms/app_chimera/m/0000018a/GoogleCertificates.apk
05-07 13:43:57.011  3796  3815 W on.gearhead:ca: 
05-07 13:43:57.046  3796  3815 I on.gearhead:ca: Waiting for a blocking GC ClassLinker
05-07 13:43:57.147  2891  2891 W pool-15-thread-: type=1400 audit(0.0:140): avc: denied { read } for name="devices" dev="sysfs" ino=4 scontext=u:r:untrusted_app_27:s0:c133,c256,c512,c768 tcontext=u:object_r:sysfs:s0 tclass=dir permissive=0
05-07 13:43:57.162  3484  3836 W com.whatsapp: resources.arsc in APK '/data/app/com.estrongs.android.pop-QQSoOeZvu1xls8dfyaWH6A==/base.apk' is compressed.
05-07 13:43:57.197  2891  2891 W pool-15-thread-: type=1400 audit(0.0:141): avc: denied { read } for name="devices" dev="sysfs" ino=4 scontext=u:r:untrusted_app_27:s0:c133,c256,c512,c768 tcontext=u:object_r:sysfs:s0 tclass=dir permissive=0
05-07 13:43:57.273  3796  3815 I on.gearhead:ca: WaitForGcToComplete blocked ClassLinker on ClassLinker for 226.709ms
05-07 13:43:57.287  2891  2891 W pool-15-thread-: type=1400 audit(0.0:142): avc: denied { read } for name="devices" dev="sysfs" ino=4 scontext=u:r:untrusted_app_27:s0:c133,c256,c512,c768 tcontext=u:object_r:sysfs:s0 tclass=dir permissive=0
05-07 13:43:57.434  2891  2891 W pool-15-thread-: type=1400 audit(0.0:144): avc: denied { read } for name="devices" dev="sysfs" ino=4 scontext=u:r:untrusted_app_27:s0:c133,c256,c512,c768 tcontext=u:object_r:sysfs:s0 tclass=dir permissive=0
05-07 13:43:57.630  3726  3726 I GH.CarClientManager: CarClientToken connected.
05-07 13:43:57.710  3726  3726 I GH.HatsManager: HaTS feature flag is not enabled. Not starting HatsManager.
05-07 13:43:57.884  3681  3821 I Finsky  : [243] wxs.o(20): Loaded library for account: [nMTrrrEKNHsAbnFF1chKQSDIUCWmpgWIAmzvLmZiUKo]
05-07 13:43:57.884  3681  3821 I Finsky  : [243] wxs.o(24): Finished loading 1 libraries.
05-07 13:43:57.935   675   750 I ThermalEngine: vs_get_temperature: read[0] tsens_tz_sensor15 50000 mC, weight[0] 1
05-07 13:43:57.935   675   750 I ThermalEngine: vs_get_temperature: read[1] tsens_tz_sensor0 55000 mC, weight[1] -1
05-07 13:43:58.082  2546  2725 D com.facebook.g: getGraphApiVersion: v3.0
05-07 13:43:58.300  2891  2891 W pool-15-thread-: type=1400 audit(0.0:153): avc: denied { read } for name="devices" dev="sysfs" ino=4 scontext=u:r:untrusted_app_27:s0:c133,c256,c512,c768 tcontext=u:object_r:sysfs:s0 tclass=dir permissive=0
05-07 13:43:58.307  2632  3555 I FA      : App measurement initialized, version: 39058
05-07 13:43:58.438  2632  3555 I FA      : To enable debug logging run: adb shell setprop log.tag.FA VERBOSE
05-07 13:43:58.438  2632  3555 I FA      : To enable faster debug mode event logging run:
05-07 13:43:58.438  2632  3555 I FA      :   adb shell setprop debug.firebase.analytics.app com.google.android.googlequicksearchbox
05-07 13:43:58.450  2891  2891 W pool-15-thread-: type=1400 audit(0.0:154): avc: denied { read } for name="devices" dev="sysfs" ino=4 scontext=u:r:untrusted_app_27:s0:c133,c256,c512,c768 tcontext=u:object_r:sysfs:s0 tclass=dir permissive=0
05-07 13:43:58.554  2785  2810 W SQLiteQueryBuilder: Allowing abusive custom column: *
05-07 13:43:58.564  2891  2891 W pool-15-thread-: type=1400 audit(0.0:155): avc: denied { read } for name="devices" dev="sysfs" ino=4 scontext=u:r:untrusted_app_27:s0:c133,c256,c512,c768 tcontext=u:object_r:sysfs:s0 tclass=dir permissive=0
05-07 13:43:58.604  3681  3714 I android.vendin: Waiting for a blocking GC ProfileSaver
05-07 13:43:58.659  2632  2647 W earchbox:searc: Suspending all threads took: 26.792ms
05-07 13:43:58.717  2891  2891 W pool-15-thread-: type=1400 audit(0.0:156): avc: denied { read } for name="devices" dev="sysfs" ino=4 scontext=u:r:untrusted_app_27:s0:c133,c256,c512,c768 tcontext=u:object_r:sysfs:s0 tclass=dir permissive=0
05-07 13:43:58.889  3726  3746 I gearhead:share: Waiting for a blocking GC ProfileSaver
05-07 13:43:58.904  2891  2891 W pool-15-thread-: type=1400 audit(0.0:157): avc: denied { read } for name="devices" dev="sysfs" ino=4 scontext=u:r:untrusted_app_27:s0:c133,c256,c512,c768 tcontext=u:object_r:sysfs:s0 tclass=dir permissive=0
05-07 13:43:58.937   675   750 I ThermalEngine: vs_get_temperature: read[0] tsens_tz_sensor15 50000 mC, weight[0] 1
05-07 13:43:58.937   675   750 I ThermalEngine: vs_get_temperature: read[1] tsens_tz_sensor0 54000 mC, weight[1] -1
05-07 13:43:59.320  2891  2891 W pool-15-thread-: type=1400 audit(0.0:159): avc: denied { read } for name="devices" dev="sysfs" ino=4 scontext=u:r:untrusted_app_27:s0:c133,c256,c512,c768 tcontext=u:object_r:sysfs:s0 tclass=dir permissive=0
05-07 13:43:59.350  1797  2426 W putmethod.lati: Verification of void org.chromium.net.impl.CronetUrlRequestContext.<init>(du) took 424.809ms
05-07 13:43:59.424  3726  3746 I gearhead:share: WaitForGcToComplete blocked ProfileSaver on AddRemoveAppImageSpace for 535.708ms
05-07 13:43:59.457  2891  2891 W pool-15-thread-: type=1400 audit(0.0:160): avc: denied { read } for name="devices" dev="sysfs" ino=4 scontext=u:r:untrusted_app_27:s0:c133,c256,c512,c768 tcontext=u:object_r:sysfs:s0 tclass=dir permissive=0
05-07 13:43:59.475   911  2465 I ActivityManager: Killing 1669:com.android.settings/1000 (adj 975): empty #17
05-07 13:43:59.533   631   631 I Zygote  : Process 1669 exited due to signal 9 (Killed)
05-07 13:43:59.539   911   984 W ActivityManager: setHasOverlayUi called on unknown pid: 1669
05-07 13:43:59.540  2891  2891 W pool-15-thread-: type=1400 audit(0.0:161): avc: denied { read } for name="devices" dev="sysfs" ino=4 scontext=u:r:untrusted_app_27:s0:c133,c256,c512,c768 tcontext=u:object_r:sysfs:s0 tclass=dir permissive=0
05-07 13:43:59.557   911  1025 I libprocessgroup: Successfully killed process cgroup uid 1000 pid 1669 in 80ms
05-07 13:43:59.594  2891  2891 W pool-15-thread-: type=1400 audit(0.0:162): avc: denied { read } for name="devices" dev="sysfs" ino=4 scontext=u:r:untrusted_app_27:s0:c133,c256,c512,c768 tcontext=u:object_r:sysfs:s0 tclass=dir permissive=0
05-07 13:43:59.650  2891  2891 W pool-15-thread-: type=1400 audit(0.0:163): avc: denied { read } for name="devices" dev="sysfs" ino=4 scontext=u:r:untrusted_app_27:s0:c133,c256,c512,c768 tcontext=u:object_r:sysfs:s0 tclass=dir permissive=0
05-07 13:43:59.667  1797  2426 W putmethod.lati: Verification of java.net.URLConnection org.chromium.net.impl.CronetUrlRequestContext.openConnection(java.net.URL) took 314.393ms
05-07 13:43:59.848  1797  2426 W putmethod.lati: Verification of void org.chromium.net.impl.CronetLibraryLoader.a(android.content.Context, du) took 178.816ms
05-07 13:43:59.874  3681  3714 I android.vendin: WaitForGcToComplete blocked ProfileSaver on AddRemoveAppImageSpace for 1.270s
05-07 13:43:59.928   911  1478 I UsageStatsService: User[11] Rollover scheduled @ 2021-05-07 21:25:42(1620402942667)
05-07 13:43:59.938   675   750 I ThermalEngine: vs_get_temperature: read[0] tsens_tz_sensor15 49000 mC, weight[0] 1
05-07 13:43:59.939   675   750 I ThermalEngine: vs_get_temperature: read[1] tsens_tz_sensor0 54000 mC, weight[1] -1
05-07 13:43:59.949   911  1478 I UsageStatsService: User[12] Rollover scheduled @ 2021-05-07 21:25:42(1620402942667)
05-07 13:44:00.003  1797  2426 W putmethod.lati: Verification of void dw.<init>() took 153.514ms
05-07 13:44:00.129  1797  3878 W putmethod.lati: Verification of void db.a(cw) took 103.554ms
05-07 13:44:00.138   911  2465 D ConnectivityService: requestNetwork for uid/pid:10124/1797 NetworkRequest [ TRACK_DEFAULT id=27, [ Capabilities: INTERNET&NOT_RESTRICTED&TRUSTED Uid: 10124] ]
05-07 13:44:00.140   911  1360 D UntrustedWifiNetworkFactory: got request NetworkRequest [ TRACK_DEFAULT id=27, [ Capabilities: INTERNET&NOT_RESTRICTED&TRUSTED Uid: 10124] ] with score 50 and serial 3
05-07 13:44:00.140   911  1360 D WifiNetworkFactory: got request NetworkRequest [ TRACK_DEFAULT id=27, [ Capabilities: INTERNET&NOT_RESTRICTED&TRUSTED Uid: 10124] ] with score 50 and serial 3
05-07 13:44:00.140   911  1418 D Ethernet: got request NetworkRequest [ TRACK_DEFAULT id=27, [ Capabilities: INTERNET&NOT_RESTRICTED&TRUSTED Uid: 10124] ] with score 50 and serial 3
05-07 13:44:00.140  1632  1632 D PhoneSwitcherNetworkRequstListener: got request NetworkRequest [ TRACK_DEFAULT id=27, [ Capabilities: INTERNET&NOT_RESTRICTED&TRUSTED Uid: 10124] ] with score 50 and serial 3
05-07 13:44:00.347  2891  2891 W pool-15-thread-: type=1400 audit(0.0:175): avc: denied { read } for name="devices" dev="sysfs" ino=4 scontext=u:r:untrusted_app_27:s0:c133,c256,c512,c768 tcontext=u:object_r:sysfs:s0 tclass=dir permissive=0
05-07 13:44:00.614  2891  2891 W pool-15-thread-: type=1400 audit(0.0:178): avc: denied { read } for name="devices" dev="sysfs" ino=4 scontext=u:r:untrusted_app_27:s0:c133,c256,c512,c768 tcontext=u:object_r:sysfs:s0 tclass=dir permissive=0
05-07 13:44:00.630  1797  2426 W putmethod.lati: Verification of java.lang.String[] org.chromium.base.BuildInfo.getAll() took 187.522ms
05-07 13:44:00.660  2891  2891 W pool-15-thread-: type=1400 audit(0.0:179): avc: denied { read } for name="devices" dev="sysfs" ino=4 scontext=u:r:untrusted_app_27:s0:c133,c256,c512,c768 tcontext=u:object_r:sysfs:s0 tclass=dir permissive=0
05-07 13:44:00.874  1797  2426 I cr_CronetLibraryLoader: Cronet version: 85.0.4183.127, arch: aarch64
05-07 13:44:00.940   675   750 I ThermalEngine: vs_get_temperature: read[0] tsens_tz_sensor15 49000 mC, weight[0] 1
05-07 13:44:00.941   675   750 I ThermalEngine: vs_get_temperature: read[1] tsens_tz_sensor0 53000 mC, weight[1] -1
05-07 13:44:01.118  2632  3555 W earchbox:searc: Verification of java.lang.Object dv.createFromParcel(android.os.Parcel) took 129.234ms
05-07 13:44:01.155  2785  3081 I MediaProvider: End Intent { act=android.intent.action.MEDIA_MOUNTED dat=file:///storage/emulated/0 flg=0x5000010 cmp=com.android.providers.media/.MediaService (has extras) }
05-07 13:44:01.364  2891  2891 W pool-15-thread-: type=1400 audit(0.0:195): avc: denied { read } for name="devices" dev="sysfs" ino=4 scontext=u:r:untrusted_app_27:s0:c133,c256,c512,c768 tcontext=u:object_r:sysfs:s0 tclass=dir permissive=0
05-07 13:44:01.460  2891  2891 W pool-15-thread-: type=1400 audit(0.0:197): avc: denied { read } for name="devices" dev="sysfs" ino=4 scontext=u:r:untrusted_app_27:s0:c133,c256,c512,c768 tcontext=u:object_r:sysfs:s0 tclass=dir permissive=0
05-07 13:44:01.494  2891  2891 W pool-15-thread-: type=1400 audit(0.0:198): avc: denied { read } for name="devices" dev="sysfs" ino=4 scontext=u:r:untrusted_app_27:s0:c133,c256,c512,c768 tcontext=u:object_r:sysfs:s0 tclass=dir permissive=0
05-07 13:44:01.557  2891  2891 W pool-15-thread-: type=1400 audit(0.0:199): avc: denied { read } for name="devices" dev="sysfs" ino=4 scontext=u:r:untrusted_app_27:s0:c133,c256,c512,c768 tcontext=u:object_r:sysfs:s0 tclass=dir permissive=0
05-07 13:44:01.600  3681  3681 I Finsky  : [2] aqdq.a(1): Warm data store was already initialized.
05-07 13:44:01.803  3681  3681 I Finsky  : [2] szn.<init>(13): Installer: Setting Parallelism[DEFAULT]
05-07 13:44:01.869  3681  3681 I Finsky  : [2] SimStateReceiver.b(4): android.intent.action.SIM_STATE_CHANGED : simState = LOADED
05-07 13:44:01.882  1797  2397 I InputActionMetricsProcessor: InputActionMetricsProcessor.onAttached():82 Attached to metrics manager.
05-07 13:44:01.913   911  2523 I ActivityManager: Killing 2127:com.google.android.dialer/u0a43 (adj 975): empty #17
05-07 13:44:01.943   675   750 I ThermalEngine: vs_get_temperature: read[0] tsens_tz_sensor15 49000 mC, weight[0] 1
05-07 13:44:01.943   675   750 I ThermalEngine: vs_get_temperature: read[1] tsens_tz_sensor0 53000 mC, weight[1] -1
05-07 13:44:01.950  3681  3681 I Finsky  : [2] swa.v(2): Installer: Attempting to start installer
05-07 13:44:01.952   631   631 D Zygote  : Forked child process 3898
05-07 13:44:01.952  3681  3681 I Finsky  : [2] baot.c(2): registerListener
05-07 13:44:01.963   911  1024 W ActivityManager: Slow operation: 55ms so far, now at startProcess: returned from zygote!
05-07 13:44:01.963   911  1024 W ActivityManager: Slow operation: 56ms so far, now at startProcess: done updating battery stats
05-07 13:44:01.964   911  1024 W ActivityManager: Slow operation: 56ms so far, now at startProcess: building log message
05-07 13:44:01.964   911  1024 I ActivityManager: Start proc 3898:com.google.android.carriersetup/u0a12 for broadcast {com.google.android.carriersetup/com.google.android.carriersetup.VzwActivationReceiver}
05-07 13:44:01.964   911  1024 W ActivityManager: Slow operation: 56ms so far, now at startProcess: starting to update pids map
05-07 13:44:01.965   911  1024 W ActivityManager: Slow operation: 57ms so far, now at startProcess: done updating pids map
05-07 13:44:01.988  3681  3681 I Finsky  : [2] ljb.onSubscriptionsChanged(1): onSubscriptionsChanged
05-07 13:44:01.998  3898  3898 E id.carriersetu: Not starting debugger since process cannot load the jdwp agent.
05-07 13:44:02.020   911  1073 V DisplayPowerController: Brightness [6] reason changing to: 'manual [ dim ]', previous reason: 'manual'.
05-07 13:44:02.062   911  2522 I ActivityManager: Killing 1894:com.android.cellbroadcastreceiver/u0a36 (adj 975): empty #17
05-07 13:44:02.152  3681  3754 D NetworkSecurityConfig: No Network Security Config specified, using platform default
05-07 13:44:02.250  3898  3898 D VzwActivationReceiver: Action: android.intent.action.SIM_STATE_CHANGED
05-07 13:44:02.260   631   631 I Zygote  : Process 1894 exited due to signal 9 (Killed)
05-07 13:44:02.394  1797  2397 W LatinCommonMetricsProcessor: LatinCommonMetricsProcessor.processInputMethodEntryChanged():2195 The new entry is equal to the old entry
05-07 13:44:02.406  2540  3926 I chatty  : uid=10008(com.google.android.gms) gle.android.gms expire 1 line
05-07 13:44:02.430  2891  2891 W pool-15-thread-: type=1400 audit(0.0:219): avc: denied { read } for name="devices" dev="sysfs" ino=4 scontext=u:r:untrusted_app_27:s0:c133,c256,c512,c768 tcontext=u:object_r:sysfs:s0 tclass=dir permissive=0
05-07 13:44:02.439  2540  3924 I chatty  : uid=10008(com.google.android.gms) gle.android.gms expire 4 lines
05-07 13:44:02.439  1963  3929 I chatty  : uid=10008(com.google.android.gms) .gms.persistent expire 1 line
05-07 13:44:02.460  2891  2891 W pool-15-thread-: type=1400 audit(0.0:220): avc: denied { read } for name="devices" dev="sysfs" ino=4 scontext=u:r:untrusted_app_27:s0:c133,c256,c512,c768 tcontext=u:object_r:sysfs:s0 tclass=dir permissive=0
05-07 13:44:02.477  3726  3726 V ClearcutMetricXmitter: Transmission is done.
05-07 13:44:02.480  3726  3726 V ClearcutMetricXmitter: Transmission is done.
05-07 13:44:02.494  2891  2891 W pool-15-thread-: type=1400 audit(0.0:221): avc: denied { read } for name="devices" dev="sysfs" ino=4 scontext=u:r:untrusted_app_27:s0:c133,c256,c512,c768 tcontext=u:object_r:sysfs:s0 tclass=dir permissive=0
05-07 13:44:02.514  2891  2891 W pool-15-thread-: type=1400 audit(0.0:222): avc: denied { read } for name="devices" dev="sysfs" ino=4 scontext=u:r:untrusted_app_27:s0:c133,c256,c512,c768 tcontext=u:object_r:sysfs:s0 tclass=dir permissive=0
05-07 13:44:02.547  2891  2891 W pool-15-thread-: type=1400 audit(0.0:223): avc: denied { read } for name="devices" dev="sysfs" ino=4 scontext=u:r:untrusted_app_27:s0:c133,c256,c512,c768 tcontext=u:object_r:sysfs:s0 tclass=dir permissive=0
05-07 13:44:02.548   911  2521 I ActivityManager: Killing 2476:com.google.android.carrier/u0a60 (adj 975): empty #17
05-07 13:44:02.584   631   631 D Zygote  : Forked child process 3939
05-07 13:44:02.585   631   631 I Zygote  : Process 2476 exited due to signal 9 (Killed)
05-07 13:44:02.589   911  1024 W ActivityManager: Slow operation: 206ms so far, now at startProcess: returned from zygote!
05-07 13:44:02.590   911  1024 W ActivityManager: Slow operation: 206ms so far, now at startProcess: done updating battery stats
05-07 13:44:02.590   911  1024 W ActivityManager: Slow operation: 206ms so far, now at startProcess: building log message
05-07 13:44:02.590   911  1024 I ActivityManager: Start proc 3939:com.google.android.apps.tachyon/u0a144 for broadcast {com.google.android.apps.tachyon/com.google.android.apps.tachyon.simdetection.SimStateBroadcastReceiver}
05-07 13:44:02.590   911  1024 W ActivityManager: Slow operation: 206ms so far, now at startProcess: starting to update pids map
05-07 13:44:02.591   911  1024 W ActivityManager: Slow operation: 207ms so far, now at startProcess: done updating pids map
05-07 13:44:02.597  3939  3939 E id.apps.tachyo: Not starting debugger since process cannot load the jdwp agent.
05-07 13:44:02.852   631   631 I Zygote  : Process 2127 exited due to signal 9 (Killed)
05-07 13:44:02.863   911  1025 I libprocessgroup: Successfully killed process cgroup uid 10043 pid 2127 in 949ms
05-07 13:44:02.865   911  1025 I libprocessgroup: Successfully killed process cgroup uid 10036 pid 1894 in 0ms
05-07 13:44:02.866   911  1025 I libprocessgroup: Successfully killed process cgroup uid 10060 pid 2476 in 0ms
05-07 13:44:02.892  3939  3939 W id.apps.tachyo: JIT profile information will not be recorded: profile file does not exits.
05-07 13:44:02.892  3939  3939 I chatty  : uid=10144(com.google.android.apps.tachyon) identical 1 line
05-07 13:44:02.892  3939  3939 W id.apps.tachyo: JIT profile information will not be recorded: profile file does not exits.
05-07 13:44:02.930   675   757 I ThermalEngine: ACTION: CLUSTER - Setting CLUSTER[1] to 1747200
05-07 13:44:02.945   675   750 I ThermalEngine: vs_get_temperature: read[0] tsens_tz_sensor15 49000 mC, weight[0] 1
05-07 13:44:02.945   675   750 I ThermalEngine: vs_get_temperature: read[1] tsens_tz_sensor0 53000 mC, weight[1] -1
05-07 13:44:03.034  2632  3555 W earchbox:searc: Verification of void bi.h(java.util.Set) took 131.850ms
05-07 13:44:03.225  2632  3555 W earchbox:searc: Verification of void be.onServiceConnected(android.content.ComponentName, android.os.IBinder) took 109.382ms
05-07 13:44:03.294  3939  3963 W id.apps.tachyo: Accessing hidden field Ljava/util/Collections$SynchronizedCollection;->mutex:Ljava/lang/Object; (greylist-max-o, reflection, denied)
05-07 13:44:03.295  3939  3963 W id.apps.tachyo: Accessing hidden method Ljava/util/Collections$SynchronizedSet;-><init>(Ljava/util/Set;Ljava/lang/Object;)V (greylist-max-o, reflection, denied)
05-07 13:44:03.295  3939  3963 W id.apps.tachyo: Accessing hidden method Ljava/util/Collections$SynchronizedCollection;-><init>(Ljava/util/Collection;Ljava/lang/Object;)V (greylist-max-o, reflection, denied)
05-07 13:44:03.327   911  2523 I ActivityManager: Killing 2926:com.android.keychain/1000 (adj 975): empty #17
05-07 13:44:03.344   631   631 I Zygote  : Process 2926 exited due to signal 9 (Killed)
05-07 13:44:03.373   911  1025 I libprocessgroup: Successfully killed process cgroup uid 1000 pid 2926 in 45ms
05-07 13:44:03.495  1797  1864 I ContentCacheModule: ContentCacheModule.maybePrepareContentDownload():149 Cached content is up-to-date
05-07 13:44:03.537  3796  3796 V ClearcutMetricXmitter: Transmission is done.
05-07 13:44:03.571   631   631 D Zygote  : Forked child process 3972
05-07 13:44:03.574   911  1024 I ActivityManager: Start proc 3972:com.android.keychain/1000 for service {com.android.keychain/com.android.keychain.KeyChainService}
05-07 13:44:03.599  3972  3972 E ndroid.keychai: Not starting debugger since process cannot load the jdwp agent.
05-07 13:44:03.640  3972  3972 I ndroid.keychai: The ClassLoaderContext is a special shared library.
05-07 13:44:03.673   911  2523 I ActivityManager: Killing 2953:com.android.localtransport/1000 (adj 975): empty #17
05-07 13:44:03.787   911  2522 D ConnectivityService: Returning BLOCKED NetworkInfo to uid=10144
05-07 13:44:03.793  3939  3965 D EventBus: No subscribers registered for event class hue
05-07 13:44:03.793  3939  3965 D EventBus: No subscribers registered for event class txa
05-07 13:44:03.835   631   631 I Zygote  : Process 2953 exited due to signal 9 (Killed)
05-07 13:44:03.843   911  1025 I libprocessgroup: Successfully killed process cgroup uid 1000 pid 2953 in 169ms
05-07 13:44:03.932  3939  4012 W DynamiteModule: Local module descriptor class for com.google.android.gms.measurement.dynamite not found.
05-07 13:44:03.937  3939  4014 W DynamiteModule: Local module descriptor class for com.google.android.gms.googlecertificates not found.
05-07 13:44:03.947   675   750 I ThermalEngine: vs_get_temperature: read[0] tsens_tz_sensor15 49000 mC, weight[0] 1
05-07 13:44:03.947   675   750 I ThermalEngine: vs_get_temperature: read[1] tsens_tz_sensor0 53000 mC, weight[1] -1
05-07 13:44:03.953   911  1023 W BroadcastQueue: Background execution not allowed: receiving Intent { act=android.net.conn.NETWORK_CONDITIONS_MEASURED flg=0x10 (has extras) } to com.google.android.gms/.chimera.GmsIntentOperationService$PersistentTrustedReceiver
05-07 13:44:03.977   911  4020 I RecoverySystem: No recovery log file
05-07 13:44:03.982   911  4020 I DropBoxManagerService: add tag=SYSTEM_BOOT isTagEnabled=true flags=0x2
05-07 13:44:03.991   911  4020 I BootReceiver: Copying /sys/fs/pstore/console-ramoops to DropBox (SYSTEM_LAST_KMSG)
05-07 13:44:03.992   911  4020 I DropBoxManagerService: add tag=SYSTEM_LAST_KMSG isTagEnabled=true flags=0x2
05-07 13:44:04.013  3939  3939 D EventBus: No subscribers registered for event class hue
05-07 13:44:04.013  3939  3939 D EventBus: No subscribers registered for event class txa
05-07 13:44:04.022  3939  3965 D EventBus: No subscribers registered for event class iqy
05-07 13:44:04.022  3939  3965 D EventBus: No subscribers registered for event class txa
05-07 13:44:04.040   911  4020 I BootReceiver: Copying audit failures to DropBox
05-07 13:44:04.049   911  4020 I BootReceiver: Copied 2139 worth of audits to DropBox
05-07 13:44:04.050   911  4020 I DropBoxManagerService: add tag=SYSTEM_AUDIT isTagEnabled=true flags=0x2
05-07 13:44:04.057   911  4020 W BootReceiver: boot_fs_shutdown, string not found
05-07 13:44:04.058   911  4020 I BootReceiver: Checking for fsck errors
05-07 13:44:04.060   911  4020 I BootReceiver: fs_stat, partition:userdata stat:0x3
05-07 13:44:04.074   911  4020 I BootReceiver: Copying /data/tombstones/tombstone_00 to DropBox (SYSTEM_TOMBSTONE)
05-07 13:44:04.084  2632  2829 I WorkerManager: dispose()
05-07 13:44:04.088   911  4020 I DropBoxManagerService: add tag=SYSTEM_TOMBSTONE isTagEnabled=true flags=0x2
05-07 13:44:04.112   911  2523 I ActivityManager: Killing 2990:com.google.android.contacts/u0a105 (adj 975): empty #17
05-07 13:44:04.137   631   631 I Zygote  : Process 2990 exited due to signal 9 (Killed)
05-07 13:44:04.156   911  1025 I libprocessgroup: Successfully killed process cgroup uid 10105 pid 2990 in 42ms
05-07 13:44:04.180  1963  1977 I chatty  : uid=10008(com.google.android.gms) .gms.persistent expire 1 line
05-07 13:44:04.225  3681  3681 I Finsky  : [2] agnf.b(5): SCH: Jobs in database: 1-1337 10-26 10-78 12-1 19-9999 20-23232323 21-333333333 24-77777777 26-1414141414 29-29 37-105 
05-07 13:44:04.229  3681  3681 I Finsky  : [2] aglj.g(37): SCH: ConstraintMapping: 10-78, 24-77777777,  -> L: 0ms, D: 25207869ms, C: false, I: true, N: 0
05-07 13:44:04.230  3681  3681 I Finsky  : [2] aglj.g(37): SCH: ConstraintMapping: 1-1337, 10-26, 12-1, 19-9999, 21-333333333,  -> L: 0ms, D: 71958994ms, C: false, I: false, N: 1
05-07 13:44:04.230  3681  3681 I Finsky  : [2] aglj.g(37): SCH: ConstraintMapping: 20-23232323,  -> L: 0ms, D: 78736067ms, C: true, I: false, N: 2
05-07 13:44:04.230  3681  3681 I Finsky  : [2] aglj.g(37): SCH: ConstraintMapping: 26-1414141414, 29-29, 37-105,  -> L: 0ms, D: 0ms, C: false, I: false, N: 0
05-07 13:44:04.232  3681  3681 I Finsky  : [2] aglj.i(7): SCH: Cancelling existing jobscheduler jobs: 
05-07 13:44:04.243  3681  3681 I Finsky  : [2] aglj.h(11): SCH: Scheduling job Id: 9000, L: 0, D: 25207869, C: false, I: true, N: 0
05-07 13:44:04.246  3681  3681 I Finsky  : [2] aglj.h(11): SCH: Scheduling job Id: 9001, L: 0, D: 71958994, C: false, I: false, N: 1
05-07 13:44:04.248  3681  3681 I Finsky  : [2] aglj.h(11): SCH: Scheduling job Id: 9002, L: 0, D: 78736067, C: true, I: false, N: 2
05-07 13:44:04.251  3681  3681 I Finsky  : [2] aglj.h(11): SCH: Scheduling job Id: 9003, L: 0, D: 0, C: false, I: false, N: 0
05-07 13:44:04.293  3681  3681 I Finsky  : [2] agqi.a(4): SCH: onJobSchedulerWakeup with jobId 9003
05-07 13:44:04.323  3939  4012 I DynamiteLoaderV2Impl: [71] MeasurementDynamite.integ
05-07 13:44:04.337  3939  4012 W id.apps.tachyo: ClassLoaderContext type mismatch. expected=PCL, found=DLC (PCL[] | DLC[];PCL[/data/app/com.google.android.apps.tachyon-RQwFy3zlv9StFFbLS-hxsQ==/base.apk*2248953494:/data/app/com.google.android.apps.tachyon-RQwFy3zlv9StFFbLS-hxsQ==/base.apk!classes2.dex*2479807849:/data/app/com.google.android.apps.tachyon-RQwFy3zlv9StFFbLS-hxsQ==/base.apk!classes3.dex*333346826])
05-07 13:44:04.338  3939  4012 W id.apps.tachyo: Found duplicate classes, falling back to extracting from APK : /data/user_de/0/com.google.android.gms/app_chimera/m/0000018d/dl-MeasurementDynamite.integ_218100000.apk
05-07 13:44:04.338  3939  4012 W id.apps.tachyo: NOTE: This wastes RAM and hurts startup performance.
05-07 13:44:04.338  3939  4012 W id.apps.tachyo: Found duplicated class when checking oat files: 'La;' in /data/app/com.google.android.apps.tachyon-RQwFy3zlv9StFFbLS-hxsQ==/base.apk and /data/user_de/0/com.google.android.gms/app_chimera/m/0000018d/dl-MeasurementDynamite.integ_218100000.apk
05-07 13:44:04.338  3939  4012 W id.apps.tachyo: 
05-07 13:44:04.425   667   876 I nanohub : osLog: [AR_CHRE] still: 100
05-07 13:44:04.437  3939  4014 I DynamiteLoaderV2Impl: [71] Googlecertificates
05-07 13:44:04.492  3939  4012 W DynamiteModule: Local module descriptor class for com.google.android.gms.measurement.dynamite not found.
05-07 13:44:04.575  3939  4014 W id.apps.tachyo: ClassLoaderContext type mismatch. expected=PCL, found=DLC (PCL[] | DLC[];PCL[/data/app/com.google.android.apps.tachyon-RQwFy3zlv9StFFbLS-hxsQ==/base.apk*2248953494:/data/app/com.google.android.apps.tachyon-RQwFy3zlv9StFFbLS-hxsQ==/base.apk!classes2.dex*2479807849:/data/app/com.google.android.apps.tachyon-RQwFy3zlv9StFFbLS-hxsQ==/base.apk!classes3.dex*333346826])
05-07 13:44:04.576  3939  4014 W id.apps.tachyo: Found duplicate classes, falling back to extracting from APK : /data/user_de/0/com.google.android.gms/app_chimera/m/0000018a/GoogleCertificates.apk
05-07 13:44:04.683  3939  4014 W id.apps.tachyo: NOTE: This wastes RAM and hurts startup performance.
05-07 13:44:04.683  3939  4014 W id.apps.tachyo: Found duplicated class when checking oat files: 'La;' in /data/app/com.google.android.apps.tachyon-RQwFy3zlv9StFFbLS-hxsQ==/base.apk and /data/user_de/0/com.google.android.gms/app_chimera/m/0000018a/GoogleCertificates.apk
05-07 13:44:04.683  3939  4014 W id.apps.tachyo: 
05-07 13:44:04.743  3086  3113 W oid.apps.photo: Suspending all threads took: 217.521ms
05-07 13:44:04.873  3681  3816 I Finsky  : [241] lrz.a(19): No selector loaded
05-07 13:44:04.914  3939  4014 I id.apps.tachyo: Waiting for a blocking GC ClassLinker
05-07 13:44:04.932   675   757 I ThermalEngine: ACTION: CLUSTER - Setting CLUSTER[1] to 1824000
05-07 13:44:04.940  3681  3793 I Finsky  : [239] aczs.j(1): Triggered update for experiment package com.google.android.finsky.stable.
05-07 13:44:04.949   675   750 I ThermalEngine: vs_get_temperature: read[0] tsens_tz_sensor15 49000 mC, weight[0] 1
05-07 13:44:04.949   675   750 I ThermalEngine: vs_get_temperature: read[1] tsens_tz_sensor0 53000 mC, weight[1] -1
05-07 13:44:04.970  3681  3681 I Finsky  : [2] agma.a(2): SCH: Not scheduling immediate wakeup as already running
05-07 13:44:04.986  3681  3681 I Finsky  : [2] aglj.i(7): SCH: Cancelling existing jobscheduler jobs: 9001 9000 9003 9002 
05-07 13:44:04.987  3681  3681 I Finsky  : [2] aglj.c(4): SCH: Scheduling immediate wakeup job with id: 9000
05-07 13:44:04.993  3681  3681 I Finsky  : [2] agkw.e(12): SCH: Will halt after 0
05-07 13:44:04.998  3681  3681 I Finsky  : [2] agqi.a(4): SCH: onJobSchedulerWakeup with jobId 9000
05-07 13:44:05.003  3681  3681 W Finsky  : [2] agqi.a(12): SCH: onJobSchedulerWakeup while already running
05-07 13:44:05.008  3681  3681 I Finsky  : [2] agkv.handleMessage(8): SCH: Executor halting due to timeout
05-07 13:44:05.008  3681  3681 I Finsky  : [2] agkv.handleMessage(10): SCH: Executor finished
05-07 13:44:05.020  3681  3681 I Finsky  : [2] agnf.b(5): SCH: Jobs in database: 1-1337 10-26 10-78 12-1 19-9999 20-23232323 21-333333333 24-77777777 26-1414141414 29-29 37-105 
05-07 13:44:05.022   911  2519 I ActivityManager: Killing 3086:com.google.android.apps.photos/u0a82 (adj 975): empty #17
05-07 13:44:05.025  3681  3681 I Finsky  : [2] aglj.g(37): SCH: ConstraintMapping: 10-78, 24-77777777,  -> L: 0ms, D: 25207073ms, C: false, I: true, N: 0
05-07 13:44:05.027  3681  3681 I Finsky  : [2] aglj.g(37): SCH: ConstraintMapping: 1-1337, 10-26, 12-1, 19-9999, 21-333333333,  -> L: 0ms, D: 71958198ms, C: false, I: false, N: 1
05-07 13:44:05.028  3681  3681 I Finsky  : [2] aglj.g(37): SCH: ConstraintMapping: 20-23232323,  -> L: 0ms, D: 78735271ms, C: true, I: false, N: 2
05-07 13:44:05.028  3681  3681 I Finsky  : [2] aglj.g(37): SCH: ConstraintMapping: 26-1414141414, 29-29, 37-105,  -> L: 0ms, D: 0ms, C: false, I: false, N: 0
05-07 13:44:05.036  3681  3823 I PlayCommon: [245] bamw.h(22): Preparing logs for uploading
05-07 13:44:05.057  3681  3681 I Finsky  : [2] aglj.i(7): SCH: Cancelling existing jobscheduler jobs: 
05-07 13:44:05.057  3681  3681 I Finsky  : [2] aglj.d(4): SCH: Throttling wakeup for job 9000 (expected to run in 0 ms) due to recent wakeup
05-07 13:44:05.058  3681  3681 I Finsky  : [2] aglj.h(11): SCH: Scheduling job Id: 9000, L: 30000, D: 25207073, C: false, I: true, N: 0
05-07 13:44:05.060  3681  3681 I Finsky  : [2] aglj.d(4): SCH: Throttling wakeup for job 9001 (expected to run in 0 ms) due to recent wakeup
05-07 13:44:05.060  3681  3681 I Finsky  : [2] aglj.h(11): SCH: Scheduling job Id: 9001, L: 30000, D: 71958198, C: false, I: false, N: 1
05-07 13:44:05.062  3681  3681 I Finsky  : [2] aglj.d(4): SCH: Throttling wakeup for job 9002 (expected to run in 0 ms) due to recent wakeup
05-07 13:44:05.063  3681  3681 I Finsky  : [2] aglj.h(11): SCH: Scheduling job Id: 9002, L: 30000, D: 78735271, C: true, I: false, N: 2
05-07 13:44:05.068  3681  3793 W android.vendin: Verification of bdjp bdjq.a() took 106.657ms
05-07 13:44:05.077  3681  3681 I Finsky  : [2] aglj.d(4): SCH: Throttling wakeup for job 9004 (expected to run in 0 ms) due to recent wakeup
05-07 13:44:05.077  3681  3681 I Finsky  : [2] aglj.h(11): SCH: Scheduling job Id: 9004, L: 30000, D: 30000, C: false, I: false, N: 0
05-07 13:44:05.127  3939  4036 W id.apps.tachyo: Verification of java.util.List hu.r() took 207.024ms
05-07 13:44:05.133  3681  3823 I PlayCommon: [245] bamw.h(133): Connecting to server for timestamp: https://play.googleapis.com/play/log/timestamp
05-07 13:44:05.135  3681  3793 I android.vendin: Waiting for a blocking GC ClassLinker
05-07 13:44:05.267  3681  3816 I Finsky  : [241] hec.run(3): Initializing the instant apps module.
05-07 13:44:05.317  3939  4014 I id.apps.tachyo: WaitForGcToComplete blocked ClassLinker on ClassLinker for 402.625ms
05-07 13:44:05.326  3939  4036 W id.apps.tachyo: Verification of du lf.H(boolean) took 108.231ms
05-07 13:44:05.694  3939  4036 W id.apps.tachyo: Verification of void hq.<clinit>() took 194.141ms
05-07 13:44:05.753  3939  4014 W id.apps.tachyo: Verification of aw com.google.android.gms.common.GoogleCertificatesImpl.isPackageGoogleOrPlatformSigned(au) took 178.026ms
05-07 13:44:05.876  1963  3930 I chatty  : uid=10008(com.google.android.gms) .gms.persistent expire 25 lines
05-07 13:44:05.877  1963  1963 I chatty  : uid=10008(com.google.android.gms) .gms.persistent expire 3 lines
05-07 13:44:05.895  2035  2035 W ContextManagerRestartBr: Context manager broadcast triggered fence restoration
05-07 13:44:05.895  2035  2035 W AutoDndManagerImpl: Context manager requested to re-register fence
05-07 13:44:05.913  3681  3816 I Finsky  : [241] aqyw.h(2): Restoring notifications
05-07 13:44:05.919  2035  2035 W fyg     : Fence recovery - Context manager restart broadcast triggered.
05-07 13:44:05.940  2035  2035 W ContextManagerRestarted: Context manager broadcast triggered power state fence restoration
05-07 13:44:05.940  2035  2035 W PowerStateManagerImpl: Context manager requested to re-register fence
05-07 13:44:05.951   675   750 I ThermalEngine: vs_get_temperature: read[0] tsens_tz_sensor15 49000 mC, weight[0] 1
05-07 13:44:05.951   675   750 I ThermalEngine: vs_get_temperature: read[1] tsens_tz_sensor0 53000 mC, weight[1] -1
05-07 13:44:05.952  1963  1963 D BoundBrokerSvc: Loading bound service for intent: Intent { act=com.google.android.gms.udc.service.START pkg=com.google.android.gms }
05-07 13:44:06.021  1963  4045 E AuthPII : [GoogleAccountDataServiceImpl] getToken() -> BAD_AUTHENTICATION. Account: Account {name=@@ContextManagerNullAccount@@, type=com.google}, App: com.google.android.gms, Service: ^^_account_id_^^
05-07 13:44:06.021  1963  4045 E AuthPII : tfn: Long live credential not available.
05-07 13:44:06.021  1963  4045 E AuthPII : 	at goe.a(:com.google.android.gms@210915037@21.09.15 (120400-361652764):12)
05-07 13:44:06.021  1963  4045 E AuthPII : 	at goh.d(:com.google.android.gms@210915037@21.09.15 (120400-361652764):1)
05-07 13:44:06.021  1963  4045 E AuthPII : 	at gmt.l(:com.google.android.gms@210915037@21.09.15 (120400-361652764):39)
