05-07 13:42:28.245  2603  2691 W BugleRcsEngine: [156] aich.f: ProvisioningEngineAdapter not found for SIM redacted-pii:sim_id[20-chars]
05-07 13:42:28.290  3295  3295 W INeedInit3: type=1400 audit(0.0:14): avc: granted { execute } for path="/data/data/com.facebook.katana/lib-superpack-xz/libglog.so" dev="sda35" ino=7212655 scontext=u:r:untrusted_app:s0:c134,c256,c512,c768 tcontext=u:object_r:app_data_file:s0:c134,c256,c512,c768 tclass=file
05-07 13:42:28.306  3005  3080 W id.apps.tachyo: Verification of com.android.org.conscrypt.OpenSSLKey com.android.org.conscrypt.OpenSSLKey.fromPublicKeyPemInputStream(java.io.InputStream) took 326.517ms
05-07 13:42:28.351  2331  3263 W earchbox:searc: Verification of du lf.H(boolean) took 182.665ms
05-07 13:42:28.354  3295  3295 W INeedInit3: type=1400 audit(0.0:15): avc: granted { execute } for path="/data/data/com.facebook.katana/lib-superpack-xz/libbreakpad.so" dev="sda35" ino=7212557 scontext=u:r:untrusted_app:s0:c134,c256,c512,c768 tcontext=u:object_r:app_data_file:s0:c134,c256,c512,c768 tclass=file
05-07 13:42:28.367  3295  3295 W INeedInit3: type=1400 audit(0.0:16): avc: granted { execute } for path="/data/data/com.facebook.katana/lib-superpack-xz/libdexload.so" dev="sda35" ino=7209059 scontext=u:r:untrusted_app:s0:c134,c256,c512,c768 tcontext=u:object_r:app_data_file:s0:c134,c256,c512,c768 tclass=file
05-07 13:42:28.399   906   932 D AccountManagerService: Visibility was not initialized
05-07 13:42:28.402  3163  3297 W dalvik-internals: sigaction64 succeeded
05-07 13:42:28.404   906   932 I AccountManagerService: the accounts changed, sending broadcast of android.accounts.LOGIN_ACCOUNTS_CHANGED
05-07 13:42:28.406  3163  3295 W DependencyManager|Runner:   Finished LoadLibDexLoad in 349ms
05-07 13:42:28.417  2566  2646 I ContactsProvider: Accounts changed
05-07 13:42:28.419  2566  2648 I ContactsProvider: Accounts changed
05-07 13:42:28.426  3163  3297 I facebook.katan: Waiting for a blocking GC Debugger
05-07 13:42:28.431  3163  3294 W DependencyManager|Runner: Running DisableRuntimeVerification
05-07 13:42:28.432  3163  3296 W DependencyManager|Runner: Running InitDitto
05-07 13:42:28.433  3163  3294 W DependencyManager|Runner:   Finished DisableRuntimeVerification in 2ms
05-07 13:42:28.433  3163  3294 W DependencyManager|Runner: Running InitClassTracing
05-07 13:42:28.435  3163  3294 W DependencyManager|Runner:   Finished InitClassTracing in 2ms
05-07 13:42:28.437  3163  3294 W DependencyManager|Runner: Running InitDeadCodeDetection
05-07 13:42:28.437  3163  3294 W DependencyManager|Runner:   Finished InitDeadCodeDetection in 0ms
05-07 13:42:28.437  3163  3294 W DependencyManager|Runner: Running InitMemoryTracer
05-07 13:42:28.438  3163  3294 W DependencyManager|Runner:   Finished InitMemoryTracer in 0ms
05-07 13:42:28.439  3163  3295 W DependencyManager|Runner: Running InitLacrimaEarlyNative
05-07 13:42:28.439  3163  3294 W DependencyManager|Runner: Running InitTerminateHandler
05-07 13:42:28.458   906   932 I AccountManagerService: the accounts changed, sending broadcast of android.accounts.LOGIN_ACCOUNTS_CHANGED
05-07 13:42:28.464  3100  3198 I AS.IjkPlayer: 13:42:28.464[245] init IjkModule
05-07 13:42:28.471  3100  3198 D ProxyManager: start to load cacheProxy
05-07 13:42:28.473  2566  2646 I ContactsProvider: Accounts changed
05-07 13:42:28.477  3252  3252 W BuglyThread-3: type=1400 audit(0.0:17): avc: denied { search } for name="power_supply" dev="sysfs" ino=43640 scontext=u:r:untrusted_app_27:s0:c133,c256,c512,c768 tcontext=u:object_r:sysfs_batteryinfo:s0 tclass=dir permissive=0
05-07 13:42:28.477  3252  3252 W BuglyThread-3: type=1400 audit(0.0:18): avc: denied { search } for name="power_supply" dev="sysfs" ino=43779 scontext=u:r:untrusted_app_27:s0:c133,c256,c512,c768 tcontext=u:object_r:sysfs_batteryinfo:s0 tclass=dir permissive=0
05-07 13:42:28.490  3298  3298 W INeedInit6: type=1400 audit(0.0:19): avc: granted { execute } for path="/data/data/com.facebook.katana/lib-superpack-xz/libxplat_third-party_jsoncpp_jsoncppAndroid.so" dev="sda35" ino=7212650 scontext=u:r:untrusted_app:s0:c134,c256,c512,c768 tcontext=u:object_r:app_data_file:s0:c134,c256,c512,c768 tclass=file
05-07 13:42:28.520  3295  3295 W INeedInit3: type=1400 audit(0.0:20): avc: granted { execute } for path="/data/data/com.facebook.katana/lib-superpack-xz/libappstatelogger2.so" dev="sda35" ino=7212651 scontext=u:r:untrusted_app:s0:c134,c256,c512,c768 tcontext=u:object_r:app_data_file:s0:c134,c256,c512,c768 tclass=file
05-07 13:42:28.523  3163  3294 W DependencyManager|Runner:   Finished InitTerminateHandler in 84ms
05-07 13:42:28.523  3163  3294 W DependencyManager|Runner: Running LoadVoltronModules
05-07 13:42:28.532  3100  3198 V ProxyManager: ProxyManager()...... 
05-07 13:42:28.550  2331  3263 W earchbox:searc: Verification of void le.b(ao) took 197.483ms
05-07 13:42:28.552  3163  3295 V appstatelogger2: Registered App State Logger stream with Breakpad
05-07 13:42:28.552  3163  3295 E appstatelogger2: Can't run on P or newer
05-07 13:42:28.604  3163  3295 W lacrima : Start AnrAppDeathDetector... X.0cB
05-07 13:42:28.605  3163  3295 W lacrima : No anr report file found
05-07 13:42:28.605  3163  3295 W DependencyManager|Runner:   Finished InitLacrimaEarlyNative in 166ms
05-07 13:42:28.605  3163  3295 W DependencyManager|Runner: Running PreConnect
05-07 13:42:28.605  3163  3295 W DependencyManager|Runner:   Finished PreConnect in 1ms
05-07 13:42:28.613  2752  2827 I android.vendin: WaitForGcToComplete blocked ProfileSaver on AddRemoveAppImageSpace for 1.724s
05-07 13:42:28.618   906  2150 I chatty  : uid=1000 system_server identical 9999 lines
05-07 13:42:28.618   906  2150 I BackupManagerService: Found stale backup journal, scheduling
05-07 13:42:28.624   629   629 D Zygote  : Forked child process 3320
05-07 13:42:28.625   906   967 I ActivityManager: Start proc 3320:com.google.android.contacts/u0a105 for content provider {com.google.android.contacts/com.google.android.apps.contacts.othercontacts.OtherContactsProvider}
05-07 13:42:28.635   906  2150 I BackupManagerService: Found stale backup journal, scheduling
05-07 13:42:28.637  3320  3320 E ndroid.contact: Not starting debugger since process cannot load the jdwp agent.
05-07 13:42:28.666  3005  3080 W id.apps.tachyo: Verification of java.util.ListIterator da.listIterator() took 356.621ms
05-07 13:42:28.688  3100  3198 D ProxyManager: enter init
05-07 13:42:28.739  3163  3297 I facebook.katan: WaitForGcToComplete blocked Debugger on AddRemoveAppImageSpace for 313.157ms
05-07 13:42:28.741  3163  3297 W dalvik-internals: ignoring failure to find _ZN3art12FaultManager35EnsureArtActionInFrontOfSignalChainEv: could not hook _ZN3art12FaultManager35EnsureArtActionInFrontOfSignalChainEv
05-07 13:42:28.742  3163  3297 V dalvik-internals: hooked signal using trap ()
05-07 13:42:28.742  3163  3297 V dalvik-internals: hooked sigaction using trap ()
05-07 13:42:28.746  3163  3294 W DependencyManager|Runner:   Finished LoadVoltronModules in 223ms
05-07 13:42:28.746  3163  3297 I dalvik-internals: integrateWithCrashLog crashlog: /data/user/0/com.facebook.katana/crash_log, insta_crashlog: /data/user/0/com.facebook.katana/insta_crash_log
05-07 13:42:28.746  3163  3297 I dalvik-internals: installed sigmux crash handler for crash log
05-07 13:42:28.746  3163  3297 W DependencyManager|Runner:   Finished InitCrashLoopMitigation in 666ms
05-07 13:42:28.748  3163  3178 W System  : A resource failed to call close. 
05-07 13:42:28.748  3163  3178 I chatty  : uid=10134(com.facebook.katana) identical 1 line
05-07 13:42:28.748  3163  3178 W System  : A resource failed to call close. 
05-07 13:42:28.764  3320  3320 I ndroid.contact: The ClassLoaderContext is a special shared library.
05-07 13:42:28.767  2492  2492 V ClearcutMetricXmitter: Transmission is done.
05-07 13:42:28.768  3163  3296 W DependencyManager|Runner:   Finished InitDitto in 335ms
05-07 13:42:28.768  3163  3295 W DependencyManager|Runner: Running NeedsDexUnpackingDetector
05-07 13:42:28.774  3163  3294 W DependencyManager|Runner: Running InitDittoBreakpadIntegration
05-07 13:42:28.774  3163  3294 W DependencyManager|Runner:   Finished InitDittoBreakpadIntegration in 0ms
05-07 13:42:28.777  3163  3295 W DependencyManager|Runner:   Finished NeedsDexUnpackingDetector in 8ms
05-07 13:42:28.777  3163  3297 W DependencyManager|Runner: Running LoadDexes
05-07 13:42:28.780  3163  3297 W DexLibLoader: disabling background optimization
05-07 13:42:28.810  3100  3169 I vo.anyshare.gp: WaitForGcToComplete blocked ClassLinker on ClassLinker for 1.104s
05-07 13:42:28.811  3100  3153 I vo.anyshare.gp: WaitForGcToComplete blocked ClassLinker on ClassLinker for 991.271ms
05-07 13:42:28.811  3100  3100 I vo.anyshare.gp: Waiting for a blocking GC ClassLinker
05-07 13:42:28.819   629   629 D Zygote  : Forked child process 3347
05-07 13:42:28.821   906  2150 I chatty  : uid=1000 system_server identical 921 lines
05-07 13:42:28.821  3100  3100 I vo.anyshare.gp: WaitForGcToComplete blocked ClassLinker on ClassLinker for 683.121ms
05-07 13:42:28.821   906  2150 I BackupManagerService: Found stale backup journal, scheduling
05-07 13:42:28.821   906   967 I ActivityManager: Start proc 3347:com.google.android.apps.photos/u0a82 for broadcast {com.google.android.apps.photos/com.google.android.apps.photos.sdcard.envcache.ExternalStorageStateChangeBroadcastReceiver}
05-07 13:42:28.821   906  2150 I BackupManagerService: Found stale backup journal, scheduling
05-07 13:42:28.835  3347  3347 E oid.apps.photo: Not starting debugger since process cannot load the jdwp agent.
05-07 13:42:28.848   906  2165 W DevicePolicyManager: Package com.lenovo.anyshare.gps (uid=10133, pid=3100) cannot access Device IDs
05-07 13:42:28.849  1791  2562 W TelephonyPermissions: reportAccessDeniedToReadIdentifiers:com.lenovo.anyshare.gps:getImeiForSlot:isPreinstalled=false:isPrivApp=false
05-07 13:42:28.874  3005  3080 W id.apps.tachyo: Verification of void co.a(int, int, int) took 206.719ms
05-07 13:42:28.900  3201  3346 I MediaProvider: Begin Intent { act=android.intent.action.MEDIA_MOUNTED dat=file:///storage/emulated/0 flg=0x5000010 cmp=com.android.providers.media/.MediaService (has extras) }
05-07 13:42:28.907  3005  3138 W id.apps.tachyo: Verification of java.lang.Object gc.a() took 748.306ms
05-07 13:42:28.978   906  2150 I chatty  : uid=1000 system_server identical 780 lines
05-07 13:42:28.979   906  2150 I BackupManagerService: Found stale backup journal, scheduling
05-07 13:42:28.979  3100  3169 D FBAudienceNetwork: SDK dex loading time: 2743
05-07 13:42:28.980   906  1319 I DropBoxManagerService: add tag=network_watchlist_report isTagEnabled=true flags=0x0
05-07 13:42:28.982   906  2150 I BackupManagerService: Found stale backup journal, scheduling
05-07 13:42:28.991  3100  3198 D com.ushareit.siplayer.player.ijk.e: init: start
05-07 13:42:28.991   906  2150 I chatty  : uid=1000 system_server identical 98 lines
05-07 13:42:28.991  3100  3198 D com.ushareit.siplayer.player.ijk.e: registListener: 
05-07 13:42:28.991   906  2150 I BackupManagerService: Found stale backup journal, scheduling
05-07 13:42:28.994   906  1319 I WatchlistLoggingHandler: Milliseconds spent on tryAggregateRecords(): 26355
05-07 13:42:28.995   906  2150 I BackupManagerService: Found stale backup journal, scheduling
05-07 13:42:29.047  2964  2989 I id.carriersetu: Waiting for a blocking GC ProfileSaver
05-07 13:42:29.057  3347  3347 I oid.apps.photo: The ClassLoaderContext is a special shared library.
05-07 13:42:29.067  2964  2989 I id.carriersetu: WaitForGcToComplete blocked ProfileSaver on AddRemoveAppImageSpace for 20.652ms
05-07 13:42:29.085   906  2150 I chatty  : uid=1000 system_server identical 262 lines
05-07 13:42:29.085   906  2150 I BackupManagerService: Found stale backup journal, scheduling
05-07 13:42:29.134   621  1508 I netd    : firewallSetUidRule(2, 10133, 1) <3.45ms>
05-07 13:42:29.267  3005  3138 W id.apps.tachyo: Verification of java.lang.Object gy.a() took 100.051ms
05-07 13:42:29.284  3163  3297 W DexLibLoader: Comparing new 1617120871442 to old 1617120871442
05-07 13:42:29.289  2331  3263 W earchbox:searc: Verification of void hq.<clinit>() took 473.280ms
05-07 13:42:29.292  3163  3297 W DependencyManager|Runner:   Finished LoadDexes in 515ms
05-07 13:42:29.292  3163  3294 W DependencyManager|Runner: Running CreateApplicationImpl
05-07 13:42:29.293  3163  3295 W DependencyManager|Runner: Running AddMainDexStoreInfoToReliabilityLogging
05-07 13:42:29.294  3163  3295 W DependencyManager|Runner:   Finished AddMainDexStoreInfoToReliabilityLogging in 1ms
05-07 13:42:29.294  3163  3296 W DependencyManager|Runner: Running BuildIdWriter
05-07 13:42:29.294  3163  3296 W DependencyManager|Runner:   Finished BuildIdWriter in 1ms
05-07 13:42:29.294  3163  3295 W DependencyManager|Runner: Running ConfigureJitAfterDexesLoad
05-07 13:42:29.297  3163  3294 W DependencyManager|Runner:   Finished CreateApplicationImpl in 5ms
05-07 13:42:29.315  3163  3295 W DependencyManager|Runner:   Finished ConfigureJitAfterDexesLoad in 21ms
05-07 13:42:29.321  3163  3298 W DependencyManager|Runner:   Finished LoadLibColdStart in 1224ms
05-07 13:42:29.328  3163  3297 W DependencyManager|Runner: Running FixAndroidBugs
05-07 13:42:29.329  3163  3296 W DependencyManager|Runner: Running FreeApkZipToReduceMemoryUsage
05-07 13:42:29.329  3163  3296 W DependencyManager|Runner:   Finished FreeApkZipToReduceMemoryUsage in 0ms
05-07 13:42:29.329  3163  3296 W DependencyManager|Runner: Running InitLacrimaLaterInit
05-07 13:42:29.329  3163  3296 W lacrima : FbErrorReportingConfig.laterInit
05-07 13:42:29.332  3163  3294 W DependencyManager|Runner: Running MprotectCode
05-07 13:42:29.333  3163  3298 W DependencyManager|Runner: Running InitAcraNative
05-07 13:42:29.334  3163  3294 W DependencyManager|Runner:   Finished MprotectCode in 2ms
05-07 13:42:29.334  3163  3294 W DependencyManager|Runner: Running InitAppStateLoggerNative
05-07 13:42:29.334  3163  3294 W DependencyManager|Runner:   Finished InitAppStateLoggerNative in 0ms
05-07 13:42:29.335  3163  3294 W DependencyManager|Runner: Running InitJit
05-07 13:42:29.335  3163  3294 W DependencyManager|Runner:   Finished InitJit in 0ms
05-07 13:42:29.335  3163  3294 W DependencyManager|Runner: Running InitLyra
05-07 13:42:29.337  3163  3295 W DependencyManager|Runner: Running MlockCode
05-07 13:42:29.340  3163  3298 W DependencyManager|Runner:   Finished InitAcraNative in 0ms
05-07 13:42:29.347  3163  3297 W DependencyManager|Runner:   Finished FixAndroidBugs in 3ms
05-07 13:42:29.352  3163  3289 W ComponentDiscovery: Class com.google.firebase.dynamicloading.DynamicLoadingRegistrar is not an found.
05-07 13:42:29.353  3163  3294 W DependencyManager|Runner:   Finished InitLyra in 18ms
05-07 13:42:29.356  3163  3295 W DependencyManager|Runner:   Finished MlockCode in 18ms
05-07 13:42:29.394  3296  3296 W INeedInit4: type=1400 audit(0.0:31): avc: granted { execute } for path="/data/data/com.facebook.katana/lib-superpack-xz/libreliabilitymerged.so" dev="sda35" ino=7209659 scontext=u:r:untrusted_app:s0:c134,c256,c512,c768 tcontext=u:object_r:app_data_file:s0:c134,c256,c512,c768 tclass=file
05-07 13:42:29.521  3163  3296 W lacrima : Abort hooks installed successfully
05-07 13:42:29.530  3400  3400 W SetupBugFix: type=1400 audit(0.0:32): avc: granted { execute } for path="/data/data/com.facebook.katana/lib-superpack-xz/libaospbugfixmerged.so" dev="sda35" ino=7209145 scontext=u:r:untrusted_app:s0:c134,c256,c512,c768 tcontext=u:object_r:app_data_file:s0:c134,c256,c512,c768 tclass=file
05-07 13:42:29.582  3163  3298 W DependencyManager|Runner: Running FbSharedPreferenceInitializer
05-07 13:42:29.585  3163  3297 W DependencyManager|Runner: Running GatekeeperStoreInitializer
05-07 13:42:29.590  3163  3294 W DependencyManager|Runner: Running MobileConfigSessionlessInit
05-07 13:42:29.592  3163  3297 W DependencyManager|Runner:   Finished GatekeeperStoreInitializer in 7ms
05-07 13:42:29.598  3163  3400 V AospBugFixOpts: set AOSP bug fix jboolean EnableAospBugFixes: bugFixOpt -> enable = 0. Given 0
05-07 13:42:29.603  3163  3295 W DependencyManager|Runner: Running MobileConfigInit
05-07 13:42:29.604  3163  3297 W DependencyManager|Runner: Running StartupQPLInit
05-07 13:42:29.627  3100  3153 W vo.anyshare.gp: Verification of void com.google.android.gms.ads.internal.util.client.d.<clinit>() took 116.758ms
05-07 13:42:29.660   621  3403 E ResolverController: No valid NAT64 prefix (100, <unspecified>/0)
05-07 13:42:29.816   629   629 D Zygote  : Forked child process 3412
05-07 13:42:29.821   906   967 I ActivityManager: Start proc 3412:com.google.android.gm/u0a72 for content provider {com.google.android.gm/com.android.exchange.provider.ExchangeDirectoryProvider}
05-07 13:42:29.834  3412  3412 E ogle.android.g: Not starting debugger since process cannot load the jdwp agent.
05-07 13:42:29.872  3163  3294 W DependencyManager|Runner:   Finished MobileConfigSessionlessInit in 282ms
05-07 13:42:29.872  3163  3294 W DependencyManager|Runner: Running EagerInitTigonLibs
05-07 13:42:29.872  3163  3294 W DependencyManager|Runner:   Finished EagerInitTigonLibs in 0ms
05-07 13:42:29.872  3163  3294 W DependencyManager|Runner: Running EagerInitTigonInterceptors
05-07 13:42:29.872  3163  3294 W DependencyManager|Runner:   Finished EagerInitTigonInterceptors in 1ms
05-07 13:42:29.872  3163  3294 W DependencyManager|Runner: Running EagerTigonLigerXPlatService
05-07 13:42:29.872  3163  3294 W DependencyManager|Runner:   Finished EagerTigonLigerXPlatService in 0ms
05-07 13:42:29.873  3163  3294 W DependencyManager|Runner: Running StaticGraphServiceFactoryInitializerFastPath
05-07 13:42:29.873  3163  3294 W DependencyManager|Runner:   Finished StaticGraphServiceFactoryInitializerFastPath in 0ms
05-07 13:42:29.873  3163  3294 W DependencyManager|Runner: Running MaybeTraceColdStart
05-07 13:42:29.909  3320  3320 W ndroid.contact: Verification of java.lang.Object chr.a() took 109.464ms
05-07 13:42:29.916  3005  3138 W id.apps.tachyo: Verification of void oh.<clinit>() took 139.778ms
05-07 13:42:29.922  3163  3294 W DependencyManager|Runner:   Finished MaybeTraceColdStart in 50ms
05-07 13:42:29.923  3163  3294 W DependencyManager|Runner: Running RunPerfMarkers
05-07 13:42:29.923  3027  3050 I ownload_servic: Waiting for a blocking GC ProfileSaver
05-07 13:42:29.938  3347  3347 W oid.apps.photo: JIT profile information will not be recorded: profile file does not exits.
05-07 13:42:29.938  3347  3347 W oid.apps.photo: JIT profile information will not be recorded: profile file does not exits.
05-07 13:42:29.969  2603  2691 I BugleRcsEngine: [156] aiwe.e: Cannot get service version because CS.apk was not found, not pre-loaded or disabled.
05-07 13:42:29.998  3163  3182 E MobileConfigFactoryImpl: Unable to enable contextV2 due to null buffer - unitType: null, handleHolder is null: true
05-07 13:42:30.004  3163  3295 W DependencyManager|Runner:   Finished MobileConfigInit in 401ms
05-07 13:42:30.004  3163  3295 W DependencyManager|Runner: Running NetworkEagerInit
05-07 13:42:30.006  3163  3295 W DependencyManager|Runner:   Finished NetworkEagerInit in 1ms
05-07 13:42:30.006  3163  3295 W DependencyManager|Runner: Running GraphServiceEagerInit
05-07 13:42:30.006  3163  3295 W DependencyManager|Runner:   Finished GraphServiceEagerInit in 0ms
05-07 13:42:30.007  3163  3295 W DependencyManager|Runner: Running AddProcessNameToErrorReport
05-07 13:42:30.007  3163  3295 W DependencyManager|Runner:   Finished AddProcessNameToErrorReport in 0ms
05-07 13:42:30.007  3163  3295 W DependencyManager|Runner: Running AppDataBridge
05-07 13:42:30.015  3005  3048 I id.apps.tachyo: Waiting for a blocking GC ProfileSaver
05-07 13:42:30.020  3163  3294 W DependencyManager|Runner:   Finished RunPerfMarkers in 98ms
05-07 13:42:30.021  3163  3294 W DependencyManager|Runner: Running AsyncStartLooperMonitor
05-07 13:42:30.029  3163  3294 W DependencyManager|Runner:   Finished AsyncStartLooperMonitor in 7ms
05-07 13:42:30.029  3163  3294 W DependencyManager|Runner: Running BlackBoxOnInitTrigger
05-07 13:42:30.029  3163  3294 W DependencyManager|Runner:   Finished BlackBoxOnInitTrigger in 0ms
05-07 13:42:30.029  3163  3294 W DependencyManager|Runner: Running ConfigureComponentsIfIsRunningEndToEndTest
05-07 13:42:30.029  3163  3294 W DependencyManager|Runner:   Finished ConfigureComponentsIfIsRunningEndToEndTest in 0ms
05-07 13:42:30.029  3163  3294 W DependencyManager|Runner: Running DalvikInternalsOnColdStartEnd
05-07 13:42:30.029  3163  3294 W DependencyManager|Runner:   Finished DalvikInternalsOnColdStartEnd in 0ms
05-07 13:42:30.029  3163  3294 W DependencyManager|Runner: Running DismissSplashScreens
05-07 13:42:30.029  3163  3294 W DependencyManager|Runner:   Finished DismissSplashScreens in 0ms
05-07 13:42:30.029  3163  3294 W DependencyManager|Runner: Running DownloadedFbResources
05-07 13:42:30.052  3412  3412 I ogle.android.g: The ClassLoaderContext is a special shared library.
05-07 13:42:30.061  3163  3297 W EndToEndAnalyticsEventListener: WRITE_ANALYTICS_TO_LOGCAT = null, EndToEnd.isRunningEndToEndTest() = false
05-07 13:42:30.073  3163  3295 W AppStateLoggerCore: Application needs to be registered before setting app state manager bridge
05-07 13:42:30.073  3163  3295 W DependencyManager|Runner:   Finished AppDataBridge in 67ms
05-07 13:42:30.074  3163  3295 W DependencyManager|Runner: Running EarliestPossibleColdStartClassPreloadStarter
05-07 13:42:30.076  3163  3295 W DependencyManager|Runner:   Finished EarliestPossibleColdStartClassPreloadStarter in 3ms
05-07 13:42:30.077  3163  3295 W DependencyManager|Runner: Running HandleAppComponentsForPreTosBuild
05-07 13:42:30.080  3163  3295 W DependencyManager|Runner:   Finished HandleAppComponentsForPreTosBuild in 3ms
05-07 13:42:30.080  3163  3295 W DependencyManager|Runner: Running INeedInitForBroadcastReceiverRegister
05-07 13:42:30.088  2603  2691 W BugleRcsEngine: [156] aiwe.e: Service with meta data key: JibeServiceApiVersions is not compatible. Service Version 1 is not supported. Supported versions: []
05-07 13:42:30.111  2603  2691 I BugleRcsEngine: [156] aiwe.c: Not using CS JibeService because it is not compatible with AM.
05-07 13:42:30.115  3163  3297 W QuickPerformanceLoggerModule: Providing QPL...
05-07 13:42:30.118  3163  3298 W DependencyManager|Runner:   Finished FbSharedPreferenceInitializer in 537ms
05-07 13:42:30.119  3163  3298 W DependencyManager|Runner: Running StringResourcesDelegate
05-07 13:42:30.134  3163  3294 D CACHE_HINTS: Entering madvise file
05-07 13:42:30.137  3163  3295 W DependencyManager|Runner:   Finished INeedInitForBroadcastReceiverRegister in 57ms
05-07 13:42:30.138  3163  3295 W DependencyManager|Runner: Running ClientCacheEdgeManagerInitializer
05-07 13:42:30.140  3163  3294 D CACHE_HINTS: MADVISE_RAND file 0x7cc2a32000 4739071 /data/data/com.facebook.katana/app_restricks/layouts.bin
05-07 13:42:30.141  3163  3298 W FrscLanguagePackLoader: Loading FRSC strings for locale (en)
05-07 13:42:30.143  3163  3298 W DependencyManager|Runner:   Finished StringResourcesDelegate in 25ms
05-07 13:42:30.144  3163  3298 W DependencyManager|Runner: Running WaitForUIDependenciesInitializer
05-07 13:42:30.146  2331  3263 W earchbox:searc: Verification of void fa.<init>() took 308.868ms
05-07 13:42:30.154  3163  3295 W DependencyManager|Runner:   Finished ClientCacheEdgeManagerInitializer in 16ms
05-07 13:42:30.154  3163  3295 W DependencyManager|Runner: Running ComposerSavedSessionStoreInitializer
05-07 13:42:30.157  3163  3295 W DependencyManager|Runner:   Finished ComposerSavedSessionStoreInitializer in 2ms
05-07 13:42:30.157  3163  3295 W DependencyManager|Runner: Running ErrorReporterSecondaryInit
05-07 13:42:30.157  3163  3295 W DependencyManager|Runner:   Finished ErrorReporterSecondaryInit in 0ms
05-07 13:42:30.157  3163  3295 W DependencyManager|Runner: Running FacebookEmojiTypefaceProviderImpl
05-07 13:42:30.157  3163  3295 W DependencyManager|Runner:   Finished FacebookEmojiTypefaceProviderImpl in 1ms
05-07 13:42:30.157  3163  3295 W DependencyManager|Runner: Running Fb4aReactEagerInitHotMCUnpacker
05-07 13:42:30.158  3163  3295 W DependencyManager|Runner:   Finished Fb4aReactEagerInitHotMCUnpacker in 0ms
05-07 13:42:30.158  3163  3295 W DependencyManager|Runner: Running Fb4aUIQREnvironment
05-07 13:42:30.158  3163  3295 W DependencyManager|Runner:   Finished Fb4aUIQREnvironment in 0ms
05-07 13:42:30.158  3163  3295 W DependencyManager|Runner: Running INeedInitForEventBusRegister
05-07 13:42:30.158  3163  3295 W DependencyManager|Runner:   Finished INeedInitForEventBusRegister in 0ms
05-07 13:42:30.158  3163  3295 W DependencyManager|Runner: Running INeedInitForGatekeepersListenerRegister
05-07 13:42:30.158  3163  3295 W DependencyManager|Runner:   Finished INeedInitForGatekeepersListenerRegister in 0ms
05-07 13:42:30.158  3163  3295 W DependencyManager|Runner: Running INeedInitForSharedPrefsListenerRegister
05-07 13:42:30.159  3163  3295 W DependencyManager|Runner:   Finished INeedInitForSharedPrefsListenerRegister in 0ms
05-07 13:42:30.159  3163  3295 W DependencyManager|Runner: Running InitAcraBLogBridge
05-07 13:42:30.159  3163  3295 W DependencyManager|Runner:   Finished InitAcraBLogBridge in 0ms
05-07 13:42:30.159  3163  3295 W DependencyManager|Runner: Running InitAppChoreographer
05-07 13:42:30.159  3163  3295 W DependencyManager|Runner:   Finished InitAppChoreographer in 1ms
05-07 13:42:30.159  3163  3295 W DependencyManager|Runner: Running InitAppModuleFallbackLoader
05-07 13:42:30.159  3163  3295 W DependencyManager|Runner:   Finished InitAppModuleFallbackLoader in 0ms
05-07 13:42:30.159  3163  3295 W DependencyManager|Runner: Running InitFury
05-07 13:42:30.161  3163  3298 W DependencyManager|Runner:   Finished WaitForUIDependenciesInitializer in 17ms
05-07 13:42:30.161  3163  3298 W DependencyManager|Runner: Running InitGrimsey
05-07 13:42:30.161  3163  3298 W DependencyManager|Runner:   Finished InitGrimsey in 0ms
05-07 13:42:30.161  3163  3298 W DependencyManager|Runner: Running InitHelium
05-07 13:42:30.161  3163  3298 W DependencyManager|Runner:   Finished InitHelium in 1ms
05-07 13:42:30.161  3163  3298 W DependencyManager|Runner: Running InitLogging
05-07 13:42:30.161  3163  3298 W fb4a.DependencyManager|Runner:   Finished InitLogging in 0ms
05-07 13:42:30.162  3163  3298 W fb4a.DependencyManager|Runner: Running InitMallocHooks
05-07 13:42:30.162  3163  3298 W fb4a.DependencyManager|Runner:   Finished InitMallocHooks in 0ms
05-07 13:42:30.162  3163  3298 W fb4a.DependencyManager|Runner: Running InitMemoryDumpHandler
05-07 13:42:30.162  3163  3298 W fb4a.DependencyManager|Runner:   Finished InitMemoryDumpHandler in 0ms
05-07 13:42:30.167  3163  3298 W fb4a.DependencyManager|Runner: Running InitSurfaces
05-07 13:42:30.171  3163  3294 W fb4a.DependencyManager|Runner:   Finished DownloadedFbResources in 141ms
05-07 13:42:30.171  3163  3294 W fb4a.DependencyManager|Runner: Running LanguageSwitcher
05-07 13:42:30.175  3163  3294 W fb4a.DependencyManager|Runner:   Finished LanguageSwitcher in 4ms
05-07 13:42:30.175  3163  3294 W fb4a.DependencyManager|Runner: Running LazyCustomErrorDataInitializer
05-07 13:42:30.176  3163  3294 W fb4a.DependencyManager|Runner:   Finished LazyCustomErrorDataInitializer in 0ms
05-07 13:42:30.176  3163  3294 W fb4a.DependencyManager|Runner: Running LocationRequestDetector
05-07 13:42:30.176  3163  3294 W fb4a.DependencyManager|Runner:   Finished LocationRequestDetector in 0ms
05-07 13:42:30.176  3163  3294 W fb4a.DependencyManager|Runner: Running LogController
05-07 13:42:30.183  3163  3294 W fb4a.DependencyManager|Runner:   Finished LogController in 7ms
05-07 13:42:30.183  3163  3294 W fb4a.DependencyManager|Runner: Running NotifyAppStateManagerOnCreateComplete
05-07 13:42:30.184  3163  3294 W fb4a.DependencyManager|Runner:   Finished NotifyAppStateManagerOnCreateComplete in 1ms
05-07 13:42:30.185  3163  3294 W fb4a.DependencyManager|Runner: Running PendingStoryStoreInitializer
05-07 13:42:30.185  3163  3294 W fb4a.DependencyManager|Runner:   Finished PendingStoryStoreInitializer in 0ms
05-07 13:42:30.185  3163  3294 W fb4a.DependencyManager|Runner: Running RegisterFrameRateTraceListener
05-07 13:42:30.185  3163  3294 W fb4a.DependencyManager|Runner:   Finished RegisterFrameRateTraceListener in 0ms
05-07 13:42:30.185  3163  3294 W fb4a.DependencyManager|Runner: Running RegisterMainLooperTracer
05-07 13:42:30.185  3163  3294 W fb4a.DependencyManager|Runner:   Finished RegisterMainLooperTracer in 0ms
05-07 13:42:30.185  3163  3294 W fb4a.DependencyManager|Runner: Running ReleaseDeferredBroadcastReceiver
05-07 13:42:30.185  3163  3294 W fb4a.DependencyManager|Runner:   Finished ReleaseDeferredBroadcastReceiver in 0ms
05-07 13:42:30.185  3163  3294 W fb4a.DependencyManager|Runner: Running ReplaceDalvikBuffer
05-07 13:42:30.185  3163  3294 W fb4a.DependencyManager|Runner:   Finished ReplaceDalvikBuffer in 0ms
05-07 13:42:30.185  3163  3294 W fb4a.DependencyManager|Runner: Running SetupDynaBuilds
05-07 13:42:30.185  3163  3294 W fb4a.DependencyManager|Runner:   Finished SetupDynaBuilds in 1ms
05-07 13:42:30.185  3163  3294 W fb4a.DependencyManager|Runner: Running SetupSmartGc
05-07 13:42:30.185  3163  3294 W fb4a.DependencyManager|Runner:   Finished SetupSmartGc in 0ms
05-07 13:42:30.185  3163  3294 W fb4a.DependencyManager|Runner: Running SetupYogaInstrumentation
05-07 13:42:30.187  3163  3182 W fb4a.FrscLanguagePackLoader: Blocked on loader thread
05-07 13:42:30.190  3163  3294 W facebook.katan: !bang JNI is deprecated. Switch to @FastNative for void com.facebook.yoga.YogaSetup.jni_enableFacebookInstrumentation()
05-07 13:42:30.190  3163  3294 W facebook.katan: !bang JNI is deprecated. Switch to @FastNative for void com.facebook.yoga.YogaSetup.jni_resetCounters()
05-07 13:42:30.190  3163  3294 W fb4a.DependencyManager|Runner:   Finished SetupYogaInstrumentation in 5ms
05-07 13:42:30.190  3163  3294 W fb4a.DependencyManager|Runner: Running StatefulPeerManagerImpl
05-07 13:42:30.193  3163  3294 W fb4a.DependencyManager|Runner:   Finished StatefulPeerManagerImpl in 2ms
05-07 13:42:30.193  3163  3294 W fb4a.DependencyManager|Runner: Running StaticGraphServiceFactoryInitializer
05-07 13:42:30.200  3163  3298 W fb4a.DependencyManager|Runner:   Finished InitSurfaces in 33ms
05-07 13:42:30.200  3163  3295 W fb4a.DependencyManager|Runner:   Finished InitFury in 41ms
05-07 13:42:30.201  3163  3298 W fb4a.DependencyManager|Runner: Running TraceCurrentThreadMetadata
05-07 13:42:30.201  3163  3298 W fb4a.DependencyManager|Runner:   Finished TraceCurrentThreadMetadata in 0ms
05-07 13:42:30.201  3163  3298 W fb4a.DependencyManager|Runner: Running TransientNetworkTraceEarlyInit
05-07 13:42:30.201  3163  3298 W fb4a.DependencyManager|Runner:   Finished TransientNetworkTraceEarlyInit in 0ms
05-07 13:42:30.201  3163  3298 W fb4a.DependencyManager|Runner: Running VpvHelperInitializer
05-07 13:42:30.201  3163  3298 W fb4a.DependencyManager|Runner:   Finished VpvHelperInitializer in 0ms
05-07 13:42:30.201  3163  3298 W fb4a.DependencyManager|Runner: Running WhitehatOverlayInitializer
05-07 13:42:30.201  3163  3298 W fb4a.DependencyManager|Runner:   Finished WhitehatOverlayInitializer in 0ms
05-07 13:42:30.201  3163  3298 W fb4a.DependencyManager|Runner: Running ZeroLibraryInitializer
05-07 13:42:30.204  3163  3295 W fb4a.DependencyManager|Runner: Running SoftReportAnyAppSetupDetectorExceptions
05-07 13:42:30.204  3163  3295 W fb4a.DependencyManager|Runner:   Finished SoftReportAnyAppSetupDetectorExceptions in 0ms
05-07 13:42:30.205   906  3241 D ConnectivityService: Returning BLOCKED NetworkInfo to uid=10134
05-07 13:42:30.207  3163  3298 W fb4a.MobileConfigFactoryImpl: null factory used for SESSIONLESS param
05-07 13:42:30.208  3163  3298 W fb4a.DependencyManager|Runner:   Finished ZeroLibraryInitializer in 6ms
05-07 13:42:30.218  3100  3100 I cr_LibraryLoader: Loaded native library version number "89.0.4389.105"
05-07 13:42:30.230  3100  3100 I cr_CachingUmaRecorder: Flushed 4 samples from 4 histograms.
05-07 13:42:30.239  3163  3297 W fb4a.QuickPerformanceLoggerModule: Provided QPL: 193649152
05-07 13:42:30.242  3163  3297 W fb4a.DependencyManager|Runner:   Finished StartupQPLInit in 637ms
05-07 13:42:30.242  3163  3295 W fb4a.DependencyManager|Runner: Running CombinedLoggingInit
05-07 13:42:30.242  3163  3295 W fb4a.DependencyManager|Runner:   Finished CombinedLoggingInit in 0ms
05-07 13:42:30.242  3163  3298 W fb4a.DependencyManager|Runner: Running FunctionalReliabilityRingBufferInitializer
05-07 13:42:30.242  3163  3298 W fb4a.DependencyManager|Runner:   Finished FunctionalReliabilityRingBufferInitializer in 1ms
05-07 13:42:30.242  3163  3295 W fb4a.DependencyManager|Runner: Running ProfiloBridgeFactoryImpl
05-07 13:42:30.243  3163  3294 W fb4a.DependencyManager|Runner:   Finished StaticGraphServiceFactoryInitializer in 50ms
05-07 13:42:30.244  3163  3298 W fb4a.DependencyManager|Runner: Running ReliabilityUserPerceptibleScopeToQPL
05-07 13:42:30.244  3163  3298 W fb4a.DependencyManager|Runner:   Finished ReliabilityUserPerceptibleScopeToQPL in 0ms
05-07 13:42:30.244  3163  3297 W fb4a.DependencyManager|Runner: Running StartupInfraPreloader
05-07 13:42:30.244  3163  3297 W fb4a.DependencyManager|Runner:   Finished StartupInfraPreloader in 0ms
05-07 13:42:30.245  3163  3297 W fb4a.DependencyManager|Runner: Running StartupQPLReplayer
05-07 13:42:30.247  3163  3295 W fb4a.DependencyManager|Runner:   Finished ProfiloBridgeFactoryImpl in 4ms
05-07 13:42:30.247  3163  3297 W fb4a.DependencyManager|Runner:   Finished StartupQPLReplayer in 3ms
05-07 13:42:30.250  3163  3454 W fb4a.FrscLanguagePackLoader: FRSC English strings buffer size - (limit : 643576, capacity : 643576)
05-07 13:42:30.250  3163  3438 W fb4a.QPLConfig: failed to load config
05-07 13:42:30.250  3163  3438 W fb4a.QPLConfig: java.io.FileNotFoundException: /data/user/0/com.facebook.katana/app_qpl/qpl_sampling_config_v2.null: open failed: ENOENT (No such file or directory)
05-07 13:42:30.250  3163  3438 W fb4a.QPLConfig: 	at libcore.io.IoBridge.open(IoBridge.java:496)
05-07 13:42:30.250  3163  3438 W fb4a.QPLConfig: 	at java.io.FileInputStream.<init>(FileInputStream.java:159)
05-07 13:42:30.250  3163  3438 W fb4a.QPLConfig: 	at X.1mx.run(Unknown Source:75)
05-07 13:42:30.250  3163  3438 W fb4a.QPLConfig: 	at X.1nn.run(Unknown Source:2)
05-07 13:42:30.250  3163  3438 W fb4a.QPLConfig: 	at java.util.concurrent.ThreadPoolExecutor.runWorker(ThreadPoolExecutor.java:1167)
05-07 13:42:30.250  3163  3438 W fb4a.QPLConfig: 	at java.util.concurrent.ThreadPoolExecutor$Worker.run(ThreadPoolExecutor.java:641)
05-07 13:42:30.250  3163  3438 W fb4a.QPLConfig: 	at X.2ld.run(Unknown Source:3)
05-07 13:42:30.250  3163  3438 W fb4a.QPLConfig: 	at X.2lg.run(Unknown Source:12)
05-07 13:42:30.250  3163  3438 W fb4a.QPLConfig: 	at java.lang.Thread.run(Thread.java:919)
05-07 13:42:30.250  3163  3438 W fb4a.QPLConfig: Caused by: android.system.ErrnoException: open failed: ENOENT (No such file or directory)
05-07 13:42:30.250  3163  3438 W fb4a.QPLConfig: 	at libcore.io.Linux.open(Native Method)
05-07 13:42:30.250  3163  3438 W fb4a.QPLConfig: 	at libcore.io.ForwardingOs.open(ForwardingOs.java:167)
05-07 13:42:30.250  3163  3438 W fb4a.QPLConfig: 	at libcore.io.BlockGuardOs.open(BlockGuardOs.java:252)
05-07 13:42:30.250  3163  3438 W fb4a.QPLConfig: 	at libcore.io.ForwardingOs.open(ForwardingOs.java:167)
05-07 13:42:30.250  3163  3438 W fb4a.QPLConfig: 	at android.app.ActivityThread$AndroidOs.open(ActivityThread.java:7255)
05-07 13:42:30.250  3163  3438 W fb4a.QPLConfig: 	at libcore.io.IoBridge.open(IoBridge.java:482)
05-07 13:42:30.250  3163  3438 W fb4a.QPLConfig: 	... 8 more
05-07 13:42:30.286  3163  3296 W fb4a.DependencyManager|Runner:   Finished InitLacrimaLaterInit in 957ms
05-07 13:42:30.291  3163  3296 W fb4a.DependencyManager|Runner: All work finished.
05-07 13:42:30.316   906  2195 W Binder  : Outgoing transactions from this process must be FLAG_ONEWAY
05-07 13:42:30.316   906  2195 W Binder  : java.lang.Throwable
05-07 13:42:30.316   906  2195 W Binder  : 	at android.os.BinderProxy.transact(BinderProxy.java:480)
05-07 13:42:30.316   906  2195 W Binder  : 	at android.content.ContentProviderProxy.getType(ContentProviderNative.java:456)
05-07 13:42:30.316   906  2195 W Binder  : 	at com.android.server.am.ActivityManagerService.getProviderMimeType(ActivityManagerService.java:7667)
05-07 13:42:30.316   906  2195 W Binder  : 	at android.app.IActivityManager$Stub.onTransact(IActivityManager.java:3205)
05-07 13:42:30.316   906  2195 W Binder  : 	at com.android.server.am.ActivityManagerService.onTransact(ActivityManagerService.java:2741)
05-07 13:42:30.316   906  2195 W Binder  : 	at android.os.Binder.execTransactInternal(Binder.java:1021)
05-07 13:42:30.316   906  2195 W Binder  : 	at android.os.Binder.execTransact(Binder.java:994)
05-07 13:42:30.337  3100  3186 D com.facebook.g: getGraphApiVersion: v3.0
05-07 13:42:30.354  3100  3186 W b       : initStore should have been called before calling setUserID
05-07 13:42:30.356  2331  3263 W earchbox:searc: Verification of java.lang.Object fl.a() took 130.158ms
05-07 13:42:30.413  1562  1562 D Zygote  : Forked child process 3486
05-07 13:42:30.425   906   967 I ActivityManager: Start proc 3486:com.google.android.webview:sandboxed_process0:org.chromium.content.app.SandboxedProcessService0:0/u0ai9000 for  {com.lenovo.anyshare.gps/org.chromium.content.app.SandboxedProcessService0:0}
05-07 13:42:30.457  3347  3347 W oid.apps.photo: Accessing hidden field Ljava/util/Collections$SynchronizedCollection;->mutex:Ljava/lang/Object; (greylist-max-o, reflection, denied)
05-07 13:42:30.457  3347  3347 W oid.apps.photo: Accessing hidden method Ljava/util/Collections$SynchronizedSet;-><init>(Ljava/util/Set;Ljava/lang/Object;)V (greylist-max-o, reflection, denied)
05-07 13:42:30.458  3347  3347 W oid.apps.photo: Accessing hidden method Ljava/util/Collections$SynchronizedCollection;-><init>(Ljava/util/Collection;Ljava/lang/Object;)V (greylist-max-o, reflection, denied)
05-07 13:42:30.466  3486  3486 E ocessService0:: Not starting debugger since process cannot load the jdwp agent.
05-07 13:42:30.489  2300  2300 D BoundBrokerSvc: onBind: Intent { act=com.google.android.gms.people.contactssync.service.START pkg=com.google.android.gms }
05-07 13:42:30.489  2300  2300 D BoundBrokerSvc: Loading bound service for intent: Intent { act=com.google.android.gms.people.contactssync.service.START pkg=com.google.android.gms }
05-07 13:42:30.524  3201  3346 W ModernMediaScanner: Failed to visit /oem/media: java.nio.file.NoSuchFileException: /oem/media
05-07 13:42:30.537  3100  3155 D com.facebook.g: getGraphApiVersion: v3.0
05-07 13:42:30.573  3412  3412 W ogle.android.g: JIT profile information will not be recorded: profile file does not exits.
05-07 13:42:30.573  3412  3412 I chatty  : uid=10072(com.google.android.gm) identical 1 line
05-07 13:42:30.573  3412  3412 W ogle.android.g: JIT profile information will not be recorded: profile file does not exits.
05-07 13:42:30.594  2331  3263 W earchbox:searc: Verification of java.lang.Object gc.a() took 234.866ms
05-07 13:42:30.623   621  1508 I netd    : firewallSetUidRule(2, 10144, 1) <6.55ms>
05-07 13:42:30.637  2300  2300 D BoundBrokerSvc: onBind: Intent { act=com.google.android.gms.measurement.START pkg=com.google.android.gms }
05-07 13:42:30.637  2300  2300 D BoundBrokerSvc: Loading bound service for intent: Intent { act=com.google.android.gms.measurement.START pkg=com.google.android.gms }
05-07 13:42:30.639  3027  3050 I ownload_servic: WaitForGcToComplete blocked ProfileSaver on AddRemoveAppImageSpace for 715.456ms
05-07 13:42:30.643  3100  3129 I vo.anyshare.gp: Waiting for a blocking GC ProfileSaver
05-07 13:42:30.658  3486  3486 I cr_ChildProcessService: Creating new ChildProcessService pid=3486
05-07 13:42:30.697  3100  3340 W System.err: java.net.ConnectException: Failed to connect to android.bugly.qq.com/13.127.247.216:80
05-07 13:42:30.704  3100  3340 W System.err: 	at com.android.okhttp.internal.io.RealConnection.connectSocket(RealConnection.java:147)
05-07 13:42:30.705  3100  3340 W System.err: 	at com.android.okhttp.internal.io.RealConnection.connect(RealConnection.java:116)
05-07 13:42:30.706  3100  3340 W System.err: 	at com.android.okhttp.internal.http.StreamAllocation.findConnection(StreamAllocation.java:186)
05-07 13:42:30.707  3100  3340 W System.err: 	at com.android.okhttp.internal.http.StreamAllocation.findHealthyConnection(StreamAllocation.java:128)
05-07 13:42:30.707  3100  3340 W System.err: 	at com.android.okhttp.internal.http.StreamAllocation.newStream(StreamAllocation.java:97)
05-07 13:42:30.707  3100  3340 W System.err: 	at com.android.okhttp.internal.http.HttpEngine.connect(HttpEngine.java:289)
05-07 13:42:30.708  3100  3340 W System.err: 	at com.android.okhttp.internal.http.HttpEngine.sendRequest(HttpEngine.java:232)
05-07 13:42:30.708  3100  3340 W System.err: 	at com.android.okhttp.internal.huc.HttpURLConnectionImpl.execute(HttpURLConnectionImpl.java:465)
05-07 13:42:30.708  3100  3340 W System.err: 	at com.android.okhttp.internal.huc.HttpURLConnectionImpl.connect(HttpURLConnectionImpl.java:131)
05-07 13:42:30.708  3100  3340 W System.err: 	at com.android.okhttp.internal.huc.HttpURLConnectionImpl.getOutputStream(HttpURLConnectionImpl.java:262)
05-07 13:42:30.714  3100  3340 W System.err: 	at com.tencent.bugly.proguard.s.a(SourceFile:266)
05-07 13:42:30.714  3100  3340 W System.err: 	at com.tencent.bugly.proguard.s.a(SourceFile:115)
05-07 13:42:30.714  3100  3340 W System.err: 	at com.tencent.bugly.proguard.v.run(SourceFile:346)
05-07 13:42:30.714  3100  3340 W System.err: 	at com.tencent.bugly.proguard.u$1.run(SourceFile:723)
05-07 13:42:30.714  3100  3340 W System.err: 	at java.lang.Thread.run(Thread.java:919)
05-07 13:42:30.788   906  2195 I ActivityManager: Killing 2018:com.google.android.marvin.talkback/u0a94 (adj 985): empty #17
05-07 13:42:30.789  3005  3048 I id.apps.tachyo: WaitForGcToComplete blocked ProfileSaver on ClassLinker for 773.952ms
05-07 13:42:30.798   906  3241 I ActivityManager: Killing 2048:com.google.android.deskclock/u0a118 (adj 985): empty #17
05-07 13:42:30.801   677   677 E lowmemorykiller: Error writing /proc/2048/oom_score_adj; errno=22
05-07 13:42:30.813  3100  3517 W chromium: [WARNING:dns_config_service_posix.cc(291)] Failed to read DnsConfig.
05-07 13:42:30.841   629   629 D Zygote  : Forked child process 3530
05-07 13:42:30.842   906   967 I ActivityManager: Start proc 3530:com.estrongs.android.pop/u0a156 for broadcast {com.estrongs.android.pop/com.estrongs.android.pop.EnableOEMConfig}
05-07 13:42:30.842   906   967 W ActivityManager: Slow operation: 51ms so far, now at startProcess: done updating pids map
05-07 13:42:30.849   629   629 I Zygote  : Process 2048 exited due to signal 9 (Killed)
05-07 13:42:30.860  2331  3263 W earchbox:searc: Verification of java.lang.Object gq.a() took 262.133ms
05-07 13:42:30.864  3530  3530 E ngs.android.po: Not starting debugger since process cannot load the jdwp agent.
05-07 13:42:30.887   906   932 D ConnectivityService: requestNetwork for uid/pid:10144/3005 NetworkRequest [ TRACK_DEFAULT id=23, [ Capabilities: INTERNET&NOT_RESTRICTED&TRUSTED Uid: 10144] ]
05-07 13:42:30.888   906  1352 D UntrustedWifiNetworkFactory: got request NetworkRequest [ TRACK_DEFAULT id=23, [ Capabilities: INTERNET&NOT_RESTRICTED&TRUSTED Uid: 10144] ] with score 50 and serial 5
05-07 13:42:30.888  1791  1791 D PhoneSwitcherNetworkRequstListener: got request NetworkRequest [ TRACK_DEFAULT id=23, [ Capabilities: INTERNET&NOT_RESTRICTED&TRUSTED Uid: 10144] ] with score 50 and serial 5
05-07 13:42:30.889   906  1424 D Ethernet: got request NetworkRequest [ TRACK_DEFAULT id=23, [ Capabilities: INTERNET&NOT_RESTRICTED&TRUSTED Uid: 10144] ] with score 50 and serial 5
05-07 13:42:30.889   906  1352 D WifiNetworkFactory: got request NetworkRequest [ TRACK_DEFAULT id=23, [ Capabilities: INTERNET&NOT_RESTRICTED&TRUSTED Uid: 10144] ] with score 50 and serial 5
05-07 13:42:30.937  3530  3530 I ngs.android.po: The ClassLoaderContext is a special shared library.
05-07 13:42:30.938  2300  2300 D BoundBrokerSvc: onBind: Intent { act=com.google.android.gms.safetynet.service.START pkg=com.google.android.gms }
05-07 13:42:30.938  2300  2300 D BoundBrokerSvc: Loading bound service for intent: Intent { act=com.google.android.gms.safetynet.service.START pkg=com.google.android.gms }
05-07 13:42:30.979  3320  3470 W ndroid.contact: Verification of void hx.onInitializeAccessibilityNodeInfo(android.view.View, android.view.accessibility.AccessibilityNodeInfo) took 216.839ms
05-07 13:42:30.981   906  3536 D ConnectivityService: requestNetwork for uid/pid:10133/3100 NetworkRequest [ TRACK_DEFAULT id=24, [ Capabilities: INTERNET&NOT_RESTRICTED&TRUSTED Uid: 10133] ]
05-07 13:42:30.982   906  1352 D UntrustedWifiNetworkFactory: got request NetworkRequest [ TRACK_DEFAULT id=24, [ Capabilities: INTERNET&NOT_RESTRICTED&TRUSTED Uid: 10133] ] with score 50 and serial 5
05-07 13:42:30.983   906  1424 D Ethernet: got request NetworkRequest [ TRACK_DEFAULT id=24, [ Capabilities: INTERNET&NOT_RESTRICTED&TRUSTED Uid: 10133] ] with score 50 and serial 5
05-07 13:42:30.983  1791  1791 D PhoneSwitcherNetworkRequstListener: got request NetworkRequest [ TRACK_DEFAULT id=24, [ Capabilities: INTERNET&NOT_RESTRICTED&TRUSTED Uid: 10133] ] with score 50 and serial 5
05-07 13:42:30.984   906  1352 D WifiNetworkFactory: got request NetworkRequest [ TRACK_DEFAULT id=24, [ Capabilities: INTERNET&NOT_RESTRICTED&TRUSTED Uid: 10133] ] with score 50 and serial 5
05-07 13:42:30.986  2300  3226 I PeopleChimeraService: onService. callbacks = abvo@cd9f4a5, request = com.google.android.gms.common.internal.GetServiceRequest@df5a07a
05-07 13:42:31.131  2603  2603 V ClearcutMetricXmitter: Transmission is done.
05-07 13:42:31.153  2603  2690 V ClearcutMetricXmitter: Transmission is done.
05-07 13:42:31.172  3530  3530 W ngs.android.po: resources.arsc in APK '/data/app/com.estrongs.android.pop-QQSoOeZvu1xls8dfyaWH6A==/base.apk' is compressed.
05-07 13:42:31.275  2331  3263 W earchbox:searc: Verification of void of.<init>() took 153.701ms
05-07 13:42:31.283  2603  2603 V ClearcutMetricXmitter: Transmission is done.
05-07 13:42:31.312  2300  3557 I FA-SVC  : App measurement initialized, version: 210915
05-07 13:42:31.320  2300  3226 I PeopleChimeraService: onService. callbacks = abvo@45d8cff, request = com.google.android.gms.common.internal.GetServiceRequest@904eacc
05-07 13:42:31.362  2300  3226 I PeopleChimeraService: onService. callbacks = abvo@14aee8, request = com.google.android.gms.common.internal.GetServiceRequest@5895901
05-07 13:42:31.414  3100  3247 I WM-WorkerWrapper: Worker result SUCCESS for Work [ id=f1c125b5-20ba-4b66-a9a5-d20f23308382, tags={ AdSyncWorker, com.ushareit.ads.AdSyncWorker } ]
05-07 13:42:31.434  3290  3290 W pool-15-thread-: type=1400 audit(0.0:33): avc: denied { read } for name="devices" dev="sysfs" ino=4 scontext=u:r:untrusted_app_27:s0:c133,c256,c512,c768 tcontext=u:object_r:sysfs:s0 tclass=dir permissive=0
05-07 13:42:31.475   788   882 D NuPlayerDriver: NuPlayerDriver(0xeba2d180) created, clientPid(3100)
05-07 13:42:31.482   788   882 I Codec2Client: Creating a Codec2 client to service "software"
05-07 13:42:31.483   788   882 I Codec2Client: Client to Codec2 service "software" created
05-07 13:42:31.489   629   629 I Zygote  : Process 2018 exited due to signal 9 (Killed)
05-07 13:42:31.490   906   968 I libprocessgroup: Successfully killed process cgroup uid 10094 pid 2018 in 699ms
05-07 13:42:31.490   906   968 I libprocessgroup: Successfully killed process cgroup uid 10118 pid 2048 in 0ms
05-07 13:42:31.497  3290  3290 W pool-15-thread-: type=1400 audit(0.0:34): avc: denied { read } for name="devices" dev="sysfs" ino=4 scontext=u:r:untrusted_app_27:s0:c133,c256,c512,c768 tcontext=u:object_r:sysfs:s0 tclass=dir permissive=0
05-07 13:42:31.512  2300  2325 I PeopleGalProvider: Gal directories started.
05-07 13:42:31.519  2300  2320 I PeopleGalProvider: Gal directories started.
05-07 13:42:31.533  2300  2325 I PeopleGalProvider: Method 1 completed.
05-07 13:42:31.533  2300  2320 I PeopleGalProvider: Method 1 completed.
05-07 13:42:31.533  2300  2325 I PeopleGalProvider: Method 1 finished successfully.
05-07 13:42:31.533  2300  2320 I PeopleGalProvider: Method 1 finished successfully.
05-07 13:42:31.541   788   882 E AudioSystem: invalid attributes { Content type: AUDIO_CONTENT_TYPE_UNKNOWN Usage: AUDIO_USAGE_UNKNOWN Source: -1 Flags: 0x800 Tags:  } when converting to stream
05-07 13:42:31.550   788  3571 D GenericSource: FileSource remote
05-07 13:42:31.554  2566  2646 I ContactDirectoryManager: deleted 0 stale rows which don't have any relevant directory
05-07 13:42:31.555  2566  2646 I ContactDirectoryManager: Discovered 1 contact directories in 2956ms
05-07 13:42:31.562  2566  2648 I ContactDirectoryManager: deleted 0 stale rows which don't have any relevant directory
05-07 13:42:31.563  2566  2648 I ContactDirectoryManager: Discovered 1 contact directories in 2965ms
05-07 13:42:31.567  2566  2646 I ContactsProvider: Accounts changed
05-07 13:42:31.572   786   786 D MediaBufferGroup: creating MemoryDealer
05-07 13:42:31.574  2566  2648 I ContactsProvider: Accounts changed
05-07 13:42:31.580  3290  3290 W pool-15-thread-: type=1400 audit(0.0:35): avc: denied { read } for name="devices" dev="sysfs" ino=4 scontext=u:r:untrusted_app_27:s0:c133,c256,c512,c768 tcontext=u:object_r:sysfs:s0 tclass=dir permissive=0
05-07 13:42:31.598  2566  2648 I ContactsProvider: Accounts changed
05-07 13:42:31.605  3163  3228 I facebook.katan: Waiting for a blocking GC ProfileSaver
