05-07 13:42:16.328  1791  1791 I TelecomFramework: AccountEntry: Registered phoneAccount: [[ ] PhoneAccount: ComponentInfo{com.android.phone/com.android.services.telephony.TelephonyConnectionService}, ***, UserHandle{0} Capabilities: CallProvider MultiUser PlaceEmerg SimSub  Audio Routes: BESW Schemes: tel voicemail  Extras: Bundle[{android.telecom.extra.SUPPORTS_VIDEO_CALLING_FALLBACK=true}] GroupId: ***] with handle: ComponentInfo{com.android.phone/com.android.services.telephony.TelephonyConnectionService}, ***, UserHandle{0}
05-07 13:42:16.328  1791  1791 I TelecomFramework: PstnIncomingCallNotifier: Registering: Handler (com.android.internal.telephony.GsmCdmaPhone) {b55fd01}
05-07 13:42:16.353   906   947 V PackageManager: reconcileAppsData finished 269 packages
05-07 13:42:16.353   906   947 I ActivityManager: User 0 state changed from RUNNING_LOCKED to RUNNING_UNLOCKING
05-07 13:42:16.353   906   947 D ActivityManager: Unlocking user 0 progress 20
05-07 13:42:16.353   906   966 I SystemServiceManager: Calling onUnlockUser u0
05-07 13:42:16.354   906   947 W Looper  : Slow dispatch took 871ms android.fg h=android.os.Handler c=com.android.server.am.-$$Lambda$UserController$stQk1028ON105v_u-VMykVjcxLk@a956974 m=0
05-07 13:42:16.373   906   947 W Looper  : Drained
05-07 13:42:16.526   906   966 W SystemServiceManager: Service com.android.server.wm.ActivityTaskManagerService$Lifecycle took 172 ms in onUnlockUser 
05-07 13:42:16.526   906  1482 W ActivityManager: Slow operation: 148ms so far, now at startProcess: done creating new process record
05-07 13:42:16.526   906  1482 W ActivityManager: Slow operation: 148ms so far, now at startProcess: stepping in to startProcess
05-07 13:42:16.526   906   966 D BluetoothManagerService: User 0 unlocked
05-07 13:42:16.527   906   951 D BluetoothManagerService: MESSAGE_USER_UNLOCKED
05-07 13:42:16.527   906   966 D StorageManagerService: onUnlockUser 0
05-07 13:42:16.527   906  1482 W ActivityManager: Slow operation: 149ms so far, now at startProcess: done starting proc!
05-07 13:42:16.527   906  1482 W ActivityManager: Slow operation: 149ms so far, now at getContentProviderImpl: after start process
05-07 13:42:16.527   906  1482 W ActivityManager: Slow operation: 149ms so far, now at getContentProviderImpl: updating data structures
05-07 13:42:16.527   906  1482 W ActivityManager: Slow operation: 150ms so far, now at getContentProviderImpl: done!
05-07 13:42:16.527   472   483 D vold    : Linking /storage/emulated/0 to /mnt/user/0/primary
05-07 13:42:16.536   906   965 W NetworkPolicy: setRestrictBackgroundUL: already true
05-07 13:42:16.556   906   966 W ActivityManager: Unable to start service Intent { act=android.service.systemcaptions.SystemCaptionsManagerService cmp=com.google.android.as/com.google.android.apps.miphone.aiai.captions.SystemCaptionsManagerService } U=0: not found
05-07 13:42:16.557   906   966 W RemoteSystemCaptionsManagerService: Could not bind to Intent { act=android.service.systemcaptions.SystemCaptionsManagerService cmp=com.google.android.as/com.google.android.apps.miphone.aiai.captions.SystemCaptionsManagerService } with flags 67108865
05-07 13:42:16.557   906   966 E SystemCaptionsManagerPerUserService: Bad service name: com.google.android.as/com.google.android.apps.miphone.aiai.captions.SystemCaptionsManagerService
05-07 13:42:16.571   906   967 I ActivityManager: Start proc 2095:com.google.process.gservices/u0a8 for content provider {com.google.android.gsf/com.google.android.gsf.gservices.GservicesProvider}
05-07 13:42:16.590   906   906 E LockSettingsStorage: Cannot read file java.io.FileNotFoundException: /data/system_de/0/spblob/42c99c38d66ece50.weaver: open failed: ENOENT (No such file or directory)
05-07 13:42:16.593   906   947 I ActivityTaskManager: Loading recents for user 0 into memory.
05-07 13:42:16.594   906   966 I ActivityManager: User 0 state changed from RUNNING_UNLOCKING to RUNNING_UNLOCKED
05-07 13:42:16.594   906   966 D SystemServerTiming: SystemUserUnlock took to complete: 1466ms
05-07 13:42:16.600   906  1391 I BackupManagerService: Starting service for user: 0
05-07 13:42:16.641   906  1391 V BackupManagerService: Starting with transport com.google.android.gms/.backup.BackupTransportService
05-07 13:42:16.646   906   967 W ActivityManager: Slow operation: 65ms so far, now at startProcess: done updating battery stats
05-07 13:42:16.646   906   967 W ActivityManager: Slow operation: 65ms so far, now at startProcess: building log message
05-07 13:42:16.646   906   967 I ActivityManager: Start proc 2113:com.google.android.googlequicksearchbox:interactor/u0a47 for service {com.google.android.googlequicksearchbox/com.google.android.voiceinteraction.GsaVoiceInteractionService}
05-07 13:42:16.646   906   967 W ActivityManager: Slow operation: 65ms so far, now at startProcess: starting to update pids map
05-07 13:42:16.647   906   967 W ActivityManager: Slow operation: 66ms so far, now at startProcess: done updating pids map
05-07 13:42:16.651  1791  1791 I TelecomFramework: PstnPhoneCapabilitiesNotifier: handleVideoCapabilitesChanged. Video capability - false
05-07 13:42:16.661   906   966 I ActivityManager: Posting BOOT_COMPLETED user #0
05-07 13:42:16.668   906   967 W ActivityManager: Slow operation: 68ms so far, now at startProcess: returned from zygote!
05-07 13:42:16.674   906   967 W ActivityManager: Slow operation: 73ms so far, now at startProcess: done updating battery stats
05-07 13:42:16.674   906   967 W ActivityManager: Slow operation: 73ms so far, now at startProcess: building log message
05-07 13:42:16.674   906   967 I ActivityManager: Start proc 2139:com.android.nfc/1027 for added application com.android.nfc
05-07 13:42:16.674   906   967 W ActivityManager: Slow operation: 73ms so far, now at startProcess: starting to update pids map
05-07 13:42:16.674   906   967 W ActivityManager: Slow operation: 73ms so far, now at startProcess: done updating pids map
05-07 13:42:16.674   906   967 W ActivityManager: Slow operation: 70ms so far, now at startProcess: asking zygote to start proc
05-07 13:42:16.689   906  1391 D BackupManagerService: Started thread backup-0 for user 0
05-07 13:42:16.708   906   967 W ActivityManager: Slow operation: 104ms so far, now at startProcess: returned from zygote!
05-07 13:42:16.725   906   967 W ActivityManager: Slow operation: 121ms so far, now at startProcess: done updating battery stats
05-07 13:42:16.725   906   967 W ActivityManager: Slow operation: 121ms so far, now at startProcess: building log message
05-07 13:42:16.725   906   967 I ActivityManager: Start proc 2153:com.android.se/1068 for added application com.android.se
05-07 13:42:16.725   906   967 W ActivityManager: Slow operation: 121ms so far, now at startProcess: starting to update pids map
05-07 13:42:16.736   906  1806 I Telecom : PhoneAccountRegistrar: Modify account: [ComponentInfo{com.android.phone/com.android.services.telephony.TelephonyConnectionService}, ***, UserHandle{0}]: TSI.rPA@AA4
05-07 13:42:16.757   906   931 I ActivityTaskManager: START u0 {act=android.intent.action.MAIN cat=[android.intent.category.HOME] flg=0x10000100 cmp=com.google.android.apps.nexuslauncher/.NexusLauncherActivity} from uid 0
05-07 13:42:16.760   906  1806 I Telecom : CallsManager: handlePhoneAccountChanged: phoneAccount=[[X] PhoneAccount: ComponentInfo{com.android.phone/com.android.services.telephony.TelephonyConnectionService}, ***, UserHandle{0} Capabilities: CallProvider MultiUser PlaceEmerg SimSub  Audio Routes: BESW Schemes: tel voicemail  Extras: Bundle[{android.telecom.extra.SUPPORTS_VIDEO_CALLING_FALLBACK=true}] GroupId: ***]: TSI.rPA@AA4
05-07 13:42:16.772   906   906 E LockSettingsStorage: Cannot read file java.io.FileNotFoundException: /data/system_de/0/spblob/0000000000000000.handle: open failed: ENOENT (No such file or directory)
05-07 13:42:16.772   906   906 I LockSettingsService: Retrieved auth token for user 0
05-07 13:42:16.772   906   906 I LockSettingsService: Caching SP for user 0
05-07 13:42:16.772   906   906 W Looper  : Slow dispatch took 218ms main h=android.os.Handler c=com.android.server.locksettings.LockSettingsService$1@6d432aa m=0
05-07 13:42:16.773   906   906 W Looper  : Slow delivery took 218ms main h=com.android.server.job.controllers.ConnectivityController$CcHandler c=null m=1
05-07 13:42:16.800   906  1334 D StorageManagerService: Volume emulated broadcasting mounted to UserHandle{0}
05-07 13:42:16.804   906   967 W ActivityManager: Slow operation: 200ms so far, now at startProcess: done updating pids map
05-07 13:42:16.804   906   967 W ActivityManager: Slow operation: 199ms so far, now at startProcess: asking zygote to start proc
05-07 13:42:16.822   906   967 W ActivityManager: Slow operation: 218ms so far, now at startProcess: returned from zygote!
05-07 13:42:16.836   906   967 W ActivityManager: Slow operation: 231ms so far, now at startProcess: done updating battery stats
05-07 13:42:16.836   906   967 W ActivityManager: Slow operation: 232ms so far, now at startProcess: building log message
05-07 13:42:16.836   906   967 I ActivityManager: Start proc 2197:com.android.ims.rcsservice/1001 for added application com.android.ims.rcsservice
05-07 13:42:16.836   906   967 W ActivityManager: Slow operation: 232ms so far, now at startProcess: starting to update pids map
05-07 13:42:16.839   906   967 W ActivityManager: Slow operation: 234ms so far, now at startProcess: done updating pids map
05-07 13:42:16.839   906   967 W ActivityManager: Slow operation: 232ms so far, now at startProcess: asking zygote to start proc
05-07 13:42:16.846   906   906 V NotificationAssistants: disabling notification assistant for user 0: ComponentInfo{com.google.android.ext.services/android.ext.services.notification.Assistant}
05-07 13:42:16.846   906   906 D NotificationListeners: Removing active service ComponentInfo{com.google.android.ext.services/android.ext.services.notification.Assistant}
05-07 13:42:16.858   906   967 W ActivityManager: Slow operation: 251ms so far, now at startProcess: returned from zygote!
05-07 13:42:16.861   906   906 V NotificationAssistants: enabling notification assistant for 0: ComponentInfo{com.google.android.ext.services/android.ext.services.notification.Assistant}
05-07 13:42:16.862   906   906 V NotificationAssistants: binding: Intent { act=android.service.notification.NotificationAssistantService cmp=com.google.android.ext.services/android.ext.services.notification.Assistant (has extras) }
05-07 13:42:16.864   906   967 W ActivityManager: Slow operation: 257ms so far, now at startProcess: done updating battery stats
05-07 13:42:16.864   906   967 W ActivityManager: Slow operation: 257ms so far, now at startProcess: building log message
05-07 13:42:16.864   906   967 I ActivityManager: Start proc 2212:com.qualcomm.qti.rcsbootstraputil/1001 for added application com.qualcomm.qti.rcsbootstraputil
05-07 13:42:16.864   906   967 W ActivityManager: Slow operation: 257ms so far, now at startProcess: starting to update pids map
05-07 13:42:16.864   906   967 W ActivityManager: Slow operation: 257ms so far, now at startProcess: done updating pids map
05-07 13:42:16.864   906   967 W ActivityManager: Slow operation: 236ms so far, now at startProcess: asking zygote to start proc
05-07 13:42:16.903   906   967 W ActivityManager: Slow operation: 275ms so far, now at startProcess: returned from zygote!
05-07 13:42:16.951   906   906 V ConditionProviders: enabling condition provider for 0: ComponentInfo{com.google.android.gms/com.google.android.location.settings.DrivingConditionProvider}
05-07 13:42:16.951   906   967 W ActivityManager: Slow operation: 323ms so far, now at startProcess: done updating battery stats
05-07 13:42:16.951   906   967 W ActivityManager: Slow operation: 323ms so far, now at startProcess: building log message
05-07 13:42:16.951   906   967 I ActivityManager: Start proc 2232:com.google.SSRestartDetector/1000 for added application com.google.SSRestartDetector
05-07 13:42:16.951   906   967 W ActivityManager: Slow operation: 324ms so far, now at startProcess: starting to update pids map
05-07 13:42:16.951   906   906 V ConditionProviders: binding: Intent { act=android.service.notification.ConditionProviderService cmp=com.google.android.gms/com.google.android.location.settings.DrivingConditionProvider (has extras) }
05-07 13:42:16.952   906   967 W ActivityManager: Slow operation: 325ms so far, now at startProcess: done updating pids map
05-07 13:42:16.985   906   906 V ConditionProviders: enabling condition provider for 0: ComponentInfo{com.google.android.apps.wellbeing/com.google.android.apps.wellbeing.dnd.impl.DndConditionProviderService}
05-07 13:42:16.985   906   906 V ConditionProviders: Not registering ComponentInfo{com.google.android.apps.wellbeing/com.google.android.apps.wellbeing.dnd.impl.DndConditionProviderService} is already bound
05-07 13:42:16.986   906   906 W Looper  : Slow dispatch took 140ms main h=android.app.ActivityThread$H c=android.app.-$$Lambda$LoadedApk$ReceiverDispatcher$Args$_BumDX2UKsnxLVrE6UJsJZkotuA@8ea5a3c m=0
05-07 13:42:17.098  1791  1791 D MccTable: updateMccMncConfiguration mccmnc='40445
05-07 13:42:17.098  1791  1791 D MccTable: updateMccMncConfiguration: mcc=404, mnc=45
05-07 13:42:17.098  1791  1791 D MccTable: updateMccMncConfiguration updateConfig config={0.0 404mcc45mnc ?localeList ?layoutDir ?swdp ?wdp ?hdp ?density ?lsize ?long ?ldr ?wideColorGamut ?orien ?uimode ?night ?touch ?keyb/?/? ?nav/? winConfig={ mBounds=Rect(0, 0 - 0, 0) mAppBounds=null mWindowingMode=undefined mDisplayWindowingMode=undefined mActivityType=undefined mAlwaysOnTop=undefined mRotation=undefined}}
05-07 13:42:17.160   906  1806 W Telecom : PhoneAccountRegistrar: Trying to set nonexistent default outgoing ComponentInfo{com.android.phone/com.android.services.telephony.TelephonyConnectionService}, ***, UserHandle{0}: TSI.sUSOPA@ABA
05-07 13:42:17.275   906  1391 E BackupPasswordManager: Unable to read backup pw version
05-07 13:42:17.326   906  1391 E BackupPasswordManager: Unable to read saved backup pw hash
05-07 13:42:17.337  1791  1791 D MccTable: updateMccMncConfiguration mccmnc='40445
05-07 13:42:17.337  1791  1791 D MccTable: updateMccMncConfiguration: mcc=404, mnc=45
05-07 13:42:17.337  1791  1791 D MccTable: updateMccMncConfiguration updateConfig config={0.0 404mcc45mnc ?localeList ?layoutDir ?swdp ?wdp ?hdp ?density ?lsize ?long ?ldr ?wideColorGamut ?orien ?uimode ?night ?touch ?keyb/?/? ?nav/? winConfig={ mBounds=Rect(0, 0 - 0, 0) mAppBounds=null mWindowingMode=undefined mDisplayWindowingMode=undefined mActivityType=undefined mAlwaysOnTop=undefined mRotation=undefined}}
05-07 13:42:17.345   906   952 W ActivityTaskManager: Activity top resumed state loss timeout for ActivityRecord{af32238 u0 com.google.android.apps.nexuslauncher/.NexusLauncherActivity t14}
05-07 13:42:17.345   906   952 W ActivityTaskManager: Activity pause timeout for ActivityRecord{af32238 u0 com.google.android.apps.nexuslauncher/.NexusLauncherActivity t14}
05-07 13:42:17.492   906   947 I AppWidgetServiceImpl: Processing of handleUserUnlocked u0 took 845 ms
05-07 13:42:17.492   906   947 W Looper  : Slow dispatch took 845ms android.fg h=android.os.Handler c=com.android.server.am.-$$Lambda$UserController$Injector$MYTLl7MOQKjyMJknWdxPeBLoPCc@967d714 m=0
05-07 13:42:17.492   906   947 W Looper  : Slow delivery took 835ms android.fg h=android.os.Handler c=com.android.server.-$$Lambda$LocationManagerService$GVLGDgL1Vk3AKo-zMjRmo3-OLpQ@236dbbd m=0
05-07 13:42:17.532   906  1391 V ProcessedPackagesJournal:    + com.google.android.apps.turbo
05-07 13:42:17.532   906  1391 V ProcessedPackagesJournal:    + com.google.android.GoogleCamera
05-07 13:42:17.532   906  1391 V ProcessedPackagesJournal:    + com.google.android.apps.tachyon
05-07 13:42:17.532   906  1391 V ProcessedPackagesJournal:    + com.google.android.apps.wellbeing
05-07 13:42:17.532   906  1391 V ProcessedPackagesJournal:    + android
05-07 13:42:17.532   906  1391 V ProcessedPackagesJournal:    + com.google.android.gms
05-07 13:42:17.532   906  1391 V ProcessedPackagesJournal:    + com.google.vr.vrcore
05-07 13:42:17.532   906  1391 V ProcessedPackagesJournal:    + com.google.android.apps.messaging
05-07 13:42:17.532   906  1391 V ProcessedPackagesJournal:    + com.android.cellbroadcastreceiver
05-07 13:42:17.532   906  1391 V ProcessedPackagesJournal:    + com.google.android.googlequicksearchbox
05-07 13:42:17.532   906  1391 V ProcessedPackagesJournal:    + com.google.android.videos
05-07 13:42:17.532   906  1391 V ProcessedPackagesJournal:    + com.google.android.contacts
05-07 13:42:17.532   906  1391 V ProcessedPackagesJournal:    + com.google.android.apps.gcs
05-07 13:42:17.532   906  1391 V ProcessedPackagesJournal:    + com.android.providers.settings
05-07 13:42:17.532   906  1391 V ProcessedPackagesJournal:    + com.google.android.marvin.talkback
05-07 13:42:17.532   906  1391 V ProcessedPackagesJournal:    + com.google.android.play.games
05-07 13:42:17.532   906  1391 V ProcessedPackagesJournal:    + com.google.android.projection.gearhead
05-07 13:42:17.532   906  1391 V ProcessedPackagesJournal:    + com.android.calllogbackup
05-07 13:42:17.532   906  1391 V ProcessedPackagesJournal:    + com.google.android.apps.cloudprint
05-07 13:42:17.532   906  1391 V ProcessedPackagesJournal:    + com.whatsapp
05-07 13:42:17.532   906  1391 V ProcessedPackagesJournal:    + com.google.android.talk
05-07 13:42:17.532   906  1391 V ProcessedPackagesJournal:    + com.google.android.as
05-07 13:42:17.532   906  1391 V ProcessedPackagesJournal:    + com.google.android.tts
05-07 13:42:17.532   906  1391 V ProcessedPackagesJournal:    + com.android.vending
05-07 13:42:17.532   906  1391 V ProcessedPackagesJournal:    + com.google.android.deskclock
05-07 13:42:17.532   906  1391 V ProcessedPackagesJournal:    + com.android.chrome
05-07 13:42:17.551   906  1391 V ProcessedPackagesJournal:    + com.google.android.apps.photos
05-07 13:42:17.551   906  1391 V ProcessedPackagesJournal:    + com.google.android.apps.wallpaper
05-07 13:42:17.551   906  1391 V ProcessedPackagesJournal:    + com.android.providers.blockednumber
05-07 13:42:17.551   906  1391 V ProcessedPackagesJournal:    + com.google.android.dialer
05-07 13:42:17.551   906  1391 V ProcessedPackagesJournal:    + com.android.documentsui
05-07 13:42:17.551   906  1391 V ProcessedPackagesJournal:    + com.google.android.gm
05-07 13:42:17.551   906  1391 V ProcessedPackagesJournal:    + com.android.nfc
05-07 13:42:17.551   906  1391 V ProcessedPackagesJournal:    + com.google.android.apps.docs
05-07 13:42:17.552   906  1391 V ProcessedPackagesJournal:    + com.google.android.inputmethod.latin
05-07 13:42:17.552   906  1391 V ProcessedPackagesJournal:    + com.google.android.youtube
05-07 13:42:17.552   906  1391 V ProcessedPackagesJournal:    + com.google.android.music
05-07 13:42:17.552   906  1391 V ProcessedPackagesJournal:    + com.android.settings
05-07 13:42:17.552   906  1391 V ProcessedPackagesJournal:    + com.android.providers.userdictionary
05-07 13:42:17.552   906  1391 V ProcessedPackagesJournal:    + com.google.android.calendar
05-07 13:42:17.559   906  2150 V BackupManagerConstants: getKeyValueBackupIntervalMilliseconds(...) returns 14400000
05-07 13:42:17.559   906  2150 V BackupManagerConstants: getKeyValueBackupFuzzMilliseconds(...) returns 600000
05-07 13:42:17.559   906  2150 V BackupManagerConstants: getKeyValueBackupRequiredNetworkType(...) returns 1
05-07 13:42:17.559   906  2150 V BackupManagerConstants: getKeyValueBackupRequireCharging(...) returns true
05-07 13:42:17.559   906  2150 V KeyValueBackupJob: Scheduling k/v pass in 245 minutes
05-07 13:42:17.588   906   906 W Looper  : Slow dispatch took 602ms main h=android.app.ActivityThread$H c=android.app.-$$Lambda$LoadedApk$ReceiverDispatcher$Args$_BumDX2UKsnxLVrE6UJsJZkotuA@5efcfe6 m=0
05-07 13:42:17.593   906   906 I LockSettingsService: Removing SP from cache for user 0
05-07 13:42:17.597   906   906 V NotificationAssistants: 0 notification assistant service connected: ComponentInfo{com.google.android.ext.services/android.ext.services.notification.Assistant}
05-07 13:42:17.616   906   967 I ActivityManager: Start proc 2300:com.google.android.gms/u0a8 for service {com.google.android.gms/com.google.android.gms.appstate.service.AppStateSyncService}
05-07 13:42:17.621   906   906 W Looper  : Drained
05-07 13:42:17.839   906   967 W ActivityManager: Slow operation: 70ms so far, now at startProcess: returned from zygote!
05-07 13:42:17.839   906   967 W ActivityManager: Slow operation: 70ms so far, now at startProcess: done updating battery stats
05-07 13:42:17.839   906   967 W ActivityManager: Slow operation: 70ms so far, now at startProcess: building log message
05-07 13:42:17.839   906   967 I ActivityManager: Start proc 2331:com.google.android.googlequicksearchbox:search/u0a47 for content provider {com.google.android.googlequicksearchbox/com.google.android.apps.gsa.staticplugins.publiccontent.GsaPublicContentProvider}
05-07 13:42:17.839   906   967 W ActivityManager: Slow operation: 70ms so far, now at startProcess: starting to update pids map
05-07 13:42:17.839   906   967 W ActivityManager: Slow operation: 70ms so far, now at startProcess: done updating pids map
05-07 13:42:17.843   906   947 W Looper  : Drained
05-07 13:42:18.169   906  1391 I BackupManagerService: Backup enabled => true
05-07 13:42:18.424   906  2189 W Telecom : PhoneAccountRegistrar: Trying to set nonexistent default outgoing ComponentInfo{com.android.phone/com.android.services.telephony.TelephonyConnectionService}, ***, UserHandle{0}: TSI.sUSOPA@ABI
05-07 13:42:18.426   906  1391 V BackupManagerConstants: getFullBackupIntervalMilliseconds(...) returns 86400000
05-07 13:42:18.427   906  1391 V BackupManagerConstants: getFullBackupRequiredNetworkType(...) returns 2
05-07 13:42:18.427   906  1391 V BackupManagerConstants: getFullBackupRequireCharging(...) returns true
05-07 13:42:18.433   906   965 W NetworkPolicy: setRestrictBackgroundUL: already true
05-07 13:42:18.521   906  1453 I SyncManager: Loaded persisted syncs: 9 periodic syncs, 8 oneshot syncs, 31 total system server jobs, JobStats: FirstLoad: 121/19/17 LastSave: -1/-1/-1
05-07 13:42:18.572  1791  1791 I TelecomFramework: : onSubscriptionsChanged - update accounts
05-07 13:42:18.572  1791  1791 I TelecomFramework: PstnIncomingCallNotifier: Unregistering: Handler (com.android.internal.telephony.GsmCdmaPhone) {b55fd01}
05-07 13:42:18.575  1791  1791 I TelecomFramework: TelecomAccountRegistry: setupAccounts: Found 1 phones.  Attempting to register.
05-07 13:42:18.576  1791  1791 I TelecomFramework: TelecomAccountRegistry: setupAccounts: Phone with subscription id 2
05-07 13:42:18.611   906  2195 I Telecom : PhoneAccountRegistrar: New phone account registered: [[ ] PhoneAccount: ComponentInfo{com.android.phone/com.android.services.telephony.TelephonyConnectionService}, ***, UserHandle{0} Capabilities: CallProvider MultiUser PlaceEmerg SimSub  Audio Routes: BESW Schemes: tel voicemail  Extras: Bundle[{android.telecom.extra.SUPPORTS_VIDEO_CALLING_FALLBACK=true, android.telecom.extra.SUPPORTS_HANDOVER_FROM=true}] GroupId: ***]: TSI.rPA@ABM
05-07 13:42:18.616   906  2195 I Telecom : CallsManager: Sending phone-account ComponentInfo{com.android.phone/com.android.services.telephony.TelephonyConnectionService}, ***, UserHandle{0} registered intent as user: TSI.rPA@ABM
05-07 13:42:18.633   906  2195 I Telecom : CallsManager: Sending phone-account registered intent to default dialer: TSI.rPA@ABM
05-07 13:42:18.634  1791  1791 I TelecomFramework: AccountEntry: Registered phoneAccount: [[ ] PhoneAccount: ComponentInfo{com.android.phone/com.android.services.telephony.TelephonyConnectionService}, ***, UserHandle{0} Capabilities: CallProvider MultiUser PlaceEmerg SimSub  Audio Routes: BESW Schemes: tel voicemail  Extras: Bundle[{android.telecom.extra.SUPPORTS_VIDEO_CALLING_FALLBACK=true, android.telecom.extra.SUPPORTS_HANDOVER_FROM=true}] GroupId: ***] with handle: ComponentInfo{com.android.phone/com.android.services.telephony.TelephonyConnectionService}, ***, UserHandle{0}
05-07 13:42:18.634  1791  1791 I TelecomFramework: PstnIncomingCallNotifier: Registering: Handler (com.android.internal.telephony.GsmCdmaPhone) {b55fd01}
05-07 13:42:18.645  1791  1791 I TelecomFramework: TelecomAccountRegistry: Unregistering phone account ComponentInfo{com.android.phone/com.android.services.telephony.TelephonyConnectionService}, ***, UserHandle{0}.
05-07 13:42:18.647   906  2195 I Telecom : CallsManager: Sending phone-account ComponentInfo{com.android.phone/com.android.services.telephony.TelephonyConnectionService}, ***, UserHandle{0} unregistered intent as user: TSI.uPA@ABU
05-07 13:42:18.649   906  2195 I Telecom : CallsManager: Sending phone-account unregistered intent to default dialer: TSI.uPA@ABU
05-07 13:42:18.854  1791  1791 I TelecomFramework: : onSubscriptionsChanged - update accounts
05-07 13:42:18.854  1791  1791 I TelecomFramework: PstnIncomingCallNotifier: Unregistering: Handler (com.android.internal.telephony.GsmCdmaPhone) {b55fd01}
05-07 13:42:18.858  1791  1791 I TelecomFramework: TelecomAccountRegistry: setupAccounts: Found 1 phones.  Attempting to register.
05-07 13:42:18.858  1791  1791 I TelecomFramework: TelecomAccountRegistry: setupAccounts: Phone with subscription id 2
05-07 13:42:18.892   906  1879 I Telecom : PhoneAccountRegistrar: Modify account: [ComponentInfo{com.android.phone/com.android.services.telephony.TelephonyConnectionService}, ***, UserHandle{0}]: TSI.rPA@ABc
05-07 13:42:18.896   906  1879 I Telecom : CallsManager: handlePhoneAccountChanged: phoneAccount=[[X] PhoneAccount: ComponentInfo{com.android.phone/com.android.services.telephony.TelephonyConnectionService}, ***, UserHandle{0} Capabilities: CallProvider MultiUser PlaceEmerg SimSub  Audio Routes: BESW Schemes: tel voicemail  Extras: Bundle[{android.telecom.extra.SUPPORTS_VIDEO_CALLING_FALLBACK=true, android.telecom.extra.SUPPORTS_HANDOVER_FROM=true}] GroupId: ***]: TSI.rPA@ABc
05-07 13:42:18.896  1791  1791 I TelecomFramework: AccountEntry: Registered phoneAccount: [[ ] PhoneAccount: ComponentInfo{com.android.phone/com.android.services.telephony.TelephonyConnectionService}, ***, UserHandle{0} Capabilities: CallProvider MultiUser PlaceEmerg SimSub  Audio Routes: BESW Schemes: tel voicemail  Extras: Bundle[{android.telecom.extra.SUPPORTS_VIDEO_CALLING_FALLBACK=true, android.telecom.extra.SUPPORTS_HANDOVER_FROM=true}] GroupId: ***] with handle: ComponentInfo{com.android.phone/com.android.services.telephony.TelephonyConnectionService}, ***, UserHandle{0}
05-07 13:42:18.897  1791  1791 I TelecomFramework: PstnIncomingCallNotifier: Registering: Handler (com.android.internal.telephony.GsmCdmaPhone) {b55fd01}
05-07 13:42:18.920  1791  1791 I TelecomFramework: : onSubscriptionsChanged - update accounts
05-07 13:42:18.920  1791  1791 I TelecomFramework: PstnIncomingCallNotifier: Unregistering: Handler (com.android.internal.telephony.GsmCdmaPhone) {b55fd01}
05-07 13:42:18.924  1791  1791 I TelecomFramework: TelecomAccountRegistry: setupAccounts: Found 1 phones.  Attempting to register.
05-07 13:42:18.924  1791  1791 I TelecomFramework: TelecomAccountRegistry: setupAccounts: Phone with subscription id 2
05-07 13:42:18.951   906  2195 I Telecom : PhoneAccountRegistrar: Modify account: [ComponentInfo{com.android.phone/com.android.services.telephony.TelephonyConnectionService}, ***, UserHandle{0}]: TSI.rPA@ABo
05-07 13:42:18.953   906  2195 I Telecom : CallsManager: handlePhoneAccountChanged: phoneAccount=[[X] PhoneAccount: ComponentInfo{com.android.phone/com.android.services.telephony.TelephonyConnectionService}, ***, UserHandle{0} Capabilities: CallProvider MultiUser PlaceEmerg SimSub  Audio Routes: BESW Schemes: tel voicemail  Extras: Bundle[{android.telecom.extra.SUPPORTS_VIDEO_CALLING_FALLBACK=true, android.telecom.extra.SUPPORTS_HANDOVER_FROM=true}] GroupId: ***]: TSI.rPA@ABo
05-07 13:42:18.953  1791  1791 I TelecomFramework: AccountEntry: Registered phoneAccount: [[ ] PhoneAccount: ComponentInfo{com.android.phone/com.android.services.telephony.TelephonyConnectionService}, ***, UserHandle{0} Capabilities: CallProvider MultiUser PlaceEmerg SimSub  Audio Routes: BESW Schemes: tel voicemail  Extras: Bundle[{android.telecom.extra.SUPPORTS_VIDEO_CALLING_FALLBACK=true, android.telecom.extra.SUPPORTS_HANDOVER_FROM=true}] GroupId: ***] with handle: ComponentInfo{com.android.phone/com.android.services.telephony.TelephonyConnectionService}, ***, UserHandle{0}
05-07 13:42:18.954  1791  1791 I TelecomFramework: PstnIncomingCallNotifier: Registering: Handler (com.android.internal.telephony.GsmCdmaPhone) {b55fd01}
05-07 13:42:18.962  1791  1791 I TelecomFramework: PstnIncomingCallNotifier: Unregistering: Handler (com.android.internal.telephony.GsmCdmaPhone) {b55fd01}
05-07 13:42:18.967  1791  1791 I TelecomFramework: TelecomAccountRegistry: setupAccounts: Found 1 phones.  Attempting to register.
05-07 13:42:18.968  1791  1791 I TelecomFramework: TelecomAccountRegistry: setupAccounts: Phone with subscription id 2
05-07 13:42:19.003   906  2189 I Telecom : PhoneAccountRegistrar: Modify account: [ComponentInfo{com.android.phone/com.android.services.telephony.TelephonyConnectionService}, ***, UserHandle{0}]: TSI.rPA@AB0
05-07 13:42:19.004   906  2189 I Telecom : CallsManager: handlePhoneAccountChanged: phoneAccount=[[X] PhoneAccount: ComponentInfo{com.android.phone/com.android.services.telephony.TelephonyConnectionService}, ***, UserHandle{0} Capabilities: CallProvider MultiUser PlaceEmerg SimSub  Audio Routes: BESW Schemes: tel voicemail  Extras: Bundle[{android.telecom.extra.SUPPORTS_VIDEO_CALLING_FALLBACK=true, android.telecom.extra.SUPPORTS_HANDOVER_FROM=true}] GroupId: ***]: TSI.rPA@AB0
05-07 13:42:19.006  1791  1791 I TelecomFramework: AccountEntry: Registered phoneAccount: [[ ] PhoneAccount: ComponentInfo{com.android.phone/com.android.services.telephony.TelephonyConnectionService}, ***, UserHandle{0} Capabilities: CallProvider MultiUser PlaceEmerg SimSub  Audio Routes: BESW Schemes: tel voicemail  Extras: Bundle[{android.telecom.extra.SUPPORTS_VIDEO_CALLING_FALLBACK=true, android.telecom.extra.SUPPORTS_HANDOVER_FROM=true}] GroupId: ***] with handle: ComponentInfo{com.android.phone/com.android.services.telephony.TelephonyConnectionService}, ***, UserHandle{0}
05-07 13:42:19.006  1791  1791 I TelecomFramework: PstnIncomingCallNotifier: Registering: Handler (com.android.internal.telephony.GsmCdmaPhone) {b55fd01}
05-07 13:42:19.015   906   967 I ActivityManager: Start proc 2435:com.google.process.gapps/u0a8 for content provider {com.google.android.gsf/com.google.android.gsf.settings.GoogleSettingsProvider}
05-07 13:42:19.016   906   906 V ConditionProviders: 0 condition provider service connected: ComponentInfo{com.google.android.gms/com.google.android.location.settings.DrivingConditionProvider}
05-07 13:42:19.019  1791  1791 I TelecomFramework: : onSubscriptionsChanged - update accounts
05-07 13:42:19.020  1791  1791 I TelecomFramework: PstnIncomingCallNotifier: Unregistering: Handler (com.android.internal.telephony.GsmCdmaPhone) {b55fd01}
05-07 13:42:19.022  1791  1791 I TelecomFramework: TelecomAccountRegistry: setupAccounts: Found 1 phones.  Attempting to register.
05-07 13:42:19.022  1791  1791 I TelecomFramework: TelecomAccountRegistry: setupAccounts: Phone with subscription id 2
05-07 13:42:19.056   906  2195 I Telecom : PhoneAccountRegistrar: Modify account: [ComponentInfo{com.android.phone/com.android.services.telephony.TelephonyConnectionService}, ***, UserHandle{0}]: TSI.rPA@ACA
05-07 13:42:19.070   906  2195 I Telecom : CallsManager: handlePhoneAccountChanged: phoneAccount=[[X] PhoneAccount: ComponentInfo{com.android.phone/com.android.services.telephony.TelephonyConnectionService}, ***, UserHandle{0} Capabilities: CallProvider MultiUser PlaceEmerg SimSub  Audio Routes: BESW Schemes: tel voicemail  Extras: Bundle[{android.telecom.extra.SUPPORTS_VIDEO_CALLING_FALLBACK=true, android.telecom.extra.SUPPORTS_HANDOVER_FROM=true}] GroupId: ***]: TSI.rPA@ACA
05-07 13:42:19.071  1791  1791 I TelecomFramework: AccountEntry: Registered phoneAccount: [[ ] PhoneAccount: ComponentInfo{com.android.phone/com.android.services.telephony.TelephonyConnectionService}, ***, UserHandle{0} Capabilities: CallProvider MultiUser PlaceEmerg SimSub  Audio Routes: BESW Schemes: tel voicemail  Extras: Bundle[{android.telecom.extra.SUPPORTS_VIDEO_CALLING_FALLBACK=true, android.telecom.extra.SUPPORTS_HANDOVER_FROM=true}] GroupId: ***] with handle: ComponentInfo{com.android.phone/com.android.services.telephony.TelephonyConnectionService}, ***, UserHandle{0}
05-07 13:42:19.071  1791  1791 I TelecomFramework: PstnIncomingCallNotifier: Registering: Handler (com.android.internal.telephony.GsmCdmaPhone) {b55fd01}
05-07 13:42:19.080   906   967 I ActivityManager: Start proc 2459:com.android.cellbroadcastreceiver/u0a36 for broadcast {com.android.cellbroadcastreceiver/com.android.cellbroadcastreceiver.CellBroadcastReceiver}
05-07 13:42:19.080  1791  1791 I TelecomFramework: : onSubscriptionsChanged - update accounts
05-07 13:42:19.081  1791  1791 I TelecomFramework: PstnIncomingCallNotifier: Unregistering: Handler (com.android.internal.telephony.GsmCdmaPhone) {b55fd01}
05-07 13:42:19.085  1791  1791 I TelecomFramework: TelecomAccountRegistry: setupAccounts: Found 1 phones.  Attempting to register.
05-07 13:42:19.085  1791  1791 I TelecomFramework: TelecomAccountRegistry: setupAccounts: Phone with subscription id 2
05-07 13:42:19.120   906  2195 I Telecom : PhoneAccountRegistrar: Modify account: [ComponentInfo{com.android.phone/com.android.services.telephony.TelephonyConnectionService}, ***, UserHandle{0}]: TSI.rPA@ACM
05-07 13:42:19.123   906  2195 I Telecom : CallsManager: handlePhoneAccountChanged: phoneAccount=[[X] PhoneAccount: ComponentInfo{com.android.phone/com.android.services.telephony.TelephonyConnectionService}, ***, UserHandle{0} Capabilities: CallProvider MultiUser PlaceEmerg SimSub  Audio Routes: BESW Schemes: tel voicemail  Extras: Bundle[{android.telecom.extra.SUPPORTS_VIDEO_CALLING_FALLBACK=true, android.telecom.extra.SUPPORTS_HANDOVER_FROM=true}] GroupId: ***]: TSI.rPA@ACM
05-07 13:42:19.123  1791  1791 I TelecomFramework: AccountEntry: Registered phoneAccount: [[ ] PhoneAccount: ComponentInfo{com.android.phone/com.android.services.telephony.TelephonyConnectionService}, ***, UserHandle{0} Capabilities: CallProvider MultiUser PlaceEmerg SimSub  Audio Routes: BESW Schemes: tel voicemail  Extras: Bundle[{android.telecom.extra.SUPPORTS_VIDEO_CALLING_FALLBACK=true, android.telecom.extra.SUPPORTS_HANDOVER_FROM=true}] GroupId: ***] with handle: ComponentInfo{com.android.phone/com.android.services.telephony.TelephonyConnectionService}, ***, UserHandle{0}
05-07 13:42:19.123  1791  1791 I TelecomFramework: PstnIncomingCallNotifier: Registering: Handler (com.android.internal.telephony.GsmCdmaPhone) {b55fd01}
05-07 13:42:19.149  1791  1791 I TelecomFramework: : onSubscriptionsChanged - update accounts
05-07 13:42:19.149  1791  1791 I TelecomFramework: PstnIncomingCallNotifier: Unregistering: Handler (com.android.internal.telephony.GsmCdmaPhone) {b55fd01}
05-07 13:42:19.161  1791  1791 I TelecomFramework: TelecomAccountRegistry: setupAccounts: Found 1 phones.  Attempting to register.
05-07 13:42:19.161  1791  1791 I TelecomFramework: TelecomAccountRegistry: setupAccounts: Phone with subscription id 2
05-07 13:42:19.198   906  2195 I Telecom : PhoneAccountRegistrar: Modify account: [ComponentInfo{com.android.phone/com.android.services.telephony.TelephonyConnectionService}, ***, UserHandle{0}]: TSI.rPA@ACY
05-07 13:42:19.199   906  2195 I Telecom : CallsManager: handlePhoneAccountChanged: phoneAccount=[[X] PhoneAccount: ComponentInfo{com.android.phone/com.android.services.telephony.TelephonyConnectionService}, ***, UserHandle{0} Capabilities: CallProvider MultiUser PlaceEmerg SimSub  Audio Routes: BESW Schemes: tel voicemail  Extras: Bundle[{android.telecom.extra.SUPPORTS_VIDEO_CALLING_FALLBACK=true, android.telecom.extra.SUPPORTS_HANDOVER_FROM=true}] GroupId: ***]: TSI.rPA@ACY
05-07 13:42:19.201  1791  1791 I TelecomFramework: AccountEntry: Registered phoneAccount: [[ ] PhoneAccount: ComponentInfo{com.android.phone/com.android.services.telephony.TelephonyConnectionService}, ***, UserHandle{0} Capabilities: CallProvider MultiUser PlaceEmerg SimSub  Audio Routes: BESW Schemes: tel voicemail  Extras: Bundle[{android.telecom.extra.SUPPORTS_VIDEO_CALLING_FALLBACK=true, android.telecom.extra.SUPPORTS_HANDOVER_FROM=true}] GroupId: ***] with handle: ComponentInfo{com.android.phone/com.android.services.telephony.TelephonyConnectionService}, ***, UserHandle{0}
05-07 13:42:19.202  1791  1791 I TelecomFramework: PstnIncomingCallNotifier: Registering: Handler (com.android.internal.telephony.GsmCdmaPhone) {b55fd01}
05-07 13:42:19.221   906  1482 W BroadcastQueue: Background execution not allowed: receiving Intent { act=android.intent.action.ACTION_POWER_DISCONNECTED flg=0x4000010 (has extras) } to com.google.android.gms/.chimera.GmsIntentOperationService$PersistentTrustedReceiver
05-07 13:42:19.229  1791  1791 I TelecomFramework: : onSubscriptionsChanged - update accounts
05-07 13:42:19.229  1791  1791 I TelecomFramework: PstnIncomingCallNotifier: Unregistering: Handler (com.android.internal.telephony.GsmCdmaPhone) {b55fd01}
05-07 13:42:19.233  1791  1791 I TelecomFramework: TelecomAccountRegistry: setupAccounts: Found 1 phones.  Attempting to register.
05-07 13:42:19.233  1791  1791 I TelecomFramework: TelecomAccountRegistry: setupAccounts: Phone with subscription id 2
05-07 13:42:19.299   906  1879 I Telecom : PhoneAccountRegistrar: Modify account: [ComponentInfo{com.android.phone/com.android.services.telephony.TelephonyConnectionService}, ***, UserHandle{0}]: TSI.rPA@ACk
05-07 13:42:19.302   906  1879 I Telecom : CallsManager: handlePhoneAccountChanged: phoneAccount=[[X] PhoneAccount: ComponentInfo{com.android.phone/com.android.services.telephony.TelephonyConnectionService}, ***, UserHandle{0} Capabilities: CallProvider MultiUser PlaceEmerg SimSub  Audio Routes: BESW Schemes: tel voicemail  Extras: Bundle[{android.telecom.extra.SUPPORTS_VIDEO_CALLING_FALLBACK=true, android.telecom.extra.SUPPORTS_HANDOVER_FROM=true}] GroupId: ***]: TSI.rPA@ACk
05-07 13:42:19.302  1791  1791 I TelecomFramework: AccountEntry: Registered phoneAccount: [[ ] PhoneAccount: ComponentInfo{com.android.phone/com.android.services.telephony.TelephonyConnectionService}, ***, UserHandle{0} Capabilities: CallProvider MultiUser PlaceEmerg SimSub  Audio Routes: BESW Schemes: tel voicemail  Extras: Bundle[{android.telecom.extra.SUPPORTS_VIDEO_CALLING_FALLBACK=true, android.telecom.extra.SUPPORTS_HANDOVER_FROM=true}] GroupId: ***] with handle: ComponentInfo{com.android.phone/com.android.services.telephony.TelephonyConnectionService}, ***, UserHandle{0}
05-07 13:42:19.302  1791  1791 I TelecomFramework: PstnIncomingCallNotifier: Registering: Handler (com.android.internal.telephony.GsmCdmaPhone) {b55fd01}
05-07 13:42:19.344   906   965 D PinnerService: pinRangeStream: java.util.zip.ZipFile$ZipFileInflaterInputStream@943e340
05-07 13:42:19.391   906   931 W ActivityManager: Skipping broadcast of Intent { act=android.telephony.action.SHOW_VOICEMAIL_NOTIFICATION flg=0x10000010 (has extras) }: user 11 and its parent (if any) are stopped
05-07 13:42:19.394   906   931 W ActivityManager: Skipping broadcast of Intent { act=android.telephony.action.SHOW_VOICEMAIL_NOTIFICATION flg=0x10000010 (has extras) }: user 12 and its parent (if any) are stopped
05-07 13:42:19.402  2300  2477 I SystemConfig: Adding association: com.google.android.as <- com.android.providers.contacts
05-07 13:42:19.402  2300  2477 I SystemConfig: Adding association: com.google.android.as <- com.android.providers.media
05-07 13:42:19.402  2300  2477 I SystemConfig: Adding association: com.google.android.as <- com.android.providers.telephony
05-07 13:42:19.402  2300  2477 I SystemConfig: Adding association: com.google.android.as <- com.android.systemui
05-07 13:42:19.402  2300  2477 I SystemConfig: Adding association: com.google.android.as <- com.google.android.gms
05-07 13:42:19.402  2300  2477 I SystemConfig: Adding association: com.google.android.as <- com.google.android.gsf
05-07 13:42:19.415   906  1879 W ActivityManager: Skipping broadcast of Intent { act=android.telephony.action.SHOW_VOICEMAIL_NOTIFICATION flg=0x10000010 (has extras) }: user 11 and its parent (if any) are stopped
05-07 13:42:19.419   906   967 I ActivityManager: Start proc 2492:com.google.android.dialer/u0a43 for broadcast {com.google.android.dialer/com.android.dialer.app.calllog.LegacyVoicemailNotificationReceiver_Receiver}
05-07 13:42:19.421   906  2189 W ActivityManager: Skipping broadcast of Intent { act=android.telephony.action.SHOW_VOICEMAIL_NOTIFICATION flg=0x10000010 (has extras) }: user 12 and its parent (if any) are stopped
05-07 13:42:19.427  1791  1791 I TelecomFramework: PstnPhoneCapabilitiesNotifier: handleVideoCapabilitesChanged. Video capability - false
05-07 13:42:19.436  2300  2477 W SystemConfig: No directory /product_services/etc/sysconfig, skipping
05-07 13:42:19.437  2300  2477 W SystemConfig: No directory /product_services/etc/permissions, skipping
05-07 13:42:19.444   906   931 W ActivityManager: Skipping broadcast of Intent { act=android.telephony.action.SHOW_VOICEMAIL_NOTIFICATION flg=0x10000010 (has extras) }: user 11 and its parent (if any) are stopped
05-07 13:42:19.448   906  2189 W ActivityManager: Skipping broadcast of Intent { act=android.telephony.action.SHOW_VOICEMAIL_NOTIFICATION flg=0x10000010 (has extras) }: user 12 and its parent (if any) are stopped
05-07 13:42:19.449  1791  1791 I TelecomFramework: : onSubscriptionsChanged - update accounts
05-07 13:42:19.449  1791  1791 I TelecomFramework: PstnIncomingCallNotifier: Unregistering: Handler (com.android.internal.telephony.GsmCdmaPhone) {b55fd01}
05-07 13:42:19.451  1791  1791 I TelecomFramework: TelecomAccountRegistry: setupAccounts: Found 1 phones.  Attempting to register.
05-07 13:42:19.451  1791  1791 I TelecomFramework: TelecomAccountRegistry: setupAccounts: Phone with subscription id 2
05-07 13:42:19.487   906   932 I Telecom : PhoneAccountRegistrar: Modify account: [ComponentInfo{com.android.phone/com.android.services.telephony.TelephonyConnectionService}, ***, UserHandle{0}]: TSI.rPA@ACw
05-07 13:42:19.489   906   932 I Telecom : CallsManager: handlePhoneAccountChanged: phoneAccount=[[X] PhoneAccount: ComponentInfo{com.android.phone/com.android.services.telephony.TelephonyConnectionService}, ***, UserHandle{0} Capabilities: CallProvider MultiUser PlaceEmerg SimSub  Audio Routes: BESW Schemes: tel voicemail  Extras: Bundle[{android.telecom.extra.SUPPORTS_VIDEO_CALLING_FALLBACK=true, android.telecom.extra.SUPPORTS_HANDOVER_FROM=true}] GroupId: ***]: TSI.rPA@ACw
05-07 13:42:19.489  1791  1791 I TelecomFramework: AccountEntry: Registered phoneAccount: [[ ] PhoneAccount: ComponentInfo{com.android.phone/com.android.services.telephony.TelephonyConnectionService}, ***, UserHandle{0} Capabilities: CallProvider MultiUser PlaceEmerg SimSub  Audio Routes: BESW Schemes: tel voicemail  Extras: Bundle[{android.telecom.extra.SUPPORTS_VIDEO_CALLING_FALLBACK=true, android.telecom.extra.SUPPORTS_HANDOVER_FROM=true}] GroupId: ***] with handle: ComponentInfo{com.android.phone/com.android.services.telephony.TelephonyConnectionService}, ***, UserHandle{0}
05-07 13:42:19.489  1791  1791 I TelecomFramework: PstnIncomingCallNotifier: Registering: Handler (com.android.internal.telephony.GsmCdmaPhone) {b55fd01}
05-07 13:42:19.495  2300  2477 W PackageParser: Unknown element under <manifest>: queries at /data/user_de/0/com.google.android.gms/app_chimera/m/00000165/AdsDynamite.apk Binary XML file line #5
05-07 13:42:19.522   906  2189 W ActivityManager: Skipping broadcast of Intent { act=android.telephony.action.SHOW_VOICEMAIL_NOTIFICATION flg=0x10000010 (has extras) }: user 11 and its parent (if any) are stopped
05-07 13:42:19.535   906  2189 W ActivityManager: Skipping broadcast of Intent { act=android.telephony.action.SHOW_VOICEMAIL_NOTIFICATION flg=0x10000010 (has extras) }: user 12 and its parent (if any) are stopped
05-07 13:42:19.554   906  1879 W ActivityManager: Skipping broadcast of Intent { act=android.telephony.action.SHOW_VOICEMAIL_NOTIFICATION flg=0x10000010 (has extras) }: user 11 and its parent (if any) are stopped
05-07 13:42:19.557   906   932 W ActivityManager: Skipping broadcast of Intent { act=android.telephony.action.SHOW_VOICEMAIL_NOTIFICATION flg=0x10000010 (has extras) }: user 12 and its parent (if any) are stopped
05-07 13:42:19.557  1791  1791 I TelecomFramework: : onSubscriptionsChanged - update accounts
05-07 13:42:19.558  1791  1791 I TelecomFramework: PstnIncomingCallNotifier: Unregistering: Handler (com.android.internal.telephony.GsmCdmaPhone) {b55fd01}
05-07 13:42:19.560  1791  1791 I TelecomFramework: TelecomAccountRegistry: setupAccounts: Found 1 phones.  Attempting to register.
05-07 13:42:19.560  1791  1791 I TelecomFramework: TelecomAccountRegistry: setupAccounts: Phone with subscription id 2
05-07 13:42:19.594  2300  2477 W PackageParser: Unknown element under <manifest>: queries at /data/user_de/0/com.google.android.gms/app_chimera/m/0000018f/dl-AdsFdrDynamite.integ_210890500100000.apk Binary XML file line #5
05-07 13:42:19.597   906   932 I Telecom : PhoneAccountRegistrar: Modify account: [ComponentInfo{com.android.phone/com.android.services.telephony.TelephonyConnectionService}, ***, UserHandle{0}]: TSI.rPA@AC8
05-07 13:42:19.599   906   932 I Telecom : CallsManager: handlePhoneAccountChanged: phoneAccount=[[X] PhoneAccount: ComponentInfo{com.android.phone/com.android.services.telephony.TelephonyConnectionService}, ***, UserHandle{0} Capabilities: CallProvider MultiUser PlaceEmerg SimSub  Audio Routes: BESW Schemes: tel voicemail  Extras: Bundle[{android.telecom.extra.SUPPORTS_VIDEO_CALLING_FALLBACK=true, android.telecom.extra.SUPPORTS_HANDOVER_FROM=true}] GroupId: ***]: TSI.rPA@AC8
05-07 13:42:19.600  1791  1791 I TelecomFramework: AccountEntry: Registered phoneAccount: [[ ] PhoneAccount: ComponentInfo{com.android.phone/com.android.services.telephony.TelephonyConnectionService}, ***, UserHandle{0} Capabilities: CallProvider MultiUser PlaceEmerg SimSub  Audio Routes: BESW Schemes: tel voicemail  Extras: Bundle[{android.telecom.extra.SUPPORTS_VIDEO_CALLING_FALLBACK=true, android.telecom.extra.SUPPORTS_HANDOVER_FROM=true}] GroupId: ***] with handle: ComponentInfo{com.android.phone/com.android.services.telephony.TelephonyConnectionService}, ***, UserHandle{0}
05-07 13:42:19.600  1791  1791 I TelecomFramework: PstnIncomingCallNotifier: Registering: Handler (com.android.internal.telephony.GsmCdmaPhone) {b55fd01}
05-07 13:42:19.628   906  2189 W ActivityManager: Skipping broadcast of Intent { act=android.telephony.action.SHOW_VOICEMAIL_NOTIFICATION flg=0x10000010 (has extras) }: user 11 and its parent (if any) are stopped
05-07 13:42:19.635   906  1879 W ActivityManager: Skipping broadcast of Intent { act=android.telephony.action.SHOW_VOICEMAIL_NOTIFICATION flg=0x10000010 (has extras) }: user 12 and its parent (if any) are stopped
05-07 13:42:19.637  1791  1791 I TelecomFramework: PstnPhoneCapabilitiesNotifier: handleVideoCapabilitesChanged. Video capability - false
05-07 13:42:19.670  1791  1791 I chatty  : uid=1001(radio) m.android.phone identical 4 lines
05-07 13:42:19.674  1791  1791 I TelecomFramework: PstnPhoneCapabilitiesNotifier: handleVideoCapabilitesChanged. Video capability - false
05-07 13:42:19.680  2300  2477 W PackageParser: Unknown element under <manifest>: queries at /data/user_de/0/com.google.android.gms/app_chimera/m/00000191/dl-Payments.integ_211290904100400.apk Binary XML file line #5
05-07 13:42:19.682   906   965 D PinnerService: pinRangeStream: null
05-07 13:42:19.693  1791  1791 I TelecomFramework: PstnPhoneCapabilitiesNotifier: handleVideoCapabilitesChanged. Video capability - false
05-07 13:42:19.756   906   965 D PinnerService: pinRangeStream: null
05-07 13:42:19.807  1791  1791 I TelecomFramework: PstnPhoneCapabilitiesNotifier: handleVideoCapabilitesChanged. Video capability - false
05-07 13:42:19.821  1791  1791 I TelecomFramework: PstnPhoneCapabilitiesNotifier: handleVideoCapabilitesChanged. Video capability - false
05-07 13:42:19.873   906  2189 I Telecom : PhoneAccountRegistrar: Modify account: [ComponentInfo{com.android.phone/com.android.services.telephony.TelephonyConnectionService}, ***, UserHandle{0}]: TSI.rPA@ADI
05-07 13:42:19.875   906  2189 I Telecom : CallsManager: handlePhoneAccountChanged: phoneAccount=[[X] PhoneAccount: ComponentInfo{com.android.phone/com.android.services.telephony.TelephonyConnectionService}, ***, UserHandle{0} Capabilities: CallProvider MultiUser PlaceEmerg SimSub  Audio Routes: BESW Schemes: tel voicemail  Extras: Bundle[{android.telecom.extra.SUPPORTS_VIDEO_CALLING_FALLBACK=true, android.telecom.extra.SUPPORTS_HANDOVER_FROM=true}] GroupId: ***]: TSI.rPA@ADI
05-07 13:42:20.095   906   906 I Telecom : PhoneAccountRegistrar: getSimCallManager: SimCallManager for subId 2 queried, returning: null: TSI.gSCMFU@ADc
05-07 13:42:20.101   906   906 I Telecom : PhoneAccountRegistrar: getSimCallManager: SimCallManager for subId 2 queried, returning: null: TSI.gSCMFU@ADg
05-07 13:42:20.105   906   906 I Telecom : PhoneAccountRegistrar: getSimCallManager: SimCallManager for subId 2 queried, returning: null: TSI.gSCMFU@ADk
05-07 13:42:20.111  1791  1791 I TelecomFramework: : Carrier-config changed, checking for phone account updates.
