05-07 13:42:01.473   906   906 I PackageManager: Un-granting permission android.permission.ACCESS_BLUETOOTH_SHARE from package com.UCMobile.intl (protectionLevel=2 flags=0x18183e44)
05-07 13:42:01.473   906   906 I PackageManager: Un-granting permission android.permission.MOUNT_UNMOUNT_FILESYSTEMS from package com.UCMobile.intl (protectionLevel=18 flags=0x18183e44)
05-07 13:42:01.473   906   906 I PackageManager: Un-granting permission android.permission.CLEAR_APP_CACHE from package com.UCMobile.intl (protectionLevel=18 flags=0x18183e44)
05-07 13:42:01.474   906   906 I PackageManager: Un-granting permission android.permission.WRITE_MEDIA_STORAGE from package com.google.android.apps.photos (protectionLevel=18 flags=0x3859bec5)
05-07 13:42:01.474   906   906 I PackageManager: Un-granting permission android.permission.INTERACT_ACROSS_PROFILES from package com.google.android.calendar (protectionLevel=18 flags=0x304bbec5)
05-07 13:42:01.474   906   906 I PackageManager: Un-granting permission android.permission.WRITE_SETTINGS from package com.splendapps.vox (protectionLevel=1218 flags=0x3848be44)
05-07 13:42:01.474   906   906 I PackageManager: Un-granting permission android.permission.WRITE_SETTINGS from package com.facebook.katana (protectionLevel=1218 flags=0x30583e44)
05-07 13:42:01.474   906   906 I PackageManager: Un-granting permission android.permission.BATTERY_STATS from package com.facebook.katana (protectionLevel=50 flags=0x30583e44)
05-07 13:42:01.477   906   906 I PackageManager: Un-granting permission com.google.android.finsky.permission.GEARHEAD_SERVICE from package com.google.android.projection.gearhead (protectionLevel=18 flags=0x380bbec5)
05-07 13:42:01.477   906   906 I PackageManager: Un-granting permission android.permission.CHANGE_COMPONENT_ENABLED_STATE from package com.google.android.projection.gearhead (protectionLevel=18 flags=0x380bbec5)
05-07 13:42:01.477   906   906 I PackageManager: Un-granting permission android.permission.INTERACT_ACROSS_PROFILES from package com.google.android.projection.gearhead (protectionLevel=18 flags=0x380bbec5)
05-07 13:42:01.477   906   906 I PackageManager: Un-granting permission android.permission.DUMP from package com.google.android.apps.turbo (protectionLevel=50 flags=0x304bbec5)
05-07 13:42:01.478   906   906 I PackageManager: Un-granting permission android.permission.WRITE_SETTINGS from package android.media.cts (protectionLevel=1218 flags=0x3808be44)
05-07 13:42:01.478   906   906 I PackageManager: Un-granting permission android.permission.SET_WALLPAPER_COMPONENT from package com.google.android.apps.wallpaper (protectionLevel=18 flags=0x204bbec5)
05-07 13:42:01.479   906   906 I PackageManager: Un-granting permission android.permission.BIND_WALLPAPER from package com.google.android.apps.wallpaper (protectionLevel=18 flags=0x204bbec5)
05-07 13:42:01.479   906   906 I PackageManager: Un-granting permission android.permission.CHANGE_OVERLAY_PACKAGES from package com.google.android.apps.wallpaper (protectionLevel=18 flags=0x204bbec5)
05-07 13:42:01.479   906   906 I PackageManager: Un-granting permission android.permission.WRITE_SECURE_SETTINGS from package com.google.android.apps.wallpaper (protectionLevel=50 flags=0x204bbec5)
05-07 13:42:01.483   906   906 I PackageManager: Un-granting permission android.permission.CAPTURE_VIDEO_OUTPUT from package com.google.android.apps.helprtc (protectionLevel=2 flags=0x30483ec5)
05-07 13:42:01.483   906   906 I PackageManager: Un-granting permission android.permission.READ_PRIVILEGED_PHONE_STATE from package com.google.android.apps.gcs (protectionLevel=18 flags=0x284bbec5)
05-07 13:42:01.484   906   906 I PackageManager: Un-granting permission android.permission.BLUETOOTH_PRIVILEGED from package com.google.android.mobly.snippet.bundled (protectionLevel=18 flags=0x38083e46)
05-07 13:42:01.484   906   906 I PackageManager: Un-granting permission android.permission.BIND_WALLPAPER from package com.google.android.GoogleCamera (protectionLevel=18 flags=0x205bbcc5)
05-07 13:42:01.485   906   906 I PackageManager: Un-granting permission android.permission.WRITE_SETTINGS from package com.media.bestrecorder.audiorecorder (protectionLevel=1218 flags=0x3018be44)
05-07 13:42:01.485   906   906 I PackageManager: Un-granting permission android.permission.INTERACT_ACROSS_PROFILES from package com.google.android.inputmethod.latin (protectionLevel=18 flags=0x204abec5)
05-07 13:42:01.486   906   906 V PackageManager: reconcileAppsData for null u0 0x1 migrateAppData=true
05-07 13:42:01.588   906   906 V PackageManager: reconcileAppsData finished 23 packages
05-07 13:42:02.124   906   906 I Watchdog: Resuming HandlerChecker: main thread for reason: packagemanagermain. Pause count: 0
05-07 13:42:02.125   906   906 I SystemServer: StartOtaDexOptService
05-07 13:42:02.125   906   906 I Watchdog: Pausing HandlerChecker: main thread for reason: moveab. Pause count: 1
05-07 13:42:02.126   906   906 D OTADexopt: No upgrade, skipping A/B artifacts check.
05-07 13:42:02.126   906   906 I Watchdog: Resuming HandlerChecker: main thread for reason: moveab. Pause count: 0
05-07 13:42:02.126   906   906 I SystemServer: StartUserManagerService
05-07 13:42:02.126   906   906 I SystemServiceManager: Starting com.android.server.pm.UserManagerService$LifeCycle
05-07 13:42:02.127   906   906 I SystemServer: InitAttributerCache
05-07 13:42:02.127   906   906 I SystemServer: SetSystemProcess
05-07 13:42:02.131   906   906 I SystemServer: InitWatchdog
05-07 13:42:02.132   906   906 I SystemServer: StartOverlayManagerService
05-07 13:42:02.164   790   914 I storaged: storaged: Start
05-07 13:42:02.239   906   906 I SystemServer: StartSensorPrivacyService
05-07 13:42:02.241   906   906 I SystemServer: StartBatteryService
05-07 13:42:02.241   906   906 I SystemServiceManager: Starting com.android.server.BatteryService
05-07 13:42:02.259   906   975 W KernelCpuProcStringReader: File not found. It's normal if not implemented: /proc/uid_concurrent_active_time
05-07 13:42:02.259   906   975 W KernelCpuProcStringReader: File not found. It's normal if not implemented: /proc/uid_concurrent_policy_time
05-07 13:42:02.259   906   906 I HealthServiceWrapper: health: HealthServiceWrapper listening to instance default
05-07 13:42:02.259   906   906 I BatteryService: health: Waited 0ms and received the update.
05-07 13:42:02.261   906   906 I SystemServer: StartUsageService
05-07 13:42:02.261   906   906 I SystemServiceManager: Starting com.android.server.usage.UsageStatsService
05-07 13:42:02.293   906   906 I UsageStatsService: User[0] Rollover scheduled @ 2021-05-08 12:45:57(1620458157176)
05-07 13:42:02.294   906   906 I SystemServer: StartWebViewUpdateService
05-07 13:42:02.294   906   906 I SystemServiceManager: Starting com.android.server.webkit.WebViewUpdateService
05-07 13:42:02.297   906   906 I SystemServer: StartCachedDeviceStateService
05-07 13:42:02.298   906   906 I SystemServiceManager: Starting com.android.server.CachedDeviceStateService
05-07 13:42:02.298   906   906 I SystemServer: StartBinderCallsStatsService
05-07 13:42:02.298   906   906 I SystemServiceManager: Starting com.android.server.BinderCallsStatsService$LifeCycle
05-07 13:42:02.299   906   906 I SystemServer: StartLooperStatsService
05-07 13:42:02.300   906   906 I SystemServiceManager: Starting com.android.server.LooperStatsService$Lifecycle
05-07 13:42:02.301   906   906 I SystemServer: StartRollbackManagerService
05-07 13:42:02.301   906   906 I SystemServiceManager: Starting com.android.server.rollback.RollbackManagerService
05-07 13:42:02.318   906   906 I SystemServer: StartBugreportManagerService
05-07 13:42:02.318   906   906 I SystemServiceManager: Starting com.android.server.os.BugreportManagerService
05-07 13:42:02.320   906   906 I SystemServer: GpuService
05-07 13:42:02.320   906   906 I SystemServiceManager: Starting com.android.server.gpu.GpuService
05-07 13:42:02.320   906   906 I SystemServer: StartKeyAttestationApplicationIdProviderService
05-07 13:42:02.321   906  1282 I SystemServer: SecondaryZygotePreload
05-07 13:42:02.321   906   906 I SystemServer: StartKeyChainSystemService
05-07 13:42:02.321   906   906 I SystemServiceManager: Starting com.android.server.security.KeyChainSystemService
05-07 13:42:02.322   906   906 I SystemServer: StartSchedulingPolicyService
05-07 13:42:02.322   906   906 I SystemServer: StartTelecomLoaderService
05-07 13:42:02.323   906   906 I SystemServiceManager: Starting com.android.server.telecom.TelecomLoaderService
05-07 13:42:02.323   906   906 I SystemServer: StartTelephonyRegistry
05-07 13:42:02.325   906   906 I SystemServer: StartEntropyMixer
05-07 13:42:02.328   906   906 W EntropyMixer: Failed to add HW RNG output to entropy pool
05-07 13:42:02.328   906   906 W EntropyMixer: java.io.FileNotFoundException: /dev/hw_random: open failed: EACCES (Permission denied)
05-07 13:42:02.328   906   906 W EntropyMixer: 	at libcore.io.IoBridge.open(IoBridge.java:496)
05-07 13:42:02.328   906   906 W EntropyMixer: 	at java.io.FileInputStream.<init>(FileInputStream.java:159)
05-07 13:42:02.328   906   906 W EntropyMixer: 	at java.io.FileInputStream.<init>(FileInputStream.java:115)
05-07 13:42:02.328   906   906 W EntropyMixer: 	at com.android.server.RandomBlock.fromFile(RandomBlock.java:45)
05-07 13:42:02.328   906   906 W EntropyMixer: 	at com.android.server.EntropyMixer.addHwRandomEntropy(EntropyMixer.java:205)
05-07 13:42:02.328   906   906 W EntropyMixer: 	at com.android.server.EntropyMixer.<init>(EntropyMixer.java:115)
05-07 13:42:02.328   906   906 W EntropyMixer: 	at com.android.server.EntropyMixer.<init>(EntropyMixer.java:97)
05-07 13:42:02.328   906   906 W EntropyMixer: 	at com.android.server.SystemServer.startOtherServices(SystemServer.java:967)
05-07 13:42:02.328   906   906 W EntropyMixer: 	at com.android.server.SystemServer.run(SystemServer.java:512)
05-07 13:42:02.328   906   906 W EntropyMixer: 	at com.android.server.SystemServer.main(SystemServer.java:349)
05-07 13:42:02.328   906   906 W EntropyMixer: 	at java.lang.reflect.Method.invoke(Native Method)
05-07 13:42:02.328   906   906 W EntropyMixer: 	at com.android.internal.os.RuntimeInit$MethodAndArgsCaller.run(RuntimeInit.java:492)
05-07 13:42:02.328   906   906 W EntropyMixer: 	at com.android.internal.os.ZygoteInit.main(ZygoteInit.java:908)
05-07 13:42:02.328   906   906 W EntropyMixer: Caused by: android.system.ErrnoException: open failed: EACCES (Permission denied)
05-07 13:42:02.328   906   906 W EntropyMixer: 	at libcore.io.Linux.open(Native Method)
05-07 13:42:02.328   906   906 W EntropyMixer: 	at libcore.io.ForwardingOs.open(ForwardingOs.java:167)
05-07 13:42:02.328   906   906 W EntropyMixer: 	at libcore.io.BlockGuardOs.open(BlockGuardOs.java:252)
05-07 13:42:02.328   906   906 W EntropyMixer: 	at libcore.io.IoBridge.open(IoBridge.java:482)
05-07 13:42:02.328   906   906 W EntropyMixer: 	... 12 more
05-07 13:42:02.328   906   906 I EntropyMixer: Writing entropy...
05-07 13:42:02.332   906   906 I SystemServer: StartAccountManagerService
05-07 13:42:02.333   906   906 I SystemServiceManager: Starting com.android.server.accounts.AccountManagerService$Lifecycle
05-07 13:42:02.337   906   906 I SystemServer: StartContentService
05-07 13:42:02.337   906   906 I SystemServiceManager: Starting com.android.server.content.ContentService$Lifecycle
05-07 13:42:02.338   906   906 I SystemServer: InstallSystemProviders
05-07 13:42:02.402   906   906 I SettingsState: No settings state /data/system/users/11/settings_ssaid.xml
05-07 13:42:02.423   906   906 I SettingsState: No settings state /data/system/users/12/settings_ssaid.xml
05-07 13:42:02.454   906   906 I SystemServer: StartDropBoxManager
05-07 13:42:02.454   906   906 I SystemServiceManager: Starting com.android.server.DropBoxManagerService
05-07 13:42:02.456   906   906 I SystemServer: StartVibratorService
05-07 13:42:02.471   906   906 I SystemServer: StartDynamicSystemService
05-07 13:42:02.472   906   906 I SystemServer: StartConsumerIrService
05-07 13:42:02.475   906   906 I SystemServer: StartAlarmManagerService
05-07 13:42:02.479   906   906 I SystemServer: StartInputManagerService
05-07 13:42:02.479   906   906 I InputManager: Initializing input manager, mUseDevInputEventForAudioJack=true
05-07 13:42:02.484   906   906 I SystemServer: StartWindowManagerService
05-07 13:42:02.486   906   952 I WindowManager: No existing display settings, starting empty
05-07 13:42:02.494   906   906 I SystemServer: SetWindowManagerService
05-07 13:42:02.516   906   906 I SystemServer: WindowManagerServiceOnInitReady
05-07 13:42:02.613   906   906 I SystemServer: StartVrManagerService
05-07 13:42:02.613   906   906 I SystemServiceManager: Starting com.android.server.vr.VrManagerService
05-07 13:42:02.618   906   906 I SystemServer: StartInputManager
05-07 13:42:02.618   906   906 I InputManager: Starting input manager
05-07 13:42:02.619   906   906 I SystemServer: DisplayManagerWindowManagerAndInputReady
05-07 13:42:02.620   906   906 I SystemServer: StartBluetoothService
05-07 13:42:02.620   906   906 I SystemServiceManager: Starting com.android.server.BluetoothService
05-07 13:42:02.620   906   906 D BluetoothManagerService: Loading stored name and address
05-07 13:42:02.621   906   906 D BluetoothManagerService: Stored bluetooth Name=Pixal,Address=AC:37:43:B2:6E:3F
05-07 13:42:02.621   906   906 D BluetoothManagerService: Bluetooth persisted state: 0
05-07 13:42:02.621   906   906 D BluetoothManagerService: Detected SystemUiUid: 10014
05-07 13:42:02.621   906   906 I SystemServer: IpConnectivityMetrics
05-07 13:42:02.621   906   906 I SystemServiceManager: Starting com.android.server.connectivity.IpConnectivityMetrics
05-07 13:42:02.622   906   906 I SystemServer: NetworkWatchlistService
05-07 13:42:02.622   906   906 I SystemServiceManager: Starting com.android.server.net.watchlist.NetworkWatchlistService$Lifecycle
05-07 13:42:02.638   906   906 I WatchlistSettings: Reload watchlist settings done
05-07 13:42:02.639   906  1319 I WatchlistLoggingHandler: Start aggregating watchlist records.
05-07 13:42:02.640   906   906 I SystemServer: PinnerService
05-07 13:42:02.640   906   906 I SystemServiceManager: Starting com.android.server.PinnerService
05-07 13:42:02.642   906   906 I SystemServer: SignedConfigService
05-07 13:42:02.643   906   965 D PinnerService: pinRangeStream: null
05-07 13:42:02.731   906   965 I chatty  : uid=1000(system) android.bg identical 7 lines
05-07 13:42:02.742   906   965 D PinnerService: pinRangeStream: null
05-07 13:42:02.757   906   906 I SystemServer: StartInputMethodManagerLifecycle
05-07 13:42:02.757   906   906 I SystemServiceManager: Starting com.android.server.inputmethod.InputMethodManagerService$Lifecycle
05-07 13:42:02.761   906   906 I SystemServer: StartAccessibilityManagerService
05-07 13:42:02.761   906   906 I SystemServiceManager: Starting com.android.server.accessibility.AccessibilityManagerService$Lifecycle
05-07 13:42:02.763   906   906 I SystemServer: MakeDisplayReady
05-07 13:42:02.766   906   965 D PinnerService: pinRangeStream: java.util.zip.ZipFile$ZipFileInflaterInputStream@2bc17cf
05-07 13:42:02.767   906   906 I ActivityTaskManager: Config changes=20005df8 {1.0 ?mcc?mnc [en_US] ldltr sw411dp w411dp h659dp 420dpi nrml port ?uimode ?night finger -keyb/v/h -nav/h winConfig={ mBounds=Rect(0, 0 - 1080, 1920) mAppBounds=Rect(0, 0 - 1080, 1794) mWindowingMode=fullscreen mDisplayWindowingMode=fullscreen mActivityType=undefined mAlwaysOnTop=undefined mRotation=ROTATION_0} s.2}
05-07 13:42:02.773   906   906 I ActivityTaskManager: Override config changes=60007dfc {1.0 ?mcc?mnc [en_US] ldltr sw411dp w411dp h659dp 420dpi nrml port ?uimode ?night finger -keyb/v/h -nav/h winConfig={ mBounds=Rect(0, 0 - 1080, 1920) mAppBounds=Rect(0, 0 - 1080, 1794) mWindowingMode=fullscreen mDisplayWindowingMode=fullscreen mActivityType=undefined mAlwaysOnTop=undefined mRotation=ROTATION_0} s.2} for displayId=0
05-07 13:42:02.785   906   906 I SystemServer: StartStorageManagerService
05-07 13:42:02.785   906   906 I SystemServiceManager: Starting com.android.server.StorageManagerService$Lifecycle
05-07 13:42:02.789   906   906 I SystemServer: StartStorageStatsService
05-07 13:42:02.789   906   906 I SystemServiceManager: Starting com.android.server.usage.StorageStatsService$Lifecycle
05-07 13:42:02.790   906  1334 D StorageManagerService: Thinking about init, mBootCompleted=false, mDaemonConnected=true
05-07 13:42:02.790   906  1334 D StorageManagerService: Thinking about reset, mBootCompleted=false, mDaemonConnected=true
05-07 13:42:02.793   906   906 I SystemServer: StartUiModeManager
05-07 13:42:02.794   906   906 I SystemServiceManager: Starting com.android.server.UiModeManagerService
05-07 13:42:02.796   906   906 I SystemServer: UpdatePackagesIfNeeded
05-07 13:42:02.796   906   906 I Watchdog: Pausing HandlerChecker: main thread for reason: dexopt. Pause count: 1
05-07 13:42:02.796   906   906 I Watchdog: Resuming HandlerChecker: main thread for reason: dexopt. Pause count: 0
05-07 13:42:02.796   906   906 I SystemServer: PerformFstrimIfNeeded
05-07 13:42:02.797   906   906 W PackageManager: No disk maintenance in 863195797; running immediately
05-07 13:42:02.797   906   906 I SystemServer: StartLockSettingsService
05-07 13:42:02.797   906   906 I SystemServiceManager: Starting com.android.server.locksettings.LockSettingsService$Lifecycle
05-07 13:42:02.798   906  1334 I StorageManagerService: Running fstrim idle maintenance
05-07 13:42:02.800   906   963 I ActivityTaskManager: Config changes=200 {1.0 ?mcc?mnc [en_US] ldltr sw411dp w411dp h659dp 420dpi nrml port night finger -keyb/v/h -nav/h winConfig={ mBounds=Rect(0, 0 - 1080, 1920) mAppBounds=Rect(0, 0 - 1080, 1794) mWindowingMode=fullscreen mDisplayWindowingMode=fullscreen mActivityType=undefined mAlwaysOnTop=undefined mRotation=ROTATION_0} s.4}
05-07 13:42:02.811   472  1341 D vold    : Starting trim of /persist
05-07 13:42:02.811   472  1341 I vold    : Trimmed 0 bytes on /persist in 0ms
05-07 13:42:02.811   472  1341 D vold    : Starting trim of /data
05-07 13:42:02.813   906  1240 I DropBoxManagerService: add tag=storage_trim isTagEnabled=true flags=0x2
05-07 13:42:02.813   906   963 I ActivityTaskManager: Override config changes=200 {1.0 ?mcc?mnc [en_US] ldltr sw411dp w411dp h659dp 420dpi nrml port night finger -keyb/v/h -nav/h winConfig={ mBounds=Rect(0, 0 - 1080, 1920) mAppBounds=Rect(0, 0 - 1080, 1794) mWindowingMode=fullscreen mDisplayWindowingMode=fullscreen mActivityType=undefined mAlwaysOnTop=undefined mRotation=ROTATION_0} s.4} for displayId=0
05-07 13:42:02.824   906   906 I SystemServer: StartPersistentDataBlock
05-07 13:42:02.824   906   906 I SystemServiceManager: Starting com.android.server.PersistentDataBlockService
05-07 13:42:02.827   906   906 I SystemServer: StartTestHarnessMode
05-07 13:42:02.827   906   906 I SystemServiceManager: Starting com.android.server.testharness.TestHarnessModeService
05-07 13:42:02.828   906   906 I SystemServer: StartOemLockService
05-07 13:42:02.828   906   906 I SystemServiceManager: Starting com.android.server.oemlock.OemLockService
05-07 13:42:02.829   906   906 I OemLock : OemLock HAL not present on device
05-07 13:42:02.829   906   906 I OemLock : Using persistent data block based lock
05-07 13:42:02.830   906   906 I SystemServer: StartDeviceIdleController
05-07 13:42:02.831   906   906 I SystemServiceManager: Starting com.android.server.DeviceIdleController
05-07 13:42:02.849   906   906 I SystemServer: StartDevicePolicyManager
05-07 13:42:02.849   906   906 I SystemServiceManager: Starting com.android.server.devicepolicy.DevicePolicyManagerService$Lifecycle
05-07 13:42:02.852   906   906 I SystemServer: StartStatusBarManagerService
05-07 13:42:02.852   906   906 D SystemServer: ContentCaptureService disabled because resource is not overlaid
05-07 13:42:02.853   906   906 D SystemServer: AttentionService is not configured on this device
05-07 13:42:02.853   906   906 I SystemServer: StartSystemCaptionsManagerService
05-07 13:42:02.853   906   906 I SystemServiceManager: Starting com.android.server.systemcaptions.SystemCaptionsManagerService
05-07 13:42:02.854   906   906 I SystemServer: StartAppPredictionService
05-07 13:42:02.854   906   906 I SystemServiceManager: Starting com.android.server.appprediction.AppPredictionManagerService
05-07 13:42:02.854   906   906 I SystemServer: StartContentSuggestionsService
05-07 13:42:02.855   906   906 I SystemServiceManager: Starting com.android.server.contentsuggestions.ContentSuggestionsManagerService
05-07 13:42:02.856   906   906 I SystemServer: InitNetworkStackClient
05-07 13:42:02.870   906   906 I SystemServer: StartNetworkManagementService
05-07 13:42:02.873   906   906 I SystemServer: StartIpSecService
05-07 13:42:02.874   906   906 I SystemServer: StartTextServicesManager
05-07 13:42:02.874   906   906 I SystemServiceManager: Starting com.android.server.textservices.TextServicesManagerService$Lifecycle
05-07 13:42:02.875   906   906 I SystemServer: StartTextClassificationManagerService
05-07 13:42:02.875   906   906 I SystemServiceManager: Starting com.android.server.textclassifier.TextClassificationManagerService$Lifecycle
05-07 13:42:02.876   906   906 I SystemServer: StartNetworkScoreService
05-07 13:42:02.876   906   906 I SystemServiceManager: Starting com.android.server.NetworkScoreService$Lifecycle
05-07 13:42:02.877   906   906 I SystemServer: StartNetworkStatsService
05-07 13:42:02.880   906   906 I SystemServer: StartNetworkPolicyManagerService
05-07 13:42:02.884   906   906 I SystemServer: StartWifi
05-07 13:42:02.915   906   906 I SystemServiceManager: Starting com.android.server.wifi.WifiService
05-07 13:42:03.071   906   965 D PinnerService: pinRangeStream: null
05-07 13:42:03.101   906   965 D PinnerService: pinRangeStream: null
05-07 13:42:03.120   906   906 I SystemServer: StartWifiScanning
05-07 13:42:03.121   906   906 I SystemServiceManager: Starting com.android.server.wifi.scanner.WifiScanningService
05-07 13:42:03.123   906   906 I SystemServer: StartRttService
05-07 13:42:03.124   906   906 I SystemServiceManager: Starting com.android.server.wifi.rtt.RttService
05-07 13:42:03.125   906   906 I SystemServer: StartWifiP2P
05-07 13:42:03.125   906   906 I SystemServiceManager: Starting com.android.server.wifi.p2p.WifiP2pService
05-07 13:42:03.136   906   906 I SystemServer: StartEthernet
05-07 13:42:03.143   906   906 I SystemServiceManager: Starting com.android.server.ethernet.EthernetService
05-07 13:42:03.144   906   906 I SystemServer: StartConnectivityService
05-07 13:42:03.147   906   906 D ConnectivityService: ConnectivityService starting up
05-07 13:42:03.149   906   906 D ConnectivityService: wifiOnly=false
05-07 13:42:03.158   906   906 I SystemServer: StartNsdService
05-07 13:42:03.159   906   906 D NsdService: Network service discovery is enabled
05-07 13:42:03.161   906   906 I SystemServer: StartSystemUpdateManagerService
05-07 13:42:03.161   906   906 I SystemUpdateManagerService: No existing info file /data/system/system-update-info.xml
05-07 13:42:03.162   906   906 I SystemServer: StartUpdateLockService
05-07 13:42:03.163   906   906 I SystemServer: StartNotificationManager
05-07 13:42:03.163   906   906 I SystemServiceManager: Starting com.android.server.notification.NotificationManagerService
05-07 13:42:03.168   906   906 D ConditionProviders.SCP: new ScheduleConditionProvider()
05-07 13:42:03.189   906   906 I NotificationListeners: Read notification listener permissions from xml
05-07 13:42:03.189   906   906 I chatty  : uid=1000 system_server identical 1 line
05-07 13:42:03.189   906   906 I NotificationListeners: Read notification listener permissions from xml
05-07 13:42:03.190   906   906 I NotificationAssistants: Read notification assistant permissions from xml
05-07 13:42:03.190   906   906 I chatty  : uid=1000 system_server identical 1 line
05-07 13:42:03.190   906   906 I NotificationAssistants: Read notification assistant permissions from xml
05-07 13:42:03.190   906   906 I ConditionProviders: Read condition provider permissions from xml
05-07 13:42:03.190   906   906 I chatty  : uid=1000 system_server identical 2 lines
05-07 13:42:03.190   906   906 I ConditionProviders: Read condition provider permissions from xml
05-07 13:42:03.190   906   906 D NotificationAssistants: Approving default notification assistant for user 0
05-07 13:42:03.191   906   906 I ConditionProviders:  Allowing condition provider com.google.android.ext.services/android.ext.services.notification.Assistant
05-07 13:42:03.191   906   906 V ConditionProviders: enabling condition provider for 0: ComponentInfo{com.google.android.apps.wellbeing/com.google.android.apps.wellbeing.dnd.impl.DndConditionProviderService}
05-07 13:42:03.191   906   906 V ConditionProviders: binding: Intent { act=android.service.notification.ConditionProviderService cmp=com.google.android.apps.wellbeing/.dnd.impl.DndConditionProviderService (has extras) }
05-07 13:42:03.193   906   906 V ConditionProviders: enabling condition provider for 0: ComponentInfo{com.google.vr.vrcore/com.google.vr.vrcore.common.VrCoreZenConditionProvider}
05-07 13:42:03.193   906   906 V ConditionProviders: binding: Intent { act=android.service.notification.ConditionProviderService cmp=com.google.vr.vrcore/.common.VrCoreZenConditionProvider (has extras) }
05-07 13:42:03.194   906   906 D NotificationService: Set default NAS to be com.google.android.ext.services/android.ext.services.notification.Assistant in 0
05-07 13:42:03.194   906   906 D NotificationAssistants: Approving default notification assistant for user 11
05-07 13:42:03.194   906   906 I ConditionProviders:  Allowing condition provider com.google.android.ext.services/android.ext.services.notification.Assistant
05-07 13:42:03.195   906   906 W ActivityManager: Skipping broadcast of Intent { act=android.app.action.NOTIFICATION_POLICY_ACCESS_GRANTED_CHANGED flg=0x40000010 pkg=com.google.android.ext.services }: user 11 and its parent (if any) are stopped
05-07 13:42:03.195   906   906 D NotificationService: Set default NAS to be com.google.android.ext.services/android.ext.services.notification.Assistant in 11
05-07 13:42:03.195   906   906 D NotificationAssistants: Approving default notification assistant for user 12
05-07 13:42:03.195   906   906 I ConditionProviders:  Allowing condition provider com.google.android.ext.services/android.ext.services.notification.Assistant
05-07 13:42:03.195   906   906 W ActivityManager: Skipping broadcast of Intent { act=android.app.action.NOTIFICATION_POLICY_ACCESS_GRANTED_CHANGED flg=0x40000010 pkg=com.google.android.ext.services }: user 12 and its parent (if any) are stopped
05-07 13:42:03.195   906   906 D NotificationService: Set default NAS to be com.google.android.ext.services/android.ext.services.notification.Assistant in 12
05-07 13:42:03.207   906   906 I SystemServer: StartDeviceMonitor
05-07 13:42:03.207   906   906 I SystemServiceManager: Starting com.android.server.storage.DeviceStorageMonitorService
05-07 13:42:03.212   906   906 I SystemServer: StartLocationManagerService
05-07 13:42:03.214   906   906 I SystemServer: StartCountryDetectorService
05-07 13:42:03.215   906   906 I SystemServer: StartTimeDetectorService
05-07 13:42:03.215   906   906 I SystemServiceManager: Starting com.android.server.timedetector.TimeDetectorService$Lifecycle
05-07 13:42:03.216   906   906 I SystemServer: StartSearchManagerService
05-07 13:42:03.216   906   906 I SystemServiceManager: Starting com.android.server.search.SearchManagerService$Lifecycle
05-07 13:42:03.217   906   906 I SystemServer: StartWallpaperManagerService
05-07 13:42:03.218   906   906 I SystemServiceManager: Starting com.android.server.wallpaper.WallpaperManagerService$Lifecycle
05-07 13:42:03.219   906   906 I SystemServer: StartAudioService
05-07 13:42:03.219   906   906 I SystemServiceManager: Starting com.android.server.audio.AudioService$Lifecycle
05-07 13:42:03.320   906   906 I SystemServer: StartDockObserver
05-07 13:42:03.320   906   906 I SystemServiceManager: Starting com.android.server.DockObserver
05-07 13:42:03.320   906   906 W DockObserver: This kernel does not have dock station support
05-07 13:42:03.322   906   906 I SystemServer: StartWiredAccessoryManager
05-07 13:42:03.324   906   906 W WiredAccessoryManager: This kernel does not have usb audio support
05-07 13:42:03.324   906   906 I SystemServer: StartMidiManager
05-07 13:42:03.324   906   906 I SystemServiceManager: Starting com.android.server.midi.MidiService$Lifecycle
05-07 13:42:03.325   906   906 I SystemServer: StartAdbService
05-07 13:42:03.325   906   906 I SystemServiceManager: Starting com.android.server.adb.AdbService$Lifecycle
05-07 13:42:03.327   906   906 I SystemServer: StartUsbService
05-07 13:42:03.327   906   906 I SystemServiceManager: Starting com.android.server.usb.UsbService$Lifecycle
05-07 13:42:03.331   906   906 I UsbDeviceManager: USB GADGET HAL not present in the device
05-07 13:42:03.331   906   906 I UsbDeviceManager: java.util.NoSuchElementException
05-07 13:42:03.331   906   906 I UsbDeviceManager: 	at android.os.HwBinder.getService(Native Method)
05-07 13:42:03.331   906   906 I UsbDeviceManager: 	at android.hardware.usb.gadget.V1_0.IUsbGadget.getService(IUsbGadget.java:55)
05-07 13:42:03.331   906   906 I UsbDeviceManager: 	at android.hardware.usb.gadget.V1_0.IUsbGadget.getService(IUsbGadget.java:62)
05-07 13:42:03.331   906   906 I UsbDeviceManager: 	at com.android.server.usb.UsbDeviceManager.<init>(UsbDeviceManager.java:262)
05-07 13:42:03.331   906   906 I UsbDeviceManager: 	at com.android.server.usb.UsbService.<init>(UsbService.java:150)
05-07 13:42:03.331   906   906 I UsbDeviceManager: 	at com.android.server.usb.UsbService$Lifecycle.onStart(UsbService.java:84)
05-07 13:42:03.331   906   906 I UsbDeviceManager: 	at com.android.server.SystemServiceManager.startService(SystemServiceManager.java:129)
05-07 13:42:03.331   906   906 I UsbDeviceManager: 	at com.android.server.SystemServiceManager.startService(SystemServiceManager.java:116)
05-07 13:42:03.331   906   906 I UsbDeviceManager: 	at com.android.server.SystemServiceManager.startService(SystemServiceManager.java:75)
05-07 13:42:03.331   906   906 I UsbDeviceManager: 	at com.android.server.SystemServer.startOtherServices(SystemServer.java:1532)
05-07 13:42:03.331   906   906 I UsbDeviceManager: 	at com.android.server.SystemServer.run(SystemServer.java:512)
05-07 13:42:03.331   906   906 I UsbDeviceManager: 	at com.android.server.SystemServer.main(SystemServer.java:349)
05-07 13:42:03.331   906   906 I UsbDeviceManager: 	at java.lang.reflect.Method.invoke(Native Method)
05-07 13:42:03.331   906   906 I UsbDeviceManager: 	at com.android.internal.os.RuntimeInit$MethodAndArgsCaller.run(RuntimeInit.java:492)
05-07 13:42:03.331   906   906 I UsbDeviceManager: 	at com.android.internal.os.ZygoteInit.main(ZygoteInit.java:908)
05-07 13:42:03.350   906   906 W StorageManagerService: No primary storage defined yet; hacking together a stub
05-07 13:42:03.353   906  1015 I UsbPortManager: Usb hal service started android.hardware.usb@1.0::IUsb default
05-07 13:42:03.356   906   906 I SystemServer: StartSerialService
05-07 13:42:03.357   906   906 I SystemServer: StartHardwarePropertiesManagerService
05-07 13:42:03.359   906   906 I SystemServer: StartTwilightService
05-07 13:42:03.359   906   906 I SystemServiceManager: Starting com.android.server.twilight.TwilightService
05-07 13:42:03.359   906   906 I SystemServer: StartColorDisplay
05-07 13:42:03.359   906   906 I SystemServiceManager: Starting com.android.server.display.color.ColorDisplayService
05-07 13:42:03.360   906   906 I SystemServer: StartJobScheduler
05-07 13:42:03.360   906   906 I SystemServiceManager: Starting com.android.server.job.JobSchedulerService
05-07 13:42:03.369   906   906 D JobStore: Start tag: job-info
05-07 13:42:03.370   906   906 W JobStore: Periodic job for uid='10127' persisted run-time is too big [00:10, 2562047788015:12:55]. Clamping to [24:00:10,48:00:10]
05-07 13:42:03.372   906   906 W JobStore: Periodic job for uid='10112' persisted run-time is too big [00:10, 2562047788015:12:55]. Clamping to [25:00:10,27:00:10]
05-07 13:42:03.384   906   906 W JobStore: Periodic job for uid='10043' persisted run-time is too big [00:10, 2562047788015:12:55]. Clamping to [8:00:10,16:00:10]
05-07 13:42:03.387   906   906 I JobStore: Read 121 jobs
05-07 13:42:03.393   906   906 I SystemServer: StartSoundTrigger
05-07 13:42:03.393   906   906 I SystemServiceManager: Starting com.android.server.soundtrigger.SoundTriggerService
05-07 13:42:03.394   906   906 I SystemServer: StartTrustManager
05-07 13:42:03.394   906   906 I SystemServiceManager: Starting com.android.server.trust.TrustManagerService
05-07 13:42:03.399   906   906 I SystemServer: StartBackupManager
05-07 13:42:03.399   906   906 I SystemServiceManager: Starting com.android.server.backup.BackupManagerService$Lifecycle
05-07 13:42:03.401   906   906 I SystemServer: StartAppWidgetService
05-07 13:42:03.402   906   906 I SystemServiceManager: Starting com.android.server.appwidget.AppWidgetService
05-07 13:42:03.404   906   906 I SystemServer: StartRoleManagerService
05-07 13:42:03.406   906   906 I SystemServer: StartVoiceRecognitionManager
05-07 13:42:03.406   906   906 I SystemServiceManager: Starting com.android.server.voiceinteraction.VoiceInteractionManagerService
05-07 13:42:03.418   906   906 I RoleUserState: Read roles.xml successfully
05-07 13:42:03.603   906   906 I SystemServer: StartGestureLauncher
05-07 13:42:03.603   906   906 I SystemServiceManager: Starting com.android.server.GestureLauncherService
05-07 13:42:03.603   906   906 I SystemServer: StartSensorNotification
05-07 13:42:03.603   906   906 I SystemServiceManager: Starting com.android.server.SensorNotificationService
05-07 13:42:03.603   906   906 I SystemServer: StartContextHubSystemService
05-07 13:42:03.603   906   906 I SystemServiceManager: Starting com.android.server.ContextHubSystemService
05-07 13:42:03.605   906   906 I SystemServer: StartDiskStatsService
05-07 13:42:03.606   906   906 I SystemServer: RuntimeService
05-07 13:42:03.607   906   906 I SystemServer: StartNetworkTimeUpdateService
05-07 13:42:03.607   906   906 D SystemServer: Using networkTimeUpdater class=class com.android.server.NewNetworkTimeUpdateService
05-07 13:42:03.608   906   906 I SystemServer: CertBlacklister
05-07 13:42:03.609   906   906 I SystemServer: StartEmergencyAffordanceService
05-07 13:42:03.609   906   906 I SystemServiceManager: Starting com.android.server.emergency.EmergencyAffordanceService
05-07 13:42:03.609   906   906 I SystemServer: StartDreamManager
05-07 13:42:03.609   906   906 I SystemServiceManager: Starting com.android.server.dreams.DreamManagerService
05-07 13:42:03.610   906   906 I SystemServer: AddGraphicsStatsService
05-07 13:42:03.613   906   906 I SystemServer: StartPrintManager
05-07 13:42:03.613   906   906 I SystemServiceManager: Starting com.android.server.print.PrintManagerService
05-07 13:42:03.615   906   906 I SystemServer: StartCompanionDeviceManager
05-07 13:42:03.615   906   906 I SystemServiceManager: Starting com.android.server.companion.CompanionDeviceManagerService
05-07 13:42:03.617   906   906 I SystemServer: StartRestrictionManager
05-07 13:42:03.617   906   906 I SystemServiceManager: Starting com.android.server.restrictions.RestrictionsManagerService
05-07 13:42:03.619   906   906 I SystemServer: StartMediaSessionService
05-07 13:42:03.619   906   906 I SystemServiceManager: Starting com.android.server.media.MediaSessionService
05-07 13:42:03.637   906   906 I SystemServer: StartMediaResourceMonitor
05-07 13:42:03.637   906   906 I SystemServiceManager: Starting com.android.server.media.MediaResourceMonitorService
05-07 13:42:03.638   906   906 I SystemServer: StartMediaRouterService
05-07 13:42:03.640   906   906 I SystemServer: StartFingerprintSensor
05-07 13:42:03.641   906   906 I SystemServiceManager: Starting com.android.server.biometrics.fingerprint.FingerprintService
05-07 13:42:03.644   906  1256 V FingerprintService: mDaemon was null, reconnect to fingerprint
05-07 13:42:03.645   906   906 I SystemServer: StartBiometricService
05-07 13:42:03.645   906   906 I SystemServiceManager: Starting com.android.server.biometrics.BiometricService
05-07 13:42:03.647   906  1256 V FingerprintService: Fingerprint HAL id: 487124379648
05-07 13:42:03.649   906   906 I SystemServer: StartBackgroundDexOptService
05-07 13:42:03.651   906   906 I SystemServer: StartDynamicCodeLoggingService
05-07 13:42:03.652   906   906 I SystemServer: StartPruneInstantAppsJobService
05-07 13:42:03.652   906   906 I SystemServer: StartShortcutServiceLifecycle
05-07 13:42:03.652   906   906 I SystemServiceManager: Starting com.android.server.pm.ShortcutService$Lifecycle
05-07 13:42:03.655   906   906 I SystemServer: StartLauncherAppsService
05-07 13:42:03.655   906   906 I SystemServiceManager: Starting com.android.server.pm.LauncherAppsService
05-07 13:42:03.656   906   906 I SystemServer: StartCrossProfileAppsService
05-07 13:42:03.656   906   906 I SystemServiceManager: Starting com.android.server.pm.CrossProfileAppsService
05-07 13:42:03.657   906   906 I SystemServer: StartMediaProjectionManager
05-07 13:42:03.657   906   906 I SystemServiceManager: Starting com.android.server.media.projection.MediaProjectionManagerService
05-07 13:42:03.660   906   906 I SystemServer: StartSliceManagerService
05-07 13:42:03.661   906   906 I SystemServiceManager: Starting com.android.server.slice.SliceManagerService$Lifecycle
05-07 13:42:03.663   906   906 I SystemServer: StartCameraServiceProxy
05-07 13:42:03.663   906   906 I SystemServiceManager: Starting com.android.server.camera.CameraServiceProxy
05-07 13:42:03.667   906   906 I SystemServer: StartStatsCompanionService
05-07 13:42:03.667   906   906 I SystemServiceManager: Starting com.android.server.stats.StatsCompanionService$Lifecycle
05-07 13:42:03.670   906   906 I StatsCompanionService: register thermal listener successfully
05-07 13:42:03.674   906   906 I SystemServer: StartIncidentCompanionService
05-07 13:42:03.674   906   906 I SystemServiceManager: Starting com.android.server.incident.IncidentCompanionService
05-07 13:42:03.675   906   906 I SystemServer: StartMmsService
05-07 13:42:03.675   906   906 I SystemServiceManager: Starting com.android.server.MmsServiceBroker
05-07 13:42:03.677   906   906 I SystemServer: StartAutoFillService
05-07 13:42:03.677   906   906 I SystemServiceManager: Starting com.android.server.autofill.AutofillManagerService
05-07 13:42:03.681   906   906 E AutofillManagerServiceImpl: Bad service name: com.google.android.gms/.autofill.service.AutofillService
05-07 13:42:03.681   906   906 E AutofillManagerServiceImpl: Bad service name: com.google.android.gms/.autofill.service.AutofillService
05-07 13:42:03.682   906   906 I SystemServer: StartClipboardService
05-07 13:42:03.682   906   906 I SystemServiceManager: Starting com.android.server.clipboard.ClipboardService
05-07 13:42:03.683   906   906 I SystemServer: AppServiceManager
05-07 13:42:03.684   906   906 I SystemServiceManager: Starting com.android.server.appbinding.AppBindingService$Lifecycle
05-07 13:42:03.685   906   906 I SystemServer: MakeVibratorServiceReady
05-07 13:42:03.687   906   906 I SystemServer: MakeLockSettingsServiceReady
05-07 13:42:03.745   906   906 I SyntheticPasswordManager: Device does not support weaver
05-07 13:42:03.746   906   906 I LockSettingsService: Device doesn't implement AuthSecret HAL
05-07 13:42:03.748   906   906 E LockSettingsStorage: Cannot read file java.io.FileNotFoundException: /data/system/gatekeeper.password.key: open failed: ENOENT (No such file or directory)
05-07 13:42:03.748   906   906 E LockSettingsStorage: Cannot read file java.io.FileNotFoundException: /data/system/password.key: open failed: ENOENT (No such file or directory)
05-07 13:42:03.748   906   906 E LockSettingsStorage: Cannot read file java.io.FileNotFoundException: /data/system/gatekeeper.pattern.key: open failed: ENOENT (No such file or directory)
05-07 13:42:03.748   906   906 E LockSettingsStorage: Cannot read file java.io.FileNotFoundException: /data/system/gatekeeper.gesture.key: open failed: ENOENT (No such file or directory)
05-07 13:42:03.748   906   906 E LockSettingsStorage: Cannot read file java.io.FileNotFoundException: /data/system/gesture.key: open failed: ENOENT (No such file or directory)
05-07 13:42:03.748   906   906 I SystemServer: StartBootPhaseLockSettingsReady
05-07 13:42:03.749   906   906 I SystemServiceManager: Starting phase 480
05-07 13:42:03.858   906  1256 V FingerprintService: Enumerating user(0)
05-07 13:42:03.867   906   906 I DevicePolicyManager: Set ro.device_owner property to false
05-07 13:42:03.871   906   906 W SystemServiceManager: Service com.android.server.devicepolicy.DevicePolicyManagerService$Lifecycle took 122 ms in onBootPhase
05-07 13:42:03.878   906   906 I SystemServer: StartBootPhaseSystemServicesReady
05-07 13:42:03.878   906   906 I SystemServiceManager: Starting phase 500
05-07 13:42:03.882   906   906 D AppStandbyController: Setting app idle enabled state
05-07 13:42:03.891   906   906 I ConditionProviders:  Allowing condition provider com.google.vr.vrcore
05-07 13:42:03.892   906   906 V ConditionProviders: enabling condition provider for 0: ComponentInfo{com.google.android.apps.wellbeing/com.google.android.apps.wellbeing.dnd.impl.DndConditionProviderService}
05-07 13:42:03.892   906   906 V ConditionProviders: Not registering ComponentInfo{com.google.android.apps.wellbeing/com.google.android.apps.wellbeing.dnd.impl.DndConditionProviderService} is already bound
05-07 13:42:03.892   906   906 V ConditionProviders: enabling condition provider for 0: ComponentInfo{com.google.vr.vrcore/com.google.vr.vrcore.common.VrCoreZenConditionProvider}
05-07 13:42:03.892   906   906 V ConditionProviders: Not registering ComponentInfo{com.google.vr.vrcore/com.google.vr.vrcore.common.VrCoreZenConditionProvider} is already bound
05-07 13:42:03.893   906   906 I ConditionProviders:  Allowing condition provider com.google.vr.vrcore/com.google.vr.vrcore.notification.VrNotificationService
05-07 13:42:03.894   906   906 V ConditionProviders: enabling condition provider for 0: ComponentInfo{com.google.android.apps.wellbeing/com.google.android.apps.wellbeing.dnd.impl.DndConditionProviderService}
05-07 13:42:03.894   906   906 V ConditionProviders: Not registering ComponentInfo{com.google.android.apps.wellbeing/com.google.android.apps.wellbeing.dnd.impl.DndConditionProviderService} is already bound
05-07 13:42:03.894   906   906 V ConditionProviders: enabling condition provider for 0: ComponentInfo{com.google.vr.vrcore/com.google.vr.vrcore.common.VrCoreZenConditionProvider}
05-07 13:42:03.894   906   906 V ConditionProviders: Not registering ComponentInfo{com.google.vr.vrcore/com.google.vr.vrcore.common.VrCoreZenConditionProvider} is already bound
05-07 13:42:03.894   906   906 I NotificationListeners:  Allowing notification listener com.google.vr.vrcore/com.google.vr.vrcore.notification.VrNotificationService
05-07 13:42:03.894   906   906 V NotificationListeners: enabling notification listener for 0: ComponentInfo{com.google.vr.vrcore/com.google.vr.vrcore.notification.VrNotificationService}
05-07 13:42:03.894   906   906 V NotificationListeners: binding: Intent { act=android.service.notification.NotificationListenerService cmp=com.google.vr.vrcore/.notification.VrNotificationService (has extras) }
05-07 13:42:03.901   906   906 D TestHarnessModeService: Setting up test harness mode
05-07 13:42:03.901   906   906 D TestHarnessModeService: Getting PersistentDataBlockManagerInternal from LocalServices
05-07 13:42:03.945   906   906 I WifiService: WifiService starting up with Wi-Fi disabled
05-07 13:42:03.963   906  1363 D ConnectivityService: Got NetworkFactory Messenger for Ethernet
05-07 13:42:03.978   906   906 I RoleUserState: roles.xml not found
05-07 13:42:03.978   906   906 I RoleUserState: roles.xml not found
05-07 13:42:03.989   906   906 I SystemServer: MakeWindowManagerServiceReady
05-07 13:42:04.000   906   906 I SystemServer: MakePowerManagerServiceReady
05-07 13:42:04.007   906   906 E DisplayPowerController: failed to set up display white-balance: java.lang.IllegalStateException: cannot find sensor com.google.sensor.color
05-07 13:42:04.014   906  1014 W KeyguardServiceDelegate: onScreenTurningOn(): no keyguard service!
05-07 13:42:04.014   906  1014 V DisplayPowerController: Brightness [98] reason changing to: 'override', previous reason: '0'.
05-07 13:42:04.021   906   975 W KernelCpuProcStringReader: File not found. It's normal if not implemented: /proc/uid_concurrent_active_time
05-07 13:42:04.025   906   975 W KernelCpuProcStringReader: File not found. It's normal if not implemented: /proc/uid_concurrent_policy_time
05-07 13:42:04.029   906   906 I SystemServer: StartPermissionPolicyService
05-07 13:42:04.029   906   906 I SystemServiceManager: Starting com.android.server.policy.PermissionPolicyService
05-07 13:42:04.042   906   906 I SystemServer: MakePackageManagerServiceReady
05-07 13:42:04.724   906   906 W SyncManager: Failure adding authority: auth=com.lenovo.anyshare.gps.provider enabled=false syncable=1
05-07 13:42:05.703   906   906 E DefaultPermGrantPolicy: PackageNot found: com.google.android.gms.location.history
05-07 13:42:05.703   906   906 E DefaultPermGrantPolicy: android.content.pm.PackageManager$NameNotFoundException: com.google.android.gms.location.history
05-07 13:42:05.703   906   906 E DefaultPermGrantPolicy: 	at android.app.ApplicationPackageManager.getPackageInfoAsUser(ApplicationPackageManager.java:190)
05-07 13:42:05.703   906   906 E DefaultPermGrantPolicy: 	at android.app.ApplicationPackageManager.getPackageInfo(ApplicationPackageManager.java:159)
05-07 13:42:05.703   906   906 E DefaultPermGrantPolicy: 	at com.android.server.pm.permission.DefaultPermissionGrantPolicy.getPackageInfo(DefaultPermissionGrantPolicy.java:1317)
05-07 13:42:05.703   906   906 E DefaultPermGrantPolicy: 	at com.android.server.pm.permission.DefaultPermissionGrantPolicy.getPackageInfo(DefaultPermissionGrantPolicy.java:1308)
05-07 13:42:05.703   906   906 E DefaultPermGrantPolicy: 	at com.android.server.pm.permission.DefaultPermissionGrantPolicy.isSystemPackage(DefaultPermissionGrantPolicy.java:963)
05-07 13:42:05.703   906   906 E DefaultPermGrantPolicy: 	at com.android.server.pm.permission.DefaultPermissionGrantPolicy.grantPermissionsToSystemPackage(DefaultPermissionGrantPolicy.java:364)
05-07 13:42:05.703   906   906 E DefaultPermGrantPolicy: 	at com.android.server.pm.permission.DefaultPermissionGrantPolicy.grantPermissionsToSystemPackage(DefaultPermissionGrantPolicy.java:357)
05-07 13:42:05.703   906   906 E DefaultPermGrantPolicy: 	at com.android.server.pm.permission.DefaultPermissionGrantPolicy.grantDefaultSystemHandlerPermissions(DefaultPermissionGrantPolicy.java:648)
05-07 13:42:05.703   906   906 E DefaultPermGrantPolicy: 	at com.android.server.pm.permission.DefaultPermissionGrantPolicy.grantDefaultPermissions(DefaultPermissionGrantPolicy.java:296)
05-07 13:42:05.703   906   906 E DefaultPermGrantPolicy: 	at com.android.server.pm.PackageManagerService.systemReady(PackageManagerService.java:21624)
05-07 13:42:05.703   906   906 E DefaultPermGrantPolicy: 	at com.android.server.SystemServer.startOtherServices(SystemServer.java:1982)
05-07 13:42:05.703   906   906 E DefaultPermGrantPolicy: 	at com.android.server.SystemServer.run(SystemServer.java:512)
05-07 13:42:05.703   906   906 E DefaultPermGrantPolicy: 	at com.android.server.SystemServer.main(SystemServer.java:349)
05-07 13:42:05.703   906   906 E DefaultPermGrantPolicy: 	at java.lang.reflect.Method.invoke(Native Method)
05-07 13:42:05.703   906   906 E DefaultPermGrantPolicy: 	at com.android.internal.os.RuntimeInit$MethodAndArgsCaller.run(RuntimeInit.java:492)
05-07 13:42:05.703   906   906 E DefaultPermGrantPolicy: 	at com.android.internal.os.ZygoteInit.main(ZygoteInit.java:908)
05-07 13:42:05.725   906   906 E DefaultPermGrantPolicy: PackageNot found: com.google.android.apps.youtube.vr
05-07 13:42:05.725   906   906 E DefaultPermGrantPolicy: android.content.pm.PackageManager$NameNotFoundException: com.google.android.apps.youtube.vr
05-07 13:42:05.725   906   906 E DefaultPermGrantPolicy: 	at android.app.ApplicationPackageManager.getPackageInfoAsUser(ApplicationPackageManager.java:190)
05-07 13:42:05.725   906   906 E DefaultPermGrantPolicy: 	at android.app.ApplicationPackageManager.getPackageInfo(ApplicationPackageManager.java:159)
05-07 13:42:05.725   906   906 E DefaultPermGrantPolicy: 	at com.android.server.pm.permission.DefaultPermissionGrantPolicy.getPackageInfo(DefaultPermissionGrantPolicy.java:1317)
05-07 13:42:05.725   906   906 E DefaultPermGrantPolicy: 	at com.android.server.pm.permission.DefaultPermissionGrantPolicy.getSystemPackageInfo(DefaultPermissionGrantPolicy.java:1304)
05-07 13:42:05.725   906   906 E DefaultPermGrantPolicy: 	at com.android.server.pm.permission.DefaultPermissionGrantPolicy.parseExceptions(DefaultPermissionGrantPolicy.java:1488)
05-07 13:42:05.725   906   906 E DefaultPermGrantPolicy: 	at com.android.server.pm.permission.DefaultPermissionGrantPolicy.parse(DefaultPermissionGrantPolicy.java:1465)
05-07 13:42:05.725   906   906 E DefaultPermGrantPolicy: 	at com.android.server.pm.permission.DefaultPermissionGrantPolicy.readDefaultPermissionExceptionsLocked(DefaultPermissionGrantPolicy.java:1446)
05-07 13:42:05.725   906   906 E DefaultPermGrantPolicy: 	at com.android.server.pm.permission.DefaultPermissionGrantPolicy.grantDefaultPermissionExceptions(DefaultPermissionGrantPolicy.java:1355)
