05-07 13:42:34.939   906   967 W ActivityManager: Slow operation: 135ms so far, now at startProcess: starting to update pids map
05-07 13:42:34.940   906   967 W ActivityManager: Slow operation: 136ms so far, now at startProcess: done updating pids map
05-07 13:42:34.940  2331  3263 W earchbox:searc: Verification of void ou.<init>() took 527.187ms
05-07 13:42:34.948  3412  3592 W ogle.android.g: Verification of void kj.<clinit>() took 295.232ms
05-07 13:42:34.960  3763  3763 E com.whatsapp: Not starting debugger since process cannot load the jdwp agent.
05-07 13:42:34.963  1985  2004 I .gms.persisten: Background concurrent copying GC freed 203426(10MB) AllocSpace objects, 65(1900KB) LOS objects, 49% free, 8755KB/17MB, paused 62us total 549.815ms
05-07 13:42:34.973  3656  3656 I adbd    : Loading keys from /data/misc/adb/adb_keys
05-07 13:42:34.974  3656  3656 I adbd    : adb client authorized
05-07 13:42:35.001  2300  2300 D BoundBrokerSvc: onBind: Intent { act=com.google.android.gms.common.BIND_SHARED_PREFS pkg=com.google.android.gms }
05-07 13:42:35.001  2300  2300 D BoundBrokerSvc: Loading bound service for intent: Intent { act=com.google.android.gms.common.BIND_SHARED_PREFS pkg=com.google.android.gms }
05-07 13:42:35.012   646   824 E volume_listener: check_and_set_gain_dep_cal: Failed to set gain dep cal level
05-07 13:42:35.014   675   895 W AudioFlinger: moveEffectChain_l() effect chain for session 0 not on source thread 0x7e9d234dc0
05-07 13:42:35.014   646  3585 E volume_listener: check_and_set_gain_dep_cal: Failed to set gain dep cal level
05-07 13:42:35.020  2300  2300 D BoundBrokerSvc: onUnbind: Intent { act=com.google.android.gms.common.BIND_SHARED_PREFS pkg=com.google.android.gms }
05-07 13:42:35.020  3412  3623 I FirebaseCrashApiImpl: FirebaseCrash reporting API initialized
05-07 13:42:35.021  3412  3623 W FirebaseCrashAnalytics: Unable to log event, missing Google Analytics for Firebase library
05-07 13:42:35.028   629   629 I Zygote  : Process 2492 exited due to signal 9 (Killed)
05-07 13:42:35.031  2300  2300 D BoundBrokerSvc: onBind: Intent { act=com.google.android.gms.common.BIND_SHARED_PREFS pkg=com.google.android.gms }
05-07 13:42:35.031  2300  2300 D BoundBrokerSvc: Loading bound service for intent: Intent { act=com.google.android.gms.common.BIND_SHARED_PREFS pkg=com.google.android.gms }
05-07 13:42:35.037  3290  3290 W pool-15-thread-: type=1400 audit(0.0:56): avc: denied { read } for name="devices" dev="sysfs" ino=4 scontext=u:r:untrusted_app_27:s0:c133,c256,c512,c768 tcontext=u:object_r:sysfs:s0 tclass=dir permissive=0
05-07 13:42:35.045  2300  2300 D BoundBrokerSvc: onUnbind: Intent { act=com.google.android.gms.common.BIND_SHARED_PREFS pkg=com.google.android.gms }
05-07 13:42:35.068  2300  2300 D BoundBrokerSvc: onBind: Intent { act=com.google.android.gms.common.BIND_SHARED_PREFS pkg=com.google.android.gms }
05-07 13:42:35.068  2300  2300 D BoundBrokerSvc: Loading bound service for intent: Intent { act=com.google.android.gms.common.BIND_SHARED_PREFS pkg=com.google.android.gms }
05-07 13:42:35.097  3769  3769 W Thread-5: type=1400 audit(0.0:57): avc: granted { execute } for name="libestool2.so" dev="sda35" ino=7340194 scontext=u:r:untrusted_app_27:s0:c512,c768 tcontext=u:object_r:app_data_file:s0:c512,c768 tclass=file
05-07 13:42:35.117  3769  3769 W Thread-5: type=1400 audit(0.0:58): avc: granted { execute_no_trans } for path="/data/data/com.estrongs.android.pop/files/libestool2.so" dev="sda35" ino=7340194 scontext=u:r:untrusted_app_27:s0:c512,c768 tcontext=u:object_r:app_data_file:s0:c512,c768 tclass=file
05-07 13:42:35.117  2300  2300 D BoundBrokerSvc: onUnbind: Intent { act=com.google.android.gms.common.BIND_SHARED_PREFS pkg=com.google.android.gms }
05-07 13:42:35.124  3769  3769 W libestool2.so: type=1400 audit(0.0:59): avc: granted { execute } for path="/data/data/com.estrongs.android.pop/files/libestool2.so" dev="sda35" ino=7340194 scontext=u:r:untrusted_app_27:s0:c512,c768 tcontext=u:object_r:app_data_file:s0:c512,c768 tclass=file
05-07 13:42:35.150  3412  3592 W ogle.android.g: Verification of void kj.a(android.content.Context, kh) took 191.047ms
05-07 13:42:35.183  2300  2477 I constellation: [event_manager] Starting session. sessionId: 80f5802b-e51c-4626-b87e-c91e17b752ec from trigger: 3
05-07 13:42:35.189  2300  2300 D BoundBrokerSvc: onBind: Intent { act=com.google.android.gms.common.BIND_SHARED_PREFS pkg=com.google.android.gms }
05-07 13:42:35.189  2300  2300 D BoundBrokerSvc: Loading bound service for intent: Intent { act=com.google.android.gms.common.BIND_SHARED_PREFS pkg=com.google.android.gms }
05-07 13:42:35.195  2300  2300 D BoundBrokerSvc: onUnbind: Intent { act=com.google.android.gms.common.BIND_SHARED_PREFS pkg=com.google.android.gms }
05-07 13:42:35.202  2300  2300 D BoundBrokerSvc: onBind: Intent { act=com.google.android.gms.common.BIND_SHARED_PREFS pkg=com.google.android.gms }
05-07 13:42:35.202  2300  2300 D BoundBrokerSvc: Loading bound service for intent: Intent { act=com.google.android.gms.common.BIND_SHARED_PREFS pkg=com.google.android.gms }
05-07 13:42:35.207  2300  2300 D BoundBrokerSvc: onUnbind: Intent { act=com.google.android.gms.common.BIND_SHARED_PREFS pkg=com.google.android.gms }
05-07 13:42:35.225  3347  3435 I oid.apps.photo: Waiting for a blocking GC ProfileSaver
05-07 13:42:35.234   906   965 W ProcessCpuTracker: Failed to stat(/proc/2492): android.system.ErrnoException: stat failed: ENOENT (No such file or directory)
05-07 13:42:35.234   906   965 W ProcessCpuTracker: Skipping unknown process pid 2492
05-07 13:42:35.236  2300  2477 I constellation: [verification_manager] Sync is not required
05-07 13:42:35.237  2300  2632 I constellation: [periodic_client_state_checker] Successfully completed sync
05-07 13:42:35.243  2300  2300 D BoundBrokerSvc: onBind: Intent { act=com.google.android.gms.common.BIND_SHARED_PREFS pkg=com.google.android.gms }
05-07 13:42:35.245  2300  2300 D BoundBrokerSvc: Loading bound service for intent: Intent { act=com.google.android.gms.common.BIND_SHARED_PREFS pkg=com.google.android.gms }
05-07 13:42:35.260  3290  3290 W pool-15-thread-: type=1400 audit(0.0:60): avc: denied { read } for name="devices" dev="sysfs" ino=4 scontext=u:r:untrusted_app_27:s0:c133,c256,c512,c768 tcontext=u:object_r:sysfs:s0 tclass=dir permissive=0
05-07 13:42:35.264  3412  3592 W ogle.android.g: Verification of void kj.b(android.content.Context) took 113.850ms
05-07 13:42:35.277  2300  2300 D BoundBrokerSvc: onUnbind: Intent { act=com.google.android.gms.common.BIND_SHARED_PREFS pkg=com.google.android.gms }
05-07 13:42:35.289  2300  2300 D BoundBrokerSvc: onBind: Intent { act=com.google.android.gms.common.BIND_SHARED_PREFS pkg=com.google.android.gms }
05-07 13:42:35.289  2300  2300 D BoundBrokerSvc: Loading bound service for intent: Intent { act=com.google.android.gms.common.BIND_SHARED_PREFS pkg=com.google.android.gms }
05-07 13:42:35.297  2300  2300 D BoundBrokerSvc: onUnbind: Intent { act=com.google.android.gms.common.BIND_SHARED_PREFS pkg=com.google.android.gms }
05-07 13:42:35.307  3763  3763 I com.whatsapp: The ClassLoaderContext is a special shared library.
05-07 13:42:35.313  2300  2300 D BoundBrokerSvc: onBind: Intent { act=com.google.android.gms.common.BIND_SHARED_PREFS pkg=com.google.android.gms }
05-07 13:42:35.313  2300  2300 D BoundBrokerSvc: Loading bound service for intent: Intent { act=com.google.android.gms.common.BIND_SHARED_PREFS pkg=com.google.android.gms }
05-07 13:42:35.322  2300  2300 D BoundBrokerSvc: onUnbind: Intent { act=com.google.android.gms.common.BIND_SHARED_PREFS pkg=com.google.android.gms }
05-07 13:42:35.350  3027  3027 I Finsky:download_service: [2] vui.onDestroy(8): IPC-SERVER: Stopping gRPC host service...
05-07 13:42:35.427  3290  3290 W pool-15-thread-: type=1400 audit(0.0:61): avc: denied { read } for name="devices" dev="sysfs" ino=4 scontext=u:r:untrusted_app_27:s0:c133,c256,c512,c768 tcontext=u:object_r:sysfs:s0 tclass=dir permissive=0
05-07 13:42:35.452  3530  3723 D SharedPreferencesImpl: Time required to fsync /data/user/0/com.estrongs.android.pop/shared_prefs/_search_prefs.xml: [<1: 0, <2: 0, <4: 0, <8: 0, <16: 0, <32: 0, <64: 0, <128: 0, <256: 0, <512: 1, <1024: 0, <2048: 0, <4096: 0, <8192: 0, <16384: 0, >=16384: 0]
05-07 13:42:35.476   621  1508 I netd    : firewallSetUidRule(2, 10316, 1) <3.69ms>
05-07 13:42:35.480   621  1508 I netd    : firewallSetUidRule(2, 10215, 1) <3.07ms>
05-07 13:42:35.489   621  1508 I netd    : firewallEnableChildChain(3, "false") <8.08ms>
05-07 13:42:35.507  3680  3762 I GH.ConnLoggerV2: Started session e8dcdbb7-1622-46f1-a591-4883a02e1ff8, start time = 41982
05-07 13:42:35.597   621  1508 I netd    : firewallSetUidRule(2, 10144, 1) <3.16ms>
05-07 13:42:35.606   621  1508 I netd    : bandwidthRemoveNiceApp(10050) <7.64ms>
05-07 13:42:35.607   906   965 W NetworkPolicy: setRestrictBackgroundUL: already true
05-07 13:42:35.610  3290  3290 W pool-15-thread-: type=1400 audit(0.0:62): avc: denied { read } for name="devices" dev="sysfs" ino=4 scontext=u:r:untrusted_app_27:s0:c133,c256,c512,c768 tcontext=u:object_r:sysfs:s0 tclass=dir permissive=0
05-07 13:42:35.614   906  2091 D AdbDebuggingManager: Received connected key message: QAAAAE8zGEdR/EoGYtqQcc/XwCCFWFMElLho/fK+vRHJhUhLLbKWhLeFQsoZBoZ3LD2AXjxXXG+bVQyH39sng51bFQ5UgP5pXRmI+vzvQ1jLD+YKky0h38g8LbPrLGEHCOw9a4WmwHiW/BZqvBnMX66JsU8PsKo07jcJn/EGd1wA196r+gpsyn3qhWDYtFtxxzswoMZWaOtqfwdCX+QarNl6P6yihkMEFNmMHQkxEq7oWfPwuvdQPH3fESjs6al7fCDFPFCI8CZSvXKPyw9SuG+q1Fxf3F2PIte90DwerjSOB6nRyjtPlDwH5lDSyfXF6eHm2eiJw963gX8ntKNe9ZpP65bmEHvUKe+b5+uLA7O4j/gCELat0grO4GgbYQG8RhH3OgjhYKXvhQDM7CeDuYaT19tJixYNDF/r/yfuroJlloU/javNvHo+/vWeVHvEW4G8u1j3JR7F7Ah02dp/CcoiQx64NkZuK8wNB9ceM6SEerSObBtc2n7tj/TjQ82vdv7TQqRywfZEC+yYHOh4Ypq6dCE+umXStWA2khaT8Mwl7vZdc7w9noiX6D2Zn/JnFjuWBipz+b4UbEMFfU1MmUqFkevbrJyp13VA/KIErZwAllyV/+TUkC1WTysNtx2vMxt2iCTgBPsdbL9KWG0/nWcAOzmuJBP+iyVa83VXgJn35lwJCt7aJQEAAQA= root@arpita
05-07 13:42:35.614   621  1508 I netd    : firewallSetUidRule(2, 10133, 1) <4.92ms>
05-07 13:42:35.614   906   947 D AdbDebuggingManager: Logging key QAAAAE8zGEdR/EoGYtqQcc/XwCCFWFMElLho/fK+vRHJhUhLLbKWhLeFQsoZBoZ3LD2AXjxXXG+bVQyH39sng51bFQ5UgP5pXRmI+vzvQ1jLD+YKky0h38g8LbPrLGEHCOw9a4WmwHiW/BZqvBnMX66JsU8PsKo07jcJn/EGd1wA196r+gpsyn3qhWDYtFtxxzswoMZWaOtqfwdCX+QarNl6P6yihkMEFNmMHQkxEq7oWfPwuvdQPH3fESjs6al7fCDFPFCI8CZSvXKPyw9SuG+q1Fxf3F2PIte90DwerjSOB6nRyjtPlDwH5lDSyfXF6eHm2eiJw963gX8ntKNe9ZpP65bmEHvUKe+b5+uLA7O4j/gCELat0grO4GgbYQG8RhH3OgjhYKXvhQDM7CeDuYaT19tJixYNDF/r/yfuroJlloU/javNvHo+/vWeVHvEW4G8u1j3JR7F7Ah02dp/CcoiQx64NkZuK8wNB9ceM6SEerSObBtc2n7tj/TjQ82vdv7TQqRywfZEC+yYHOh4Ypq6dCE+umXStWA2khaT8Mwl7vZdc7w9noiX6D2Zn/JnFjuWBipz+b4UbEMFfU1MmUqFkevbrJyp13VA/KIErZwAllyV/+TUkC1WTysNtx2vMxt2iCTgBPsdbL9KWG0/nWcAOzmuJBP+iyVa83VXgJn35lwJCt7aJQEAAQA= root@arpita, state = 4, alwaysAllow = true, lastConnectionTime = 1620375155614, authWindow = 604800000
05-07 13:42:35.624   621  1508 I netd    : firewallSetUidRule(2, 10127, 1) <8.99ms>
05-07 13:42:35.629   621  1508 I netd    : firewallSetUidRule(2, 10116, 1) <3.75ms>
05-07 13:42:35.633   621  1508 I netd    : firewallSetUidRule(2, 10115, 1) <3.44ms>
05-07 13:42:35.638   621   621 I netd    : firewallSetUidRule(2, 10082, 1) <3.35ms>
05-07 13:42:35.638  3412  3507 I ogle.android.g: Waiting for a blocking GC ProfileSaver
05-07 13:42:35.643   621   621 I netd    : firewallSetUidRule(2, 10070, 1) <3.54ms>
05-07 13:42:35.647   621   621 I netd    : firewallSetUidRule(2, 10142, 1) <3.30ms>
05-07 13:42:35.658   621   621 I netd    : firewallSetUidRule(2, 10108, 1) <9.91ms>
05-07 13:42:35.658   906   906 W Looper  : Slow dispatch took 192ms main h=com.android.server.job.JobSchedulerService$JobHandler c=null m=1
05-07 13:42:35.671  3320  3395 I ndroid.contact: WaitForGcToComplete blocked ProfileSaver on AddRemoveAppImageSpace for 1.347s
05-07 13:42:35.701  3347  3435 I oid.apps.photo: WaitForGcToComplete blocked ProfileSaver on AddRemoveAppImageSpace for 475.732ms
05-07 13:42:35.720  3680  3680 I GH.SharedService: Shared Service created
05-07 13:42:35.728   629   629 D Zygote  : Forked child process 3810
05-07 13:42:35.729   906   967 I ActivityManager: Start proc 3810:com.google.android.projection.gearhead:car/u0a214 for service {com.google.android.projection.gearhead/com.google.android.apps.auto.carservice.service.impl.GearheadCarStartupService}
05-07 13:42:35.744  3810  3810 E on.gearhead:ca: Not starting debugger since process cannot load the jdwp agent.
05-07 13:42:35.778  2331  3263 W earchbox:searc: Verification of void ph.<clinit>() took 138.455ms
05-07 13:42:35.806  3005  3138 W id.apps.tachyo: Verification of void px.<clinit>() took 381.274ms
05-07 13:42:35.900  2300  2300 D BoundBrokerSvc: onUnbind: Intent { act=com.google.android.gms.pay.service.BIND pkg=com.google.android.gms cmp=com.google.android.gms/.chimera.GmsApiService }
05-07 13:42:36.000  3810  3810 I on.gearhead:ca: The ClassLoaderContext is a special shared library.
05-07 13:42:36.047  3201  3218 W System  : A resource failed to call close. 
05-07 13:42:36.060  2331  3263 W earchbox:searc: Verification of void oo.<clinit>() took 280.349ms
05-07 13:42:36.130  3290  3290 W pool-15-thread-: type=1400 audit(0.0:65): avc: denied { read } for name="devices" dev="sysfs" ino=4 scontext=u:r:untrusted_app_27:s0:c133,c256,c512,c768 tcontext=u:object_r:sysfs:s0 tclass=dir permissive=0
05-07 13:42:36.168  3763  3763 I MultiDex: VM with version 2.1.0 has multidex support
05-07 13:42:36.168  3763  3763 I MultiDex: Installing application
05-07 13:42:36.169  3763  3763 I MultiDex: VM has multidex support, MultiDex support library is disabled.
05-07 13:42:36.220  3290  3290 W pool-15-thread-: type=1400 audit(0.0:66): avc: denied { read } for name="devices" dev="sysfs" ino=4 scontext=u:r:untrusted_app_27:s0:c133,c256,c512,c768 tcontext=u:object_r:sysfs:s0 tclass=dir permissive=0
05-07 13:42:36.301  2331  3263 W earchbox:searc: Verification of java.lang.Object qg.a() took 235.339ms
05-07 13:42:36.317  3530  3559 I ngs.android.po: Waiting for a blocking GC ProfileSaver
05-07 13:42:36.347  3290  3290 W pool-15-thread-: type=1400 audit(0.0:67): avc: denied { read } for name="devices" dev="sysfs" ino=4 scontext=u:r:untrusted_app_27:s0:c133,c256,c512,c768 tcontext=u:object_r:sysfs:s0 tclass=dir permissive=0
05-07 13:42:36.348  3320  3332 W ndroid.contact: Suspending all threads took: 232.094ms
05-07 13:42:36.520  3290  3290 W pool-15-thread-: type=1400 audit(0.0:68): avc: denied { read } for name="devices" dev="sysfs" ino=4 scontext=u:r:untrusted_app_27:s0:c133,c256,c512,c768 tcontext=u:object_r:sysfs:s0 tclass=dir permissive=0
05-07 13:42:36.597   906   968 E libprocessgroup: Failed to kill process cgroup uid 10085 pid 2603 in 1713ms, 1 processes remain
05-07 13:42:36.597   906   968 I libprocessgroup: Successfully killed process cgroup uid 10043 pid 2492 in 0ms
05-07 13:42:36.611  3412  3738 W aeaq    : Toggling Chat components off.
05-07 13:42:36.614  3412  3738 W aeaq    : Toggling Meet components on.
05-07 13:42:36.630  3290  3290 W pool-15-thread-: type=1400 audit(0.0:69): avc: denied { read } for name="devices" dev="sysfs" ino=4 scontext=u:r:untrusted_app_27:s0:c133,c256,c512,c768 tcontext=u:object_r:sysfs:s0 tclass=dir permissive=0
05-07 13:42:36.633  3763  3763 D SoLoader: init start
05-07 13:42:36.633  3763  3763 D SoLoader: adding system library source: /vendor/lib
05-07 13:42:36.633  3763  3763 D SoLoader: adding system library source: /system/lib
05-07 13:42:36.633  3763  3763 W SoLoader: context.getApplicationContext returned null, holding reference to original context.
05-07 13:42:36.634  3763  3763 D SoLoader: adding application source: X.07G[root = /data/app/com.whatsapp-ErPUWp1GidLeCyoOPCOMKA==/lib/arm64 flags = 0]
05-07 13:42:36.635  3763  3763 D SoLoader: adding backup source from : X.07L[root = /data/data/com.whatsapp/lib-main flags = 1]
05-07 13:42:36.635  3763  3763 D SoLoader: Preparing SO source: X.07G[root = /system/lib flags = 2]
05-07 13:42:36.635  3763  3763 D SoLoader: Preparing SO source: X.07G[root = /vendor/lib flags = 2]
05-07 13:42:36.635  3763  3763 D SoLoader: Preparing SO source: X.07G[root = /data/app/com.whatsapp-ErPUWp1GidLeCyoOPCOMKA==/lib/arm64 flags = 0]
05-07 13:42:36.635  3763  3763 D SoLoader: Preparing SO source: X.07L[root = /data/data/com.whatsapp/lib-main flags = 1]
05-07 13:42:36.667  3763  3763 V fb-UnpackingSoSource: locked dso store /data/user/0/com.whatsapp/lib-main
05-07 13:42:36.707  3763  3763 I fb-UnpackingSoSource: dso store is up-to-date: /data/user/0/com.whatsapp/lib-main
05-07 13:42:36.714  3763  3763 V fb-UnpackingSoSource: releasing dso store lock for /data/user/0/com.whatsapp/lib-main
05-07 13:42:36.717  3763  3763 D SoLoader: init finish: 4 SO sources prepared
05-07 13:42:36.717  3763  3763 D SoLoader: init exiting
05-07 13:42:36.718  3763  3763 D SoLoader: Prepending to SO sources: X.07G[root = /data/data/com.whatsapp/files/decompressed/libs.spk.zst flags = 1]
05-07 13:42:36.718  3763  3763 D SoLoader: Prepended to SO sources: X.07G[root = /data/data/com.whatsapp/files/decompressed/libs.spk.zst flags = 1]
05-07 13:42:36.726  3763  3763 D SoLoader: About to load: libvlc.so
05-07 13:42:36.726  3763  3763 D SoLoader: libvlc.so found on /data/data/com.whatsapp/files/decompressed/libs.spk.zst
05-07 13:42:36.764  3763  3763 D SoLoader: Loading lib dependencies: [liblog.so, libm.so, libc++_shared.so, libdl.so, libc.so]
05-07 13:42:36.764  3763  3763 D SoLoader: About to load: liblog.so
05-07 13:42:36.765  3763  3763 D SoLoader: liblog.so not found on /data/data/com.whatsapp/files/decompressed/libs.spk.zst
05-07 13:42:36.765  3763  3763 D SoLoader: liblog.so not found on /data/data/com.whatsapp/lib-main
05-07 13:42:36.765  3763  3763 D SoLoader: liblog.so not found on /data/app/com.whatsapp-ErPUWp1GidLeCyoOPCOMKA==/lib/arm64
05-07 13:42:36.765  3763  3763 D SoLoader: liblog.so not found on /vendor/lib
05-07 13:42:36.766  3763  3763 D SoLoader: liblog.so found on /system/lib
05-07 13:42:36.766  3763  3763 D SoLoader: liblog.so loaded implicitly
05-07 13:42:36.766  3763  3763 D SoLoader: Loaded: liblog.so
05-07 13:42:36.766  3763  3763 D SoLoader: About to load: libm.so
05-07 13:42:36.766  3763  3763 D SoLoader: libm.so not found on /data/data/com.whatsapp/files/decompressed/libs.spk.zst
05-07 13:42:36.792  2752  2752 I Finsky  : [2] aibd.run(8): Detected restoreservicev2://recovery not needed, will not run
05-07 13:42:36.824  3810  3843 W on.gearhead:ca: Accessing hidden field Ljava/util/Collections$SynchronizedCollection;->mutex:Ljava/lang/Object; (greylist-max-o, reflection, denied)
05-07 13:42:36.825  3810  3843 W on.gearhead:ca: Accessing hidden method Ljava/util/Collections$SynchronizedSet;-><init>(Ljava/util/Set;Ljava/lang/Object;)V (greylist-max-o, reflection, denied)
05-07 13:42:36.825  3810  3843 W on.gearhead:ca: Accessing hidden method Ljava/util/Collections$SynchronizedCollection;-><init>(Ljava/util/Collection;Ljava/lang/Object;)V (greylist-max-o, reflection, denied)
05-07 13:42:36.836  3763  3763 D SoLoader: libm.so not found on /data/data/com.whatsapp/lib-main
05-07 13:42:36.836  3763  3763 D SoLoader: libm.so not found on /data/app/com.whatsapp-ErPUWp1GidLeCyoOPCOMKA==/lib/arm64
05-07 13:42:36.837  3763  3763 D SoLoader: libm.so not found on /vendor/lib
05-07 13:42:36.837  3763  3763 D SoLoader: libm.so found on /system/lib
05-07 13:42:36.837  3763  3763 D SoLoader: libm.so loaded implicitly
05-07 13:42:36.837  3763  3763 D SoLoader: Loaded: libm.so
05-07 13:42:36.837  3763  3763 D SoLoader: About to load: libc++_shared.so
05-07 13:42:36.858  3763  3763 D SoLoader: libc++_shared.so found on /data/data/com.whatsapp/files/decompressed/libs.spk.zst
05-07 13:42:36.920  3763  3763 D SoLoader: Loading lib dependencies: [libc.so, libdl.so]
05-07 13:42:36.920  3763  3763 D SoLoader: About to load: libc.so
05-07 13:42:36.921  3763  3763 D SoLoader: libc.so not found on /data/data/com.whatsapp/files/decompressed/libs.spk.zst
05-07 13:42:36.938  3763  3763 D SoLoader: libc.so not found on /data/data/com.whatsapp/lib-main
05-07 13:42:36.939  3763  3763 D SoLoader: libc.so not found on /data/app/com.whatsapp-ErPUWp1GidLeCyoOPCOMKA==/lib/arm64
05-07 13:42:36.954  3763  3763 D SoLoader: libc.so not found on /vendor/lib
05-07 13:42:36.954  3763  3763 D SoLoader: libc.so found on /system/lib
05-07 13:42:36.954  3763  3763 D SoLoader: libc.so loaded implicitly
05-07 13:42:36.954  3763  3763 D SoLoader: Loaded: libc.so
05-07 13:42:36.954  3763  3763 D SoLoader: About to load: libdl.so
05-07 13:42:36.955  3763  3763 D SoLoader: libdl.so not found on /data/data/com.whatsapp/files/decompressed/libs.spk.zst
05-07 13:42:36.959  3530  3559 I ngs.android.po: WaitForGcToComplete blocked ProfileSaver on ClassLinker for 641.649ms
05-07 13:42:36.989  3763  3763 D SoLoader: libdl.so not found on /data/data/com.whatsapp/lib-main
05-07 13:42:36.990  3763  3763 D SoLoader: libdl.so not found on /data/app/com.whatsapp-ErPUWp1GidLeCyoOPCOMKA==/lib/arm64
05-07 13:42:36.990  3763  3763 D SoLoader: libdl.so not found on /vendor/lib
05-07 13:42:36.990  3763  3763 D SoLoader: libdl.so found on /system/lib
05-07 13:42:36.990  3763  3763 D SoLoader: libdl.so loaded implicitly
05-07 13:42:36.990  3763  3763 D SoLoader: Loaded: libdl.so
05-07 13:42:37.034  3810  3810 I Primes  : Primes not initialized, returning default (no-op) Primes instance which will ignore all calls. Please call Primes.initialize(...) before using any Primes API.
05-07 13:42:37.034  3810  3810 I CAR.GH  : onCreate
05-07 13:42:37.034  3810  3810 I GH.PrimesMgr: transmitting to prod
05-07 13:42:37.068  3763  3763 D SoLoader: Loaded: libc++_shared.so
05-07 13:42:37.070  2752  3845 I Finsky  : [236] baot.c(2): registerListener
05-07 13:42:37.080  3763  3763 D SoLoader: Loaded: libvlc.so
05-07 13:42:37.081  3763  3763 D SoLoader: About to load: libwhatsapp.so
05-07 13:42:37.081  3763  3763 D SoLoader: libwhatsapp.so found on /data/data/com.whatsapp/files/decompressed/libs.spk.zst
05-07 13:42:37.119  3412  3507 I ogle.android.g: WaitForGcToComplete blocked ProfileSaver on ClassLinker for 1.480s
05-07 13:42:37.139  2752  2883 I Finsky  : [189] aczs.j(7): Already at the latest configurations for experiment package com.google.android.finsky.stable.
05-07 13:42:37.140  2752  2885 I Finsky  : [191] aczs.j(1): Triggered update for experiment package com.google.android.finsky.regular.
05-07 13:42:37.146  3810  3810 I CAR.GH  : Process: CAR
05-07 13:42:37.153  2752  2883 I Finsky  : [189] aczj.u(2): Retrieved DSE selection state is true (cache=acze@ca3855d)
05-07 13:42:37.154  2752  2883 I Finsky  : [189] adaa.apply(4): DSE selection state after sync is true (cache=acze@ca3855d)
05-07 13:42:37.168  2752  3845 I Finsky  : [236] oiy.e(1): getDownloads()
05-07 13:42:37.173  3027  3027 I Finsky:download_service: [2] vui.onCreate(2): IPC-SERVER: Starting gRPC host service...
05-07 13:42:37.188  3810  3810 I GH.CAR  : onCreate
05-07 13:42:37.206  3763  3763 D SoLoader: Loading lib dependencies: [libz.so, libGLESv2.so, libandroid.so, libjnigraphics.so, libvlc.so, libdl.so, libOpenSLES.so, liblog.so, libm.so, libc++_shared.so, libc.so]
05-07 13:42:37.206  3763  3763 D SoLoader: About to load: libz.so
05-07 13:42:37.235   659   659 I /vendor/bin/hw/android.hardware.health@2.0-service.marlin: SRAM data: 2481000
05-07 13:42:37.236  3763  3763 D SoLoader: libz.so not found on /data/data/com.whatsapp/files/decompressed/libs.spk.zst
05-07 13:42:37.236  3763  3763 D SoLoader: libz.so not found on /data/data/com.whatsapp/lib-main
05-07 13:42:37.238   659   659 I /vendor/bin/hw/android.hardware.health@2.0-service.marlin: SRAM data: 2481000
05-07 13:42:37.247  3763  3763 D SoLoader: libz.so not found on /data/app/com.whatsapp-ErPUWp1GidLeCyoOPCOMKA==/lib/arm64
05-07 13:42:37.248  1457  1801 D PowerUI : can't show warning due to - plugged: true status unknown: false
05-07 13:42:37.258  3763  3763 D SoLoader: libz.so not found on /vendor/lib
05-07 13:42:37.259  3763  3763 D SoLoader: libz.so found on /system/lib
05-07 13:42:37.259  3763  3763 D SoLoader: libz.so loaded implicitly
05-07 13:42:37.259  3763  3763 D SoLoader: Loaded: libz.so
05-07 13:42:37.259  3763  3763 D SoLoader: About to load: libGLESv2.so
05-07 13:42:37.259  3763  3763 D SoLoader: libGLESv2.so not found on /data/data/com.whatsapp/files/decompressed/libs.spk.zst
05-07 13:42:37.264  3290  3290 W pool-15-thread-: type=1400 audit(0.0:75): avc: denied { read } for name="devices" dev="sysfs" ino=4 scontext=u:r:untrusted_app_27:s0:c133,c256,c512,c768 tcontext=u:object_r:sysfs:s0 tclass=dir permissive=0
05-07 13:42:37.267  3100  3115 W vo.anyshare.gp: Suspending all threads took: 20.764ms
05-07 13:42:37.270   906  1363 D ConnectivityService: releasing NetworkRequest [ TRACK_DEFAULT id=24, [ Capabilities: INTERNET&NOT_RESTRICTED&TRUSTED Uid: 10133] ] (release request)
05-07 13:42:37.286  3763  3763 D SoLoader: libGLESv2.so not found on /data/data/com.whatsapp/lib-main
05-07 13:42:37.286  3763  3763 D SoLoader: libGLESv2.so not found on /data/app/com.whatsapp-ErPUWp1GidLeCyoOPCOMKA==/lib/arm64
05-07 13:42:37.291  3763  3763 D SoLoader: libGLESv2.so not found on /vendor/lib
05-07 13:42:37.291  3763  3763 D SoLoader: libGLESv2.so found on /system/lib
05-07 13:42:37.291  3763  3763 D SoLoader: libGLESv2.so loaded implicitly
05-07 13:42:37.291  3763  3763 D SoLoader: Loaded: libGLESv2.so
05-07 13:42:37.291  3763  3763 D SoLoader: About to load: libandroid.so
05-07 13:42:37.303  3763  3763 D SoLoader: libandroid.so not found on /data/data/com.whatsapp/files/decompressed/libs.spk.zst
05-07 13:42:37.304  3763  3763 D SoLoader: libandroid.so not found on /data/data/com.whatsapp/lib-main
05-07 13:42:37.304  3763  3763 D SoLoader: libandroid.so not found on /data/app/com.whatsapp-ErPUWp1GidLeCyoOPCOMKA==/lib/arm64
05-07 13:42:37.305  3763  3763 D SoLoader: libandroid.so not found on /vendor/lib
05-07 13:42:37.305  3763  3763 D SoLoader: libandroid.so found on /system/lib
05-07 13:42:37.305  3763  3763 D SoLoader: libandroid.so loaded implicitly
05-07 13:42:37.305  3763  3763 D SoLoader: Loaded: libandroid.so
05-07 13:42:37.305  3763  3763 D SoLoader: About to load: libjnigraphics.so
05-07 13:42:37.305  3763  3763 D SoLoader: libjnigraphics.so not found on /data/data/com.whatsapp/files/decompressed/libs.spk.zst
05-07 13:42:37.305  3763  3763 D SoLoader: libjnigraphics.so not found on /data/data/com.whatsapp/lib-main
05-07 13:42:37.306  3763  3763 D SoLoader: libjnigraphics.so not found on /data/app/com.whatsapp-ErPUWp1GidLeCyoOPCOMKA==/lib/arm64
05-07 13:42:37.306  3763  3763 D SoLoader: libjnigraphics.so not found on /vendor/lib
05-07 13:42:37.306  3763  3763 D SoLoader: libjnigraphics.so found on /system/lib
05-07 13:42:37.306  3763  3763 D SoLoader: libjnigraphics.so loaded implicitly
05-07 13:42:37.306  3763  3763 D SoLoader: Loaded: libjnigraphics.so
05-07 13:42:37.306  3763  3763 D SoLoader: About to load: libOpenSLES.so
05-07 13:42:37.332  3810  3810 W CAR.VALIDATOR: Invalid version in allow list flag [ALL]
05-07 13:42:37.332  3810  3810 W CAR.VALIDATOR: java.lang.NumberFormatException: For input string: "ALL"
05-07 13:42:37.332  3810  3810 W CAR.VALIDATOR: 	at java.lang.Integer.parseInt(Integer.java:615)
05-07 13:42:37.332  3810  3810 W CAR.VALIDATOR: 	at java.lang.Integer.parseInt(Integer.java:650)
05-07 13:42:37.332  3810  3810 W CAR.VALIDATOR: 	at cih.<init>(SourceFile:18)
05-07 13:42:37.332  3810  3810 W CAR.VALIDATOR: 	at cih.d(SourceFile:2)
05-07 13:42:37.332  3810  3810 W CAR.VALIDATOR: 	at cuf.<init>(SourceFile:4)
05-07 13:42:37.332  3810  3810 W CAR.VALIDATOR: 	at com.google.android.apps.auto.carservice.service.impl.GearheadCarStartupService.onCreate(SourceFile:9)
05-07 13:42:37.332  3810  3810 W CAR.VALIDATOR: 	at android.app.ActivityThread.handleCreateService(ActivityThread.java:3953)
05-07 13:42:37.332  3810  3810 W CAR.VALIDATOR: 	at android.app.ActivityThread.access$1500(ActivityThread.java:219)
05-07 13:42:37.332  3810  3810 W CAR.VALIDATOR: 	at android.app.ActivityThread$H.handleMessage(ActivityThread.java:1875)
05-07 13:42:37.332  3810  3810 W CAR.VALIDATOR: 	at android.os.Handler.dispatchMessage(Handler.java:107)
05-07 13:42:37.332  3810  3810 W CAR.VALIDATOR: 	at android.os.Looper.loop(Looper.java:214)
05-07 13:42:37.332  3810  3810 W CAR.VALIDATOR: 	at android.app.ActivityThread.main(ActivityThread.java:7356)
05-07 13:42:37.332  3810  3810 W CAR.VALIDATOR: 	at java.lang.reflect.Method.invoke(Native Method)
05-07 13:42:37.332  3810  3810 W CAR.VALIDATOR: 	at com.android.internal.os.RuntimeInit$MethodAndArgsCaller.run(RuntimeInit.java:492)
05-07 13:42:37.332  3810  3810 W CAR.VALIDATOR: 	at com.android.internal.os.ZygoteInit.main(ZygoteInit.java:930)
05-07 13:42:37.338  3810  3810 I GH.CAR  : carServiceBinderProxy in mainHandler:true
05-07 13:42:37.373  3763  3763 D SoLoader: libOpenSLES.so not found on /data/data/com.whatsapp/files/decompressed/libs.spk.zst
05-07 13:42:37.374  3763  3763 D SoLoader: libOpenSLES.so not found on /data/data/com.whatsapp/lib-main
05-07 13:42:37.374  3763  3763 D SoLoader: libOpenSLES.so not found on /data/app/com.whatsapp-ErPUWp1GidLeCyoOPCOMKA==/lib/arm64
05-07 13:42:37.374  3763  3763 D SoLoader: libOpenSLES.so not found on /vendor/lib
05-07 13:42:37.374  3763  3763 D SoLoader: libOpenSLES.so found on /system/lib
05-07 13:42:37.391  3763  3763 D SoLoader: libOpenSLES.so loaded implicitly
05-07 13:42:37.391  3763  3763 D SoLoader: Loaded: libOpenSLES.so
05-07 13:42:37.394  3763  3763 W com.whatsapp: type=1400 audit(0.0:76): avc: granted { execute } for path="/data/data/com.whatsapp/files/decompressed/libs.spk.zst/libwhatsapp.so" dev="sda35" ino=7340079 scontext=u:r:untrusted_app:s0:c142,c256,c512,c768 tcontext=u:object_r:app_data_file:s0:c142,c256,c512,c768 tclass=file
05-07 13:42:37.454  3290  3290 W pool-15-thread-: type=1400 audit(0.0:77): avc: denied { read } for name="devices" dev="sysfs" ino=4 scontext=u:r:untrusted_app_27:s0:c133,c256,c512,c768 tcontext=u:object_r:sysfs:s0 tclass=dir permissive=0
05-07 13:42:37.511  2752  3845 I Finsky  : [236] hse.run(7): Initialized AssetModuleDownloader.
05-07 13:42:37.566  2752  2863 W ProxyAndroidLoggerBackend: Too many Flogger logs received before configuration. Dropping old logs.
05-07 13:42:37.587  3027  3852 I Finsky:download_service: [218] oay.c(1): getDownloads()
05-07 13:42:37.590  2752  2770 W ProxyAndroidLoggerBackend: Too many Flogger logs received before configuration. Dropping old logs.
05-07 13:42:37.590  2752  2770 I chatty  : uid=10055(com.android.vending) identical 1 line
05-07 13:42:37.590  2752  2770 W ProxyAndroidLoggerBackend: Too many Flogger logs received before configuration. Dropping old logs.
05-07 13:42:37.591  2752  3068 W ProxyAndroidLoggerBackend: Too many Flogger logs received before configuration. Dropping old logs.
05-07 13:42:37.663  3763  3763 D SigquitBasedANRDetector: Registered
05-07 13:42:37.663  3763  3763 D SoLoader: Loaded: libwhatsapp.so
05-07 13:42:37.664  3763  3763 D SoLoader: About to load: libcurve25519.so
05-07 13:42:37.664  3763  3763 D SoLoader: libcurve25519.so found on /data/data/com.whatsapp/files/decompressed/libs.spk.zst
05-07 13:42:37.668  3763  3763 D SoLoader: Loading lib dependencies: [libm.so, libdl.so, libc.so]
05-07 13:42:37.677  3763  3763 W com.whatsapp: type=1400 audit(0.0:78): avc: granted { execute } for path="/data/data/com.whatsapp/files/decompressed/libs.spk.zst/libcurve25519.so" dev="sda35" ino=7340080 scontext=u:r:untrusted_app:s0:c142,c256,c512,c768 tcontext=u:object_r:app_data_file:s0:c142,c256,c512,c768 tclass=file
05-07 13:42:37.694  3763  3763 D SoLoader: Loaded: libcurve25519.so
05-07 13:42:37.754  3005  3138 I FA      : App measurement initialized, version: 39058
05-07 13:42:37.754  3005  3138 I FA      : To enable debug logging run: adb shell setprop log.tag.FA VERBOSE
05-07 13:42:37.754  3005  3138 I FA      : To enable faster debug mode event logging run:
05-07 13:42:37.754  3005  3138 I FA      :   adb shell setprop debug.firebase.analytics.app com.google.android.apps.tachyon
05-07 13:42:37.770  3763  3855 I WhatsAppJni: EnsureThreadAttached: attached current thread to JVM
05-07 13:42:37.777  3763  3854 I WhatsAppJni: EnsureThreadAttached: attached current thread to JVM
05-07 13:42:37.797   629   629 I Zygote  : Process 2603 exited due to signal 9 (Killed)
05-07 13:42:37.905  3810  3810 I GH.CAR  : Using CarServiceBinderProxyImpl in CarMessageService.
05-07 13:42:37.936  3763  3763 D SigquitBasedANRDetector: Initialized
05-07 13:42:37.956  3810  3810 I GH.DelegateMngCarSvc: Retries remaining initialized to 20
05-07 13:42:37.957  3810  3810 I GH.CAR  : Using Gearhead for projection services. All aboard! 
05-07 13:42:37.957  3810  3810 I GH.DelegateICarSupplier: Obtaining car service delegate from GMS Core via connectionless.
05-07 13:42:38.007  3810  3810 I GH.DelegateMngCarSvc: Skipping delegate acquisition on init().
05-07 13:42:38.008  3810  3810 I GH.CarService: Setting delegate: crt@f5056b0
05-07 13:42:38.008  3810  3810 I GH.CAR  : Setting validator car info suppliers
05-07 13:42:38.021  3763  3763 I SigquitBasedANRDetector: Function _ZN3art13SignalCatcher6OutputERKNSt3__112basic_stringIcNS1_11char_traitsIcEENS1_9allocatorIcEEEE hooked with result=0
05-07 13:42:38.021  3763  3763 D SigquitBasedANRDetector: Detector started
05-07 13:42:38.040   646   824 D audio_hw_primary: disable_audio_route: usecase(0) reset and update mixer path: deep-buffer-playback speaker
05-07 13:42:38.041   646   824 D hardware_info: hw_info_append_hw_type : device_name = speaker
05-07 13:42:38.041   646   824 D audio_hw_primary: disable_snd_device: snd_device(2: speaker)
05-07 13:42:38.049  3810  3810 I GH.CAR  : ICar delegate chain:
05-07 13:42:38.049  3810  3810 I GH.CAR  : 	ctk@bbeb929
05-07 13:42:38.049  3810  3810 I GH.CAR  : 	-> crt@f5056b0
05-07 13:42:38.049  3810  3810 I GH.CAR  : 	-> crw@b5584ae
05-07 13:42:38.050  3810  3810 I GH.CAR  : GearheadCarStartupService.onBind
05-07 13:42:38.052   906  3785 I ActivityManager: Killing 2654:com.android.localtransport/1000 (adj 985): empty #17
05-07 13:42:38.053   677   677 E lowmemorykiller: Error writing /proc/2654/oom_score_adj; errno=22
05-07 13:42:38.059  1985  1985 D BoundBrokerSvc: onUnbind: Intent { act=com.google.android.gms.facs.cache.service.START pkg=com.google.android.gms }
05-07 13:42:38.083   629   629 I Zygote  : Process 2654 exited due to signal 9 (Killed)
05-07 13:42:38.113   906   968 I libprocessgroup: Successfully killed process cgroup uid 1000 pid 2654 in 60ms
05-07 13:42:38.150  3680  3861 I GH.GhCarClientCtor: Bound to startup service, got Car Service: com.google.android.gms.car.ICar$Stub$Proxy@344c63b
05-07 13:42:38.150  3680  3862 I GH.GhCarClientCtor: Bound to startup service, got Car Service: com.google.android.gms.car.ICar$Stub$Proxy@5509158
05-07 13:42:38.151  3680  3862 I CAR.TOKEN: shouldConnectToGearheadCarApi: true
05-07 13:42:38.151  3680  3862 I GH.GhCarClientCtor: Disconnecting GearheadCarClientConnector.
05-07 13:42:38.151  3680  3862 I GH.GhCarClientCtor: Unbinding service connection.
05-07 13:42:38.191  3680  3871 I GH.GhCarClientCtor: Bound to startup service, got Car Service: com.google.android.gms.car.ICar$Stub$Proxy@baf8b17
05-07 13:42:38.198  3680  3862 I CAR.TOKEN: Connecting com.google.android.gms.car.api.impl.GearheadCarClientToken@e96b04 using class com.google.android.gms.car.api.impl.CarClientImpl@243360546/class com.google.android.gms.car.api.impl.GearheadCarClientConnector@185989357 (cx attempt 1)
05-07 13:42:38.200  3680  3680 I CAR.TOKEN: Successfully connected jzm@c143370 using class com.google.android.gms.car.api.impl.CarClientImpl@243360546/class com.google.android.gms.car.api.impl.GearheadCarClientConnector@185989357 (cx attempt 1)
05-07 13:42:38.204  3810  3826 W DynamiteModule: Local module descriptor class for com.google.android.gms.googlecertificates not found.
05-07 13:42:38.215  3810  3826 I on.gearhead:ca: Waiting for a blocking GC ClassLinker
05-07 13:42:38.328  3763  3763 W com.whatsapp: Accessing hidden method Landroid/text/StaticLayout;-><init>(Ljava/lang/CharSequence;IILandroid/text/TextPaint;ILandroid/text/Layout$Alignment;Landroid/text/TextDirectionHeuristic;FFZLandroid/text/TextUtils$TruncateAt;II)V (greylist-max-p, linking, denied)
05-07 13:42:38.328  3763  3763 W com.whatsapp: Accessing hidden method Landroid/text/StaticLayout;-><init>(Ljava/lang/CharSequence;IILandroid/text/TextPaint;ILandroid/text/Layout$Alignment;Landroid/text/TextDirectionHeuristic;FFZLandroid/text/TextUtils$TruncateAt;II)V (greylist-max-p, linking, denied)
05-07 13:42:38.334  3530  3544 W ngs.android.po: Suspending all threads took: 18.243ms
05-07 13:42:38.416  3810  3826 I on.gearhead:ca: WaitForGcToComplete blocked ClassLinker on AddRemoveAppImageSpace for 201.820ms
05-07 13:42:38.417  3810  3826 I DynamiteModule: Considering local module com.google.android.gms.googlecertificates:0 and remote module com.google.android.gms.googlecertificates:6
05-07 13:42:38.417  3810  3826 I DynamiteModule: Selected remote version of com.google.android.gms.googlecertificates, version >= 6
05-07 13:42:38.419  3810  3826 V DynamiteModule: Dynamite loader version >= 2, using loadModule2NoCrashUtils
05-07 13:42:38.756  3763  3763 D FirebaseApp: com.google.firebase.auth.FirebaseAuth is not linked. Skipping initialization.
05-07 13:42:38.756  3763  3763 D FirebaseApp: com.google.firebase.crash.FirebaseCrash is not linked. Skipping initialization.
05-07 13:42:38.757  3763  3763 D FirebaseApp: com.google.android.gms.measurement.AppMeasurement is not linked. Skipping initialization.
05-07 13:42:38.757  3763  3763 I FirebaseInitProvider: FirebaseApp initialization successful
05-07 13:42:38.772  3810  3826 I DynamiteLoaderV2Impl: [71] Googlecertificates
05-07 13:42:38.789   906  3856 D ConnectivityService: Returning BLOCKED NetworkInfo to uid=10142
05-07 13:42:38.806  3810  3826 W on.gearhead:ca: ClassLoaderContext type mismatch. expected=PCL, found=DLC (PCL[] | DLC[];PCL[/data/app/com.google.android.projection.gearhead-ZiFKFxAiSYsS2gdsFK6Fjw==/base.apk*2586760041:/data/app/com.google.android.projection.gearhead-ZiFKFxAiSYsS2gdsFK6Fjw==/base.apk!classes2.dex*839480361:/data/app/com.google.android.projection.gearhead-ZiFKFxAiSYsS2gdsFK6Fjw==/base.apk!classes3.dex*3294580756]{PCL[/system/framework/org.apache.http.legacy.jar*1038351580]})
05-07 13:42:38.809  3320  3633 W ndroid.contact: Verification of void android.support.v4.graphics.drawable.IconCompat.<init>() took 287.295ms
05-07 13:42:38.835  3810  3826 W on.gearhead:ca: Found duplicate classes, falling back to extracting from APK : /data/user_de/0/com.google.android.gms/app_chimera/m/0000018a/GoogleCertificates.apk
05-07 13:42:38.836  3810  3826 W on.gearhead:ca: NOTE: This wastes RAM and hurts startup performance.
05-07 13:42:38.836  3810  3826 W on.gearhead:ca: Found duplicated class when checking oat files: 'La;' in /data/app/com.google.android.projection.gearhead-ZiFKFxAiSYsS2gdsFK6Fjw==/base.apk and /data/user_de/0/com.google.android.gms/app_chimera/m/0000018a/GoogleCertificates.apk
05-07 13:42:38.836  3810  3826 W on.gearhead:ca: 
05-07 13:42:38.960  3320  3633 W ndroid.contact: Verification of int android.support.v4.graphics.drawable.IconCompat.b() took 150.343ms
05-07 13:42:39.240  3680  3718 I gearhead:share: Waiting for a blocking GC ProfileSaver
05-07 13:42:39.299  3763  3763 W com.whatsapp: Class X.024 failed lock verification and will run slower.
05-07 13:42:39.300  3763  3763 W com.whatsapp: Common causes for lock verification issues are non-optimized dex code
05-07 13:42:39.300  3763  3763 W com.whatsapp: and incorrect proguard optimizations.
05-07 13:42:39.466   906  3785 W ProcessStats: Tracking association SourceState{b753575 com.google.android.gms.persistent/10008 ImpFg #1438} whose proc state 2 is better than process ProcessState{4af990a com.google.android.gms/10008 pkg=com.google.android.gms} proc state 3 (0 skipped)
05-07 13:42:39.467  2300  2300 D BoundBrokerSvc: onUnbind: Intent { act=com.google.android.gms.facs.internal.service.START cmp=com.google.android.gms/.chimera.GmsInternalApiService }
05-07 13:42:39.586  2752  2863 W ProxyAndroidLoggerBackend: Too many Flogger logs received before configuration. Dropping old logs.
05-07 13:42:39.601  3680  3680 I GH.CarClientManager: CarClientToken connected.
05-07 13:42:39.638  2300  2300 D BoundBrokerSvc: onUnbind: Intent { act=com.google.android.mdh.service.START cmp=com.google.android.gms/.chimera.GmsBoundBrokerService }
05-07 13:42:39.650  2752  2863 W ProxyAndroidLoggerBackend: Too many Flogger logs received before configuration. Dropping old logs.
05-07 13:42:39.653  2300  2300 D BoundBrokerSvc: onUnbind: Intent { act=com.google.android.mdh.service.listener.START cmp=com.google.android.gms/.chimera.GmsBoundBrokerService }
05-07 13:42:39.683  3530  3716 I internationalization:  SDK V3.9 - 2017.05.23 - UI
05-07 13:42:39.728  3680  3680 I GH.HatsManager: HaTS feature flag is not enabled. Not starting HatsManager.
05-07 13:42:39.808  3680  3718 I gearhead:share: WaitForGcToComplete blocked ProfileSaver on AddRemoveAppImageSpace for 567.785ms
05-07 13:42:40.236  1985  1985 I BeaconBle: 'L' hardware scan: scan stopped, no clients [CONTEXT service_id=111 ]
05-07 13:42:40.655  3100  3198 I WM-WorkerWrapper: Worker result SUCCESS for Work [ id=0bce8f29-ec6e-4239-a0a0-507bdb30edd3, tags={ com.ushareit.ccm.CommandWorker, Cmd } ]
05-07 13:42:40.667   906  3785 I ActivityManager: Killing 2752:com.android.vending/u0a55 (adj 975): empty #17
05-07 13:42:40.667   906  3785 I ActivityManager: Killing 2459:com.android.cellbroadcastreceiver/u0a36 (adj 985): empty #18
05-07 13:42:40.715   629   629 I Zygote  : Process 2459 exited due to signal 9 (Killed)
05-07 13:42:40.737  2300  2300 D BoundBrokerSvc: onUnbind: Intent { act=com.google.android.gms.checkin.START pkg=com.google.android.gms }
05-07 13:42:40.741  1985  1985 D BoundBrokerSvc: onUnbind: Intent { act=com.google.android.gms.phenotype.service.START cmp=com.google.android.gms/.chimera.PersistentApiService }
05-07 13:42:40.750  1985  1985 D BoundBrokerSvc: onUnbind: Intent { act=com.google.android.gms.auth.account.workaccount.START cmp=com.google.android.gms/.chimera.PersistentApiService }
05-07 13:42:40.821  2331  3263 I FA      : App measurement initialized, version: 39058
05-07 13:42:40.821  2331  3263 I FA      : To enable debug logging run: adb shell setprop log.tag.FA VERBOSE
05-07 13:42:40.850  3100  3447 W vo.anyshare.gp: Verification of void com.facebook.ads.redexgen.X.NY.<clinit>() took 203.531ms
05-07 13:42:40.858  3100  3152 W vo.anyshare.gp: Verification of void com.android.org.conscrypt.OpenSSLSignature$EngineType.<clinit>() took 222.470ms
05-07 13:42:40.887  2331  3263 I FA      : To enable faster debug mode event logging run:
05-07 13:42:40.887  2331  3263 I FA      :   adb shell setprop debug.firebase.analytics.app com.google.android.googlequicksearchbox
05-07 13:42:40.958   630   630 D Zygote  : Forked child process 3926
05-07 13:42:40.966   906   967 I ActivityManager: Start proc 3926:roman10.media.converterv2/u0a148 for broadcast {roman10.media.converterv2/roman10.media.converterv2.MediaMountMonitor}
05-07 13:42:40.977  3926  3926 W main    : type=1400 audit(0.0:79): avc: granted { read } for name="u:object_r:net_dns_prop:s0" dev="tmpfs" ino=14022 scontext=u:r:untrusted_app_25:s0:c512,c768 tcontext=u:object_r:net_dns_prop:s0 tclass=file
05-07 13:42:40.987  3926  3926 E dia.converterv: Not starting debugger since process cannot load the jdwp agent.
05-07 13:42:41.053  3100  3447 E FBAudienceNetwork: You are using custom Application class and don't call AudienceNetworkAds.isInAdsProcess(). Multi-process support will be disabled. Please call AudienceNetworkAds.isInAdsProcess() if you want to support multi-process mode.
05-07 13:42:41.097  2300  2300 D BoundBrokerSvc: onUnbind: Intent { act=com.google.android.gms.constellation.service.START pkg=com.google.android.gms }
05-07 13:42:41.226  3926  3926 I dia.converterv: The ClassLoaderContext is a special shared library.
05-07 13:42:41.258  2300  2300 D BoundBrokerSvc: onUnbind: Intent { act=com.google.android.gms.feedback.internal.IFeedbackService cmp=com.google.android.gms/.chimera.GmsBoundBrokerService }
05-07 13:42:41.263  3763  3884 D WM-PackageManagerHelper: androidx.work.impl.background.systemjob.SystemJobService enabled
05-07 13:42:41.263  3763  3884 D WM-Schedulers: Created SystemJobScheduler and enabled SystemJobService
05-07 13:42:41.289  3100  3152 W vo.anyshare.gp: Verification of java.security.cert.CertPath com.android.org.conscrypt.OpenSSLX509CertPath.fromPkcs7Encoding(java.io.InputStream) took 113.766ms
05-07 13:42:41.329   906   931 D ConnectivityService: ConnectivityService NetworkRequestInfo binderDied(NetworkRequest [ TRACK_DEFAULT id=19, [ Capabilities: INTERNET&NOT_RESTRICTED&TRUSTED Uid: 10055] ], android.os.BinderProxy@28b5cd0)
05-07 13:42:41.329   906  3785 D ConnectivityService: ConnectivityService NetworkRequestInfo binderDied(NetworkRequest [ LISTEN id=20, [ Capabilities: INTERNET&NOT_RESTRICTED&TRUSTED Uid: 10055] ], android.os.BinderProxy@47e14c9)
05-07 13:42:41.330   906   968 I libprocessgroup: Successfully killed process cgroup uid 10055 pid 2752 in 661ms
05-07 13:42:41.330   629   629 I Zygote  : Process 2752 exited due to signal 9 (Killed)
05-07 13:42:41.331   906   968 I libprocessgroup: Successfully killed process cgroup uid 10036 pid 2459 in 0ms
05-07 13:42:41.331   906  1363 D ConnectivityService: releasing NetworkRequest [ TRACK_DEFAULT id=19, [ Capabilities: INTERNET&NOT_RESTRICTED&TRUSTED Uid: 10055] ] (release request)
05-07 13:42:41.337  3027  3027 I Finsky:download_service: [2] vui.onDestroy(8): IPC-SERVER: Stopping gRPC host service...
05-07 13:42:41.584  1985  1985 D BoundBrokerSvc: onUnbind: Intent { act=com.google.android.gms.clearcut.bootcount.service.START cmp=com.google.android.gms/.chimera.PersistentBoundBrokerService }
05-07 13:42:41.640  3763  3949 D WM-WorkManagerImpl: Unable to initialize multi-process support
05-07 13:42:41.640  3763  3949 D WM-WorkManagerImpl: java.lang.ClassNotFoundException: androidx.work.multiprocess.RemoteWorkManagerClient
05-07 13:42:41.640  3763  3949 D WM-WorkManagerImpl: 	at java.lang.Class.classForName(Native Method)
05-07 13:42:41.640  3763  3949 D WM-WorkManagerImpl: 	at java.lang.Class.forName(Class.java:454)
05-07 13:42:41.640  3763  3949 D WM-WorkManagerImpl: 	at java.lang.Class.forName(Class.java:379)
05-07 13:42:41.640  3763  3949 D WM-WorkManagerImpl: 	at X.0yw.run(:282934)
05-07 13:42:41.640  3763  3949 D WM-WorkManagerImpl: 	at java.lang.RunnableEBaseShape5S0200000_I1_0.run(:259586)
05-07 13:42:41.640  3763  3949 D WM-WorkManagerImpl: 	at java.util.concurrent.ThreadPoolExecutor.runWorker(ThreadPoolExecutor.java:1167)
05-07 13:42:41.640  3763  3949 D WM-WorkManagerImpl: 	at java.util.concurrent.ThreadPoolExecutor$Worker.run(ThreadPoolExecutor.java:641)
05-07 13:42:41.640  3763  3949 D WM-WorkManagerImpl: 	at java.lang.Thread.run(Thread.java:919)
05-07 13:42:41.640  3763  3949 D WM-WorkManagerImpl: Caused by: java.lang.ClassNotFoundException: androidx.work.multiprocess.RemoteWorkManagerClient
05-07 13:42:41.640  3763  3949 D WM-WorkManagerImpl: 	... 8 more
05-07 13:42:41.640  3763  3949 D WM-ForceStopRunnable: Performing cleanup operations.
05-07 13:42:41.664   659   659 I /vendor/bin/hw/android.hardware.health@2.0-service.marlin: SRAM data: 2481000
05-07 13:42:41.668   659   659 I /vendor/bin/hw/android.hardware.health@2.0-service.marlin: SRAM data: 2481000
05-07 13:42:41.678  1457  1801 D PowerUI : can't show warning due to - plugged: true status unknown: false
05-07 13:42:41.705  3530  3530 I UpnpServiceImpl: >>> Starting UPnP service...
05-07 13:42:41.705  3530  3530 I UpnpServiceImpl: Using configuration: com.estrongs.dlna.core.d
05-07 13:42:41.711  3530  3600 I WorkerWrapper: Worker result SUCCESS for Work [ id=f26f9930-ac4b-4ffd-a5ab-cbec513baed3, tags={ com.estrongs.android.util.KAWorker } ]
05-07 13:42:41.720  3530  3530 I UpnpServiceImpl: <<< UPnP service started successfully
05-07 13:42:41.744  3530  3530 I Router  : WiFi state changed, trying to disable router
05-07 13:42:41.841  3672  3693 W roid.apps.turb: Suspending all threads took: 166.970ms
05-07 13:42:41.866  3100  3306 I SystemConfig: Adding association: com.google.android.as <- com.android.providers.contacts
05-07 13:42:41.866  3100  3306 I SystemConfig: Adding association: com.google.android.as <- com.android.providers.media
05-07 13:42:41.866  3100  3306 I SystemConfig: Adding association: com.google.android.as <- com.android.providers.telephony
05-07 13:42:41.866  3100  3306 I SystemConfig: Adding association: com.google.android.as <- com.android.systemui
05-07 13:42:41.866  3100  3306 I SystemConfig: Adding association: com.google.android.as <- com.google.android.gms
05-07 13:42:41.866  3100  3306 I SystemConfig: Adding association: com.google.android.as <- com.google.android.gsf
05-07 13:42:41.911  3763  3949 D WM-SystemJobScheduler: Reconciling jobs
05-07 13:42:42.039  3680  3707 W gearhead:share: Suspending all threads took: 157.175ms
05-07 13:42:42.043  3926  3926 D FirebaseApp: com.google.firebase.auth.FirebaseAuth is not linked. Skipping initialization.
05-07 13:42:42.045  3926  3926 D FirebaseApp: com.google.firebase.crash.FirebaseCrash is not linked. Skipping initialization.
05-07 13:42:42.053  3926  3926 I FirebaseInitProvider: FirebaseApp initialization successful
05-07 13:42:42.072  3763  3949 D WM-ForceStopRunnable: Application was force-stopped, rescheduling.
05-07 13:42:42.173   906  3785 I ActivityManager: Killing 2708:com.google.android.carrier/u0a60 (adj 975): empty #17
