05-11 20:05:40.024   928  1110 I ActivityManager: Start proc 5586:com.google.android.configupdater/u0a9 for broadcast {com.google.android.configupdater/com.google.android.configupdater.MainReceiver}
05-11 20:05:40.028   928  2433 I ActivityManager: Killing 4305:com.android.traceur/u0a68 (adj 985): empty #17
05-11 20:05:40.111   928  2400 D ConnectivityService: requestNetwork for uid/pid:10133/5183 NetworkRequest [ TRACK_DEFAULT id=34, [ Capabilities: INTERNET&NOT_RESTRICTED&TRUSTED Uid: 10133] ]
05-11 20:05:41.197   928  2447 I ActivityManager: Killing 4331:com.android.vending/u0a55 (adj 985): empty #17
05-11 20:05:42.210   928  1110 I ActivityManager: Start proc 5695:com.google.android.googlequicksearchbox:search/u0a47 for content provider {com.google.android.googlequicksearchbox/com.google.android.apps.gsa.staticplugins.publiccontent.GsaPublicContentProvider}
05-11 20:05:42.389   928  2263 I ActivityManager: Killing 4352:com.google.android.projection.gearhead:car/u0a214 (adj 985): empty #17
05-11 20:05:42.519   928  1110 W ActivityManager: Slow operation: 174ms so far, now at startProcess: returned from zygote!
05-11 20:05:42.519   928  1110 W ActivityManager: Slow operation: 174ms so far, now at startProcess: done updating battery stats
05-11 20:05:42.519   928  1110 W ActivityManager: Slow operation: 174ms so far, now at startProcess: building log message
05-11 20:05:42.519   928  1110 I ActivityManager: Start proc 5715:com.google.android.deskclock/u0a118 for broadcast {com.google.android.deskclock/com.android.deskclock.AlarmInitReceiver}
05-11 20:05:42.519   928  1110 W ActivityManager: Slow operation: 174ms so far, now at startProcess: starting to update pids map
05-11 20:05:42.520   928  1110 W ActivityManager: Slow operation: 175ms so far, now at startProcess: done updating pids map
05-11 20:05:42.650   928  2442 I ActivityManager: Killing 4461:com.google.android.apps.docs/u0a127 (adj 985): empty #17
05-11 20:05:42.941   928  2441 D ConnectivityService: ConnectivityService NetworkRequestInfo binderDied(NetworkRequest [ TRACK_DEFAULT id=26, [ Capabilities: INTERNET&NOT_RESTRICTED&TRUSTED Uid: 10055] ], android.os.BinderProxy@7507b17)
05-11 20:05:42.941   928  2269 D ConnectivityService: ConnectivityService NetworkRequestInfo binderDied(NetworkRequest [ LISTEN id=27, [ Capabilities: INTERNET&NOT_RESTRICTED&TRUSTED Uid: 10055] ], android.os.BinderProxy@d8f9b04)
05-11 20:05:42.941   928  1359 D ConnectivityService: releasing NetworkRequest [ TRACK_DEFAULT id=26, [ Capabilities: INTERNET&NOT_RESTRICTED&TRUSTED Uid: 10055] ] (release request)
05-11 20:05:43.720   928  1359 D ConnectivityService: releasing NetworkRequest [ TRACK_DEFAULT id=34, [ Capabilities: INTERNET&NOT_RESTRICTED&TRUSTED Uid: 10133] ] (release request)
05-11 20:05:43.923   928  2438 I ActivityManager: Killing 4418:com.google.process.gapps/u0a8 (adj 985): empty #17
05-11 20:05:43.946   928  1110 I ActivityManager: Start proc 5769:com.google.android.dialer/u0a43 for broadcast {com.google.android.dialer/com.google.android.libraries.internal.growth.growthkit.tiktok.GrowthKitBootCompletedListener_Receiver}
05-11 20:05:44.263  1449  2004 D PowerUI : can't show warning due to - plugged: true status unknown: false
05-11 20:05:45.978  5183  5385 I SystemConfig: Adding association: com.google.android.as <- com.android.providers.contacts
05-11 20:05:45.978  5183  5385 I SystemConfig: Adding association: com.google.android.as <- com.android.providers.media
05-11 20:05:45.978  5183  5385 I SystemConfig: Adding association: com.google.android.as <- com.android.providers.telephony
05-11 20:05:45.978  5183  5385 I SystemConfig: Adding association: com.google.android.as <- com.android.systemui
05-11 20:05:45.978  5183  5385 I SystemConfig: Adding association: com.google.android.as <- com.google.android.gms
05-11 20:05:45.978  5183  5385 I SystemConfig: Adding association: com.google.android.as <- com.google.android.gsf
05-11 20:05:46.183  5183  5385 W SystemConfig: No directory /product_services/etc/sysconfig, skipping
05-11 20:05:46.183  5183  5385 W SystemConfig: No directory /product_services/etc/permissions, skipping
05-11 20:05:46.257   928  1110 I ActivityManager: Start proc 5856:com.google.process.gapps/u0a8 for content provider {com.google.android.gsf/com.google.android.gsf.settings.GoogleSettingsProvider}
05-11 20:05:46.969   928  1109 W BroadcastQueue: Background execution not allowed: receiving Intent { act=com.google.android.systemui.OPA_ENABLED flg=0x10000010 (has extras) } to com.google.android.apps.nexuslauncher/.qsb.OPAStatusReceiver
05-11 20:05:47.084   928  1807 D ConnectivityService: requestNetwork for uid/pid:10043/5769 NetworkRequest [ TRACK_DEFAULT id=36, [ Capabilities: INTERNET&NOT_RESTRICTED&TRUSTED Uid: 10043] ]
05-11 20:05:47.377   928  1807 I ActivityManager: Killing 4631:com.google.android.apps.maps/u0a116 (adj 985): empty #17
05-11 20:05:47.538   928  1110 I ActivityManager: Start proc 5892:com.android.vending/u0a55 for service {com.android.vending/com.google.android.finsky.scheduler.process.mainimpl.PhoneskyJobServiceMain}
05-11 20:05:47.744   928  2438 D ConnectivityService: ConnectivityService NetworkRequestInfo binderDied(NetworkRequest [ TRACK_DEFAULT id=30, [ Capabilities: INTERNET&NOT_RESTRICTED&TRUSTED Uid: 10116] ], android.os.BinderProxy@ca07dab)
05-11 20:05:47.744   928   967 D ConnectivityService: ConnectivityService NetworkRequestInfo binderDied(NetworkRequest [ LISTEN id=31, [ Capabilities: INTERNET&NOT_RESTRICTED&TRUSTED Uid: 10116] ], android.os.BinderProxy@5b833fa)
05-11 20:05:47.745   928  1359 D ConnectivityService: releasing NetworkRequest [ TRACK_DEFAULT id=30, [ Capabilities: INTERNET&NOT_RESTRICTED&TRUSTED Uid: 10116] ] (release request)
05-11 20:05:47.762   928  5926 D ConnectivityService: requestNetwork for uid/pid:10055/5892 NetworkRequest [ TRACK_DEFAULT id=37, [ Capabilities: INTERNET&NOT_RESTRICTED&TRUSTED Uid: 10055] ]
05-11 20:05:48.176   928  4245 W ActivityManager: Unable to start service Intent { cmp=com.google.android.gm/com.android.email.service.AttachmentService } U=0: not found
05-11 20:05:49.319   928  1251 W ActivityManager: Background start not allowed: service Intent { cmp=com.google.android.apps.messaging/.shared.datamodel.action.execution.ActionExecutorImpl$EmptyService } to com.google.android.apps.messaging/.shared.datamodel.action.execution.ActionExecutorImpl$EmptyService from pid=4762 uid=10085 pkg=com.google.android.apps.messaging startFg?=false
05-11 20:05:49.322   928  1251 W ActivityManager: Background start not allowed: service Intent { cmp=com.google.android.apps.messaging/.shared.datamodel.action.execution.ActionExecutorImpl$EmptyService } to com.google.android.apps.messaging/.shared.datamodel.action.execution.ActionExecutorImpl$EmptyService from pid=4762 uid=10085 pkg=com.google.android.apps.messaging startFg?=false
05-11 20:05:49.852   928  2433 D ConnectivityService: requestNetwork for uid/pid:10072/5456 NetworkRequest [ TRACK_DEFAULT id=39, [ Capabilities: INTERNET&NOT_RESTRICTED&TRUSTED Uid: 10072] ]
05-11 20:05:50.210  1449  2004 D PowerUI : can't show warning due to - plugged: true status unknown: false
05-11 20:05:52.065   928  1251 W ActivityManager: Background start not allowed: service Intent { cmp=com.google.android.apps.messaging/.shared.datamodel.action.execution.ActionExecutorImpl$EmptyService } to com.google.android.apps.messaging/.shared.datamodel.action.execution.ActionExecutorImpl$EmptyService from pid=4762 uid=10085 pkg=com.google.android.apps.messaging startFg?=false
05-11 20:05:52.123   928  1109 W BroadcastQueue: Background execution not allowed: receiving Intent { act=com.google.android.systemui.OPA_ENABLED flg=0x10000010 (has extras) } to com.google.android.apps.nexuslauncher/.qsb.OPAStatusReceiver
05-11 20:05:52.239   928  1110 I ActivityManager: Start proc 6071:com.android.chrome/u0a112 for service {com.android.chrome/org.chromium.chrome.browser.customtabs.CustomTabsConnectionService}
05-11 20:05:52.733   928  1110 I ActivityManager: Start proc 6113:com.google.android.hardwareinfo/u0a53 for broadcast {com.google.android.hardwareinfo/com.google.android.hardwareinfo.HardwareInfoBootReceiver}
05-11 20:05:52.955   928  2433 I ActivityManager: Killing 4821:com.google.android.apps.messaging:rcs/u0a85 (adj 985): empty #17
05-11 20:05:53.010   928  4349 I ActivityManager: Killing 4897:com.google.android.apps.safetyhub/u0a215 (adj 985): empty #17
05-11 20:05:53.028   928  1110 I ActivityManager: Start proc 6143:com.google.android.music:main/u0a108 for broadcast {com.google.android.music/androidx.work.impl.background.systemalarm.RescheduleReceiver}
05-11 20:05:53.135  1449  2004 D PowerUI : can't show warning due to - plugged: true status unknown: false
05-11 20:05:54.714   928  1359 D ConnectivityService: Blocked status changed to false for 10055(29) on netId 100
05-11 20:05:54.714   928  1359 D ConnectivityService: Blocked status changed to false for 10055(37) on netId 100
05-11 20:05:54.715   928  1359 D ConnectivityService: Blocked status changed to false for 10055(38) on netId 100
05-11 20:05:54.838   928  2263 D ConnectivityService: Returning BLOCKED NetworkInfo to uid=10108
05-11 20:05:54.975   928  2448 D BackupTransportManager: Transport com.google.android.gms/.backup.BackupTransportService updated its attributes
05-11 20:05:55.134   928  1710 D ConnectivityService: requestNetwork for uid/pid:10108/6143 NetworkRequest [ TRACK_DEFAULT id=41, [ Capabilities: INTERNET&NOT_RESTRICTED&TRUSTED Uid: 10108] ]
05-11 20:05:55.169   928  1359 D ConnectivityService: Blocked status changed to true for 10055(29) on netId 100
05-11 20:05:55.169   928  1359 D ConnectivityService: Blocked status changed to true for 10055(37) on netId 100
05-11 20:05:55.169   928  1359 D ConnectivityService: Blocked status changed to true for 10055(38) on netId 100
05-11 20:05:55.359   928  1110 I ActivityManager: Start proc 6260:com.google.android.gms.unstable/u0a8 for service {com.google.android.gms/com.google.android.gms.droidguard.DroidGuardService}
05-11 20:05:55.406   928  1110 I ActivityManager: Start proc 6278:com.google.android.onetimeinitializer/u0a48 for broadcast {com.google.android.onetimeinitializer/com.google.android.onetimeinitializer.OneTimeInitializerReceiver}
05-11 20:05:55.604   928  2448 I DropBoxManagerService: add tag=event_log isTagEnabled=true flags=0x2
05-11 20:05:55.650   928  4349 I ActivityManager: Killing 4940:com.google.android.apps.turbo/u0a50 (adj 985): empty #17
05-11 20:05:55.695   928  1110 I ActivityManager: Start proc 6308:com.google.android.packageinstaller/u0a24 for broadcast {com.google.android.packageinstaller/com.android.packageinstaller.TemporaryFileManager}
05-11 20:05:55.923   928  2448 I ActivityManager: Killing 4970:com.google.android.apps.turbo:aab/u0a50 (adj 985): empty #17
05-11 20:05:55.942   928  1110 I ActivityManager: Start proc 6342:com.google.android.partnersetup/u0a45 for broadcast {com.google.android.partnersetup/com.google.android.partnersetup.GooglePartnerSetup}
05-11 20:05:56.265   928  1359 D ConnectivityService: Blocked status changed to false for 10055(29) on netId 100
05-11 20:05:56.265   928  1359 D ConnectivityService: Blocked status changed to false for 10055(37) on netId 100
05-11 20:05:56.266   928  1359 D ConnectivityService: Blocked status changed to false for 10055(38) on netId 100
05-11 20:05:56.352   928  1070 W Looper  : Slow delivery took 231ms android.fg h=android.os.Handler c=<recycled PooledLambda@e6eea85> m=0
05-11 20:05:56.368   928   928 W Looper  : Slow dispatch took 279ms main h=android.app.ActivityThread$H c=android.app.-$$Lambda$LoadedApk$ReceiverDispatcher$Args$_BumDX2UKsnxLVrE6UJsJZkotuA@7006ae7 m=0
05-11 20:05:56.368   928   928 W Looper  : Slow delivery took 326ms main h=android.app.ActivityThread$H c=android.app.-$$Lambda$LoadedApk$ReceiverDispatcher$Args$_BumDX2UKsnxLVrE6UJsJZkotuA@16a1694 m=0
05-11 20:05:56.405   928  1070 W Looper  : Drained
05-11 20:05:56.422   928   928 I Telecom : DefaultDialerCache: Refreshing default dialer for user 0: now com.google.android.dialer: DDC.oR@AI8
05-11 20:05:56.422   928   928 I Telecom : DefaultDialerCache: Refreshing default dialer for user 11: now null: DDC.oR@AI8
05-11 20:05:56.422   928   928 I Telecom : DefaultDialerCache: Refreshing default dialer for user 12: now null: DDC.oR@AI8
05-11 20:05:56.436   928   928 W Looper  : Drained
05-11 20:05:56.449   928  1359 D ConnectivityService: Blocked status changed to true for 10055(29) on netId 100
05-11 20:05:56.450   928  1359 D ConnectivityService: Blocked status changed to true for 10055(37) on netId 100
05-11 20:05:56.450   928  1359 D ConnectivityService: Blocked status changed to true for 10055(38) on netId 100
05-11 20:05:56.690   928  2263 D ConnectivityService: requestNetwork for uid/pid:10047/5695 NetworkRequest [ TRACK_DEFAULT id=42, [ Capabilities: INTERNET&NOT_RESTRICTED&TRUSTED Uid: 10047] ]
05-11 20:05:56.771   928   966 I ActivityManager: Killing 5007:com.google.android.apps.turbo:ssb/u0a50 (adj 985): empty #17
05-11 20:05:56.788   928  1110 I ActivityManager: Start proc 6397:com.google.android.projection.gearhead:shared/u0a214 for broadcast {com.google.android.projection.gearhead/com.google.android.apps.auto.components.app.fzero.FzeroReceiver}
05-11 20:05:57.151   928  6432 I DropBoxManagerService: add tag=system_app_wtf isTagEnabled=true flags=0x2
05-11 20:05:57.247   928  6440 I DropBoxManagerService: add tag=system_app_wtf isTagEnabled=true flags=0x2
05-11 20:05:57.661   928  2449 I ActivityManager: Killing 5045:com.google.android.apps.wallpaper/u0a22 (adj 985): empty #17
05-11 20:05:57.676   928  1110 I ActivityManager: Start proc 6462:com.google.android.projection.gearhead:car/u0a214 for broadcast {com.google.android.projection.gearhead/com.google.android.apps.auto.carservice.frx.FrxReceiver}
05-11 20:05:58.279   928   967 I ActivityManager: Killing 5072:com.google.android.apps.wellbeing/u0a159 (adj 985): empty #17
05-11 20:05:58.302   928  1110 I ActivityManager: Start proc 6504:com.google.android.settings.intelligence/u0a34 for broadcast {com.google.android.settings.intelligence/com.google.android.settings.intelligence.modules.contextualcards.impl.JobBootBroadcastReceiver}
05-11 20:05:58.746   928  1110 I ActivityManager: Start proc 6548:com.google.android.gms.ui/u0a8 for service {com.google.android.gms/com.google.android.gms.chimera.UiIntentOperationService}
05-11 20:05:58.881   928  2449 I ActivityManager: Killing 5112:com.google.android.calendar/u0a115 (adj 985): empty #17
05-11 20:05:58.896   928  1110 I ActivityManager: Start proc 6576:com.google.android.storagemanager/u0a65 for broadcast {com.google.android.storagemanager/com.android.storagemanager.automatic.AutomaticStorageBroadcastReceiver}
05-11 20:05:59.150   928  2448 I ActivityManager: Killing 4551:com.google.android.apps.gcs/u0a41 (adj 985): empty #17
05-11 20:05:59.202   928  4349 D ConnectivityService: ConnectivityService NetworkRequestInfo binderDied(NetworkRequest [ TRACK_DEFAULT id=28, [ Capabilities: INTERNET&NOT_RESTRICTED&TRUSTED Uid: 10041] ], android.os.BinderProxy@99e9bac)
05-11 20:05:59.202   928  1359 D ConnectivityService: releasing NetworkRequest [ TRACK_DEFAULT id=28, [ Capabilities: INTERNET&NOT_RESTRICTED&TRUSTED Uid: 10041] ] (release request)
05-11 20:05:59.208   928  1110 W ActivityManager: Slow operation: 59ms so far, now at startProcess: returned from zygote!
05-11 20:05:59.208   928  1110 W ActivityManager: Slow operation: 59ms so far, now at startProcess: done updating battery stats
05-11 20:05:59.208   928  1110 W ActivityManager: Slow operation: 59ms so far, now at startProcess: building log message
05-11 20:05:59.208   928  1110 I ActivityManager: Start proc 6607:com.google.process.gapps/u0a122 for broadcast {com.google.android.syncadapters.contacts/com.google.android.syncadapters.contacts.ContactsSyncAdapterBroadcastReceiver}
05-11 20:05:59.208   928  1110 W ActivityManager: Slow operation: 59ms so far, now at startProcess: starting to update pids map
05-11 20:05:59.208   928  1110 W ActivityManager: Slow operation: 59ms so far, now at startProcess: done updating pids map
05-11 20:05:59.464   928  4244 D ConnectivityService: Returning BLOCKED NetworkInfo to uid=10034
05-11 20:05:59.565   928  1807 I ActivityManager: Killing 4853:com.google.android.apps.photos/u0a82 (adj 985): empty #17
05-11 20:05:59.595   928  1110 I ActivityManager: Start proc 6643:com.google.android.talk/u0a120 for broadcast {com.google.android.talk/com.google.android.apps.hangouts.service.broadcastreceiver.BootReceiver}
05-11 20:05:59.610   928  2442 D ConnectivityService: ConnectivityService NetworkRequestInfo binderDied(NetworkRequest [ TRACK_DEFAULT id=33, [ Capabilities: INTERNET&NOT_RESTRICTED&TRUSTED Uid: 10082] ], android.os.BinderProxy@efd941)
05-11 20:05:59.611   928  1359 D ConnectivityService: releasing NetworkRequest [ TRACK_DEFAULT id=33, [ Capabilities: INTERNET&NOT_RESTRICTED&TRUSTED Uid: 10082] ] (release request)
05-11 20:06:00.056   928  4390 D ConnectivityService: Returning BLOCKED NetworkInfo to uid=10120
05-11 20:06:00.078   928  4390 D ConnectivityService: requestNetwork for uid/pid:10120/6643 NetworkRequest [ TRACK_DEFAULT id=44, [ Capabilities: INTERNET&NOT_RESTRICTED&TRUSTED Uid: 10120] ]
05-11 20:06:00.382   928  4390 I ActivityManager: Killing 5586:com.google.android.configupdater/u0a9 (adj 985): empty #17
05-11 20:06:00.401   928  1110 I ActivityManager: Start proc 6704:com.google.android.videos/u0a79 for broadcast {com.google.android.videos/androidx.work.impl.background.systemalarm.RescheduleReceiver}
05-11 20:06:01.247   928   928 W Looper  : Slow dispatch took 321ms main h=android.app.ActivityThread$H c=android.app.-$$Lambda$LoadedApk$ReceiverDispatcher$Args$_BumDX2UKsnxLVrE6UJsJZkotuA@ceec2b3 m=0
05-11 20:06:01.248   928   928 W Looper  : Slow delivery took 333ms main h=android.app.ActivityThread$H c=android.app.-$$Lambda$LoadedApk$ReceiverDispatcher$Args$_BumDX2UKsnxLVrE6UJsJZkotuA@a6da070 m=0
05-11 20:06:01.292   928   928 I Telecom : DefaultDialerCache: Refreshing default dialer for user 0: now com.google.android.dialer: DDC.oR@AJA
05-11 20:06:01.292   928   928 I Telecom : DefaultDialerCache: Refreshing default dialer for user 11: now null: DDC.oR@AJA
05-11 20:06:01.292   928   928 I Telecom : DefaultDialerCache: Refreshing default dialer for user 12: now null: DDC.oR@AJA
05-11 20:06:01.301   928   928 I ActivityManager: Killing 5251:com.facebook.katana/u0a134 (adj 985): empty #17
05-11 20:06:01.315   928   928 W Looper  : Drained
05-11 20:06:01.421   928  2447 D ConnectivityService: requestNetwork for uid/pid:10120/6643 NetworkRequest [ TRACK_DEFAULT id=45, [ Capabilities: INTERNET&NOT_RESTRICTED&TRUSTED Uid: 10120] ]
05-11 20:06:01.490   928  2447 I ActivityManager: Killing 5715:com.google.android.deskclock/u0a118 (adj 985): empty #17
05-11 20:06:01.490   928  2447 I ActivityManager: Killing 5518:com.google.android.carrier/u0a60 (adj 985): empty #18
05-11 20:06:02.572   928  2441 I DropBoxManagerService: add tag=keymaster isTagEnabled=true flags=0x0
05-11 20:06:02.810   928  1995 D ConnectivityService: Returning BLOCKED NetworkInfo to uid=10079
05-11 20:06:02.905   928  1995 D ConnectivityService: requestNetwork for uid/pid:10079/6704 NetworkRequest [ TRACK_DEFAULT id=47, [ Capabilities: INTERNET&NOT_RESTRICTED&TRUSTED Uid: 10079] ]
05-11 20:06:02.908   928  1995 I ActivityManager: Killing 5769:com.google.android.dialer/u0a43 (adj 985): empty #17
05-11 20:06:02.934   928  1110 I ActivityManager: Start proc 6824:com.google.android.wfcactivation/u0a19 for broadcast {com.google.android.wfcactivation/com.google.android.wfcactivation.gcm.GcmRegistrationReceiver}
05-11 20:06:03.193   928  2446 I ActivityManager: Killing 5456:com.google.android.gm/u0a72 (adj 985): empty #17
05-11 20:06:03.214   928  1110 I ActivityManager: Start proc 6849:com.google.android.youtube/u0a71 for broadcast {com.google.android.youtube/com.google.android.libraries.notifications.entrypoints.restart.RestartReceiver}
05-11 20:06:03.412   928  2600 D ConnectivityService: ConnectivityService NetworkRequestInfo binderDied(NetworkRequest [ TRACK_DEFAULT id=39, [ Capabilities: INTERNET&NOT_RESTRICTED&TRUSTED Uid: 10072] ], android.os.BinderProxy@5d8d548)
05-11 20:06:03.412   928  1807 D ConnectivityService: ConnectivityService NetworkRequestInfo binderDied(NetworkRequest [ LISTEN id=40, [ Capabilities: INTERNET&NOT_RESTRICTED&TRUSTED Uid: 10072] ], android.os.BinderProxy@bfeefe1)
05-11 20:06:03.414   928  1359 D ConnectivityService: releasing NetworkRequest [ TRACK_DEFAULT id=39, [ Capabilities: INTERNET&NOT_RESTRICTED&TRUSTED Uid: 10072] ] (release request)
05-11 20:06:03.465   928  6868 D ConnectivityService: ConnectivityService NetworkRequestInfo binderDied(NetworkRequest [ TRACK_DEFAULT id=36, [ Capabilities: INTERNET&NOT_RESTRICTED&TRUSTED Uid: 10043] ], android.os.BinderProxy@1a8e106)
05-11 20:06:03.466   928  1359 D ConnectivityService: releasing NetworkRequest [ TRACK_DEFAULT id=36, [ Capabilities: INTERNET&NOT_RESTRICTED&TRUSTED Uid: 10043] ] (release request)
05-11 20:06:03.659   928  4278 W ProcessStats: Tracking association SourceState{c5ced53 com.google.android.gms/10008 ImpFg #4541} whose proc state 2 is better than process ProcessState{5128690 com.google.android.gms.unstable/10008 pkg=com.google.android.gms} proc state 3 (0 skipped)
05-11 20:06:03.854   928  4245 D ConnectivityService: Returning BLOCKED NetworkInfo to uid=10071
05-11 20:06:04.058   928  2449 D ConnectivityService: requestNetwork for uid/pid:10071/6849 NetworkRequest [ TRACK_DEFAULT id=48, [ Capabilities: INTERNET&NOT_RESTRICTED&TRUSTED Uid: 10071] ]
05-11 20:06:04.382   928  1110 I ActivityManager: Start proc 6962:com.android.settings/1000 for content provider {com.android.settings/com.android.settings.homepage.contextualcards.SettingsContextualCardProvider}
05-11 20:06:05.173   928   928 V SettingsProvider: Notifying for 0: content://settings/global/Phenotype_boot_count
05-11 20:06:05.351   928  1471 D ConnectivityService: requestNetwork for uid/pid:10071/6849 NetworkRequest [ TRACK_DEFAULT id=50, [ Capabilities: INTERNET&NOT_RESTRICTED&TRUSTED Uid: 10071] ]
05-11 20:06:05.396   928  1471 I ActivityManager: Killing 6113:com.google.android.hardwareinfo/u0a53 (adj 975): empty #17
05-11 20:06:05.396   928  1471 I ActivityManager: Killing 6071:com.android.chrome/u0a112 (adj 985): empty #18
05-11 20:06:05.433   928  1110 I ActivityManager: Start proc 7018:com.qualcomm.telephony/1000 for broadcast {com.qualcomm.atfwd/com.qualcomm.atfwd.AtFwdAutoboot}
05-11 20:06:05.512  7018  7018 W ContextImpl: Calling a method in the system process without a qualified user: android.app.ContextImpl.startService:1570 android.content.ContextWrapper.startService:669 android.content.ContextWrapper.startService:669 com.qualcomm.atfwd.AtFwdAutoboot.onReceive:24 android.app.ActivityThread.handleReceiver:3788 
05-11 20:06:05.520  1449  2004 D PowerUI : can't show warning due to - plugged: true status unknown: false
05-11 20:06:05.546   928  1110 I ActivityManager: Start proc 7039:com.qualcomm.embms/u0a131 for broadcast {com.qualcomm.embms/com.qualcomm.embms.EmbmsBootReceiver}
05-11 20:06:05.817   928  1110 I ActivityManager: Start proc 7071:com.qualcomm.embms:remote/u0a131 for service {com.qualcomm.embms/com.qualcomm.embms.EmbmsService}
05-11 20:06:05.895   928  1110 I ActivityManager: Start proc 7090:com.UCMobile.intl:resident/u0a218 for broadcast {com.UCMobile.intl/com.uc.ud.UdReceiver}
05-11 20:06:05.944   928  2400 I ActivityManager: Killing 6143:com.google.android.music:main/u0a108 (adj 975): empty #17
05-11 20:06:06.031   928  2272 D ConnectivityService: ConnectivityService NetworkRequestInfo binderDied(NetworkRequest [ TRACK_DEFAULT id=41, [ Capabilities: INTERNET&NOT_RESTRICTED&TRUSTED Uid: 10108] ], android.os.BinderProxy@6bf6aa8)
05-11 20:06:06.032   928  1359 D ConnectivityService: releasing NetworkRequest [ TRACK_DEFAULT id=41, [ Capabilities: INTERNET&NOT_RESTRICTED&TRUSTED Uid: 10108] ] (release request)
05-11 20:06:06.325   928  4244 I ActivityManager: Killing 6278:com.google.android.onetimeinitializer/u0a48 (adj 985): empty #17
05-11 20:06:06.499   928  4278 D ConnectivityService: Returning BLOCKED NetworkInfo to uid=10218
05-11 20:06:06.523   928  4278 I ActivityManager: Killing 6308:com.google.android.packageinstaller/u0a24 (adj 985): empty #17
05-11 20:06:07.026   928  4244 W ActivityManager: Background start not allowed: service Intent { act=com.ud.business.ntf pkg=com.UCMobile.intl (has extras) } to com.UCMobile.intl/com.uc.browser.multiprocess.resident.ResidentIpcService from pid=7090 uid=10218 pkg=com.UCMobile.intl startFg?=false
05-11 20:06:07.038   928  4278 W ActivityManager: Background start not allowed: service Intent { act=com.uc.action.pull.friend pkg=com.UCMobile.intl } to com.UCMobile.intl/com.uc.ud.ploys.friend.FriendAcceptorService from pid=7090 uid=10218 pkg=com.UCMobile.intl startFg?=false
05-11 20:06:07.051   928  4278 I ActivityManager: Killing 4743:com.google.android.permissioncontroller/u0a212 (adj 985): empty #17
05-11 20:06:07.085   928  1110 I ActivityManager: Start proc 7151:com.bsbportal.music/u0a136 for broadcast {com.bsbportal.music/com.freshchat.consumer.sdk.receiver.FreshchatReceiver}
05-11 20:06:07.726   928  4244 D ConnectivityService: Returning BLOCKED NetworkInfo to uid=10136
05-11 20:06:07.946  1449  2004 D PowerUI : can't show warning due to - plugged: true status unknown: false
05-11 20:06:08.586   928  4278 D ConnectivityService: requestNetwork for uid/pid:10136/7151 NetworkRequest [ TRACK_DEFAULT id=52, [ Capabilities: INTERNET&NOT_RESTRICTED&TRUSTED Uid: 10136] ]
05-11 20:06:09.247   928  2440 W ActivityManager: Background start not allowed: service Intent { cmp=com.bsbportal.music/com.freshchat.consumer.sdk.service.FreshchatService } to com.bsbportal.music/com.freshchat.consumer.sdk.service.FreshchatService from pid=7151 uid=10136 pkg=com.bsbportal.music startFg?=false
05-11 20:06:09.256   928  2440 I ActivityManager: Killing 6397:com.google.android.projection.gearhead:shared/u0a214 (adj 985): empty #17
05-11 20:06:09.315   928  1110 W ActivityManager: Slow operation: 61ms so far, now at startProcess: returned from zygote!
05-11 20:06:09.316   928  1110 W ActivityManager: Slow operation: 62ms so far, now at startProcess: done updating battery stats
05-11 20:06:09.316   928  1110 W ActivityManager: Slow operation: 62ms so far, now at startProcess: building log message
05-11 20:06:09.316   928  1110 I ActivityManager: Start proc 7260:com.estrongs.android.pop/u0a156 for broadcast {com.estrongs.android.pop/androidx.work.impl.background.systemalarm.RescheduleReceiver}
05-11 20:06:09.316   928  1110 W ActivityManager: Slow operation: 62ms so far, now at startProcess: starting to update pids map
05-11 20:06:09.317   928  1110 W ActivityManager: Slow operation: 63ms so far, now at startProcess: done updating pids map
05-11 20:06:10.348   928  4244 I ActivityManager: Killing 6462:com.google.android.projection.gearhead:car/u0a214 (adj 985): empty #17
05-11 20:06:10.351   928  1110 I ActivityManager: Start proc 7313:com.facebook.katana/u0a134 for broadcast {com.facebook.katana/com.facebook.permanet.bootreceiver.PermaNetBootReceiver}
05-11 20:06:14.025   928  1110 I ActivityManager: Start proc 7420:com.facebook.katana:fwkstartlog/u0a134 for service {com.facebook.katana/com.facebook.analytics.appstatelogger.AppStateIntentService}
05-11 20:06:14.038   928  1471 I ActivityManager: Killing 6548:com.google.android.gms.ui/u0a8 (adj 985): empty #17
05-11 20:06:14.062   928  1110 I ActivityManager: Start proc 7438:com.google.android.apps.tachyon/u0a144 for broadcast {com.google.android.apps.tachyon/com.google.android.apps.tachyon.common.applifecycle.BootReceiver}
05-11 20:06:14.498   928  3856 I ActivityManager: Killing 5141:com.android.providers.calendar/u0a57 (adj 985): empty #17
05-11 20:06:14.509   928  3856 I ActivityManager: Killing 6576:com.google.android.storagemanager/u0a65 (adj 985): empty #17
05-11 20:06:14.879   928  1471 D ConnectivityService: Returning BLOCKED NetworkInfo to uid=10144
05-11 20:06:15.081   928  1471 I ActivityManager: Killing 6643:com.google.android.talk/u0a120 (adj 985): empty #17
05-11 20:06:15.289   928  2600 D ConnectivityService: ConnectivityService NetworkRequestInfo binderDied(NetworkRequest [ LISTEN id=46, [ Capabilities: INTERNET&NOT_RESTRICTED&TRUSTED Uid: 10120] ], android.os.BinderProxy@a22410b)
05-11 20:06:15.289   928  2269 D ConnectivityService: ConnectivityService NetworkRequestInfo binderDied(NetworkRequest [ TRACK_DEFAULT id=45, [ Capabilities: INTERNET&NOT_RESTRICTED&TRUSTED Uid: 10120] ], android.os.BinderProxy@9e93be8)
05-11 20:06:15.289   928  1995 D ConnectivityService: ConnectivityService NetworkRequestInfo binderDied(NetworkRequest [ TRACK_DEFAULT id=44, [ Capabilities: INTERNET&NOT_RESTRICTED&TRUSTED Uid: 10120] ], android.os.BinderProxy@5ff6201)
05-11 20:06:15.293   928  1359 D ConnectivityService: releasing NetworkRequest [ TRACK_DEFAULT id=45, [ Capabilities: INTERNET&NOT_RESTRICTED&TRUSTED Uid: 10120] ] (release request)
05-11 20:06:15.294   928  1359 D ConnectivityService: releasing NetworkRequest [ TRACK_DEFAULT id=44, [ Capabilities: INTERNET&NOT_RESTRICTED&TRUSTED Uid: 10120] ] (release request)
05-11 20:06:17.120   928  1471 I ActivityManager: Killing 6704:com.google.android.videos/u0a79 (adj 985): empty #17
05-11 20:06:17.166   928  4390 D ConnectivityService: ConnectivityService NetworkRequestInfo binderDied(NetworkRequest [ TRACK_DEFAULT id=47, [ Capabilities: INTERNET&NOT_RESTRICTED&TRUSTED Uid: 10079] ], android.os.BinderProxy@68ae0c7)
05-11 20:06:17.167   928  1359 D ConnectivityService: releasing NetworkRequest [ TRACK_DEFAULT id=47, [ Capabilities: INTERNET&NOT_RESTRICTED&TRUSTED Uid: 10079] ] (release request)
05-11 20:06:17.765   928  4390 D ConnectivityService: requestNetwork for uid/pid:10144/7438 NetworkRequest [ TRACK_DEFAULT id=53, [ Capabilities: INTERNET&NOT_RESTRICTED&TRUSTED Uid: 10144] ]
05-11 20:06:17.786   928  4390 I ActivityManager: Killing 6824:com.google.android.wfcactivation/u0a19 (adj 985): empty #17
05-11 20:06:17.795   928  1110 I ActivityManager: Start proc 7534:com.google.android.play.games/u0a316 for broadcast {com.google.android.play.games/com.google.android.apps.play.games.lib.notifications.ChimeRegistrationBroadcastReceiver}
05-11 20:06:18.132   928  2441 D ConnectivityService: Returning BLOCKED NetworkInfo to uid=10316
05-11 20:06:18.600   928  3856 I ActivityManager: Killing 6849:com.google.android.youtube/u0a71 (adj 985): empty #17
05-11 20:06:18.650   928  4390 D ConnectivityService: ConnectivityService NetworkRequestInfo binderDied(NetworkRequest [ TRACK_DEFAULT id=48, [ Capabilities: INTERNET&NOT_RESTRICTED&TRUSTED Uid: 10071] ], android.os.BinderProxy@8622bfe)
05-11 20:06:18.650   928  4390 D ConnectivityService: ConnectivityService NetworkRequestInfo binderDied(NetworkRequest [ LISTEN id=49, [ Capabilities: INTERNET&NOT_RESTRICTED&TRUSTED&FOREGROUND Uid: 10071] ], android.os.BinderProxy@fa84f5f)
05-11 20:06:18.651   928  3856 D ConnectivityService: ConnectivityService NetworkRequestInfo binderDied(NetworkRequest [ TRACK_DEFAULT id=50, [ Capabilities: INTERNET&NOT_RESTRICTED&TRUSTED Uid: 10071] ], android.os.BinderProxy@8232bb9)
05-11 20:06:18.652   928  1359 D ConnectivityService: releasing NetworkRequest [ TRACK_DEFAULT id=48, [ Capabilities: INTERNET&NOT_RESTRICTED&TRUSTED Uid: 10071] ] (release request)
05-11 20:06:18.655   928  1359 D ConnectivityService: releasing NetworkRequest [ TRACK_DEFAULT id=50, [ Capabilities: INTERNET&NOT_RESTRICTED&TRUSTED Uid: 10071] ] (release request)
05-11 20:06:20.160   928  2441 I ActivityManager: Killing 6962:com.android.settings/1000 (adj 985): empty #17
05-11 20:06:20.185   928  4390 W BroadcastQueue: Permission Denial: receiving Intent { act=android.intent.action.BOOT_COMPLETED flg=0x89000010 (has extras) } to com.mxtech.videoplayer.ad/com.appnext.base.receivers.AppnextBootReciever requires android.permission.RECEIVE_BOOT_COMPLETED due to sender null (uid 1000)
05-11 20:06:20.219   928  1110 I ActivityManager: Start proc 7607:com.splendapps.vox/u0a99 for broadcast {com.splendapps.vox/com.splendapps.vox.BootReceiver}
05-11 20:06:20.515   928  1109 I ActivityManager: Waited long enough for: ServiceRecord{c9768f5 u0 com.qualcomm.atfwd/.AtFwdService}
05-11 20:06:21.697   928   967 D ConnectivityService: requestNetwork for uid/pid:10099/7607 NetworkRequest [ TRACK_DEFAULT id=54, [ Capabilities: INTERNET&NOT_RESTRICTED&TRUSTED Uid: 10099] ]
05-11 20:06:21.700   928  7582 D ConnectivityService: Returning BLOCKED NetworkInfo to uid=10099
05-11 20:06:22.207   928  1110 I ActivityManager: Start proc 7673:com.google.android.webview:webview_service/u0a90 for service {com.google.android.webview/org.chromium.android_webview.services.VariationsSeedServer}
05-11 20:06:22.278   928  1110 I ActivityManager: Start proc 7695:com.google.android.webview:sandboxed_process0:org.chromium.content.app.SandboxedProcessService0:0/u0i2 for  {com.splendapps.vox/org.chromium.content.app.SandboxedProcessService0:0}
05-11 20:06:22.667   928   967 D ConnectivityService: requestNetwork for uid/pid:10099/7607 NetworkRequest [ TRACK_DEFAULT id=55, [ Capabilities: INTERNET&NOT_RESTRICTED&TRUSTED Uid: 10099] ]
05-11 20:06:23.110   928  7582 I ActivityManager: Killing 7039:com.qualcomm.embms/u0a131 (adj 985): empty #17
05-11 20:06:23.111   928  7582 I ActivityManager: Killing 6607:com.google.process.gapps/u0a122 (adj 985): empty #18
05-11 20:06:23.111   928  7582 I ActivityManager: Killing 6504:com.google.android.settings.intelligence/u0a34 (adj 995): empty #19
05-11 20:06:23.131   928  1110 I ActivityManager: Start proc 7747:com.whatsapp/u0a142 for broadcast {com.whatsapp/com.whatsapp.BootReceiver}
05-11 20:06:24.587   928  1807 I ActivityManager: Killing 7071:com.qualcomm.embms:remote/u0a131 (adj 985): empty #17
05-11 20:06:25.773   928  2441 I ActivityManager: Process com.whatsapp (pid 7747) has died: fore RCVR
05-11 20:06:25.792   928  1110 I ActivityManager: Start proc 7838:com.whatsapp/u0a142 for broadcast {com.whatsapp/androidx.work.impl.background.systemalarm.RescheduleReceiver}
05-11 20:06:25.970   928  1807 I ActivityManager: Killing 6342:com.google.android.partnersetup/u0a45 (adj 975): empty #17
05-11 20:06:25.971   928  1807 I ActivityManager: Killing 5856:com.google.process.gapps/u0a8 (adj 985): empty #18
05-11 20:06:27.373   928  4349 I ActivityManager: Killing 7151:com.bsbportal.music/u0a136 (adj 975): empty #17
05-11 20:06:27.388   928  1110 I ActivityManager: Start proc 7916:org.whiteglow.keepmynotes/u0a170 for broadcast {org.whiteglow.keepmynotes/org.whiteglow.keepmynotes.receiver.BootReceiver}
05-11 20:06:27.403   928  4349 D ConnectivityService: ConnectivityService NetworkRequestInfo binderDied(NetworkRequest [ TRACK_DEFAULT id=52, [ Capabilities: INTERNET&NOT_RESTRICTED&TRUSTED Uid: 10136] ], android.os.BinderProxy@c0deac4)
05-11 20:06:27.407   928  1359 D ConnectivityService: releasing NetworkRequest [ TRACK_DEFAULT id=52, [ Capabilities: INTERNET&NOT_RESTRICTED&TRUSTED Uid: 10136] ] (release request)
05-11 20:06:28.510   928  1710 I ActivityManager: Finished processing BOOT_COMPLETED for u0
05-11 20:06:28.624   928  1110 I ActivityManager: Start proc 7959:com.google.android.carriersetup/u0a12 for broadcast {com.google.android.carriersetup/com.google.android.carriersetup.VzwActivationReceiver}
05-11 20:06:28.657   928  2438 I ActivityManager: Killing 5403:com.google.android.contacts/u0a105 (adj 975): empty #17
05-11 20:06:28.666   928  1110 W ActivityManager: Slow operation: 61ms so far, now at startProcess: returned from zygote!
05-11 20:06:28.667   928  1110 W ActivityManager: Slow operation: 62ms so far, now at startProcess: done updating battery stats
05-11 20:06:28.667   928  1110 W ActivityManager: Slow operation: 62ms so far, now at startProcess: building log message
05-11 20:06:28.667   928  1110 I ActivityManager: Start proc 7973:com.google.android.projection.gearhead:shared/u0a214 for service {com.google.android.projection.gearhead/com.google.android.apps.auto.components.app.fzero.LauncherIconStateVerificationService}
05-11 20:06:28.667   928  1110 W ActivityManager: Slow operation: 62ms so far, now at startProcess: starting to update pids map
05-11 20:06:28.667   928  1110 W ActivityManager: Slow operation: 62ms so far, now at startProcess: done updating pids map
05-11 20:06:28.838   928  2400 D ConnectivityService: Returning BLOCKED NetworkInfo to uid=10170
05-11 20:06:28.906   928  2442 W BroadcastQueue: Background execution not allowed: receiving Intent { act=android.intent.action.ANY_DATA_STATE flg=0x10 (has extras) } to com.lenovo.anyshare.gps/com.ushareit.longevity.receiver.GlobalReceiver
05-11 20:06:28.907   928  1109 W BroadcastQueue: Background execution not allowed: receiving Intent { act=android.intent.action.ANY_DATA_STATE flg=0x10 (has extras) } to com.lenovo.anyshare.gps/com.ushareit.longevity.receiver.GlobalReceiver
05-11 20:06:28.908   928  1109 I chatty  : uid=1000 system_server identical 1 line
05-11 20:06:28.908   928  1109 W BroadcastQueue: Background execution not allowed: receiving Intent { act=android.intent.action.ANY_DATA_STATE flg=0x10 (has extras) } to com.lenovo.anyshare.gps/com.ushareit.longevity.receiver.GlobalReceiver
05-11 20:06:28.908   928  1109 W BroadcastQueue: Background execution not allowed: receiving Intent { act=android.location.PROVIDERS_CHANGED flg=0x10 (has extras) } to com.facebook.katana/com.facebook.backgroundlocation.reporting.BackgroundLocationReportingDeviceSettingsBroadcastReceiver
05-11 20:06:28.908   928  1109 W BroadcastQueue: Background execution not allowed: receiving Intent { act=android.location.PROVIDERS_CHANGED flg=0x10 (has extras) } to com.google.android.apps.maps/com.google.android.apps.gmm.locationsharing.usr.LocationAvailabilityChecker$LocationProvidersChangedBroadcastReceiver
05-11 20:06:28.908   928  1109 W BroadcastQueue: Background execution not allowed: receiving Intent { act=android.location.PROVIDERS_CHANGED flg=0x10 (has extras) } to com.google.android.gms/.chimera.GmsIntentOperationService$PersistentTrustedReceiver
05-11 20:06:28.908   928  1109 W BroadcastQueue: Background execution not allowed: receiving Intent { act=android.location.PROVIDERS_CHANGED flg=0x10 (has extras) } to com.google.android.googlequicksearchbox/com.google.android.apps.gsa.broadcastreceiver.external.ExternalCommonBroadcastReceiver
05-11 20:06:28.922   928  2263 W BroadcastQueue: Background execution not allowed: receiving Intent { act=android.net.conn.NETWORK_CONDITIONS_MEASURED flg=0x10 (has extras) } to com.google.android.gms/.chimera.GmsIntentOperationService$PersistentTrustedReceiver
05-11 20:06:28.961   928  1110 I ActivityManager: Start proc 8016:com.google.android.music:main/u0a108 for broadcast {com.google.android.music/com.google.android.music.AccountsBroadcastReceiver}
05-11 20:06:29.174   928  2442 D ConnectivityService: requestNetwork for uid/pid:10142/7838 NetworkRequest [ TRACK_DEFAULT id=57, [ Capabilities: INTERNET&NOT_RESTRICTED&TRUSTED Uid: 10142] ]
05-11 20:06:29.977   928   928 I RoleManagerService: Granting default permissions...
05-11 20:06:30.062   928  1110 W ActivityManager: Slow operation: 55ms so far, now at startProcess: returned from zygote!
05-11 20:06:30.062   928  1110 W ActivityManager: Slow operation: 55ms so far, now at startProcess: done updating battery stats
05-11 20:06:30.072   928  1110 W ActivityManager: Slow operation: 65ms so far, now at startProcess: building log message
05-11 20:06:30.072   928  1110 I ActivityManager: Start proc 8059:com.google.android.permissioncontroller/u0a212 for service {com.google.android.permissioncontroller/com.android.packageinstaller.role.service.RoleControllerServiceImpl}
05-11 20:06:30.072   928  1110 W ActivityManager: Slow operation: 65ms so far, now at startProcess: starting to update pids map
05-11 20:06:30.072   928  1110 W ActivityManager: Slow operation: 65ms so far, now at startProcess: done updating pids map
05-11 20:06:30.246  8059  8083 I SystemConfig: Adding association: com.google.android.as <- com.android.providers.contacts
05-11 20:06:30.246  8059  8083 I SystemConfig: Adding association: com.google.android.as <- com.android.providers.media
05-11 20:06:30.246  8059  8083 I SystemConfig: Adding association: com.google.android.as <- com.android.providers.telephony
05-11 20:06:30.246  8059  8083 I SystemConfig: Adding association: com.google.android.as <- com.android.systemui
05-11 20:06:30.246  8059  8083 I SystemConfig: Adding association: com.google.android.as <- com.google.android.gms
05-11 20:06:30.246  8059  8083 I SystemConfig: Adding association: com.google.android.as <- com.google.android.gsf
05-11 20:06:30.261  8059  8083 W SystemConfig: No directory /product_services/etc/sysconfig, skipping
05-11 20:06:30.261  8059  8083 W SystemConfig: No directory /product_services/etc/permissions, skipping
05-11 20:06:30.286   928   928 W Looper  : Slow dispatch took 280ms main h=android.app.ActivityThread$H c=android.app.-$$Lambda$LoadedApk$ReceiverDispatcher$Args$_BumDX2UKsnxLVrE6UJsJZkotuA@d0cf7d3 m=0
05-11 20:06:30.286   928   928 W Looper  : Slow delivery took 363ms main h=android.app.ActivityThread$H c=android.app.-$$Lambda$LoadedApk$ReceiverDispatcher$Args$_BumDX2UKsnxLVrE6UJsJZkotuA@239ff10 m=0
05-11 20:06:30.407   928   928 W Looper  : Slow dispatch took 113ms main h=android.app.ActivityThread$H c=android.app.-$$Lambda$LoadedApk$ReceiverDispatcher$Args$_BumDX2UKsnxLVrE6UJsJZkotuA@cf89ad2 m=0
05-11 20:06:30.408   928   928 I Telecom : DefaultDialerCache: Refreshing default dialer for user 0: now com.google.android.dialer: DDC.oR@AJE
05-11 20:06:30.408   928   928 I Telecom : DefaultDialerCache: Refreshing default dialer for user 11: now null: DDC.oR@AJE
05-11 20:06:30.408   928   928 I Telecom : DefaultDialerCache: Refreshing default dialer for user 12: now null: DDC.oR@AJE
05-11 20:06:30.917   928  1107 I RoleUserState: Wrote roles.xml successfully
05-11 20:06:30.994   928   928 W Looper  : Drained
05-11 20:06:31.960   928  2438 W ActivityManager: Background start not allowed: service Intent { cmp=com.google.android.apps.messaging/.shared.datamodel.action.execution.ActionExecutorImpl$EmptyService } to com.google.android.apps.messaging/.shared.datamodel.action.execution.ActionExecutorImpl$EmptyService from pid=4762 uid=10085 pkg=com.google.android.apps.messaging startFg?=false
05-11 20:06:32.015   928  1110 I ActivityManager: Start proc 8112:com.android.chrome/u0a112 for broadcast {com.android.chrome/org.chromium.chrome.browser.services.AccountsChangedReceiver}
05-11 20:06:32.115   928  2438 D ConnectivityService: requestNetwork for uid/pid:10108/8016 NetworkRequest [ TRACK_DEFAULT id=58, [ Capabilities: INTERNET&NOT_RESTRICTED&TRUSTED Uid: 10108] ]
05-11 20:06:32.453   928  2400 I ActivityManager: Killing 2566:android.process.acore/u0a20 (adj 985): empty #17
05-11 20:06:32.474   928  1110 I ActivityManager: Start proc 8141:com.google.android.apps.docs/u0a127 for broadcast {com.google.android.apps.docs/com.google.android.libraries.notifications.entrypoints.accountchanged.AccountChangedReceiver}
05-11 20:06:32.515   928   928 W Looper  : Slow dispatch took 324ms main h=android.app.ActivityThread$H c=android.app.-$$Lambda$LoadedApk$ReceiverDispatcher$Args$_BumDX2UKsnxLVrE6UJsJZkotuA@d5bf0c8 m=0
05-11 20:06:32.516   928   928 W Looper  : Slow delivery took 338ms main h=android.app.ActivityThread$H c=android.app.-$$Lambda$LoadedApk$ReceiverDispatcher$Args$_BumDX2UKsnxLVrE6UJsJZkotuA@632a561 m=0
05-11 20:06:32.573   928   928 I Telecom : DefaultDialerCache: Refreshing default dialer for user 0: now com.google.android.dialer: DDC.oR@AJI
05-11 20:06:32.573   928   928 I Telecom : DefaultDialerCache: Refreshing default dialer for user 11: now null: DDC.oR@AJI
05-11 20:06:32.573   928   928 I Telecom : DefaultDialerCache: Refreshing default dialer for user 12: now null: DDC.oR@AJI
05-11 20:06:32.585   928  2263 D CountryDetector: No listener is left
05-11 20:06:32.590   928   928 W Looper  : Drained
05-11 20:06:32.715   928  1110 I ActivityManager: Start proc 8160:com.google.process.gapps/u0a8 for content provider {com.google.android.gsf/com.google.android.gsf.settings.GoogleSettingsProvider}
05-11 20:06:33.093  1449  2004 D PowerUI : can't show warning due to - plugged: true status unknown: false
05-11 20:06:33.349   928  2440 I ActivityManager: Killing 7260:com.estrongs.android.pop/u0a156 (adj 985): empty #17
05-11 20:06:34.134   928  1109 W BroadcastQueue: Skipping deliver [background] BroadcastRecord{f4d0aa7 u0 android.intent.action.PACKAGE_CHANGED} to ReceiverList{fcf7082 7260 com.estrongs.android.pop/10156/u0 remote:f885fcd}: process gone or crashing
05-11 20:06:34.153   928  1476 I ActivityManager: Killing 4596:com.android.vending:download_service/u0a55 (adj 985): empty #17
05-11 20:06:34.204   928  1476 D ConnectivityService: ConnectivityService NetworkRequestInfo binderDied(NetworkRequest [ TRACK_DEFAULT id=29, [ Capabilities: INTERNET&NOT_RESTRICTED&TRUSTED Uid: 10055] ], android.os.BinderProxy@d7ea79f)
05-11 20:06:34.205   928  1359 D ConnectivityService: releasing NetworkRequest [ TRACK_DEFAULT id=29, [ Capabilities: INTERNET&NOT_RESTRICTED&TRUSTED Uid: 10055] ] (release request)
05-11 20:06:34.208   928  1110 W ActivityManager: Slow operation: 62ms so far, now at startProcess: done updating battery stats
05-11 20:06:34.208   928  1110 W ActivityManager: Slow operation: 62ms so far, now at startProcess: building log message
05-11 20:06:34.208   928  1110 I ActivityManager: Start proc 8248:com.google.android.apps.maps/u0a116 for broadcast {com.google.android.apps.maps/com.google.android.apps.gmm.cloudmessage.chime.ChimeCloudMessageReceiver}
05-11 20:06:34.208   928  1110 W ActivityManager: Slow operation: 62ms so far, now at startProcess: starting to update pids map
05-11 20:06:34.208   928  1110 W ActivityManager: Slow operation: 62ms so far, now at startProcess: done updating pids map
05-11 20:06:34.233   928   928 I Telecom : DefaultDialerCache: Refreshing default dialer for user 0: now com.google.android.dialer: DDC.oR@AJM
05-11 20:06:34.233   928   928 I Telecom : DefaultDialerCache: Refreshing default dialer for user 11: now null: DDC.oR@AJM
05-11 20:06:34.233   928   928 I Telecom : DefaultDialerCache: Refreshing default dialer for user 12: now null: DDC.oR@AJM
05-11 20:06:34.554   928  1109 W BroadcastQueue: Skipping deliver [background] BroadcastRecord{a826850 u-1 android.intent.action.BATTERY_CHANGED} to ReceiverList{d091ef7 7260 com.estrongs.android.pop/10156/u0 remote:2fc9af6}: process gone or crashing
05-11 20:06:34.554   928  1109 W BroadcastQueue: Skipping deliver [background] BroadcastRecord{a826850 u-1 android.intent.action.BATTERY_CHANGED} to ReceiverList{7f38df 7260 com.estrongs.android.pop/10156/u0 remote:304cb7e}: process gone or crashing
05-11 20:06:34.554   928  1109 W BroadcastQueue: Skipping deliver [background] BroadcastRecord{a826850 u-1 android.intent.action.BATTERY_CHANGED} to ReceiverList{71d218b 7260 com.estrongs.android.pop/10156/u0 remote:337b5a}: process gone or crashing
05-11 20:06:34.554   928  1109 W BroadcastQueue: Skipping deliver [background] BroadcastRecord{a826850 u-1 android.intent.action.BATTERY_CHANGED} to ReceiverList{116acc2 7260 com.estrongs.android.pop/10156/u0 remote:f31e50d}: process gone or crashing
05-11 20:06:34.572  1449  2004 D PowerUI : can't show warning due to - plugged: true status unknown: false
05-11 20:06:35.455   928  2446 I ActivityManager: Killing 7420:com.facebook.katana:fwkstartlog/u0a134 (adj 985): empty #17
05-11 20:06:36.480   928  2446 I ActivityManager: Killing 7313:com.facebook.katana/u0a134 (adj 985): empty #17
05-11 20:06:36.795   928  1110 I ActivityManager: Start proc 8308:com.google.android.apps.photos/u0a82 for broadcast {com.google.android.apps.photos/com.google.android.apps.photos.account.full.RefreshAccountsReceiver}
05-11 20:06:37.157   928  7582 D ConnectivityService: requestNetwork for uid/pid:10116/8248 NetworkRequest [ TRACK_DEFAULT id=59, [ Capabilities: INTERNET&NOT_RESTRICTED&TRUSTED Uid: 10116] ]
05-11 20:06:37.773   928  4349 I ActivityManager: Killing 7534:com.google.android.play.games/u0a316 (adj 985): empty #17
05-11 20:06:37.785   928  1110 I ActivityManager: Start proc 8359:com.google.android.apps.safetyhub/u0a215 for broadcast {com.google.android.apps.safetyhub/com.google.android.libraries.notifications.entrypoints.accountchanged.AccountChangedReceiver}
05-11 20:06:38.145   928  1251 I ActivityManager: Killing 7090:com.UCMobile.intl:resident/u0a218 (adj 985): empty #17
05-11 20:06:38.168   928  6868 D ConnectivityService: ConnectivityService NetworkRequestInfo binderDied(NetworkRequest [ LISTEN id=51, [ Capabilities: INTERNET&NOT_RESTRICTED&TRUSTED Uid: 10218] ], android.os.BinderProxy@3ba208)
05-11 20:06:38.282   928   966 I ActivityManager: Killing 7607:com.splendapps.vox/u0a99 (adj 985): empty #17
05-11 20:06:38.306   928  1110 I ActivityManager: Start proc 8399:com.google.android.apps.wellbeing/u0a159 for broadcast {com.google.android.apps.wellbeing/com.google.apps.tiktok.account.data.device.DeviceAccountsChangedReceiver_Receiver}
05-11 20:06:38.308   928   966 D ConnectivityService: ConnectivityService NetworkRequestInfo binderDied(NetworkRequest [ TRACK_DEFAULT id=54, [ Capabilities: INTERNET&NOT_RESTRICTED&TRUSTED Uid: 10099] ], android.os.BinderProxy@1f9d38)
05-11 20:06:38.309   928  1476 D ConnectivityService: ConnectivityService NetworkRequestInfo binderDied(NetworkRequest [ LISTEN id=56, [ Capabilities: INTERNET&NOT_RESTRICTED&TRUSTED&FOREGROUND Uid: 10099] ], android.os.BinderProxy@2d74276)
