05-11 20:07:49.218 11447 11504 I Finsky  : [934] aczj.u(2): Retrieved DSE selection state is true (cache=acze@4f3ed9)
05-11 20:07:49.218 11447 11504 I Finsky  : [934] adaa.apply(4): DSE selection state after sync is true (cache=acze@4f3ed9)
05-11 20:07:49.218 11447 11506 I Finsky  : [936] aczs.j(1): Triggered update for experiment package com.google.android.finsky.regular.
05-11 20:07:49.271 11190 11739 W FA      : Failed to retrieve Firebase Instance Id
05-11 20:07:49.354 11819 12085 D NetworkSecurityConfig: No Network Security Config specified, using platform default
05-11 20:07:49.354   928   959 I system_server: Background concurrent copying GC freed 290908(14MB) AllocSpace objects, 71(5556KB) LOS objects, 42% free, 21MB/37MB, paused 212us total 439.078ms
05-11 20:07:49.469   627   627 D Zygote  : Forked child process 12097
05-11 20:07:49.477   928  1110 W ActivityManager: Slow operation: 369ms so far, now at startProcess: returned from zygote!
05-11 20:07:49.477   928  1110 W ActivityManager: Slow operation: 369ms so far, now at startProcess: done updating battery stats
05-11 20:07:49.477   928  1110 W ActivityManager: Slow operation: 370ms so far, now at startProcess: building log message
05-11 20:07:49.478   928  1110 I ActivityManager: Start proc 12097:com.google.android.apps.maps/u0a116 for broadcast {com.google.android.apps.maps/com.google.android.apps.gmm.cloudmessage.chime.ChimeCloudMessageReceiver}
05-11 20:07:49.478   928  1110 W ActivityManager: Slow operation: 370ms so far, now at startProcess: starting to update pids map
05-11 20:07:49.478   928  1110 W ActivityManager: Slow operation: 370ms so far, now at startProcess: done updating pids map
05-11 20:07:49.479   627   627 I Zygote  : Process 9623 exited due to signal 9 (Killed)
05-11 20:07:49.511 12097 12097 E droid.apps.map: Not starting debugger since process cannot load the jdwp agent.
05-11 20:07:49.514   928  1111 I libprocessgroup: Successfully killed process cgroup uid 10057 pid 9623 in 402ms
05-11 20:07:49.636 12097 12097 I droid.apps.map: The ClassLoaderContext is a special shared library.
05-11 20:07:49.784 11751 11765 W id.apps.tachyo: Suspending all threads took: 65.326ms
05-11 20:07:49.825 11447 11506 I Finsky  : [936] aczs.j(7): Already at the latest configurations for experiment package com.google.android.finsky.regular.
05-11 20:07:49.826 11447 11506 I Finsky  : [936] aczj.u(2): Retrieved DSE selection state is true (cache=acze@4f3ed9)
05-11 20:07:49.826 11447 11506 I Finsky  : [936] adaa.apply(4): DSE selection state after sync is true (cache=acze@4f3ed9)
05-11 20:07:49.851 12097 12097 W droid.apps.map: JIT profile information will not be recorded: profile file does not exits.
05-11 20:07:49.852 12097 12097 I chatty  : uid=10116(com.google.android.apps.maps) identical 1 line
05-11 20:07:49.852 12097 12097 W droid.apps.map: JIT profile information will not be recorded: profile file does not exits.
05-11 20:07:49.893 11891 11911 I roid.music:mai: Waiting for a blocking GC ProfileSaver
05-11 20:07:50.044 11891 11911 I roid.music:mai: WaitForGcToComplete blocked ProfileSaver on ClassLinker for 151.391ms
05-11 20:07:50.203 11976 12032 W CelloAccountCapability: [ImpressionsTracker-0] Unknown mime type (application/vnd.google-apps.script) returned in supported import map
05-11 20:07:50.204 11976 12032 W CelloAccountCapability: [ImpressionsTracker-0] Unknown mime type (application/vnd.google-apps.script) returned in supported import map
05-11 20:07:50.204 11976 12032 W CelloAccountCapability: [ImpressionsTracker-0] Unknown mime type (application/vnd.google-apps.script+json) returned in supported export map
05-11 20:07:50.257 11976 12029 E CelloDelayUploadFixer: [RxCachedThreadScheduler-4] Cleanup delay upload complete
05-11 20:07:50.279 11976 12032 W CelloAccountCapability: [ImpressionsTracker-0] Unknown mime type (application/vnd.google-apps.script) returned in supported import map
05-11 20:07:50.279 11976 12032 W CelloAccountCapability: [ImpressionsTracker-0] Unknown mime type (application/vnd.google-apps.script) returned in supported import map
05-11 20:07:50.279 11976 12032 W CelloAccountCapability: [ImpressionsTracker-0] Unknown mime type (application/vnd.google-apps.script+json) returned in supported export map
05-11 20:07:50.323   627   627 I Zygote  : Process 11141 exited due to signal 9 (Killed)
05-11 20:07:50.597 11819 11833 W roid.play.game: Suspending all threads took: 38.097ms
05-11 20:07:50.954 12097 12126 I Adreno  : QUALCOMM build                   : 4a00b69, I4e7e888065
05-11 20:07:50.954 12097 12126 I Adreno  : Build Date                       : 04/09/19
05-11 20:07:50.954 12097 12126 I Adreno  : OpenGL ES Shader Compiler Version: EV031.26.06.00
05-11 20:07:50.954 12097 12126 I Adreno  : Local Branch                     : mybranche95ae4c8-d77f-f18d-a9ef-1458d0b52ae8
05-11 20:07:50.954 12097 12126 I Adreno  : Remote Branch                    : quic/gfx-adreno.lnx.1.0
05-11 20:07:50.954 12097 12126 I Adreno  : Remote Branch                    : NONE
05-11 20:07:50.954 12097 12126 I Adreno  : Reconstruct Branch               : NOTHING
05-11 20:07:50.954 12097 12126 I Adreno  : Build Config                     : S L 8.0.5 AArch64
05-11 20:07:50.959 12097 12126 I Adreno  : PFP: 0x005ff110, ME: 0x005ff066
05-11 20:07:51.082 12097 12123 W Settings: Setting device_provisioned has moved from android.provider.Settings.System to android.provider.Settings.Global, returning read-only value.
05-11 20:07:51.168  1960  1960 D BoundBrokerSvc: onRebind: Intent { act=com.google.android.gms.clearcut.bootcount.service.START pkg=com.google.android.gms }
05-11 20:07:51.335  2382  9387 I PeopleChimeraService: onService. callbacks = abvo@89253d9, request = com.google.android.gms.common.internal.GetServiceRequest@eb0019e
05-11 20:07:51.388   726  9983 I chatty  : uid=1013(media) expire 1 line
05-11 20:07:51.508  1960  1972 I .gms.persisten: Background concurrent copying GC freed 180579(8544KB) AllocSpace objects, 26(540KB) LOS objects, 49% free, 9632KB/18MB, paused 70us total 136.805ms
05-11 20:07:51.723   726  9985 I chatty  : uid=1013(media) expire 9 lines
05-11 20:07:51.741   726  9983 I chatty  : uid=1013(media) expire 4 lines
05-11 20:07:51.766   928  2272 I ActivityManager: Killing 10706:com.google.android.calendar/u0a115 (adj 985): empty #17
05-11 20:07:51.775   627   627 D Zygote  : Forked child process 12166
05-11 20:07:51.778   928  1110 I ActivityManager: Start proc 12166:com.google.android.apps.messaging/u0a85 for broadcast {com.google.android.apps.messaging/com.google.apps.tiktok.account.data.device.DeviceAccountsChangedReceiver_Receiver}
05-11 20:07:51.782 12097 12125 I droid.apps.map: Waiting for a blocking GC ClassLinker
05-11 20:07:51.798 12166 12166 E .apps.messagin: Not starting debugger since process cannot load the jdwp agent.
05-11 20:07:51.846 12166 12166 I .apps.messagin: The ClassLoaderContext is a special shared library.
05-11 20:07:51.966 12166 12166 W .apps.messagin: JIT profile information will not be recorded: profile file does not exits.
05-11 20:07:51.966 12166 12166 I chatty  : uid=10085(com.google.android.apps.messaging) identical 1 line
05-11 20:07:51.967 12166 12166 W .apps.messagin: JIT profile information will not be recorded: profile file does not exits.
05-11 20:07:52.001 12166 12166 I MultiDex: VM with version 2.1.0 has multidex support
05-11 20:07:52.001 12166 12166 I MultiDex: install
05-11 20:07:52.001 12166 12166 I MultiDex: VM has multidex support, MultiDex support library is disabled.
05-11 20:07:52.058 12166 12166 W .apps.messagin: Accessing hidden method Landroid/content/ContentProvider;->onCallingPackageChanged()V (blacklist, linking, denied)
05-11 20:07:52.123 12166 12166 I arsu    : SslGuard completed installation.
05-11 20:07:52.131   627   627 I Zygote  : Process 10706 exited due to signal 9 (Killed)
05-11 20:07:52.142 12166 12166 I Bugle   : BugleApplicationBase: Bugle version: 7.5.050 (lotus_rc07.phone_dynamic)
05-11 20:07:52.144   928  1111 I libprocessgroup: Successfully killed process cgroup uid 10115 pid 10706 in 374ms
05-11 20:07:52.150 12097 12125 I droid.apps.map: WaitForGcToComplete blocked ClassLinker on AddRemoveAppImageSpace for 368.865ms
05-11 20:07:52.159 12166 12192 W BuglePhenotype: Phenotype Flags not initialized
05-11 20:07:52.159 12166 12192 W BuglePhenotype: java.lang.IllegalStateException: Must call PhenotypeFlag.init() first
05-11 20:07:52.159 12166 12192 W BuglePhenotype: 	at avsf.l(PG:1)
05-11 20:07:52.159 12166 12192 W BuglePhenotype: 	at aqed.f(PG:4)
05-11 20:07:52.159 12166 12192 W BuglePhenotype: 	at qqn.h(PG:1)
05-11 20:07:52.159 12166 12192 W BuglePhenotype: 	at qqt.g(PG:2)
05-11 20:07:52.159 12166 12192 W BuglePhenotype: 	at qqn.i(PG:3)
05-11 20:07:52.159 12166 12192 W BuglePhenotype: 	at ttv.run(Unknown Source:2)
05-11 20:07:52.159 12166 12192 W BuglePhenotype: 	at avbs.run(PG:2)
05-11 20:07:52.159 12166 12192 W BuglePhenotype: 	at java.util.concurrent.Executors$RunnableAdapter.call(Executors.java:462)
05-11 20:07:52.159 12166 12192 W BuglePhenotype: 	at aypa.c(PG:1)
05-11 20:07:52.159 12166 12192 W BuglePhenotype: 	at ayob.run(PG:4)
05-11 20:07:52.159 12166 12192 W BuglePhenotype: 	at aypb.run(PG:1)
05-11 20:07:52.159 12166 12192 W BuglePhenotype: 	at ayoq.run(PG:1)
05-11 20:07:52.159 12166 12192 W BuglePhenotype: 	at ayor.run(PG:4)
05-11 20:07:52.159 12166 12192 W BuglePhenotype: 	at alkd.run(PG:1)
05-11 20:07:52.159 12166 12192 W BuglePhenotype: 	at java.util.concurrent.ThreadPoolExecutor.runWorker(ThreadPoolExecutor.java:1167)
05-11 20:07:52.159 12166 12192 W BuglePhenotype: 	at java.util.concurrent.ThreadPoolExecutor$Worker.run(ThreadPoolExecutor.java:641)
05-11 20:07:52.159 12166 12192 W BuglePhenotype: 	at aljp.run(Unknown Source:2)
05-11 20:07:52.159 12166 12192 W BuglePhenotype: 	at aljb.run(Unknown Source:2)
05-11 20:07:52.159 12166 12192 W BuglePhenotype: 	at java.lang.Thread.run(Thread.java:919)
05-11 20:07:52.176 12166 12191 W BuglePhenotype: Phenotype Flags not initialized
05-11 20:07:52.176 12166 12191 W BuglePhenotype: java.lang.IllegalStateException: Must call PhenotypeFlag.init() first
05-11 20:07:52.176 12166 12191 W BuglePhenotype: 	at avsf.l(PG:1)
05-11 20:07:52.176 12166 12191 W BuglePhenotype: 	at aqed.f(PG:4)
05-11 20:07:52.176 12166 12191 W BuglePhenotype: 	at qqn.h(PG:1)
05-11 20:07:52.176 12166 12191 W BuglePhenotype: 	at qqt.g(PG:2)
05-11 20:07:52.176 12166 12191 W BuglePhenotype: 	at qqn.i(PG:3)
05-11 20:07:52.176 12166 12191 W BuglePhenotype: 	at jdb.a(PG:2)
05-11 20:07:52.176 12166 12191 W BuglePhenotype: 	at ilp.h(PG:141)
05-11 20:07:52.176 12166 12191 W BuglePhenotype: 	at ilp.b(PG:297)
05-11 20:07:52.176 12166 12191 W BuglePhenotype: 	at ilp.h(PG:129)
05-11 20:07:52.176 12166 12191 W BuglePhenotype: 	at ilp.b(PG:297)
05-11 20:07:52.176 12166 12191 W BuglePhenotype: 	at bdsj.b(PG:1)
05-11 20:07:52.176 12166 12191 W BuglePhenotype: 	at aqax.run(Unknown Source:1)
05-11 20:07:52.176 12166 12191 W BuglePhenotype: 	at java.util.concurrent.Executors$RunnableAdapter.call(Executors.java:462)
05-11 20:07:52.176 12166 12191 W BuglePhenotype: 	at aypa.c(PG:1)
05-11 20:07:52.176 12166 12191 W BuglePhenotype: 	at ayob.run(PG:4)
05-11 20:07:52.176 12166 12191 W BuglePhenotype: 	at aypb.run(PG:1)
05-11 20:07:52.176 12166 12191 W BuglePhenotype: 	at ayoq.run(PG:1)
05-11 20:07:52.176 12166 12191 W BuglePhenotype: 	at ayor.run(PG:4)
05-11 20:07:52.176 12166 12191 W BuglePhenotype: 	at alkd.run(PG:1)
05-11 20:07:52.176 12166 12191 W BuglePhenotype: 	at java.util.concurrent.ThreadPoolExecutor.runWorker(ThreadPoolExecutor.java:1167)
05-11 20:07:52.176 12166 12191 W BuglePhenotype: 	at java.util.concurrent.ThreadPoolExecutor$Worker.run(ThreadPoolExecutor.java:641)
05-11 20:07:52.176 12166 12191 W BuglePhenotype: 	at aljp.run(Unknown Source:2)
05-11 20:07:52.176 12166 12191 W BuglePhenotype: 	at aljb.run(Unknown Source:2)
05-11 20:07:52.176 12166 12191 W BuglePhenotype: 	at java.lang.Thread.run(Thread.java:919)
05-11 20:07:52.188  1960  8596 W ProviderHelper: Unknown dynamite feature providerinstaller.dynamite
05-11 20:07:52.291 12097 12123 I droid.apps.map: The ClassLoaderContext is a special shared library.
05-11 20:07:52.323 12097 12123 I droid.apps.map: The ClassLoaderContext is a special shared library.
05-11 20:07:52.350 12166 12192 W BugleDatabase: DatabaseWrapperSlowdown: ****Database Slowdown applied with pre/post slowdown times (milliseconds) of: 0 0
05-11 20:07:52.436   726  9985 I chatty  : uid=1013(media) expire 6 lines
05-11 20:07:52.444   726  9983 I chatty  : uid=1013(media) expire 2 lines
05-11 20:07:52.446 12097 12125 I DynamiteLoaderV2Impl: [71] Cronetdynamite
05-11 20:07:52.452   928  2449 I ActivityManager: Killing 9689:com.google.android.gm/u0a72 (adj 985): empty #17
05-11 20:07:52.462   627   627 D Zygote  : Forked child process 12199
05-11 20:07:52.465   928  1110 I ActivityManager: Start proc 12199:com.google.android.apps.photos/u0a82 for broadcast {com.google.android.apps.photos/com.google.android.apps.photos.account.full.RefreshAccountsReceiver}
05-11 20:07:52.480 12199 12199 E oid.apps.photo: Not starting debugger since process cannot load the jdwp agent.
05-11 20:07:52.483 12097 12125 W droid.apps.map: ClassLoaderContext type mismatch. expected=PCL, found=DLC (PCL[] | DLC[];PCL[/data/app/com.google.android.apps.maps-RjAnNs3zOETruC9uAcK69g==/base.apk*2899512748:/data/app/com.google.android.apps.maps-RjAnNs3zOETruC9uAcK69g==/base.apk!classes2.dex*2257068841:/data/app/com.google.android.apps.maps-RjAnNs3zOETruC9uAcK69g==/base.apk!classes3.dex*3670296551:/data/app/com.google.android.apps.maps-RjAnNs3zOETruC9uAcK69g==/base.apk!classes4.dex*3875400015:/data/app/com.google.android.apps.maps-RjAnNs3zOETruC9uAcK69g==/base.apk!classes5.dex*2933904996:/data/app/com.google.android.apps.maps-RjAnNs3zOETruC9uAcK69g==/base.apk!classes6.dex*238940605:/data/app/com.google.android.apps.maps-RjAnNs3zOETruC9uAcK69g==/base.apk!classes7.dex*831436344:/data/app/com.google.android.apps.maps-RjAnNs3zOETruC9uAcK69g==/base.apk!classes8.dex*3860565054]{PCL[/system/framework/org.apache.http.legacy.jar*1038351580]})
05-11 20:07:52.487 12166 12192 I Bugle   : Initializing EmojiCompat
05-11 20:07:52.490   627   627 I Zygote  : Process 9689 exited due to signal 9 (Killed)
05-11 20:07:52.497   928  1111 I libprocessgroup: Successfully killed process cgroup uid 10072 pid 9689 in 44ms
05-11 20:07:52.521 12199 12199 I oid.apps.photo: The ClassLoaderContext is a special shared library.
05-11 20:07:52.554 12166 12192 I CarrierServices: [964] ahak.a: Initializing Carrier Services Library.
05-11 20:07:52.589  1960  3366 I FontLog : Received query Noto Color Emoji Compat, URI content://com.google.android.gms.fonts [CONTEXT service_id=132 ]
05-11 20:07:52.590  1960  3366 I FontLog : Query [Noto Color Emoji Compat] resolved to {Noto Color Emoji Compat, wdth 100.0, wght 400, ital 0.0, bestEffort false} [CONTEXT service_id=132 ]
05-11 20:07:52.593  1960  3366 I FontLog : Fetch {Noto Color Emoji Compat, wdth 100.0, wght 400, ital 0.0, bestEffort false} end status Status{statusCode=SUCCESS, resolution=null} [CONTEXT service_id=132 ]
05-11 20:07:52.601 12199 12199 W oid.apps.photo: JIT profile information will not be recorded: profile file does not exits.
05-11 20:07:52.601 12199 12199 W oid.apps.photo: JIT profile information will not be recorded: profile file does not exits.
05-11 20:07:52.612 12166 12192 I CarrierServices: [964] ahjd.l: Reinitialize CSLib Flags: com.google.android.ims.library
05-11 20:07:52.621  1960  3366 I FontLog : Pulling font file for id = 11, cache size = 7 [CONTEXT service_id=132 ]
05-11 20:07:52.633 12097 12125 W droid.apps.map: Found duplicate classes, falling back to extracting from APK : /data/user_de/0/com.google.android.gms/app_chimera/m/00000186/CronetDynamite.apk
05-11 20:07:52.633 12097 12125 W droid.apps.map: NOTE: This wastes RAM and hurts startup performance.
05-11 20:07:52.633 12097 12125 W droid.apps.map: Found duplicated class when checking oat files: 'La;' in /data/app/com.google.android.apps.maps-RjAnNs3zOETruC9uAcK69g==/base.apk!classes2.dex and /data/user_de/0/com.google.android.gms/app_chimera/m/00000186/CronetDynamite.apk
05-11 20:07:52.633 12097 12125 W droid.apps.map: 
05-11 20:07:52.649 12199 12199 W oid.apps.photo: Accessing hidden field Ljava/util/Collections$SynchronizedCollection;->mutex:Ljava/lang/Object; (greylist-max-o, reflection, denied)
05-11 20:07:52.649 12199 12199 W oid.apps.photo: Accessing hidden method Ljava/util/Collections$SynchronizedSet;-><init>(Ljava/util/Set;Ljava/lang/Object;)V (greylist-max-o, reflection, denied)
05-11 20:07:52.650 12199 12199 W oid.apps.photo: Accessing hidden method Ljava/util/Collections$SynchronizedCollection;-><init>(Ljava/util/Collection;Ljava/lang/Object;)V (greylist-max-o, reflection, denied)
05-11 20:07:52.660  1960  3366 I FontLog : Pulling font file for id = 11, cache size = 7 [CONTEXT service_id=132 ]
05-11 20:07:52.788   726  9985 I chatty  : uid=1013(media) expire 10 lines
05-11 20:07:52.814 12097 12123 V NativeCrypto: Registering com/google/android/gms/org/conscrypt/NativeCrypto's 287 native methods...
05-11 20:07:52.819 12166 12192 I CarrierServices: [964] ahak.b: Initializing Carrier Services Logging.
05-11 20:07:52.956 12166 12192 I LogSaver: LogSaver new instance with filename: carrier_services
05-11 20:07:52.976 12166 12195 I BugleNotifications: Canceling notification. [CONTEXT notification_id="EXHAUSTED_STORAGE_SPACE" ]
05-11 20:07:53.017   928  5926 D ConnectivityService: requestNetwork for uid/pid:10116/12097 NetworkRequest [ TRACK_DEFAULT id=91, [ Capabilities: INTERNET&NOT_RESTRICTED&TRUSTED Uid: 10116] ]
05-11 20:07:53.021   928  1405 D Ethernet: got request NetworkRequest [ TRACK_DEFAULT id=91, [ Capabilities: INTERNET&NOT_RESTRICTED&TRUSTED Uid: 10116] ] with score 50 and serial 3
05-11 20:07:53.023  1651  1651 D PhoneSwitcherNetworkRequstListener: got request NetworkRequest [ TRACK_DEFAULT id=91, [ Capabilities: INTERNET&NOT_RESTRICTED&TRUSTED Uid: 10116] ] with score 50 and serial 3
05-11 20:07:53.027   928  1351 D WifiNetworkFactory: got request NetworkRequest [ TRACK_DEFAULT id=91, [ Capabilities: INTERNET&NOT_RESTRICTED&TRUSTED Uid: 10116] ] with score 50 and serial 3
05-11 20:07:53.031   928  1351 D UntrustedWifiNetworkFactory: got request NetworkRequest [ TRACK_DEFAULT id=91, [ Capabilities: INTERNET&NOT_RESTRICTED&TRUSTED Uid: 10116] ] with score 50 and serial 3
05-11 20:07:53.111 12166 12192 I BugleBackup: Registering preference change listener for "bugle".
05-11 20:07:53.121   726  9983 I chatty  : uid=1013(media) expire 2 lines
05-11 20:07:53.129 12097 12125 I cr_CronetLibraryLoader: Cronet version: 85.0.4183.127, arch: aarch64
05-11 20:07:53.168 12097 12123 D NetworkSecurityConfig: No Network Security Config specified, using platform default
05-11 20:07:53.198 12097 12123 I ProviderInstaller: Installed default security provider GmsCore_OpenSSL
05-11 20:07:53.256 12166 12248 W .apps.messagin: Accessing hidden field Ljava/util/Collections$SynchronizedCollection;->mutex:Ljava/lang/Object; (greylist-max-o, reflection, denied)
05-11 20:07:53.257 12166 12248 W .apps.messagin: Accessing hidden method Ljava/util/Collections$SynchronizedSet;-><init>(Ljava/util/Set;Ljava/lang/Object;)V (greylist-max-o, reflection, denied)
05-11 20:07:53.257 12166 12248 W .apps.messagin: Accessing hidden method Ljava/util/Collections$SynchronizedCollection;-><init>(Ljava/util/Collection;Ljava/lang/Object;)V (greylist-max-o, reflection, denied)
05-11 20:07:53.289 12166 12192 I Bugle   : TelephonyManagerFactory: Returning per-subscription TelephonyManager (>= N) subscription{id:2}
05-11 20:07:53.457 11678 11775 I chatty  : uid=10134(com.facebook.katana) expire 9 lines
05-11 20:07:53.482 11976 12025 W DynamiteModule: Local module descriptor class for com.google.android.gms.providerinstaller.dynamite not found.
05-11 20:07:53.491  1960  3366 W ProviderHelper: Unknown dynamite feature providerinstaller.dynamite
05-11 20:07:53.505 11976 12025 W ProviderInstaller: Failed to load providerinstaller module: No acceptable module found. Local version is 0 and remote version is 0.
05-11 20:07:53.539 12166 12189 I BugleRcsEngine: [961] ahjd.l: Reinitialize CSLib Flags: com.google.android.ims.library
05-11 20:07:53.542 12166 12189 I BugleRcsEngine: [961] ahjd.l: Reinitialize CSLib Flags: com.google.android.ims.library
05-11 20:07:53.543 12166 12189 I Bugle   : RcsAvailabilityUtilForProvisioningEngineV2: updateAvailabilityAsync, hint: NO_HINT
05-11 20:07:53.543 12166 12189 I BugleRcs: RcsAvailabilityUpdaterRemote: postUpdateRcsAvailability, hint: NO_HINT
05-11 20:07:53.543 12166 12189 I BugleRcs: RcsAvailabilityUpdaterRemote: updateRcsAvailabilityAsync, hint: NO_HINT
05-11 20:07:53.563 12166 12192 I BugleRcs: RcsAvailabilityUpdaterRemote: updateRcsAvailabilityAsync, trivialAvailability: 4
05-11 20:07:53.563 12166 12192 I BugleRcs: RcsAvailabilityUpdaterRemote: updateRcsAvailabilityPostProcess, Get Updated RcsAvailability, RcsAvailability: DISABLED_FROM_PREFERENCES, SimId: redacted-pii[20-chars]
05-11 20:07:53.564 12166 12192 I BugleRcs: RcsAvailabilityUpdaterRemote: postUpdateRcsAvailability : success updating RCS availability async
05-11 20:07:53.569 12166 12189 W BugleRcsEngine: [961] aich.f: ProvisioningEngineAdapter not found for SIM redacted-pii:sim_id[20-chars]
05-11 20:07:53.631 12166 12189 I BugleRcsEngine: [961] aiwe.e: Cannot get service version because CS.apk was not found, not pre-loaded or disabled.
05-11 20:07:53.632 12166 12189 W BugleRcsEngine: [961] aiwe.e: Service with meta data key: JibeServiceApiVersions is not compatible. Service Version 1 is not supported. Supported versions: []
05-11 20:07:53.632 12166 12189 I BugleRcsEngine: [961] aiwe.c: Not using CS JibeService because it is not compatible with AM.
05-11 20:07:53.648   928  2263 I ActivityManager: Killing 10628:com.google.android.apps.turbo:aab/u0a50 (adj 985): empty #17
05-11 20:07:53.650   627   627 D Zygote  : Forked child process 12264
05-11 20:07:53.653   928  1110 I ActivityManager: Start proc 12264:com.google.android.apps.safetyhub/u0a215 for broadcast {com.google.android.apps.safetyhub/com.google.android.libraries.notifications.entrypoints.accountchanged.AccountChangedReceiver}
05-11 20:07:53.665 12264 12264 E .apps.safetyhu: Not starting debugger since process cannot load the jdwp agent.
05-11 20:07:53.672   627   627 I Zygote  : Process 10628 exited due to signal 9 (Killed)
05-11 20:07:53.695   928  1111 I libprocessgroup: Successfully killed process cgroup uid 10050 pid 10628 in 45ms
05-11 20:07:53.701 12264 12264 I .apps.safetyhu: The ClassLoaderContext is a special shared library.
05-11 20:07:53.708 11976 12025 I droid.apps.doc: The ClassLoaderContext is a special shared library.
05-11 20:07:53.785   726  9985 I chatty  : uid=1013(media) expire 5 lines
05-11 20:07:53.796   726  9983 I chatty  : uid=1013(media) expire 3 lines
05-11 20:07:53.832 12264 12296 W .apps.safetyhu: Accessing hidden field Ljava/util/Collections$SynchronizedCollection;->mutex:Ljava/lang/Object; (greylist-max-o, reflection, denied)
05-11 20:07:53.844 12264 12296 W .apps.safetyhu: Accessing hidden method Ljava/util/Collections$SynchronizedSet;-><init>(Ljava/util/Set;Ljava/lang/Object;)V (greylist-max-o, reflection, denied)
05-11 20:07:53.844 12264 12296 W .apps.safetyhu: Accessing hidden method Ljava/util/Collections$SynchronizedCollection;-><init>(Ljava/util/Collection;Ljava/lang/Object;)V (greylist-max-o, reflection, denied)
05-11 20:07:53.986 11976 12025 I droid.apps.doc: The ClassLoaderContext is a special shared library.
05-11 20:07:54.004 11190 11232 I WorkerManager: dispose()
05-11 20:07:54.126   726  9985 I chatty  : uid=1013(media) expire 34 lines
05-11 20:07:54.181 11976 12025 V NativeCrypto: Registering com/google/android/gms/org/conscrypt/NativeCrypto's 287 native methods...
05-11 20:07:54.221   928  7532 I ActivityManager: Killing 11272:com.google.process.gapps/u0a122 (adj 985): empty #17
05-11 20:07:54.222   681   681 E lowmemorykiller: Error writing /proc/11272/oom_score_adj; errno=22
05-11 20:07:54.245   627   627 D Zygote  : Forked child process 12306
05-11 20:07:54.246   627   627 I Zygote  : Process 11272 exited due to signal 9 (Killed)
05-11 20:07:54.249   928  1110 I ActivityManager: Start proc 12306:com.google.android.apps.wellbeing/u0a159 for broadcast {com.google.android.apps.wellbeing/com.google.apps.tiktok.account.data.device.DeviceAccountsChangedReceiver_Receiver}
05-11 20:07:54.256 12306 12306 E .apps.wellbein: Not starting debugger since process cannot load the jdwp agent.
05-11 20:07:54.267   928  1111 I libprocessgroup: Successfully killed process cgroup uid 10122 pid 11272 in 44ms
05-11 20:07:54.294 12306 12306 I .apps.wellbein: The ClassLoaderContext is a special shared library.
05-11 20:07:54.359 12306 12306 I MultiDex: VM with version 2.1.0 has multidex support
05-11 20:07:54.360 12306 12306 I MultiDex: install
05-11 20:07:54.360 12306 12306 I MultiDex: VM has multidex support, MultiDex support library is disabled.
05-11 20:07:54.436 12306 12306 I mjl     : SslGuard completed installation.
05-11 20:07:54.437 12306 12331 W .apps.wellbein: Accessing hidden field Ljava/util/Collections$SynchronizedCollection;->mutex:Ljava/lang/Object; (greylist-max-o, reflection, denied)
05-11 20:07:54.440 12306 12331 W .apps.wellbein: Accessing hidden method Ljava/util/Collections$SynchronizedSet;-><init>(Ljava/util/Set;Ljava/lang/Object;)V (greylist-max-o, reflection, denied)
05-11 20:07:54.441 12306 12331 W .apps.wellbein: Accessing hidden method Ljava/util/Collections$SynchronizedCollection;-><init>(Ljava/util/Collection;Ljava/lang/Object;)V (greylist-max-o, reflection, denied)
05-11 20:07:54.477   726  9983 I chatty  : uid=1013(media) expire 2 lines
05-11 20:07:54.553 11447 11447 W ProxyAndroidLoggerBackend: Too many Flogger logs received before configuration. Dropping old logs.
05-11 20:07:54.554 10474 10474 I Finsky:download_service: [2] vui.onDestroy(8): IPC-SERVER: Stopping gRPC host service...
05-11 20:07:54.576 11447 11447 I Finsky  : [2] aibd.run(8): Detected restoreservicev2://recovery not needed, will not run
05-11 20:07:54.714 11976 12025 I ProviderInstaller: Installed default security provider GmsCore_OpenSSL
05-11 20:07:54.715 11447 12342 I Finsky  : [986] baot.c(2): registerListener
05-11 20:07:54.716 11447 12342 I Finsky  : [986] oiy.e(1): getDownloads()
05-11 20:07:54.725 10474 10474 I Finsky:download_service: [2] vui.onCreate(2): IPC-SERVER: Starting gRPC host service...
05-11 20:07:54.727 11447 12342 I Finsky  : [986] hse.run(7): Initialized AssetModuleDownloader.
05-11 20:07:54.730 11447 11447 W ProxyAndroidLoggerBackend: Too many Flogger logs received before configuration. Dropping old logs.
05-11 20:07:54.730 10474 11236 W ProxyAndroidLoggerBackend: Too many Flogger logs received before configuration. Dropping old logs.
05-11 20:07:54.732 11447 11888 W ProxyAndroidLoggerBackend: Too many Flogger logs received before configuration. Dropping old logs.
05-11 20:07:54.733 11447 11888 I chatty  : uid=10055(com.android.vending) identical 2 lines
05-11 20:07:54.733 11447 11888 W ProxyAndroidLoggerBackend: Too many Flogger logs received before configuration. Dropping old logs.
05-11 20:07:54.733 10474 11236 W ProxyAndroidLoggerBackend: Too many Flogger logs received before configuration. Dropping old logs.
05-11 20:07:54.733 10474 11236 I chatty  : uid=10055(com.android.vending) ownload_service identical 1 line
05-11 20:07:54.733 10474 11236 W ProxyAndroidLoggerBackend: Too many Flogger logs received before configuration. Dropping old logs.
05-11 20:07:54.734 10474 11887 W ProxyAndroidLoggerBackend: Too many Flogger logs received before configuration. Dropping old logs.
05-11 20:07:54.734 10474 11887 W ProxyAndroidLoggerBackend: Too many Flogger logs received before configuration. Dropping old logs.
05-11 20:07:54.734 10474 11887 I Finsky:download_service: [849] oay.c(1): getDownloads()
05-11 20:07:54.741 10474 10536 W ProxyAndroidLoggerBackend: Too many Flogger logs received before configuration. Dropping old logs.
05-11 20:07:54.742 10474 10536 W ProxyAndroidLoggerBackend: Too many Flogger logs received before configuration. Dropping old logs.
05-11 20:07:54.742 11447 12164 W ProxyAndroidLoggerBackend: Too many Flogger logs received before configuration. Dropping old logs.
05-11 20:07:54.742 11447 12164 I chatty  : uid=10055(com.android.vending) identical 1 line
05-11 20:07:54.742 11447 12164 W ProxyAndroidLoggerBackend: Too many Flogger logs received before configuration. Dropping old logs.
05-11 20:07:54.742 11447 11888 W ProxyAndroidLoggerBackend: Too many Flogger logs received before configuration. Dropping old logs.
05-11 20:07:54.743 10474 10536 W ProxyAndroidLoggerBackend: Too many Flogger logs received before configuration. Dropping old logs.
05-11 20:07:54.755   928  1710 I ActivityManager: Killing 11301:com.google.android.talk/u0a120 (adj 985): empty #17
05-11 20:07:54.758   627   627 D Zygote  : Forked child process 12344
05-11 20:07:54.760   928  1110 I ActivityManager: Start proc 12344:com.google.android.calendar/u0a115 for broadcast {com.google.android.calendar/com.google.android.apps.calendar.removeaccountdata.AccountDataCleaner}
05-11 20:07:54.770 12344 12344 E ndroid.calenda: Not starting debugger since process cannot load the jdwp agent.
05-11 20:07:54.781   928  7532 D ConnectivityService: ConnectivityService NetworkRequestInfo binderDied(NetworkRequest [ TRACK_DEFAULT id=82, [ Capabilities: INTERNET&NOT_RESTRICTED&TRUSTED Uid: 10120] ], android.os.BinderProxy@3f3f617)
05-11 20:07:54.781   928  2447 D ConnectivityService: ConnectivityService NetworkRequestInfo binderDied(NetworkRequest [ LISTEN id=83, [ Capabilities: INTERNET&NOT_RESTRICTED&TRUSTED Uid: 10120] ], android.os.BinderProxy@a4fa04)
05-11 20:07:54.782   928  1359 D ConnectivityService: releasing NetworkRequest [ TRACK_DEFAULT id=82, [ Capabilities: INTERNET&NOT_RESTRICTED&TRUSTED Uid: 10120] ] (release request)
05-11 20:07:54.783   627   627 I Zygote  : Process 11301 exited due to signal 9 (Killed)
05-11 20:07:54.802   928  1111 I libprocessgroup: Successfully killed process cgroup uid 10120 pid 11301 in 45ms
05-11 20:07:54.804   726  9985 I chatty  : uid=1013(media) expire 7 lines
05-11 20:07:54.808   726  9983 I chatty  : uid=1013(media) expire 2 lines
05-11 20:07:54.813 12344 12344 I ndroid.calenda: The ClassLoaderContext is a special shared library.
05-11 20:07:54.870 12344 12344 W ndroid.calenda: Accessing hidden field Ljava/util/Collections$SynchronizedCollection;->mutex:Ljava/lang/Object; (greylist-max-o, reflection, denied)
05-11 20:07:54.870 12344 12344 W ndroid.calenda: Accessing hidden method Ljava/util/Collections$SynchronizedSet;-><init>(Ljava/util/Set;Ljava/lang/Object;)V (greylist-max-o, reflection, denied)
05-11 20:07:54.871 12344 12344 W ndroid.calenda: Accessing hidden method Ljava/util/Collections$SynchronizedCollection;-><init>(Ljava/util/Collection;Ljava/lang/Object;)V (greylist-max-o, reflection, denied)
05-11 20:07:55.098   627   627 D Zygote  : Forked child process 12376
05-11 20:07:55.102   928  1110 I ActivityManager: Start proc 12376:com.android.providers.calendar/u0a57 for content provider {com.android.providers.calendar/com.android.providers.calendar.CalendarProvider2}
05-11 20:07:55.119 12376 12376 E viders.calenda: Not starting debugger since process cannot load the jdwp agent.
05-11 20:07:55.140   726  9985 I chatty  : uid=1013(media) expire 7 lines
05-11 20:07:55.325 12344 12417 D NetworkSecurityConfig: No Network Security Config specified, using platform default
05-11 20:07:55.344 12376 12376 I CalendarProvider2: Created com.android.providers.calendar.CalendarAlarmManager@6c9176c(com.android.providers.calendar.CalendarProvider2@24a1135)
05-11 20:07:55.365 12344 12421 I c.ztp   : Obtained writable database SQLiteDatabase/66396611 instance with path /data/user/0/com.google.android.calendar/databases/cal_v2a
05-11 20:07:55.395 12344 12419 W TimelyStore: Lookup for recent notifications failed, ignoring.
05-11 20:07:55.395 12344 12419 I chatty  : uid=10115(com.google.android.calendar) ndroid.calendar identical 14 lines
05-11 20:07:55.395 12344 12419 W TimelyStore: Lookup for recent notifications failed, ignoring.
05-11 20:07:55.395 12344 12419 W TimelyStore: Lookup for default notifications failed, ignoring.
05-11 20:07:55.399 12344 12420 I c.zrw   : The schema version is 17, the database version is 17, and there are 0 migrations
05-11 20:07:55.475   726  9983 I chatty  : uid=1013(media) expire 2 lines
05-11 20:07:55.564   928  2272 I ActivityManager: Killing 11678:com.facebook.katana/u0a134 (adj 975): empty #17
05-11 20:07:55.565   928  2272 I ActivityManager: Killing 11400:com.google.android.videos/u0a79 (adj 985): empty #18
05-11 20:07:55.566   681   681 E lowmemorykiller: Error writing /proc/11400/oom_score_adj; errno=22
05-11 20:07:55.588   928  2272 D ConnectivityService: ConnectivityService NetworkRequestInfo binderDied(NetworkRequest [ TRACK_DEFAULT id=84, [ Capabilities: INTERNET&NOT_RESTRICTED&TRUSTED Uid: 10079] ], android.os.BinderProxy@ac0e4f5)
05-11 20:07:55.588   928  1359 D ConnectivityService: releasing NetworkRequest [ TRACK_DEFAULT id=84, [ Capabilities: INTERNET&NOT_RESTRICTED&TRUSTED Uid: 10079] ] (release request)
05-11 20:07:55.599   627   627 D Zygote  : Forked child process 12442
05-11 20:07:55.600   627   627 I Zygote  : Process 11400 exited due to signal 9 (Killed)
05-11 20:07:55.605   928  1110 I ActivityManager: Start proc 12442:com.google.android.gm/u0a72 for broadcast {com.google.android.gm/com.google.android.gm.AccountsChangedReceiver}
05-11 20:07:55.616   627   627 I Zygote  : Process 11678 exited due to signal 9 (Killed)
05-11 20:07:55.622 12442 12442 E ogle.android.g: Not starting debugger since process cannot load the jdwp agent.
05-11 20:07:55.650   928  1111 I libprocessgroup: Successfully killed process cgroup uid 10134 pid 11678 in 83ms
05-11 20:07:55.650   928  1111 I libprocessgroup: Successfully killed process cgroup uid 10079 pid 11400 in 0ms
05-11 20:07:55.686 12442 12442 I ogle.android.g: The ClassLoaderContext is a special shared library.
05-11 20:07:55.821   726  9985 I chatty  : uid=1013(media) expire 4 lines
05-11 20:07:55.822   726  9983 I chatty  : uid=1013(media) expire 2 lines
05-11 20:07:55.847 12442 12442 W ogle.android.g: JIT profile information will not be recorded: profile file does not exits.
05-11 20:07:55.848 12442 12442 I chatty  : uid=10072(com.google.android.gm) ogle.android.gm identical 1 line
05-11 20:07:55.848 12442 12442 W ogle.android.g: JIT profile information will not be recorded: profile file does not exits.
05-11 20:07:55.984 12442 12470 W ogle.android.g: Accessing hidden field Ljava/util/Collections$SynchronizedCollection;->mutex:Ljava/lang/Object; (greylist-max-o, reflection, denied)
05-11 20:07:55.985 12442 12470 W ogle.android.g: Accessing hidden method Ljava/util/Collections$SynchronizedSet;-><init>(Ljava/util/Set;Ljava/lang/Object;)V (greylist-max-o, reflection, denied)
05-11 20:07:55.985 12442 12470 W ogle.android.g: Accessing hidden method Ljava/util/Collections$SynchronizedCollection;-><init>(Ljava/util/Collection;Ljava/lang/Object;)V (greylist-max-o, reflection, denied)
05-11 20:07:56.161   726  9985 I chatty  : uid=1013(media) expire 4 lines
05-11 20:07:56.162   726  9983 I chatty  : uid=1013(media) expire 2 lines
05-11 20:07:56.243  2382  2382 D BoundBrokerSvc: onBind: Intent { act=com.google.android.gms.mdisync.service.START pkg=com.google.android.gms cmp=com.google.android.gms/.chimera.GmsApiService }
05-11 20:07:56.243  2382  2382 D BoundBrokerSvc: Loading bound service for intent: Intent { act=com.google.android.gms.mdisync.service.START pkg=com.google.android.gms cmp=com.google.android.gms/.chimera.GmsApiService }
05-11 20:07:56.294 12442 12491 W DynamiteModule: Local module descriptor class for com.google.android.gms.crash not found.
05-11 20:07:56.390 12442 12491 I DynamiteLoaderV2Impl: [71] Dynamitemodulesc
05-11 20:07:56.396 12442 12491 W ogle.android.g: ClassLoaderContext type mismatch. expected=PCL, found=DLC (PCL[] | DLC[];PCL[/data/app/com.google.android.gm-srwu9oFAf9zfFiUgjDNnQA==/base.apk*3878927487:/data/app/com.google.android.gm-srwu9oFAf9zfFiUgjDNnQA==/base.apk!classes2.dex*1805866422:/data/app/com.google.android.gm-srwu9oFAf9zfFiUgjDNnQA==/base.apk!classes3.dex*583362878:/data/app/com.google.android.gm-srwu9oFAf9zfFiUgjDNnQA==/base.apk!classes4.dex*1501916039:/data/app/com.google.android.gm-srwu9oFAf9zfFiUgjDNnQA==/base.apk!classes5.dex*4125667961]{PCL[/system/framework/org.apache.http.legacy.jar*1038351580]})
05-11 20:07:56.419 12442 12491 W ogle.android.g: Found duplicate classes, falling back to extracting from APK : /data/user_de/0/com.google.android.gms/app_chimera/m/00000189/DynamiteModulesC.apk
05-11 20:07:56.420 12442 12491 W ogle.android.g: NOTE: This wastes RAM and hurts startup performance.
05-11 20:07:56.420 12442 12491 W ogle.android.g: Found duplicated class when checking oat files: 'La;' in /data/user_de/0/com.google.android.gms/app_chimera/m/00000189/DynamiteModulesC.apk and /data/app/com.google.android.gm-srwu9oFAf9zfFiUgjDNnQA==/base.apk
05-11 20:07:56.420 12442 12491 W ogle.android.g: 
05-11 20:07:56.506   726  9985 I chatty  : uid=1013(media) expire 6 lines
05-11 20:07:56.511 12442 12477 I org.webrtc.Logging: CrashStartupListener: Checking conference crashes for 1 account(s).
05-11 20:07:56.547 12442 12491 I FirebaseCrashApiImpl: FirebaseCrashApiImpl created by ClassLoader dalvik.system.DelegateLastClassLoader[DexPathList[[zip file "/data/user_de/0/com.google.android.gms/app_chimera/m/00000189/DynamiteModulesC.apk"],nativeLibraryDirectories=[/data/user_de/0/com.google.android.gms/app_chimera/m/00000189/DynamiteModulesC.apk!/lib/arm64-v8a, /system/lib64, /vendor/lib64, /system/product/lib64]]]
05-11 20:07:56.586 12442 12492 I DynamiteModule: Considering local module com.google.android.gms.flags:3 and remote module com.google.android.gms.flags:3
05-11 20:07:56.586 12442 12492 I DynamiteModule: Selected local version of com.google.android.gms.flags
05-11 20:07:56.601  2382  4811 I MdiSyncModule: Receiving API connection from package 'com.google.android.gm'...
05-11 20:07:56.611  2382  4811 I MdiSyncModule: API connection successful!
05-11 20:07:56.615 12442 12492 W DynamiteModule: Local module descriptor class for com.google.android.gms.crash not found.
05-11 20:07:56.672 12442 12492 I FirebaseCrashApiImpl: FirebaseCrash reporting API initialized
05-11 20:07:56.672 12442 12492 W FirebaseCrashAnalytics: Unable to log event, missing Google Analytics for Firebase library
05-11 20:07:56.739 12442 12514 W aeaq    : Toggling Chat components off.
05-11 20:07:56.741 12442 12514 W aeaq    : Toggling Meet components on.
05-11 20:07:56.823   928  4278 W ActivityManager: Unable to start service Intent { cmp=com.google.android.gm/com.android.email.service.AttachmentService } U=0: not found
05-11 20:07:56.843   726  9983 I chatty  : uid=1013(media) expire 1 line
05-11 20:07:56.855  1960 12525 W WakefulBroadcastReceiv.: No active wake lock id #4
05-11 20:07:56.867  2382 12535 I PmtsSwAccountIntentOp: Processing intent action=android.accounts.LOGIN_ACCOUNTS_CHANGED
05-11 20:07:56.868  2382 12535 I PmtsSwAccountIntentOp: Account added has already been processed
05-11 20:07:56.871 11190 11190 I BgTaskExecutorImpl: Starting EXCLUSIVE background task PROCESS_ACCOUNT_CHANGE.
05-11 20:07:56.875  1960 12529 I arwm    : Scheduling Phenotype for a PhenotypeSyncImmediately(5, null) one off with window [1, 2] in seconds [CONTEXT service_id=51 ]
05-11 20:07:56.892   627   627 D Zygote  : Forked child process 12539
05-11 20:07:56.898   928  1110 I ActivityManager: Start proc 12539:com.google.process.gapps/u0a122 for broadcast {com.google.android.syncadapters.contacts/com.google.android.syncadapters.contacts.ContactsSyncAdapterBroadcastReceiver}
05-11 20:07:56.910 12539 12539 E e.process.gapp: Not starting debugger since process cannot load the jdwp agent.
05-11 20:07:56.911 11190 11232 I A       : isInitializing-false locale not changed-true model not changed-true
05-11 20:07:56.915 11190 11232 I MicroDetectionState: Should stop hotword detection immediately - true
05-11 20:07:56.916 11190 11336 I Search.LoginHelperImpl: #refresh()
05-11 20:07:56.916 11190 11336 I Search.LoginHelperImpl: Getting accounts.
05-11 20:07:56.939  1960  1972 I .gms.persisten: Background young concurrent copying GC freed 123230(6444KB) AllocSpace objects, 45(2656KB) LOS objects, 46% free, 10MB/18MB, paused 51us total 135.581ms
05-11 20:07:56.957   928  4278 D BackupTransportManager: Transport com.google.android.gms/.backup.BackupTransportService updated its attributes
05-11 20:07:56.979 12442 12514 W aeaq    : Toggling Chat components off.
05-11 20:07:56.984 12442 12514 W aeaq    : Toggling Meet components on.
05-11 20:07:56.985 12539 12539 D ApplicationLoaders: Returning zygote-cached class loader: /system/framework/android.hidl.base-V1.0-java.jar
05-11 20:07:56.985 12539 12539 D ApplicationLoaders: Returning zygote-cached class loader: /system/framework/android.hidl.manager-V1.0-java.jar
05-11 20:07:56.986 12539 12539 D ApplicationLoaders: Returning zygote-cached class loader: /system/framework/android.hidl.base-V1.0-java.jar
05-11 20:07:56.990 12166 12185 I .apps.messagin: Waiting for a blocking GC ProfileSaver
05-11 20:07:56.996 12539 12539 I e.process.gapp: The ClassLoaderContext is a special shared library.
05-11 20:07:57.063 12539 12539 I GoogleHttpClient: GMS http client unavailable, use old client
05-11 20:07:57.102 12166 12185 I .apps.messagin: WaitForGcToComplete blocked ProfileSaver on AddRemoveAppImageSpace for 111.336ms
05-11 20:07:57.133   627   627 D Zygote  : Forked child process 12569
05-11 20:07:57.135   928  1110 I ActivityManager: Start proc 12569:com.google.android.talk/u0a120 for broadcast {com.google.android.talk/com.google.android.apps.hangouts.service.broadcastreceiver.AccountRefreshReceiver}
05-11 20:07:57.146 12569 12569 E le.android.tal: Not starting debugger since process cannot load the jdwp agent.
05-11 20:07:57.161   928  1476 I ActivityManager: Killing 11507:com.google.android.youtube/u0a71 (adj 985): empty #17
05-11 20:07:57.175   726  9985 I chatty  : uid=1013(media) expire 5 lines
05-11 20:07:57.179   726  9983 I chatty  : uid=1013(media) expire 32 lines
05-11 20:07:57.205 12569 12569 I le.android.tal: The ClassLoaderContext is a special shared library.
05-11 20:07:57.217   928  1476 D ConnectivityService: ConnectivityService NetworkRequestInfo binderDied(NetworkRequest [ TRACK_DEFAULT id=89, [ Capabilities: INTERNET&NOT_RESTRICTED&TRUSTED Uid: 10071] ], android.os.BinderProxy@3f2a89c)
05-11 20:07:57.218   627   627 I Zygote  : Process 11507 exited due to signal 9 (Killed)
05-11 20:07:57.218   928  1476 D ConnectivityService: ConnectivityService NetworkRequestInfo binderDied(NetworkRequest [ TRACK_DEFAULT id=87, [ Capabilities: INTERNET&NOT_RESTRICTED&TRUSTED Uid: 10071] ], android.os.BinderProxy@25982a5)
05-11 20:07:57.218   928  3856 D ConnectivityService: ConnectivityService NetworkRequestInfo binderDied(NetworkRequest [ LISTEN id=88, [ Capabilities: INTERNET&NOT_RESTRICTED&TRUSTED&FOREGROUND Uid: 10071] ], android.os.BinderProxy@689167a)
05-11 20:07:57.219   928  1359 D ConnectivityService: releasing NetworkRequest [ TRACK_DEFAULT id=89, [ Capabilities: INTERNET&NOT_RESTRICTED&TRUSTED Uid: 10071] ] (release request)
05-11 20:07:57.220   928  1359 D ConnectivityService: releasing NetworkRequest [ TRACK_DEFAULT id=87, [ Capabilities: INTERNET&NOT_RESTRICTED&TRUSTED Uid: 10071] ] (release request)
05-11 20:07:57.230   928  1111 I libprocessgroup: Successfully killed process cgroup uid 10071 pid 11507 in 68ms
05-11 20:07:57.264 12569 12569 W le.android.tal: Accessing hidden field Ljava/util/Collections$SynchronizedCollection;->mutex:Ljava/lang/Object; (greylist-max-o, reflection, denied)
05-11 20:07:57.267 12569 12569 W le.android.tal: Accessing hidden method Ljava/util/Collections$SynchronizedSet;-><init>(Ljava/util/Set;Ljava/lang/Object;)V (greylist-max-o, reflection, denied)
05-11 20:07:57.267 12569 12569 W le.android.tal: Accessing hidden method Ljava/util/Collections$SynchronizedCollection;-><init>(Ljava/util/Collection;Ljava/lang/Object;)V (greylist-max-o, reflection, denied)
05-11 20:07:57.459 12569 12603 E SQLiteLog: (1) no such table: mmsconfig
05-11 20:07:57.461 12569 12603 E gnf     : Babel_SMS: canonicalizeMccMnc: invalid mccmnc nullnull
05-11 20:07:57.514   726  9985 I chatty  : uid=1013(media) expire 102 lines
05-11 20:07:57.618 12199 12219 I oid.apps.photo: Waiting for a blocking GC ProfileSaver
05-11 20:07:58.020 12199 12219 I oid.apps.photo: WaitForGcToComplete blocked ProfileSaver on AddRemoveAppImageSpace for 401.511ms
05-11 20:07:58.112 12569 12628 D StrictMode: StrictMode policy violation: android.os.strictmode.CustomViolation: gcore.dynamite
05-11 20:07:58.112 12569 12628 D StrictMode: 	at android.os.StrictMode$AndroidBlockGuardPolicy.onCustomSlowCall(StrictMode.java:1523)
05-11 20:07:58.112 12569 12628 D StrictMode: 	at android.os.StrictMode.noteSlowCall(StrictMode.java:2471)
05-11 20:07:58.112 12569 12628 D StrictMode: 	at ujw.a(:com.google.android.gms@210915037@21.09.15 (120400-361652764):0)
05-11 20:07:58.112 12569 12628 D StrictMode: 	at com.google.android.gms.chimera.container.GmsModuleChimeraProvider.query(:com.google.android.gms@210915037@21.09.15 (120400-361652764):10)
05-11 20:07:58.112 12569 12628 D StrictMode: 	at rtr.query(:com.google.android.gms@210915037@21.09.15 (120400-361652764):3)
05-11 20:07:58.112 12569 12628 D StrictMode: 	at android.content.ContentProvider.query(ContentProvider.java:1214)
05-11 20:07:58.112 12569 12628 D StrictMode: 	at dcn.superQuery(:com.google.android.gms@210915037@21.09.15 (120400-361652764):2)
05-11 20:07:58.112 12569 12628 D StrictMode: 	at com.google.android.chimera.ContentProvider.query(:com.google.android.gms@210915037@21.09.15 (120400-361652764):2)
05-11 20:07:58.112 12569 12628 D StrictMode: 	at rtr.query(:com.google.android.gms@210915037@21.09.15 (120400-361652764):8)
05-11 20:07:58.112 12569 12628 D StrictMode: 	at android.content.ContentProvider.query(ContentProvider.java:1307)
05-11 20:07:58.112 12569 12628 D StrictMode: 	at dcn.superQuery(:com.google.android.gms@210915037@21.09.15 (120400-361652764):1)
05-11 20:07:58.112 12569 12628 D StrictMode: 	at com.google.android.chimera.ContentProvider.query(:com.google.android.gms@210915037@21.09.15 (120400-361652764):1)
05-11 20:07:58.112 12569 12628 D StrictMode: 	at dcn.query(:com.google.android.gms@210915037@21.09.15 (120400-361652764):2)
05-11 20:07:58.112 12569 12628 D StrictMode: 	at android.content.ContentProvider$Transport.query(ContentProvider.java:267)
05-11 20:07:58.112 12569 12628 D StrictMode: 	at android.content.ContentProviderNative.onTransact(ContentProviderNative.java:104)
05-11 20:07:58.112 12569 12628 D StrictMode: 	at android.os.Binder.execTransactInternal(Binder.java:1021)
05-11 20:07:58.112 12569 12628 D StrictMode: 	at android.os.Binder.execTransact(Binder.java:994)
05-11 20:07:58.112 12569 12628 D StrictMode: # via Binder call with stack:
05-11 20:07:58.112 12569 12628 D StrictMode: 	at android.os.StrictMode.readAndHandleBinderCallViolations(StrictMode.java:2274)
05-11 20:07:58.112 12569 12628 D StrictMode: 	at android.os.Parcel.readExceptionCode(Parcel.java:2017)
05-11 20:07:58.112 12569 12628 D StrictMode: 	at android.database.DatabaseUtils.readExceptionFromParcel(DatabaseUtils.java:137)
05-11 20:07:58.112 12569 12628 D StrictMode: 	at android.content.ContentProviderProxy.query(ContentProviderNative.java:423)
05-11 20:07:58.112 12569 12628 D StrictMode: 	at android.content.ContentResolver.query(ContentResolver.java:944)
05-11 20:07:58.112 12569 12628 D StrictMode: 	at android.content.ContentResolver.query(ContentResolver.java:880)
05-11 20:07:58.112 12569 12628 D StrictMode: 	at android.content.ContentResolver.query(ContentResolver.java:836)
05-11 20:07:58.112 12569 12628 D StrictMode: 	at hfl.e(PG:10)
05-11 20:07:58.112 12569 12628 D StrictMode: 	at hfl.c(PG:11)
05-11 20:07:58.112 12569 12628 D StrictMode: 	at hfd.a(PG:1)
05-11 20:07:58.112 12569 12628 D StrictMode: 	at hfe.a(PG:6)
05-11 20:07:58.112 12569 12628 D StrictMode: 	at hfl.a(PG:5)
05-11 20:07:58.112 12569 12628 D StrictMode: 	at hle.a(PG:12)
05-11 20:07:58.112 12569 12628 D StrictMode: 	at com.google.android.gms.net.PlayServicesCronetProvider.a(PG:1)
05-11 20:07:58.112 12569 12628 D StrictMode: 	at com.google.android.gms.net.PlayServicesCronetProvider.isEnabled(PG:1)
05-11 20:07:58.112 12569 12628 D StrictMode: 	at org.chromium.net.CronetEngine$Builder.getEnabledCronetProviders(PG:5)
05-11 20:07:58.112 12569 12628 D StrictMode: 	at org.chromium.net.CronetEngine$Builder.createBuilderDelegate(PG:2)
05-11 20:07:58.112 12569 12628 D StrictMode: 	at org.chromium.net.CronetEngine$Builder.<init>(PG:1)
05-11 20:07:58.112 12569 12628 D StrictMode: 	at org.chromium.net.ExperimentalCronetEngine$Builder.<init>(PG:1)
05-11 20:07:58.112 12569 12628 D StrictMode: 	at nhy.a(Unknown Source:102)
05-11 20:07:58.112 12569 12628 D StrictMode: 	at osz.a(PG:1)
05-11 20:07:58.112 12569 12628 D StrictMode: 	at lcg.a(Unknown Source:12)
05-11 20:07:58.112 12569 12628 D StrictMode: 	at osz.a(PG:1)
05-11 20:07:58.112 12569 12628 D StrictMode: 	at est.s(PG:1)
05-11 20:07:58.112 12569 12628 D StrictMode: 	at nhu.a(PG:4)
05-11 20:07:58.112 12569 12628 D StrictMode: 	at gen_binder.root.RootModule$Generated.b(PG:220)
05-11 20:07:58.112 12569 12628 D StrictMode: 	at jzk.w(PG:10)
05-11 20:07:58.112 12569 12628 D StrictMode: 	at jzk.c(PG:2)
05-11 20:07:58.112 12569 12628 D StrictMode: 	at jzk.b(PG:2)
05-11 20:07:58.112 12569 12628 D StrictMode: 	at dyi.b(PG:3)
05-11 20:07:58.112 12569 12628 D StrictMode: 	at dyi.a(PG:1)
