05-11 20:07:36.293   928  1110 I ActivityManager: Start proc 11447:com.android.vending/u0a55 for service {com.android.vending/com.google.android.finsky.contentfilterui.ContentFiltersService}
05-11 20:07:36.880   928  2447 D ConnectivityService: requestNetwork for uid/pid:10079/11400 NetworkRequest [ TRACK_DEFAULT id=84, [ Capabilities: INTERNET&NOT_RESTRICTED&TRUSTED Uid: 10079] ]
05-11 20:07:37.158   928  1110 W ActivityManager: Slow operation: 75ms so far, now at startProcess: returned from zygote!
05-11 20:07:37.159   928  1110 W ActivityManager: Slow operation: 76ms so far, now at startProcess: done updating battery stats
05-11 20:07:37.159   928  1110 W ActivityManager: Slow operation: 76ms so far, now at startProcess: building log message
05-11 20:07:37.159   928  1110 I ActivityManager: Start proc 11507:com.google.android.youtube/u0a71 for broadcast {com.google.android.youtube/com.google.android.libraries.notifications.entrypoints.accountchanged.AccountChangedReceiver}
05-11 20:07:37.159   928  1110 W ActivityManager: Slow operation: 76ms so far, now at startProcess: starting to update pids map
05-11 20:07:37.159   928  1110 W ActivityManager: Slow operation: 76ms so far, now at startProcess: done updating pids map
05-11 20:07:37.198   928  2447 D ConnectivityService: requestNetwork for uid/pid:10055/11447 NetworkRequest [ TRACK_DEFAULT id=85, [ Capabilities: INTERNET&NOT_RESTRICTED&TRUSTED Uid: 10055] ]
05-11 20:07:38.056   928  1807 I ActivityManager: Killing 10674:com.google.android.apps.turbo:ssb/u0a50 (adj 985): empty #17
05-11 20:07:38.785   928  2440 D ConnectivityService: requestNetwork for uid/pid:10071/11507 NetworkRequest [ TRACK_DEFAULT id=87, [ Capabilities: INTERNET&NOT_RESTRICTED&TRUSTED Uid: 10071] ]
05-11 20:07:40.005   928  1110 I ActivityManager: Start proc 11678:com.facebook.katana/u0a134 for broadcast {com.facebook.katana/com.facebook.katana.FacebookAccountReceiver}
05-11 20:07:40.411   928  1710 D ConnectivityService: requestNetwork for uid/pid:10071/11507 NetworkRequest [ TRACK_DEFAULT id=89, [ Capabilities: INTERNET&NOT_RESTRICTED&TRUSTED Uid: 10071] ]
05-11 20:07:40.545   928  2600 I ActivityManager: Killing 10779:com.google.android.music:main/u0a108 (adj 985): empty #17
05-11 20:07:40.575   928  2440 D ConnectivityService: ConnectivityService NetworkRequestInfo binderDied(NetworkRequest [ TRACK_DEFAULT id=81, [ Capabilities: INTERNET&NOT_RESTRICTED&TRUSTED Uid: 10108] ], android.os.BinderProxy@cdac23)
05-11 20:07:40.577   928  1359 D ConnectivityService: releasing NetworkRequest [ TRACK_DEFAULT id=81, [ Capabilities: INTERNET&NOT_RESTRICTED&TRUSTED Uid: 10108] ] (release request)
05-11 20:07:41.778   928  1995 I ActivityManager: Killing 10844:com.android.chrome/u0a112 (adj 985): empty #17
05-11 20:07:41.825   928  1110 W ActivityManager: Slow operation: 51ms so far, now at startProcess: building log message
05-11 20:07:41.825   928  1110 I ActivityManager: Start proc 11751:com.google.android.apps.tachyon/u0a144 for broadcast {com.google.android.apps.tachyon/com.google.android.apps.tachyon.registration.SystemAccountChangedReceiver}
05-11 20:07:41.825   928  1110 W ActivityManager: Slow operation: 51ms so far, now at startProcess: starting to update pids map
05-11 20:07:41.825   928  1110 W ActivityManager: Slow operation: 51ms so far, now at startProcess: done updating pids map
--------- beginning of main
05-11 20:07:42.036 11678 11718 W fb4a.DependencyManager|Runner:   Finished ProfiloBridgeFactoryImpl in 7ms
05-11 20:07:42.057 11190 11739 W earchbox:searc: Verification of android.database.sqlite.SQLiteDatabase ht.getWritableDatabase() took 113.785ms
05-11 20:07:42.074 11678 11717 W fb4a.DependencyManager|Runner:   Finished InitLacrimaLaterInit in 642ms
05-11 20:07:42.075 11678 11717 W fb4a.DependencyManager|Runner: All work finished.
05-11 20:07:42.129 11751 11751 W id.apps.tachyo: JIT profile information will not be recorded: profile file does not exits.
05-11 20:07:42.129 11751 11751 I chatty  : uid=10144(com.google.android.apps.tachyon) identical 1 line
05-11 20:07:42.129 11751 11751 W id.apps.tachyo: JIT profile information will not be recorded: profile file does not exits.
05-11 20:07:42.210 11190 11739 W earchbox:searc: Verification of void lf.D() took 109.843ms
05-11 20:07:42.283 11400 11444 E PlayCommon: [928] lyu.f: Failed to connect to server for log upload.
05-11 20:07:42.311   628   628 I Zygote  : Process 10844 exited due to signal 9 (Killed)
05-11 20:07:42.350   928  1111 I libprocessgroup: Successfully killed process cgroup uid 10112 pid 10844 in 570ms
05-11 20:07:42.354 11190 11739 W earchbox:searc: Verification of void le.b(ao) took 140.743ms
05-11 20:07:42.396 11447 11523 E PlayCommon: [937] bamw.h(173): Failed to connect to server for log upload.
05-11 20:07:42.419 11751 11783 W id.apps.tachyo: Accessing hidden field Ljava/util/Collections$SynchronizedCollection;->mutex:Ljava/lang/Object; (greylist-max-o, reflection, denied)
05-11 20:07:42.502 11751 11783 W id.apps.tachyo: Accessing hidden method Ljava/util/Collections$SynchronizedSet;-><init>(Ljava/util/Set;Ljava/lang/Object;)V (greylist-max-o, reflection, denied)
05-11 20:07:42.502 11751 11783 W id.apps.tachyo: Accessing hidden method Ljava/util/Collections$SynchronizedCollection;-><init>(Ljava/util/Collection;Ljava/lang/Object;)V (greylist-max-o, reflection, denied)
05-11 20:07:42.813 11190 11739 W earchbox:searc: Verification of void hq.<clinit>() took 235.151ms
05-11 20:07:42.884 11751 11786 D EventBus: No subscribers registered for event class hue
05-11 20:07:42.884 11751 11786 D EventBus: No subscribers registered for event class txa
05-11 20:07:42.948 11507 11565 I android.youtub: Waiting for a blocking GC ProfileSaver
05-11 20:07:43.000 11751 11810 W DynamiteModule: Local module descriptor class for com.google.android.gms.measurement.dynamite not found.
05-11 20:07:43.006   627   627 D Zygote  : Forked child process 11819
05-11 20:07:43.008   928  1110 I ActivityManager: Start proc 11819:com.google.android.play.games/u0a316 for broadcast {com.google.android.play.games/com.google.android.apps.play.games.lib.notifications.ChimeRegistrationBroadcastReceiver}
05-11 20:07:43.009 11751 11807 W DynamiteModule: Local module descriptor class for com.google.android.gms.googlecertificates not found.
05-11 20:07:43.032   928  2442 I ActivityManager: Killing 10876:com.google.android.apps.docs/u0a127 (adj 985): empty #17
05-11 20:07:43.034   681   681 E lowmemorykiller: Error writing /proc/10876/oom_score_adj; errno=22
05-11 20:07:43.043 11819 11819 E roid.play.game: Not starting debugger since process cannot load the jdwp agent.
05-11 20:07:43.153 11751 11751 D EventBus: No subscribers registered for event class hue
05-11 20:07:43.154 11751 11751 D EventBus: No subscribers registered for event class txa
05-11 20:07:43.160 11751 11786 D EventBus: No subscribers registered for event class iqy
05-11 20:07:43.160 11751 11786 D EventBus: No subscribers registered for event class txa
05-11 20:07:43.302 11751 11810 I DynamiteLoaderV2Impl: [71] MeasurementDynamite.integ
05-11 20:07:43.307 11751 11810 W id.apps.tachyo: ClassLoaderContext type mismatch. expected=PCL, found=DLC (PCL[] | DLC[];PCL[/data/app/com.google.android.apps.tachyon-RQwFy3zlv9StFFbLS-hxsQ==/base.apk*2248953494:/data/app/com.google.android.apps.tachyon-RQwFy3zlv9StFFbLS-hxsQ==/base.apk!classes2.dex*2479807849:/data/app/com.google.android.apps.tachyon-RQwFy3zlv9StFFbLS-hxsQ==/base.apk!classes3.dex*333346826])
05-11 20:07:43.308 11751 11810 W id.apps.tachyo: Found duplicate classes, falling back to extracting from APK : /data/user_de/0/com.google.android.gms/app_chimera/m/0000018d/dl-MeasurementDynamite.integ_218100000.apk
05-11 20:07:43.308 11751 11810 W id.apps.tachyo: NOTE: This wastes RAM and hurts startup performance.
05-11 20:07:43.308 11751 11810 W id.apps.tachyo: Found duplicated class when checking oat files: 'La;' in /data/app/com.google.android.apps.tachyon-RQwFy3zlv9StFFbLS-hxsQ==/base.apk and /data/user_de/0/com.google.android.gms/app_chimera/m/0000018d/dl-MeasurementDynamite.integ_218100000.apk
05-11 20:07:43.308 11751 11810 W id.apps.tachyo: 
05-11 20:07:43.342   627   627 I Zygote  : Process 10876 exited due to signal 9 (Killed)
05-11 20:07:43.374   928  1111 I libprocessgroup: Successfully killed process cgroup uid 10127 pid 10876 in 340ms
05-11 20:07:43.414 11190 11739 W earchbox:searc: Verification of java.lang.Object gh.a() took 153.780ms
05-11 20:07:43.429 11447 11478 I android.vendin: WaitForGcToComplete blocked ProfileSaver on AddRemoveAppImageSpace for 1.701s
05-11 20:07:43.503 11751 11807 I DynamiteLoaderV2Impl: [71] Googlecertificates
05-11 20:07:43.526 11751 11810 W DynamiteModule: Local module descriptor class for com.google.android.gms.measurement.dynamite not found.
05-11 20:07:43.551 11819 11819 I GAv4-SVC: Google Analytics 210.7.90 is starting up.
05-11 20:07:43.566 11507 11565 I android.youtub: WaitForGcToComplete blocked ProfileSaver on ClassLinker for 617.720ms
05-11 20:07:43.606 11678 11693 W System  : A resource failed to call close. 
05-11 20:07:43.608 11678 11693 I chatty  : uid=10134(com.facebook.katana) identical 4 lines
05-11 20:07:43.676 11447 11459 W android.vendin: Suspending all threads took: 150.667ms
05-11 20:07:43.702 11190 11739 W earchbox:searc: Verification of java.lang.Object gm.a() took 185.131ms
05-11 20:07:43.740 11751 11807 W id.apps.tachyo: ClassLoaderContext type mismatch. expected=PCL, found=DLC (PCL[] | DLC[];PCL[/data/app/com.google.android.apps.tachyon-RQwFy3zlv9StFFbLS-hxsQ==/base.apk*2248953494:/data/app/com.google.android.apps.tachyon-RQwFy3zlv9StFFbLS-hxsQ==/base.apk!classes2.dex*2479807849:/data/app/com.google.android.apps.tachyon-RQwFy3zlv9StFFbLS-hxsQ==/base.apk!classes3.dex*333346826])
05-11 20:07:43.802 11507 11675 W android.youtub: Verification of double qa.b() took 131.763ms
05-11 20:07:43.871 11751 11807 W id.apps.tachyo: Found duplicate classes, falling back to extracting from APK : /data/user_de/0/com.google.android.gms/app_chimera/m/0000018a/GoogleCertificates.apk
05-11 20:07:43.871 11751 11807 W id.apps.tachyo: NOTE: This wastes RAM and hurts startup performance.
05-11 20:07:43.871 11751 11807 W id.apps.tachyo: Found duplicated class when checking oat files: 'La;' in /data/app/com.google.android.apps.tachyon-RQwFy3zlv9StFFbLS-hxsQ==/base.apk and /data/user_de/0/com.google.android.gms/app_chimera/m/0000018a/GoogleCertificates.apk
05-11 20:07:43.871 11751 11807 W id.apps.tachyo: 
05-11 20:07:43.886  1960  1960 D BoundBrokerSvc: onBind: Intent { act=com.google.android.gms.instantapps.START pkg=com.google.android.gms }
05-11 20:07:43.886  1960  1960 D BoundBrokerSvc: Loading bound service for intent: Intent { act=com.google.android.gms.instantapps.START pkg=com.google.android.gms }
05-11 20:07:43.900 11819 11865 W DynamiteModule: Local module descriptor class for com.google.android.gms.measurement.dynamite not found.
05-11 20:07:43.902 11190 11739 W earchbox:searc: Verification of java.lang.Object he.a() took 112.613ms
05-11 20:07:43.992   928  2269 I ActivityManager: Killing 10517:com.google.android.apps.maps/u0a116 (adj 985): empty #17
05-11 20:07:44.056 11819 11865 I DynamiteLoaderV2Impl: [71] MeasurementDynamite.integ
05-11 20:07:44.060 11819 11865 W roid.play.game: ClassLoaderContext type mismatch. expected=PCL, found=DLC (PCL[] | DLC[];PCL[/data/app/com.google.android.play.games-YocxkpCxrHYBVQvl0LBZGA==/base.apk*3397677399:/data/app/com.google.android.play.games-YocxkpCxrHYBVQvl0LBZGA==/base.apk!classes2.dex*651447801])
05-11 20:07:44.061 11819 11865 W roid.play.game: Found duplicate classes, falling back to extracting from APK : /data/user_de/0/com.google.android.gms/app_chimera/m/0000018d/dl-MeasurementDynamite.integ_218100000.apk
05-11 20:07:44.061 11819 11865 W roid.play.game: NOTE: This wastes RAM and hurts startup performance.
05-11 20:07:44.061 11819 11865 W roid.play.game: Found duplicated class when checking oat files: 'La;' in /data/app/com.google.android.play.games-YocxkpCxrHYBVQvl0LBZGA==/base.apk and /data/user_de/0/com.google.android.gms/app_chimera/m/0000018d/dl-MeasurementDynamite.integ_218100000.apk
05-11 20:07:44.061 11819 11865 W roid.play.game: 
05-11 20:07:44.089 11751 11807 I id.apps.tachyo: Waiting for a blocking GC ClassLinker
05-11 20:07:44.192 11819 11865 W DynamiteModule: Local module descriptor class for com.google.android.gms.measurement.dynamite not found.
05-11 20:07:44.194 11447 11495 I Finsky  : [930] agnf.b(5): SCH: Jobs in database: 1-1337 10-26 10-78 10-96 12-1 19-9999 20-23232323 21-333333333 24-77777777 26-1414141414 29-29 31-305419896 
05-11 20:07:44.198 11751 11861 W id.apps.tachyo: Verification of java.util.List hu.r() took 143.070ms
05-11 20:07:44.215   928  1995 D ConnectivityService: ConnectivityService NetworkRequestInfo binderDied(NetworkRequest [ TRACK_DEFAULT id=79, [ Capabilities: INTERNET&NOT_RESTRICTED&TRUSTED Uid: 10116] ], android.os.BinderProxy@591db48)
05-11 20:07:44.215   928  2441 D ConnectivityService: ConnectivityService NetworkRequestInfo binderDied(NetworkRequest [ LISTEN id=80, [ Capabilities: INTERNET&NOT_RESTRICTED&TRUSTED Uid: 10116] ], android.os.BinderProxy@19a7de1)
05-11 20:07:44.216   928  1359 D ConnectivityService: releasing NetworkRequest [ TRACK_DEFAULT id=79, [ Capabilities: INTERNET&NOT_RESTRICTED&TRUSTED Uid: 10116] ] (release request)
05-11 20:07:44.241   627   627 I Zygote  : Process 10517 exited due to signal 9 (Killed)
05-11 20:07:44.252   928  1111 I libprocessgroup: Successfully killed process cgroup uid 10116 pid 10517 in 258ms
05-11 20:07:44.258 11447 11447 I Finsky  : [2] agkv.handleMessage(29): SCH: RunningQueue size: 0, PendingQueue size: 0
05-11 20:07:44.258 11447 11447 I Finsky  : [2] agkv.handleMessage(10): SCH: Executor finished
05-11 20:07:44.280   928  1995 I ActivityManager: Killing 10994:com.google.android.apps.messaging/u0a85 (adj 985): empty #17
05-11 20:07:44.294 11447 11863 W android.vendin: Verification of void abyt.F(java.lang.String, long, java.lang.String, java.lang.String, bjby, int, boolean, boolean) took 127.856ms
05-11 20:07:44.322 11447 11447 I Finsky  : [2] agnf.b(5): SCH: Jobs in database: 1-1337 10-26 10-78 10-96 12-1 19-9999 20-23232323 21-333333333 24-77777777 26-1414141414 29-29 31-305419896 
05-11 20:07:44.328 11447 11447 I Finsky  : [2] aglj.g(37): SCH: ConstraintMapping: 10-78, 24-77777777,  -> L: 0ms, D: 5569247ms, C: false, I: true, N: 0
05-11 20:07:44.328 11447 11447 I Finsky  : [2] aglj.g(37): SCH: ConstraintMapping: 1-1337, 10-26, 10-96, 12-1, 19-9999, 21-333333333, 31-305419896,  -> L: 0ms, D: 48938877ms, C: false, I: false, N: 1
05-11 20:07:44.329 11447 11447 I Finsky  : [2] aglj.g(37): SCH: ConstraintMapping: 20-23232323,  -> L: 0ms, D: 53601785ms, C: true, I: false, N: 2
05-11 20:07:44.329 11447 11447 I Finsky  : [2] aglj.g(37): SCH: ConstraintMapping: 26-1414141414, 29-29,  -> L: 22703ms, D: 52703ms, C: false, I: false, N: 0
05-11 20:07:44.354   627   627 I Zygote  : Process 10994 exited due to signal 9 (Killed)
05-11 20:07:44.367 11751 11861 W id.apps.tachyo: Verification of void lf.<init>(io) took 167.429ms
05-11 20:07:44.370   928  1111 I libprocessgroup: Successfully killed process cgroup uid 10085 pid 10994 in 89ms
05-11 20:07:44.402 11447 11447 I Finsky  : [2] aglj.i(7): SCH: Cancelling existing jobscheduler jobs: 9006 9000 9005 
05-11 20:07:44.403 11447 11447 I Finsky  : [2] aglj.d(4): SCH: Throttling wakeup for job 9001 (expected to run in 0 ms) due to recent wakeup
05-11 20:07:44.404 11447 11447 I Finsky  : [2] aglj.h(11): SCH: Scheduling job Id: 9001, L: 30000, D: 5569247, C: false, I: true, N: 0
05-11 20:07:44.406 11447 11447 I Finsky  : [2] aglj.d(4): SCH: Throttling wakeup for job 9002 (expected to run in 0 ms) due to recent wakeup
05-11 20:07:44.406 11447 11447 I Finsky  : [2] aglj.h(11): SCH: Scheduling job Id: 9002, L: 30000, D: 48938877, C: false, I: false, N: 1
05-11 20:07:44.408 11447 11447 I Finsky  : [2] aglj.d(4): SCH: Throttling wakeup for job 9003 (expected to run in 0 ms) due to recent wakeup
05-11 20:07:44.409 11447 11447 I Finsky  : [2] aglj.h(11): SCH: Scheduling job Id: 9003, L: 30000, D: 53601785, C: true, I: false, N: 2
05-11 20:07:44.410 11447 11447 I Finsky  : [2] aglj.d(4): SCH: Throttling wakeup for job 9004 (expected to run in 22703 ms) due to recent wakeup
05-11 20:07:44.412 11447 11447 I Finsky  : [2] aglj.h(11): SCH: Scheduling job Id: 9004, L: 30000, D: 52703, C: false, I: false, N: 0
05-11 20:07:44.467 11447 11862 I Finsky  : [967] srj.apply(9): Installer: Registering atomic install listeners with package installer
05-11 20:07:44.467 11447 11649 I Finsky  : [961] sth.a(3): Installer: Checking for orphaned groups
05-11 20:07:44.482 11751 11861 W id.apps.tachyo: Verification of du lf.H(boolean) took 113.179ms
05-11 20:07:44.489 11447 11862 I Finsky  : [967] oiy.e(1): getDownloads()
05-11 20:07:44.503 10474 10474 I Finsky:download_service: [2] vui.onCreate(2): IPC-SERVER: Starting gRPC host service...
05-11 20:07:44.520 10474 10493 W ProxyAndroidLoggerBackend: Too many Flogger logs received before configuration. Dropping old logs.
05-11 20:07:44.520 10474 10493 W ProxyAndroidLoggerBackend: Too many Flogger logs received before configuration. Dropping old logs.
05-11 20:07:44.522 10474 11887 W ProxyAndroidLoggerBackend: Too many Flogger logs received before configuration. Dropping old logs.
05-11 20:07:44.522 10474 11887 W ProxyAndroidLoggerBackend: Too many Flogger logs received before configuration. Dropping old logs.
05-11 20:07:44.522 10474 11887 I Finsky:download_service: [849] oay.c(1): getDownloads()
05-11 20:07:44.525 10474 10536 W ProxyAndroidLoggerBackend: Too many Flogger logs received before configuration. Dropping old logs.
05-11 20:07:44.525 10474 10536 I chatty  : uid=10055(com.android.vending) ownload_service identical 1 line
05-11 20:07:44.526 10474 10536 W ProxyAndroidLoggerBackend: Too many Flogger logs received before configuration. Dropping old logs.
05-11 20:07:44.537 11447 11862 I Finsky  : [967] srf.run(2): Installer: Installer starting
05-11 20:07:44.540 11447 11862 I Finsky  : [967] srf.run(4): Installer: Installer started
05-11 20:07:44.542 11447 11447 I Finsky  : [2] swa.O(7): Installer: found apps to install. isMultiUserMode=true, apps=[]
05-11 20:07:44.574   726  9983 I chatty  : uid=1013(media) expire 3 lines
05-11 20:07:44.599 11678 11711 I chatty  : uid=10134(com.facebook.katana) expire 3 lines
05-11 20:07:44.622 11751 11861 W id.apps.tachyo: Verification of void lf.f(dy) took 138.532ms
05-11 20:07:44.698 11447 11447 I Finsky  : [2] aitq.a(1): Connecting InstallListener to SplitInstallService broadcaster...
05-11 20:07:44.699 11447 11447 I Finsky  : [2] wbe.<init>(2): Item store provider started.
05-11 20:07:44.706   928  4244 I ActivityManager: Killing 11040:com.google.android.apps.photos/u0a82 (adj 985): empty #17
05-11 20:07:44.715   627   627 D Zygote  : Forked child process 11891
05-11 20:07:44.718 11751 11807 I id.apps.tachyo: WaitForGcToComplete blocked ClassLinker on ClassLinker for 629.166ms
05-11 20:07:44.724   928  1110 I ActivityManager: Start proc 11891:com.google.android.music:main/u0a108 for broadcast {com.google.android.music/com.google.android.music.AccountsBroadcastReceiver}
05-11 20:07:44.731 11891 11891 E roid.music:mai: Not starting debugger since process cannot load the jdwp agent.
05-11 20:07:44.791 11891 11891 D ApplicationLoaders: Returning zygote-cached class loader: /system/framework/android.hidl.base-V1.0-java.jar
05-11 20:07:44.791 11891 11891 D ApplicationLoaders: Returning zygote-cached class loader: /system/framework/android.hidl.manager-V1.0-java.jar
05-11 20:07:44.791 11891 11891 D ApplicationLoaders: Returning zygote-cached class loader: /system/framework/android.hidl.base-V1.0-java.jar
05-11 20:07:44.797 11891 11891 I roid.music:mai: The ClassLoaderContext is a special shared library.
05-11 20:07:44.894 11891 11891 I MultiDex: VM with version 2.1.0 has multidex support
05-11 20:07:44.894 11891 11891 I MultiDex: install
05-11 20:07:44.894 11891 11891 I MultiDex: VM has multidex support, MultiDex support library is disabled.
05-11 20:07:44.919 11891 11891 D ProcessNameProvider: Content provider MainProcessTypeInitializerContentProvider created for process MAIN
05-11 20:07:44.925 11891 11891 D MusicLifecycle: com.google.android.music.store.ConfigContentProvider generated event: Content provider created
05-11 20:07:44.926 11891 11891 D MusicLifecycle: com.google.android.music.api.MusicPublicContentProvider generated event: Content provider created
05-11 20:07:44.939 11891 11891 D MusicLifecycle: com.google.android.music.store.MusicContentProvider generated event: Content provider created
05-11 20:07:44.959 11751 11861 W id.apps.tachyo: Verification of void hq.<clinit>() took 116.221ms
05-11 20:07:44.974 11891 11891 D MusicLifecycle: com.google.android.music.ui.PhoneMusicApplication generated event: Application created
05-11 20:07:44.975 11891 11891 I AndroidMusic: Application start. Process=MAIN
05-11 20:07:45.037  1449  1462 I ndroid.systemu: Background young concurrent copying GC freed 113041(4533KB) AllocSpace objects, 0(0B) LOS objects, 31% free, 10011KB/14MB, paused 436us total 111.318ms
05-11 20:07:45.046 11891 11912 I DynamiteModule: Considering local module com.google.android.gms.ads.dynamite:0 and remote module com.google.android.gms.ads.dynamite:210890500
05-11 20:07:45.047 11891 11912 I DynamiteModule: Selected remote version of com.google.android.gms.ads.dynamite, version >= 210890500
05-11 20:07:45.047 11891 11912 V DynamiteModule: Dynamite loader version >= 2, using loadModule2NoCrashUtils
05-11 20:07:45.066 11891 11891 D MusicLifecycle: com.google.android.music.store.ConfigContentProvider generated event: initializing
05-11 20:07:45.066 11891 11891 I BaseStore: ConfigStore database version: 1
05-11 20:07:45.128 11819 11883 W roid.play.game: Verification of void hq.<clinit>() took 136.725ms
05-11 20:07:45.131 11891 11917 W DynamiteModule: Local module descriptor class for com.google.android.gms.measurement.dynamite not found.
05-11 20:07:45.136 11891 11917 I DynamiteModule: Considering local module com.google.android.gms.measurement.dynamite:0 and remote module com.google.android.gms.measurement.dynamite:48
05-11 20:07:45.136 11891 11917 I DynamiteModule: Selected remote version of com.google.android.gms.measurement.dynamite, version >= 48
05-11 20:07:45.136 11891 11917 V DynamiteModule: Dynamite loader version >= 2, using loadModule2NoCrashUtils
05-11 20:07:45.148 11891 11891 W DynamiteModule: Local module descriptor class for com.google.android.gms.providerinstaller.dynamite not found.
05-11 20:07:45.154 11190 11739 W earchbox:searc: Verification of void qt.<init>() took 100.657ms
05-11 20:07:45.162  1960  2608 W ProviderHelper: Unknown dynamite feature providerinstaller.dynamite
05-11 20:07:45.165 11891 11917 I DynamiteLoaderV2Impl: [71] MeasurementDynamite.integ
05-11 20:07:45.169 11891 11917 W roid.music:mai: ClassLoaderContext type mismatch. expected=PCL, found=DLC (PCL[] | DLC[];PCL[/data/app/com.google.android.music-ge2stltm3cxnefmA7iqUbQ==/base.apk*1245983927:/data/app/com.google.android.music-ge2stltm3cxnefmA7iqUbQ==/base.apk!classes2.dex*363357624]{PCL[/system/framework/android.hidl.manager-V1.0-java.jar*1684516937]{PCL[/system/framework/android.hidl.base-V1.0-java.jar*604948433]}#PCL[/system/framework/android.hidl.base-V1.0-java.jar*604948433]#PCL[/system/framework/org.apache.http.legacy.jar*1038351580]})
05-11 20:07:45.171 11891 11917 W roid.music:mai: Found duplicate classes, falling back to extracting from APK : /data/user_de/0/com.google.android.gms/app_chimera/m/0000018d/dl-MeasurementDynamite.integ_218100000.apk
05-11 20:07:45.171 11891 11917 W roid.music:mai: NOTE: This wastes RAM and hurts startup performance.
05-11 20:07:45.171 11891 11917 W roid.music:mai: Found duplicated class when checking oat files: 'Landroid/support/annotation/Keep;' in /data/app/com.google.android.music-ge2stltm3cxnefmA7iqUbQ==/base.apk and /data/user_de/0/com.google.android.gms/app_chimera/m/0000018d/dl-MeasurementDynamite.integ_218100000.apk
05-11 20:07:45.171 11891 11917 W roid.music:mai: 
05-11 20:07:45.176 11891 11891 I DynamiteModule: Considering local module com.google.android.gms.providerinstaller.dynamite:0 and remote module com.google.android.gms.providerinstaller.dynamite:0
05-11 20:07:45.176 11891 11891 W ProviderInstaller: Failed to load providerinstaller module: No acceptable module found. Local version is 0 and remote version is 0.
05-11 20:07:45.183 11891 11891 I roid.music:mai: The ClassLoaderContext is a special shared library.
05-11 20:07:45.212 11891 11891 I roid.music:mai: The ClassLoaderContext is a special shared library.
05-11 20:07:45.234 11751 11807 W id.apps.tachyo: Verification of void ai.a(android.os.Parcel, boolean) took 220.898ms
05-11 20:07:45.274   726  9985 I chatty  : uid=1013(media) expire 44 lines
05-11 20:07:45.290   726  9983 I chatty  : uid=1013(media) expire 23 lines
05-11 20:07:45.292 11891 11912 I DynamiteLoaderV2Impl: [71] AdsFdrDynamite.integ
05-11 20:07:45.317 11751 11861 W id.apps.tachyo: Verification of java.lang.Object fx.a() took 230.413ms
05-11 20:07:45.336 11891 11891 W ProviderInstaller: Failed to report request stats: com.google.android.gms.common.security.ProviderInstallerImpl.reportRequestStats [class android.content.Context, long]
05-11 20:07:45.382 11678 11701 I chatty  : uid=10134(com.facebook.katana) expire 2 lines
05-11 20:07:45.398 11891 11917 W DynamiteModule: Local module descriptor class for com.google.android.gms.measurement.dynamite not found.
05-11 20:07:45.458 11891 11891 V NativeCrypto: Registering com/google/android/gms/org/conscrypt/NativeCrypto's 287 native methods...
05-11 20:07:45.489 11819 11883 W roid.play.game: Verification of java.lang.Object fk.a() took 202.436ms
05-11 20:07:45.502 11751 11861 W id.apps.tachyo: Verification of java.lang.Object gs.a() took 182.087ms
05-11 20:07:45.658 11891 11891 D NetworkSecurityConfig: No Network Security Config specified, using platform default
05-11 20:07:45.730 11891 11891 I ProviderInstaller: Installed default security provider GmsCore_OpenSSL
05-11 20:07:45.731 11891 11891 D AndroidMusic: GMSCore installation verified
05-11 20:07:45.802 11507 11675 I FA      : App measurement initialized, version: 39058
05-11 20:07:45.803 11507 11675 I FA      : To enable debug logging run: adb shell setprop log.tag.FA VERBOSE
05-11 20:07:45.804 11819 11883 W roid.play.game: Verification of java.lang.Object gi.a() took 100.463ms
05-11 20:07:45.844 11507 11675 I FA      : To enable faster debug mode event logging run:
05-11 20:07:45.844 11507 11675 I FA      :   adb shell setprop debug.firebase.analytics.app com.google.android.youtube
05-11 20:07:45.849 11891 11923 W roid.music:mai: Verification of android.database.sqlite.SQLiteDatabase hu.p() took 102.147ms
05-11 20:07:46.078 11891 11912 W DynamiteModule: Local module descriptor class for com.google.android.gms.ads.dynamite not found.
05-11 20:07:46.089 11891 11891 D FcmPlugin: Initializing Firebase
05-11 20:07:46.094 11891 11891 I FirebaseApp: Device unlocked: initializing all Firebase APIs for app [DEFAULT]
05-11 20:07:46.188 11891 11891 I MusicExperimentManager: Received config change, experiments list is null
05-11 20:07:46.189 11891 11891 W MusicExperimentManager: Parsing error while updating analysis experiments
05-11 20:07:46.221   928  1111 E libprocessgroup: Failed to kill process cgroup uid 10082 pid 11040 in 1502ms, 1 processes remain
05-11 20:07:46.289 11891 11923 W roid.music:mai: Verification of void hq.<clinit>() took 187.628ms
05-11 20:07:46.321 11891 11891 I PlaybackClient: init: Initializing
05-11 20:07:46.339 11891 11891 I BaseStore: Store database version: 146
05-11 20:07:46.444 11190 11739 I FA      : App measurement initialized, version: 39058
05-11 20:07:46.444 11190 11739 I FA      : To enable debug logging run: adb shell setprop log.tag.FA VERBOSE
05-11 20:07:46.444 11190 11739 I FA      : To enable faster debug mode event logging run:
05-11 20:07:46.444 11190 11739 I FA      :   adb shell setprop debug.firebase.analytics.app com.google.android.googlequicksearchbox
05-11 20:07:46.566 11891 11891 D MusicLifecycle: com.google.android.music.AccountsBroadcastReceiver generated event: Broadcast received with context android.app.ReceiverRestrictedContext@e74dbb8 and intent Intent { act=android.accounts.LOGIN_ACCOUNTS_CHANGED flg=0x5000010 cmp=com.google.android.music/.AccountsBroadcastReceiver }
05-11 20:07:46.568 11891 11915 I SignupStatusWorker: Scheduling 'com.google.android.music.sync.google.work.SignupStatusWorker'
05-11 20:07:46.570 11891 11891 D MusicLifecycle: com.google.android.music.net.NetworkConnectivityMonitor$NetworkChangedReceiver generated event: Broadcast received with context com.google.android.music.ui.PhoneMusicApplication@525dcda and intent Intent { act=android.net.conn.CONNECTIVITY_CHANGE flg=0x4200010 (has extras) }
05-11 20:07:46.573 11891 11891 I NetworkConnectivity: Network state changed: [type: MOBILE[LTE], state: DISCONNECTED/BLOCKED, reason: (unspecified), extra: (none), failover: false, available: true, roaming: false]
05-11 20:07:46.583 11891 11891 D MusicLifecycle: com.google.android.music.download.EncapsulatedBroadcastReceiver$1 generated event: Broadcast received with context com.google.android.music.ui.PhoneMusicApplication@525dcda and intent Intent { act=com.google.android.music.ResumeStorageMigration flg=0x10 (has extras) }
05-11 20:07:46.621 11891 11891 D MusicLifecycle: com.google.android.music.download.EncapsulatedBroadcastReceiver$1 generated event: Broadcast received with context com.google.android.music.ui.PhoneMusicApplication@525dcda and intent Intent { act=com.google.android.music.download.keepon.KeeponSchedulingService.START_DOWNLOAD flg=0x10 }
05-11 20:07:46.682 11891 11937 D AwarenessRouter: 0 new fences
05-11 20:07:46.686 11891 11937 D AwarenessRouter: 0 fences already registered
05-11 20:07:46.690 11891 11937 D AwarenessRouter: Successfully removed 0 context fences
05-11 20:07:46.721 11891 11915 W SignupStatus: No connection available, not continuing signup check
05-11 20:07:46.724   928  2272 I ActivityManager: Killing 11099:com.google.android.apps.safetyhub/u0a215 (adj 985): empty #17
05-11 20:07:46.727   681   681 E lowmemorykiller: Error writing /proc/11099/oom_score_adj; errno=22
05-11 20:07:46.747   628   628 D Zygote  : Forked child process 11949
05-11 20:07:46.749   928  1110 I ActivityManager: Start proc 11949:com.android.chrome/u0a112 for broadcast {com.android.chrome/org.chromium.chrome.browser.services.AccountsChangedReceiver}
05-11 20:07:46.764 11949 11949 E .android.chrom: Not starting debugger since process cannot load the jdwp agent.
05-11 20:07:46.887   627   627 I Zygote  : Process 11099 exited due to signal 9 (Killed)
05-11 20:07:46.898   928  7582 D ConnectivityService: requestNetwork for uid/pid:10108/11891 NetworkRequest [ TRACK_DEFAULT id=90, [ Capabilities: INTERNET&NOT_RESTRICTED&TRUSTED Uid: 10108] ]
05-11 20:07:46.902  1651  1651 D PhoneSwitcherNetworkRequstListener: got request NetworkRequest [ TRACK_DEFAULT id=90, [ Capabilities: INTERNET&NOT_RESTRICTED&TRUSTED Uid: 10108] ] with score 50 and serial 3
05-11 20:07:46.902   928  1405 D Ethernet: got request NetworkRequest [ TRACK_DEFAULT id=90, [ Capabilities: INTERNET&NOT_RESTRICTED&TRUSTED Uid: 10108] ] with score 50 and serial 3
05-11 20:07:46.903   928  1351 D WifiNetworkFactory: got request NetworkRequest [ TRACK_DEFAULT id=90, [ Capabilities: INTERNET&NOT_RESTRICTED&TRUSTED Uid: 10108] ] with score 50 and serial 3
05-11 20:07:46.904   928  1351 D UntrustedWifiNetworkFactory: got request NetworkRequest [ TRACK_DEFAULT id=90, [ Capabilities: INTERNET&NOT_RESTRICTED&TRUSTED Uid: 10108] ] with score 50 and serial 3
05-11 20:07:46.917   928  1111 I libprocessgroup: Successfully killed process cgroup uid 10215 pid 11099 in 189ms
05-11 20:07:46.927 11949 11949 W .android.chrom: JIT profile information will not be recorded: profile file does not exits.
05-11 20:07:47.085  2382  2382 D BoundBrokerSvc: onBind: Intent { act=com.google.android.gms.measurement.START pkg=com.google.android.gms }
05-11 20:07:47.086  2382  2382 D BoundBrokerSvc: Loading bound service for intent: Intent { act=com.google.android.gms.measurement.START pkg=com.google.android.gms }
05-11 20:07:47.149   928  4245 I ActivityManager: Killing 11141:com.google.android.apps.wellbeing/u0a159 (adj 985): empty #17
05-11 20:07:47.164   681   681 E lowmemorykiller: Error writing /proc/11141/oom_score_adj; errno=22
05-11 20:07:47.166 11447 11491 I Finsky  : [926] lrz.a(19): No selector loaded
05-11 20:07:47.170 11751 11781 I id.apps.tachyo: Waiting for a blocking GC ProfileSaver
05-11 20:07:47.178 11447 11491 I Finsky  : [926] aczs.j(1): Triggered update for experiment package com.google.android.finsky.stable.
05-11 20:07:47.195   627   627 D Zygote  : Forked child process 11976
05-11 20:07:47.198   928  1110 W ActivityManager: Slow operation: 52ms so far, now at startProcess: returned from zygote!
05-11 20:07:47.199   928  1110 W ActivityManager: Slow operation: 53ms so far, now at startProcess: done updating battery stats
05-11 20:07:47.199   928  1110 W ActivityManager: Slow operation: 53ms so far, now at startProcess: building log message
05-11 20:07:47.199   928  1110 I ActivityManager: Start proc 11976:com.google.android.apps.docs/u0a127 for broadcast {com.google.android.apps.docs/com.google.android.libraries.notifications.entrypoints.accountchanged.AccountChangedReceiver}
05-11 20:07:47.199   928  1110 W ActivityManager: Slow operation: 53ms so far, now at startProcess: starting to update pids map
05-11 20:07:47.199   928  1110 W ActivityManager: Slow operation: 53ms so far, now at startProcess: done updating pids map
05-11 20:07:47.204 11751 11781 I id.apps.tachyo: WaitForGcToComplete blocked ProfileSaver on ClassLinker for 33.538ms
05-11 20:07:47.238 11976 11976 E droid.apps.doc: Not starting debugger since process cannot load the jdwp agent.
05-11 20:07:47.305 11976 11976 I droid.apps.doc: The ClassLoaderContext is a special shared library.
05-11 20:07:47.331 11190 11739 W FA      : Failed to retrieve Firebase Instance Id
05-11 20:07:47.384 11447 11532 I Finsky  : [940] hec.run(3): Initializing the instant apps module.
05-11 20:07:47.463 11819 11883 I FA      : App measurement initialized, version: 39058
05-11 20:07:47.464 11819 11883 I FA      : To enable debug logging run: adb shell setprop log.tag.FA VERBOSE
05-11 20:07:47.464 11819 11883 I FA      : To enable faster debug mode event logging run:
05-11 20:07:47.464 11819 11883 I FA      :   adb shell setprop debug.firebase.analytics.app com.google.android.play.games
05-11 20:07:47.467 11751 11861 I FA      : App measurement initialized, version: 39058
05-11 20:07:47.468 11751 11861 I FA      : To enable debug logging run: adb shell setprop log.tag.FA VERBOSE
05-11 20:07:47.468 11751 11861 I FA      : To enable faster debug mode event logging run:
05-11 20:07:47.468 11751 11861 I FA      :   adb shell setprop debug.firebase.analytics.app com.google.android.apps.tachyon
05-11 20:07:47.496  2220  2220 D RegisteredNfcFServicesCache: Service unchanged, not updating
05-11 20:07:47.498  1651  1651 W SmsApplication: Package com.google.android.talk lacks required manifest declarations to be a default sms app:  mPackageName: com.google.android.talk mSmsReceiverClass: com.google.android.apps.hangouts.sms.SmsDeliverReceiver mMmsReceiverClass: com.google.android.apps.hangouts.sms.MmsWapPushDeliverReceiver mRespondViaMessageClass: null mSendToClass: com.google.android.apps.hangouts.phone.BabelHomeActivity mSmsAppChangedClass: null mProviderChangedReceiverClass: null mSimFullReceiverClass: null mUid: 10120
05-11 20:07:47.501   928  1334 I InputReader: Reconfiguring input devices.  changes=0x00000010
05-11 20:07:47.543  1960 12001 I Fitness : OnPackageChangedOperation got intent: Intent { act=android.intent.action.PACKAGE_CHANGED dat=package:com.google.android.music flg=0x45000010 pkg=com.google.android.gms cmp=com.google.android.gms/.chimera.PersistentIntentOperationService (has extras) } [CONTEXT service_id=17 ]
05-11 20:07:47.543  1651  1651 D CarrierSvcBindHelper: No carrier app for: 0
05-11 20:07:47.543  1651  1651 D ImsResolver: maybeAddedImsService, packageName: com.google.android.music
05-11 20:07:47.559  1960 12002 I Fitness : FitCleanupIntentOperation received Intent android.intent.action.PACKAGE_CHANGED [CONTEXT service_id=17 ]
05-11 20:07:47.559   928   928 W system_server: resources.arsc in APK '/data/app/com.UCMobile.intl-aykUjbOtdrn3XcUBSaLtNQ==/base.apk' is compressed.
05-11 20:07:47.572   928  1107 E system_server: No package ID 7f found for ID 0x7f08023d.
05-11 20:07:47.572   928  1107 E system_server: No package ID 7f found for ID 0x7f1201c8.
05-11 20:07:47.572   928  1107 E system_server: No package ID 7f found for ID 0x7f1201c5.
05-11 20:07:47.572   928  1107 E system_server: No package ID 7f found for ID 0x7f1201c5.
05-11 20:07:47.572   928  1107 E system_server: No package ID 7f found for ID 0x7f08023f.
05-11 20:07:47.572   928  1107 E system_server: No package ID 7f found for ID 0x7f1201c6.
05-11 20:07:47.572   928  1107 E system_server: No package ID 7f found for ID 0x7f1201c3.
05-11 20:07:47.572   928  1107 E system_server: No package ID 7f found for ID 0x7f1201c3.
05-11 20:07:47.573   928  1107 E system_server: No package ID 7f found for ID 0x7f080241.
05-11 20:07:47.573   928  1107 E system_server: No package ID 7f found for ID 0x7f1201c7.
05-11 20:07:47.573   928  1107 E system_server: No package ID 7f found for ID 0x7f1201c4.
05-11 20:07:47.573   928  1107 E system_server: No package ID 7f found for ID 0x7f1201c4.
05-11 20:07:47.593 11976 12003 W droid.apps.doc: Accessing hidden field Ljava/util/Collections$SynchronizedCollection;->mutex:Ljava/lang/Object; (greylist-max-o, reflection, denied)
05-11 20:07:47.594 11976 12003 W droid.apps.doc: Accessing hidden method Ljava/util/Collections$SynchronizedSet;-><init>(Ljava/util/Set;Ljava/lang/Object;)V (greylist-max-o, reflection, denied)
05-11 20:07:47.594 11976 12003 W droid.apps.doc: Accessing hidden method Ljava/util/Collections$SynchronizedCollection;-><init>(Ljava/util/Collection;Ljava/lang/Object;)V (greylist-max-o, reflection, denied)
05-11 20:07:47.614 11775 11775 I chatty  : uid=10134(com.facebook.katana) expire 1 line
05-11 20:07:47.620   928   928 W system_server: resources.arsc in APK '/data/app/com.facebook.katana-F3b9HmVwBYM0jEzjSAkKKQ==/base.apk' is compressed.
05-11 20:07:47.651   928   928 W system_server: resources.arsc in APK '/data/app/com.lenovo.anyshare.gps--qnZm7h7TYU0xpDeTWSaag==/base.apk' is compressed.
05-11 20:07:47.680  1651  1670 I m.android.phon: Background concurrent copying GC freed 45611(1998KB) AllocSpace objects, 0(0B) LOS objects, 49% free, 2014KB/4028KB, paused 79us total 202.475ms
05-11 20:07:47.731  2382  2948 I Icing   : IndexChimeraService.getServiceInterface callingPackage=com.google.android.gms componentName=AppsCorpus serviceId=36
05-11 20:07:47.744   928  1070 W Looper  : Slow delivery took 218ms android.fg h=android.os.Handler c=<recycled PooledLambda@1ddf524> m=0
05-11 20:07:47.754   928   928 W Looper  : Slow dispatch took 291ms main h=android.app.ActivityThread$H c=android.app.-$$Lambda$LoadedApk$ReceiverDispatcher$Args$_BumDX2UKsnxLVrE6UJsJZkotuA@6254a42 m=0
05-11 20:07:47.754   928   928 W Looper  : Slow delivery took 336ms main h=android.app.ActivityThread$H c=android.app.-$$Lambda$LoadedApk$ReceiverDispatcher$Args$_BumDX2UKsnxLVrE6UJsJZkotuA@b8cea53 m=0
05-11 20:07:47.781   928   928 I Telecom : DefaultDialerCache: Refreshing default dialer for user 0: now com.google.android.dialer: DDC.oR@AJk
05-11 20:07:47.781   928   928 I Telecom : DefaultDialerCache: Refreshing default dialer for user 11: now null: DDC.oR@AJk
05-11 20:07:47.781   928   928 I Telecom : DefaultDialerCache: Refreshing default dialer for user 12: now null: DDC.oR@AJk
05-11 20:07:47.790  2382  2867 I GmsCoreXrpcWrapper: Returning a channel provider with trafficStatsTag=12803
05-11 20:07:47.815 11190 11739 W earchbox:searc: Verification of void br.a(java.lang.String) took 146.864ms
05-11 20:07:47.822 11447 11532 I Finsky  : [940] aqyw.h(2): Restoring notifications
05-11 20:07:47.833  2382  2878 I Icing   : IndexChimeraService.getServiceInterface callingPackage=com.google.android.gms componentName=null serviceId=30
05-11 20:07:47.839  2382  2867 I Icing   : Usage reports ok 0, Failed Usage reports 0, indexed 0, rejected 0
05-11 20:07:47.871 11447 11532 I Finsky  : [940] aqyw.h(11): Done restoring notifications
05-11 20:07:47.878  2382  2867 I GmsCoreXrpcWrapper: Returning a channel provider with trafficStatsTag=12803
05-11 20:07:47.892 11976 12034 W FieldDefinition: [RxCachedThreadScheduler-7] Ignoring isIndexed constraint as field also has uniqueness constraint (on just this field, and therefore SQLite will have to create an index on that. For field: bgk$a@54a46fa
05-11 20:07:47.915   627   627 I Zygote  : Process 11040 exited due to signal 9 (Killed)
05-11 20:07:47.918   928   928 W Looper  : Drained
05-11 20:07:47.918   928  1070 W Looper  : Drained
05-11 20:07:47.918  2382  2867 I Icing   : Usage reports ok 0, Failed Usage reports 0, indexed 0, rejected 0
05-11 20:07:47.919  2382  2867 I Icing   : Indexing com.google.android.gms-apps from com.google.android.gms
05-11 20:07:47.968  2382  2867 I Icing   : Indexing done com.google.android.gms-apps
05-11 20:07:48.003   726  9985 I chatty  : uid=1013(media) expire 59 lines
05-11 20:07:48.024 11447 11532 I Finsky  : [940] acbw.g(8): Invalidating cached PackageState for com.android.vending
05-11 20:07:48.040 11447 11491 I Finsky  : [926] aczs.j(7): Already at the latest configurations for experiment package com.google.android.finsky.stable.
05-11 20:07:48.041 11447 11504 I Finsky  : [934] aczs.j(1): Triggered update for experiment package com.google.android.finsky.regular.
05-11 20:07:48.113 11447 11491 I Finsky  : [926] hdx.run(5): Component class com.google.android.finsky.wearsupport.WearSupportService disabled via PackageManager.
05-11 20:07:48.155 11976 12030 E NotificationAccessor: Cannot delete notification channel. Channel not found.
05-11 20:07:48.158 11976 12030 I chatty  : uid=10127(com.google.android.apps.docs) identical 3 lines
05-11 20:07:48.160 11976 12030 E NotificationAccessor: Cannot delete notification channel. Channel not found.
05-11 20:07:48.204 11447 11491 I Finsky  : [926] hdx.run(5): Component class com.google.android.finsky.wearsupport.WearChangeListenerService disabled via PackageManager.
05-11 20:07:48.213 11447 11491 I Finsky  : [926] aczj.u(2): Retrieved DSE selection state is true (cache=acze@4f3ed9)
05-11 20:07:48.213 11447 11491 I Finsky  : [926] adaa.apply(4): DSE selection state after sync is true (cache=acze@4f3ed9)
05-11 20:07:48.328 11819 11842 I roid.play.game: Waiting for a blocking GC ProfileSaver
05-11 20:07:48.421 11976 12032 D NetworkSecurityConfig: Using Network Security Config from resource network_security_config debugBuild: false
05-11 20:07:48.472  2382  2382 D BoundBrokerSvc: onUnbind: Intent { act=com.google.android.gms.facs.internal.service.START cmp=com.google.android.gms/.chimera.GmsInternalApiService }
05-11 20:07:48.669 11976 11976 W GmsIpProtection: [main] Error changing state for com.google.android.apps.docs.sync.syncadapter.DocsSyncAdapterService
05-11 20:07:48.695 11976 11976 W GmsIpProtection: [main] Error changing state for com.google.android.apps.docs.editors.shared.documentcreation.WidgetDocumentCreatorActivity
05-11 20:07:48.698 11976 11976 W GmsIpProtection: [main] Error changing state for com.google.android.apps.docs.editors.shared.documentcreation.ExternalDocumentCreatorActivity
05-11 20:07:48.699 11976 11976 W GmsIpProtection: [main] Error changing state for com.google.android.apps.docs.editors.shared.widgets.NewDocumentWidgetActivity
05-11 20:07:48.700 11976 11976 W GmsIpProtection: [main] Error changing state for com.google.android.apps.docs.editors.shared.export.FileContentProvider
05-11 20:07:48.701 11976 11976 W GmsIpProtection: [main] Error changing state for com.google.android.apps.docs.editors.shared.copypaste.AndroidClipboardContentProvider
05-11 20:07:48.704 11976 11976 W GmsIpProtection: [main] Error changing state for com.google.android.apps.docs.editors.shared.copypaste.AndroidImageContentProvider
05-11 20:07:48.713 11976 11976 W GmsIpProtection: [main] Error changing state for com.google.android.apps.docs.editors.shared.inserttool.clipboard.InsertToolClipboardContentProvider
05-11 20:07:48.715 11976 11976 W GmsIpProtection: [main] Error changing state for com.google.android.apps.docs.editors.shared.inserttool.clipboard.InsertToolImageContentProvider
05-11 20:07:48.723 11678 11691 I chatty  : uid=10134(com.facebook.katana) expire 1 line
05-11 20:07:48.725 11976 11976 W GmsIpProtection: [main] Error changing state for com.google.android.apps.docs.editors.kix.conversion.KixOnlineImportActivity
05-11 20:07:48.740 11976 11976 W GmsIpProtection: [main] Error changing state for com.google.android.apps.docs.editors.ritz.conversion.RitzOnlineImportActivity
05-11 20:07:48.741 11976 11976 W GmsIpProtection: [main] Error changing state for com.google.android.apps.docs.editors.punch.conversion.PunchOnlineImportActivity
05-11 20:07:48.767 11819 11883 W roid.play.game: Verification of java.lang.Object dv.createFromParcel(android.os.Parcel) took 169.198ms
05-11 20:07:48.768 11819 11842 I roid.play.game: WaitForGcToComplete blocked ProfileSaver on ClassLinker for 440.612ms
05-11 20:07:48.798   928  1111 E libprocessgroup: Failed to kill process cgroup uid 10159 pid 11141 in 1643ms, 1 processes remain
05-11 20:07:48.879 11751 11861 W id.apps.tachyo: Verification of java.lang.Object dv.createFromParcel(android.os.Parcel) took 264.556ms
05-11 20:07:48.922   928  1334 I InputReader: Reconfiguring input devices.  changes=0x00000010
05-11 20:07:48.933   928  1107 E system_server: No package ID 7f found for ID 0x7f080269.
05-11 20:07:48.957 11190 11739 W FA      : Failed to retrieve Firebase Instance Id
05-11 20:07:48.976  2220  2220 D RegisteredNfcFServicesCache: Service unchanged, not updating
05-11 20:07:48.977  1651  1651 W SmsApplication: Package com.google.android.talk lacks required manifest declarations to be a default sms app:  mPackageName: com.google.android.talk mSmsReceiverClass: com.google.android.apps.hangouts.sms.SmsDeliverReceiver mMmsReceiverClass: com.google.android.apps.hangouts.sms.MmsWapPushDeliverReceiver mRespondViaMessageClass: null mSendToClass: com.google.android.apps.hangouts.phone.BabelHomeActivity mSmsAppChangedClass: null mProviderChangedReceiverClass: null mSimFullReceiverClass: null mUid: 10120
05-11 20:07:48.984 11447 12057 I Finsky  : [979] qre.run(16): Wrote row to frosting DB: 16395
05-11 20:07:49.020   928  1107 E system_server: No package ID 7f found for ID 0x7f130501.
05-11 20:07:49.020   928  1107 E system_server: No package ID 7f found for ID 0x7f130501.
05-11 20:07:49.020   928  1107 E system_server: No package ID 7f found for ID 0x7f080265.
05-11 20:07:49.020   928  1107 E system_server: No package ID 7f found for ID 0x7f1304ff.
05-11 20:07:49.020   928  1107 E system_server: No package ID 7f found for ID 0x7f1304ff.
05-11 20:07:49.020   928  1107 E system_server: No package ID 7f found for ID 0x7f080267.
05-11 20:07:49.020   928  1107 E system_server: No package ID 7f found for ID 0x7f130500.
05-11 20:07:49.020   928  1107 E system_server: No package ID 7f found for ID 0x7f130500.
05-11 20:07:49.035  1960 12010 I Fitness : OnPackageChangedOperation got intent: Intent { act=android.intent.action.PACKAGE_CHANGED dat=package:com.google.android.apps.docs flg=0x45000010 pkg=com.google.android.gms cmp=com.google.android.gms/.chimera.PersistentIntentOperationService (has extras) } [CONTEXT service_id=17 ]
05-11 20:07:49.048   928   928 I Telecom : DefaultDialerCache: Refreshing default dialer for user 0: now com.google.android.dialer: DDC.oR@AJo
05-11 20:07:49.048   928   928 I Telecom : DefaultDialerCache: Refreshing default dialer for user 11: now null: DDC.oR@AJo
05-11 20:07:49.048   928   928 I Telecom : DefaultDialerCache: Refreshing default dialer for user 12: now null: DDC.oR@AJo
05-11 20:07:49.061  1651  1651 D CarrierSvcBindHelper: No carrier app for: 0
05-11 20:07:49.061  1651  1651 D ImsResolver: maybeAddedImsService, packageName: com.google.android.apps.docs
05-11 20:07:49.061  1960 12009 I Fitness : FitCleanupIntentOperation received Intent android.intent.action.PACKAGE_CHANGED [CONTEXT service_id=17 ]
05-11 20:07:49.087 11891 11923 I FA-Ads  : App measurement initialized, version: 39058
05-11 20:07:49.087 11891 11923 I FA-Ads  : To enable debug logging run: adb shell setprop log.tag.FA VERBOSE
05-11 20:07:49.092 11819 11883 W roid.play.game: Verification of java.security.Principal com.android.org.conscrypt.OpenSSLX509Certificate.getIssuerDN() took 102.236ms
05-11 20:07:49.102  2382  2687 I Icing   : Indexing com.google.android.gms-apps from com.google.android.gms
05-11 20:07:49.109   928  1710 I ActivityManager: Killing 9623:com.android.providers.calendar/u0a57 (adj 985): empty #17
05-11 20:07:49.110   681   681 E lowmemorykiller: Error writing /proc/9623/oom_score_adj; errno=22
05-11 20:07:49.189  2382  2687 I Icing   : Indexing done com.google.android.gms-apps
05-11 20:07:49.199  2382  2395 I gle.android.gm: Background young concurrent copying GC freed 37827(2249KB) AllocSpace objects, 17(788KB) LOS objects, 17% free, 11MB/13MB, paused 84us total 135.758ms
05-11 20:07:49.217 11447 11504 I Finsky  : [934] aczs.j(7): Already at the latest configurations for experiment package com.google.android.finsky.regular.
