05-11 20:07:58.112 12569 12628 D StrictMode: 	at fgl.b(PG:22)
05-11 20:07:58.112 12569 12628 D StrictMode: 	at faz.t(PG:20)
05-11 20:07:58.112 12569 12628 D StrictMode: 	at faz.n(PG:11)
05-11 20:07:58.112 12569 12628 D StrictMode: 	at fdx.co(PG:1)
05-11 20:07:58.112 12569 12628 D StrictMode: 	at fja.e(PG:13)
05-11 20:07:58.112 12569 12628 D StrictMode: 	at bsd.call(Unknown Source:1)
05-11 20:07:58.112 12569 12628 D StrictMode: 	at fnb.a(PG:1)
05-11 20:07:58.112 12569 12628 D StrictMode: 	at bse.run(PG:9)
05-11 20:07:58.112 12569 12628 D StrictMode: 	at java.util.concurrent.ThreadPoolExecutor.runWorker(ThreadPoolExecutor.java:1167)
05-11 20:07:58.112 12569 12628 D StrictMode: 	at java.util.concurrent.ThreadPoolExecutor$Worker.run(ThreadPoolExecutor.java:641)
05-11 20:07:58.112 12569 12628 D StrictMode: 	at bsi.run(PG:3)
05-11 20:07:58.112 12569 12628 D StrictMode: 	at java.lang.Thread.run(Thread.java:919)
05-11 20:07:58.113   928  4278 I ActivityManager: Killing 11751:com.google.android.apps.tachyon/u0a144 (adj 985): empty #17
05-11 20:07:58.122   627   627 D Zygote  : Forked child process 12649
05-11 20:07:58.124   928  1110 I ActivityManager: Start proc 12649:com.google.android.videos/u0a79 for broadcast {com.google.android.videos/com.google.android.apps.play.movies.common.store.sync.accounts.AccountsChangedBroadcastReceiver}
05-11 20:07:58.142 12649 12649 E .android.video: Not starting debugger since process cannot load the jdwp agent.
05-11 20:07:58.212 12569 12628 I DynamiteLoaderV2Impl: [71] Cronetdynamite
05-11 20:07:58.216 12569 12628 W le.android.tal: ClassLoaderContext type mismatch. expected=PCL, found=DLC (PCL[] | DLC[];PCL[/data/app/com.google.android.talk-_7w_KuCooXhnWUYcw8LrpQ==/base.apk*709687662:/data/app/com.google.android.talk-_7w_KuCooXhnWUYcw8LrpQ==/base.apk!classes2.dex*561202826:/data/app/com.google.android.talk-_7w_KuCooXhnWUYcw8LrpQ==/base.apk!classes3.dex*394430172]{PCL[/system/framework/org.apache.http.legacy.jar*1038351580]})
05-11 20:07:58.216 12569 12628 W le.android.tal: Found duplicate classes, falling back to extracting from APK : /data/user_de/0/com.google.android.gms/app_chimera/m/00000186/CronetDynamite.apk
05-11 20:07:58.216 12569 12628 W le.android.tal: NOTE: This wastes RAM and hurts startup performance.
05-11 20:07:58.216 12569 12628 W le.android.tal: Found duplicated class when checking oat files: 'LJ/N;' in /data/app/com.google.android.talk-_7w_KuCooXhnWUYcw8LrpQ==/base.apk and /data/user_de/0/com.google.android.gms/app_chimera/m/00000186/CronetDynamite.apk
05-11 20:07:58.216 12569 12628 W le.android.tal: 
05-11 20:07:58.223 12649 12649 I .android.video: The ClassLoaderContext is a special shared library.
05-11 20:07:58.267   627   627 I Zygote  : Process 11751 exited due to signal 9 (Killed)
05-11 20:07:58.292   928  1111 I libprocessgroup: Successfully killed process cgroup uid 10144 pid 11751 in 178ms
05-11 20:07:58.327   928  2600 D ConnectivityService: requestNetwork for uid/pid:10120/12569 NetworkRequest [ TRACK_DEFAULT id=93, [ Capabilities: INTERNET&NOT_RESTRICTED&TRUSTED Uid: 10120] ]
05-11 20:07:58.331   928  1405 D Ethernet: got request NetworkRequest [ TRACK_DEFAULT id=93, [ Capabilities: INTERNET&NOT_RESTRICTED&TRUSTED Uid: 10120] ] with score 50 and serial 3
05-11 20:07:58.332  1651  1651 D PhoneSwitcherNetworkRequstListener: got request NetworkRequest [ TRACK_DEFAULT id=93, [ Capabilities: INTERNET&NOT_RESTRICTED&TRUSTED Uid: 10120] ] with score 50 and serial 3
05-11 20:07:58.337   928  1351 D WifiNetworkFactory: got request NetworkRequest [ TRACK_DEFAULT id=93, [ Capabilities: INTERNET&NOT_RESTRICTED&TRUSTED Uid: 10120] ] with score 50 and serial 3
05-11 20:07:58.337   928  1351 D UntrustedWifiNetworkFactory: got request NetworkRequest [ TRACK_DEFAULT id=93, [ Capabilities: INTERNET&NOT_RESTRICTED&TRUSTED Uid: 10120] ] with score 50 and serial 3
05-11 20:07:58.678   617 12260 W SocketClient: write error (Broken pipe)
05-11 20:07:58.679   617 12260 W DnsProxyListener: GetAddrInfoHandler::run: Error writing DNS result to client
05-11 20:07:58.733 12264 12283 I .apps.safetyhu: Waiting for a blocking GC ProfileSaver
05-11 20:07:58.783 12264 12283 I .apps.safetyhu: WaitForGcToComplete blocked ProfileSaver on AddRemoveAppImageSpace for 49.248ms
05-11 20:07:59.092   928   966 I ActivityManager: Killing 11447:com.android.vending/u0a55 (adj 985): empty #17
05-11 20:07:59.094   681   681 E lowmemorykiller: Error writing /proc/11447/oom_score_adj; errno=22
05-11 20:07:59.126   928  2600 W ProcessStats: Tracking association SourceState{acfbb42 com.google.android.videos/10079 Receivr #9206} whose proc state 7 is better than process ProcessState{c8d0753 com.android.vending/10055 pkg=com.android.vending} proc state 13 (7 skipped)
05-11 20:07:59.171 12649 12693 W PlayMovies: dvm.run:2 User config found
05-11 20:07:59.171 12649 12693 W PlayMovies: 
05-11 20:07:59.172 12649 12693 W PlayMovies: dvm.run:4 Loading user config
05-11 20:07:59.172 12649 12693 W PlayMovies: 
05-11 20:07:59.212  1960  1960 D BoundBrokerSvc: onUnbind: Intent { act=com.google.android.gms.instantapps.START pkg=com.google.android.gms }
05-11 20:07:59.278 12649 12694 W .android.video: Accessing hidden field Ljava/util/Collections$SynchronizedCollection;->mutex:Ljava/lang/Object; (greylist-max-o, reflection, denied)
05-11 20:07:59.284 12649 12694 W .android.video: Accessing hidden method Ljava/util/Collections$SynchronizedSet;-><init>(Ljava/util/Set;Ljava/lang/Object;)V (greylist-max-o, reflection, denied)
05-11 20:07:59.284 12649 12694 W .android.video: Accessing hidden method Ljava/util/Collections$SynchronizedCollection;-><init>(Ljava/util/Collection;Ljava/lang/Object;)V (greylist-max-o, reflection, denied)
05-11 20:07:59.352 12306 12325 I .apps.wellbein: Waiting for a blocking GC ProfileSaver
05-11 20:07:59.357 12649 12649 W PlayMovies: bot.onCreate:64 Installer Package: com.android.vending
05-11 20:07:59.357 12649 12649 W PlayMovies: 
05-11 20:07:59.405 12306 12325 I .apps.wellbein: WaitForGcToComplete blocked ProfileSaver on AddRemoveAppImageSpace for 52.888ms
05-11 20:07:59.416   928  2600 D ConnectivityService: ConnectivityService NetworkRequestInfo binderDied(NetworkRequest [ TRACK_DEFAULT id=85, [ Capabilities: INTERNET&NOT_RESTRICTED&TRUSTED Uid: 10055] ], android.os.BinderProxy@1ac45c0)
05-11 20:07:59.416   928  4278 D ConnectivityService: ConnectivityService NetworkRequestInfo binderDied(NetworkRequest [ LISTEN id=86, [ Capabilities: INTERNET&NOT_RESTRICTED&TRUSTED Uid: 10055] ], android.os.BinderProxy@61a62f9)
05-11 20:07:59.418   928  1359 D ConnectivityService: releasing NetworkRequest [ TRACK_DEFAULT id=85, [ Capabilities: INTERNET&NOT_RESTRICTED&TRUSTED Uid: 10055] ] (release request)
05-11 20:07:59.424   928  4278 W ActivityManager: Scheduling restart of crashed service com.android.vending/com.google.android.finsky.contentfilterui.ContentFiltersService in 1000ms
05-11 20:07:59.427   928  1111 I libprocessgroup: Successfully killed process cgroup uid 10055 pid 11447 in 333ms
05-11 20:07:59.427 10474 10474 I Finsky:download_service: [2] vui.onDestroy(8): IPC-SERVER: Stopping gRPC host service...
05-11 20:07:59.434 12344 12415 E FirebaseInstanceId: Failed to get FIS auth token
05-11 20:07:59.434 12344 12415 E FirebaseInstanceId: java.util.concurrent.ExecutionException: com.google.firebase.installations.FirebaseInstallationsException: Firebase Installations Service is unavailable. Please try again later.
05-11 20:07:59.434 12344 12415 E FirebaseInstanceId: 	at cal.rlf.c(PG:3)
05-11 20:07:59.434 12344 12415 E FirebaseInstanceId: 	at cal.rlf.a(PG:23)
05-11 20:07:59.434 12344 12415 E FirebaseInstanceId: 	at cal.accm.a(PG:17)
05-11 20:07:59.434 12344 12415 E FirebaseInstanceId: 	at cal.acbz.a(Unknown Source:25)
05-11 20:07:59.434 12344 12415 E FirebaseInstanceId: 	at cal.rkf.run(PG:1)
05-11 20:07:59.434 12344 12415 E FirebaseInstanceId: 	at java.util.concurrent.ThreadPoolExecutor.runWorker(ThreadPoolExecutor.java:1167)
05-11 20:07:59.434 12344 12415 E FirebaseInstanceId: 	at java.util.concurrent.ThreadPoolExecutor$Worker.run(ThreadPoolExecutor.java:641)
05-11 20:07:59.434 12344 12415 E FirebaseInstanceId: 	at cal.qtz.run(PG:2)
05-11 20:07:59.434 12344 12415 E FirebaseInstanceId: 	at java.lang.Thread.run(Thread.java:919)
05-11 20:07:59.434 12344 12415 E FirebaseInstanceId: Caused by: com.google.firebase.installations.FirebaseInstallationsException: Firebase Installations Service is unavailable. Please try again later.
05-11 20:07:59.434 12344 12415 E FirebaseInstanceId: 	at cal.acdt.b(PG:48)
05-11 20:07:59.434 12344 12415 E FirebaseInstanceId: 	at cal.accw.run(Unknown Source:38)
05-11 20:07:59.434 12344 12415 E FirebaseInstanceId: 	at java.util.concurrent.ThreadPoolExecutor.runWorker(ThreadPoolExecutor.java:1167)
05-11 20:07:59.434 12344 12415 E FirebaseInstanceId: 	at java.util.concurrent.ThreadPoolExecutor$Worker.run(ThreadPoolExecutor.java:641)
05-11 20:07:59.434 12344 12415 E FirebaseInstanceId: 	... 1 more
05-11 20:07:59.484   627   627 I Zygote  : Process 11447 exited due to signal 9 (Killed)
05-11 20:07:59.487 12649 12649 V MediaRouter: Selecting route: RouteInfo{ name=Phone, description=null, status=null, category=RouteCategory{ name=System types=ROUTE_TYPE_LIVE_AUDIO ROUTE_TYPE_LIVE_VIDEO  groupable=false }, supportedTypes=ROUTE_TYPE_LIVE_AUDIO ROUTE_TYPE_LIVE_VIDEO , presentationDisplay=null }
05-11 20:07:59.492 12649 12649 W MediaSessionCompat: Couldn't find a unique registered media button receiver in the given context.
05-11 20:07:59.532   928  7532 D ConnectivityService: requestNetwork for uid/pid:10079/12649 NetworkRequest [ TRACK_DEFAULT id=95, [ Capabilities: INTERNET&NOT_RESTRICTED&TRUSTED Uid: 10079] ]
05-11 20:07:59.533   928  1351 D WifiNetworkFactory: got request NetworkRequest [ TRACK_DEFAULT id=95, [ Capabilities: INTERNET&NOT_RESTRICTED&TRUSTED Uid: 10079] ] with score 50 and serial 3
05-11 20:07:59.533   928  1351 D UntrustedWifiNetworkFactory: got request NetworkRequest [ TRACK_DEFAULT id=95, [ Capabilities: INTERNET&NOT_RESTRICTED&TRUSTED Uid: 10079] ] with score 50 and serial 3
05-11 20:07:59.534   928  1405 D Ethernet: got request NetworkRequest [ TRACK_DEFAULT id=95, [ Capabilities: INTERNET&NOT_RESTRICTED&TRUSTED Uid: 10079] ] with score 50 and serial 3
05-11 20:07:59.534  1651  1651 D PhoneSwitcherNetworkRequstListener: got request NetworkRequest [ TRACK_DEFAULT id=95, [ Capabilities: INTERNET&NOT_RESTRICTED&TRUSTED Uid: 10079] ] with score 50 and serial 3
05-11 20:07:59.557 12166 12166 V ClearcutMetricXmitter: Transmission is done.
05-11 20:07:59.561 12166 12166 V ClearcutMetricXmitter: Transmission is done.
05-11 20:07:59.661 12649 12649 V MediaRouter: Selecting route: RouteInfo{ name=Phone, description=null, status=null, category=RouteCategory{ name=System types=ROUTE_TYPE_LIVE_AUDIO ROUTE_TYPE_LIVE_VIDEO  groupable=false }, supportedTypes=ROUTE_TYPE_LIVE_AUDIO ROUTE_TYPE_LIVE_VIDEO , presentationDisplay=null }
05-11 20:07:59.672   627   627 D Zygote  : Forked child process 12720
05-11 20:07:59.675   928  1110 I ActivityManager: Start proc 12720:com.google.android.youtube/u0a71 for broadcast {com.google.android.youtube/com.google.android.libraries.notifications.entrypoints.accountchanged.AccountChangedReceiver}
05-11 20:07:59.713 12720 12720 E android.youtub: Not starting debugger since process cannot load the jdwp agent.
05-11 20:07:59.805 12720 12720 I android.youtub: The ClassLoaderContext is a special shared library.
05-11 20:07:59.875 12344 12364 I ndroid.calenda: Waiting for a blocking GC ProfileSaver
05-11 20:07:59.974 12649 12716 W PlayMovies: dxz.a:2 Start clean up task with reason 2
05-11 20:07:59.974 12649 12716 W PlayMovies: 
05-11 20:07:59.975 12649 12716 W PlayMovies: dxz.a:3 Start cleanup unpinned content
05-11 20:07:59.975 12649 12716 W PlayMovies: 
05-11 20:08:00.067 12720 12720 W android.youtub: JIT profile information will not be recorded: profile file does not exits.
05-11 20:08:00.068 12720 12720 I chatty  : uid=10071(com.google.android.youtube) identical 1 line
05-11 20:08:00.068 12720 12720 W android.youtub: JIT profile information will not be recorded: profile file does not exits.
05-11 20:08:00.114 12649 12718 W VideoCapabilities: Unrecognized profile 2130706433 for video/avc
05-11 20:08:00.114 12649 12718 W VideoCapabilities: Unrecognized profile 2130706434 for video/avc
05-11 20:08:00.118 12649 12716 W PlayMovies: dxz.a:31 Done cleanup unpinned content: removed 0 files
05-11 20:08:00.118 12649 12716 W PlayMovies: 
05-11 20:08:00.133 12649 12692 W .android.video: Verification of javax.net.ssl.SSLSocketFactory com.android.org.conscrypt.OpenSSLContextImpl.engineGetSocketFactory() took 176.937ms
05-11 20:08:00.204 12344 12364 I ndroid.calenda: WaitForGcToComplete blocked ProfileSaver on AddRemoveAppImageSpace for 329.286ms
05-11 20:08:00.290 12720 12757 W YouTube : Fetching the Gservices key 'failsafe_clear_cache_release_13_02' before the end of the bulk initialization
05-11 20:08:00.360 12649 12692 W .android.video: Verification of void com.android.org.conscrypt.AbstractSessionContext.setSessionTimeout(int) took 127.249ms
05-11 20:08:00.454   627   627 D Zygote  : Forked child process 12775
05-11 20:08:00.457   928  1110 I ActivityManager: Start proc 12775:com.android.vending/u0a55 for service {com.android.vending/com.google.android.finsky.contentfilterui.ContentFiltersService}
05-11 20:08:00.463 12720 12766 W android.youtub: Accessing hidden field Ljava/util/Collections$SynchronizedCollection;->mutex:Ljava/lang/Object; (greylist-max-o, reflection, denied)
05-11 20:08:00.472   617 12782 E ResolverController: No valid NAT64 prefix (100, <unspecified>/0)
05-11 20:08:00.480 12720 12766 W android.youtub: Accessing hidden method Ljava/util/Collections$SynchronizedSet;-><init>(Ljava/util/Set;Ljava/lang/Object;)V (greylist-max-o, reflection, denied)
05-11 20:08:00.481 12720 12766 W android.youtub: Accessing hidden method Ljava/util/Collections$SynchronizedCollection;-><init>(Ljava/util/Collection;Ljava/lang/Object;)V (greylist-max-o, reflection, denied)
05-11 20:08:00.495 12775 12775 E android.vendin: Not starting debugger since process cannot load the jdwp agent.
05-11 20:08:00.532 12649 12692 D NetworkSecurityConfig: No Network Security Config specified, using platform default
05-11 20:08:00.611   617 12798 E ResolverController: No valid NAT64 prefix (100, <unspecified>/0)
05-11 20:08:00.631 12775 12775 I android.vendin: The ClassLoaderContext is a special shared library.
05-11 20:08:00.749 12720 12768 E GEL_DELAYED_EVENT_DEBUG: Failed delayed event dispatch, no dispatchers.
05-11 20:08:00.809 12720 12754 W GooglePlayServicesUtil: Google Play services out of date for com.google.android.youtube.  Requires 211290000 but found 210915037
05-11 20:08:00.853 12775 12775 W android.vendin: JIT profile information will not be recorded: profile file does not exits.
05-11 20:08:00.853 12775 12775 W android.vendin: JIT profile information will not be recorded: profile file does not exits.
05-11 20:08:00.860 12442 12461 I ogle.android.g: Waiting for a blocking GC ProfileSaver
05-11 20:08:00.892   928  2447 D ConnectivityService: requestNetwork for uid/pid:10071/12720 NetworkRequest [ TRACK_DEFAULT id=96, [ Capabilities: INTERNET&NOT_RESTRICTED&TRUSTED Uid: 10071] ]
05-11 20:08:00.895   928  1351 D WifiNetworkFactory: got request NetworkRequest [ TRACK_DEFAULT id=96, [ Capabilities: INTERNET&NOT_RESTRICTED&TRUSTED Uid: 10071] ] with score 50 and serial 3
05-11 20:08:00.895   928  1351 D UntrustedWifiNetworkFactory: got request NetworkRequest [ TRACK_DEFAULT id=96, [ Capabilities: INTERNET&NOT_RESTRICTED&TRUSTED Uid: 10071] ] with score 50 and serial 3
05-11 20:08:00.897   928  1405 D Ethernet: got request NetworkRequest [ TRACK_DEFAULT id=96, [ Capabilities: INTERNET&NOT_RESTRICTED&TRUSTED Uid: 10071] ] with score 50 and serial 3
05-11 20:08:00.898  1651  1651 D PhoneSwitcherNetworkRequstListener: got request NetworkRequest [ TRACK_DEFAULT id=96, [ Capabilities: INTERNET&NOT_RESTRICTED&TRUSTED Uid: 10071] ] with score 50 and serial 3
05-11 20:08:00.959  2382  2382 D BoundBrokerSvc: onUnbind: Intent { act=com.google.android.gms.measurement.START pkg=com.google.android.gms }
05-11 20:08:01.004 12775 12775 I Finsky  : [2] hew.aA(5): Process created at version: 24.6.31-21 [0] [PR] 364955343
05-11 20:08:01.119 12720 12824 I DynamiteLoaderV2Impl: [71] MeasurementDynamite.integ
05-11 20:08:01.128 12720 12720 D JavaScriptCore.Version: 250230.2.1
05-11 20:08:01.146 12442 12461 I ogle.android.g: WaitForGcToComplete blocked ProfileSaver on ClassLinker for 286.453ms
05-11 20:08:01.258 12775 12848 I Finsky  : [1018] aczh.a(18): Finished reading experiment flags from file [0tGUNCGIkbk4o6-fQ335kUYSKwVj4lusnHT-A5Dsy08].
05-11 20:08:01.295 12720 12824 W android.youtub: ClassLoaderContext type mismatch. expected=PCL, found=DLC (PCL[] | DLC[];PCL[/data/app/com.google.android.youtube-JVjw7qY3kKIDHI-noH2Mfw==/base.apk*2534864678:/data/app/com.google.android.youtube-JVjw7qY3kKIDHI-noH2Mfw==/base.apk!classes2.dex*3497530772:/data/app/com.google.android.youtube-JVjw7qY3kKIDHI-noH2Mfw==/base.apk!classes3.dex*3400355402:/data/app/com.google.android.youtube-JVjw7qY3kKIDHI-noH2Mfw==/base.apk!classes4.dex*277051688:/data/app/com.google.android.youtube-JVjw7qY3kKIDHI-noH2Mfw==/base.apk!classes5.dex*1801799173]{PCL[/system/framework/org.apache.http.legacy.jar*1038351580]})
05-11 20:08:01.300 12720 12824 W android.youtub: Found duplicate classes, falling back to extracting from APK : /data/user_de/0/com.google.android.gms/app_chimera/m/0000018d/dl-MeasurementDynamite.integ_218100000.apk
05-11 20:08:01.300 12720 12824 W android.youtub: NOTE: This wastes RAM and hurts startup performance.
05-11 20:08:01.300 12720 12824 W android.youtub: Found duplicated class when checking oat files: 'La;' in /data/user_de/0/com.google.android.gms/app_chimera/m/0000018d/dl-MeasurementDynamite.integ_218100000.apk and /data/app/com.google.android.youtube-JVjw7qY3kKIDHI-noH2Mfw==/base.apk
05-11 20:08:01.300 12720 12824 W android.youtub: 
05-11 20:08:01.358 12775 12848 I Finsky  : [1018] aczh.a(18): Finished reading experiment flags from file [fXDZfk20coXiUnU_A_4Ko1uCTDGBHmbuhpepA_BDuyY].
05-11 20:08:01.369 12775 12775 I Finsky  : [2] aczh.a(18): Finished reading experiment flags from file [Se-xCc4LzNyh3UrKMIU2sUf-PUKz4oQEbpKZDMuaFno].
05-11 20:08:01.377 12775 12775 I Finsky  : [2] agnf.<init>(3): Resetting scheduler db
05-11 20:08:01.386 12775 12847 I Finsky  : [1017] aoog.a(2): Not a unicorn account
05-11 20:08:01.413 12775 12847 I Finsky  : [1017] acav.<init>(3): PackageMonitorReceiverImpl - Registering in memory receiver for android.intent.action.PACKAGE_ADDED and android.intent.action.PACKAGE_REMOVED
05-11 20:08:01.432 12720 12720 W android.youtub: Verification of void aue.g(auj, att) took 102.294ms
05-11 20:08:01.455   617 12861 E ResolverController: No valid NAT64 prefix (100, <unspecified>/0)
05-11 20:08:01.508 12775 12858 W android.vendin: Accessing hidden field Ljava/util/Collections$SynchronizedCollection;->mutex:Ljava/lang/Object; (greylist-max-o, reflection, denied)
05-11 20:08:01.510 12775 12858 W android.vendin: Accessing hidden method Ljava/util/Collections$SynchronizedSet;-><init>(Ljava/util/Set;Ljava/lang/Object;)V (greylist-max-o, reflection, denied)
05-11 20:08:01.510 12775 12858 W android.vendin: Accessing hidden method Ljava/util/Collections$SynchronizedCollection;-><init>(Ljava/util/Collection;Ljava/lang/Object;)V (greylist-max-o, reflection, denied)
05-11 20:08:01.514 12775 12865 I Finsky  : [1032] amhw.run(4): SysUA: Set SystemUpdateActivity enabled state to 1
05-11 20:08:01.520 12720 12720 V MediaRouter: Selecting route: RouteInfo{ name=Phone, description=null, status=null, category=RouteCategory{ name=System types=ROUTE_TYPE_LIVE_AUDIO ROUTE_TYPE_LIVE_VIDEO  groupable=false }, supportedTypes=ROUTE_TYPE_LIVE_AUDIO ROUTE_TYPE_LIVE_VIDEO , presentationDisplay=null }
05-11 20:08:01.530 12775 12847 W Settings: Setting download_manager_max_bytes_over_mobile has moved from android.provider.Settings.Secure to android.provider.Settings.Global.
05-11 20:08:01.531 12775 12847 I Finsky  : [1017] zqz.i(3): SettingNotFoundException, fall through to G.downloadBytesOverMobileMaximum
05-11 20:08:01.532 12775 12847 W Settings: Setting download_manager_recommended_max_bytes_over_mobile has moved from android.provider.Settings.Secure to android.provider.Settings.Global.
05-11 20:08:01.533 12775 12847 I Finsky  : [1017] zqz.j(3): SettingNotFoundException, fall through to G.downloadBytesOverMobileRecommended
05-11 20:08:01.555 12306 12318 W .apps.wellbein: Suspending all threads took: 81.368ms
05-11 20:08:01.591 12720 12720 V MediaRouter: Selecting route: RouteInfo{ name=Phone, description=null, status=null, category=RouteCategory{ name=System types=ROUTE_TYPE_LIVE_AUDIO ROUTE_TYPE_LIVE_VIDEO  groupable=false }, supportedTypes=ROUTE_TYPE_LIVE_AUDIO ROUTE_TYPE_LIVE_VIDEO , presentationDisplay=null }
05-11 20:08:01.607 12775 12847 I Finsky  : [1017] baot.c(2): registerListener
05-11 20:08:01.612 12775 12847 I Finsky  : [1017] baot.c(2): registerListener
05-11 20:08:01.622 12775 12847 I Finsky  : [1017] wxs.n(5): Enqueuing libraries load for 1503554425
05-11 20:08:01.624 12775 12857 I Finsky  : [1027] wxs.o(1): Starting libraries load for 1503554425
05-11 20:08:01.636   928  4278 D ConnectivityService: requestNetwork for uid/pid:10055/12775 NetworkRequest [ TRACK_DEFAULT id=98, [ Capabilities: INTERNET&NOT_RESTRICTED&TRUSTED Uid: 10055] ]
05-11 20:08:01.638   928  1405 D Ethernet: got request NetworkRequest [ TRACK_DEFAULT id=98, [ Capabilities: INTERNET&NOT_RESTRICTED&TRUSTED Uid: 10055] ] with score 50 and serial 3
05-11 20:08:01.638   928  1351 D WifiNetworkFactory: got request NetworkRequest [ TRACK_DEFAULT id=98, [ Capabilities: INTERNET&NOT_RESTRICTED&TRUSTED Uid: 10055] ] with score 50 and serial 3
05-11 20:08:01.639   928  1351 D UntrustedWifiNetworkFactory: got request NetworkRequest [ TRACK_DEFAULT id=98, [ Capabilities: INTERNET&NOT_RESTRICTED&TRUSTED Uid: 10055] ] with score 50 and serial 3
05-11 20:08:01.641  1651  1651 D PhoneSwitcherNetworkRequstListener: got request NetworkRequest [ TRACK_DEFAULT id=98, [ Capabilities: INTERNET&NOT_RESTRICTED&TRUSTED Uid: 10055] ] with score 50 and serial 3
05-11 20:08:01.646 12775 12845 I cr_CronetLibraryLoader: Cronet version: 90.0.4430.19, arch: aarch64
05-11 20:08:01.659 12649 12692 E PlayCommon: [1018] lyu.f: Failed to connect to server for server timestamp: java.net.ConnectException: Failed to connect to play.googleapis.com/142.250.195.202:443
05-11 20:08:01.663   627   627 D Zygote  : Forked child process 12882
05-11 20:08:01.664 12775 12847 I Finsky  : [1017] ljc.j(3): Subscription detail: DataSubscriptionInfo{groupIdLevel1=FF, serviceProviderName=airtel}
05-11 20:08:01.666   928  1110 W ActivityManager: Slow operation: 53ms so far, now at startProcess: returned from zygote!
05-11 20:08:01.666   928  1110 W ActivityManager: Slow operation: 53ms so far, now at startProcess: done updating battery stats
05-11 20:08:01.666   928  1110 W ActivityManager: Slow operation: 53ms so far, now at startProcess: building log message
05-11 20:08:01.666   928  1110 I ActivityManager: Start proc 12882:com.facebook.katana/u0a134 for broadcast {com.facebook.katana/com.facebook.katana.FacebookAccountReceiver}
05-11 20:08:01.666   928  1110 W ActivityManager: Slow operation: 53ms so far, now at startProcess: starting to update pids map
05-11 20:08:01.668   928  1110 W ActivityManager: Slow operation: 55ms so far, now at startProcess: done updating pids map
05-11 20:08:01.679 12882 12882 I chatty  : uid=10134(com.facebook.katana) facebook.katana expire 11 lines
05-11 20:08:01.890 12775 12847 I Finsky  : [1017] aqyw.v(2): Setup app restrictions monitor
05-11 20:08:01.898 12775 12847 I Finsky  : [1017] aras.a(3): Device wide unknown source restriction is changed.
05-11 20:08:02.063 12539 12565 I e.process.gapp: Waiting for a blocking GC ProfileSaver
05-11 20:08:02.086 12720 12824 W android.youtub: Verification of void jv.K(long, boolean) took 113.131ms
05-11 20:08:02.105 12442 12912 I FirebaseCrash: Sending crashes
05-11 20:08:02.168 12539 12565 I e.process.gapp: WaitForGcToComplete blocked ProfileSaver on ClassLinker for 104.619ms
05-11 20:08:02.250 12569 12590 I le.android.tal: Waiting for a blocking GC ProfileSaver
05-11 20:08:02.563 12720 12930 W android.youtub: Verification of boolean hu.f(int, byte[]) took 210.729ms
05-11 20:08:02.626   928  7532 D ConnectivityService: requestNetwork for uid/pid:10071/12720 NetworkRequest [ TRACK_DEFAULT id=100, [ Capabilities: INTERNET&NOT_RESTRICTED&TRUSTED Uid: 10071] ]
05-11 20:08:02.631  1651  1651 D PhoneSwitcherNetworkRequstListener: got request NetworkRequest [ TRACK_DEFAULT id=100, [ Capabilities: INTERNET&NOT_RESTRICTED&TRUSTED Uid: 10071] ] with score 50 and serial 3
05-11 20:08:02.631   928  1405 D Ethernet: got request NetworkRequest [ TRACK_DEFAULT id=100, [ Capabilities: INTERNET&NOT_RESTRICTED&TRUSTED Uid: 10071] ] with score 50 and serial 3
05-11 20:08:02.631   928  1351 D WifiNetworkFactory: got request NetworkRequest [ TRACK_DEFAULT id=100, [ Capabilities: INTERNET&NOT_RESTRICTED&TRUSTED Uid: 10071] ] with score 50 and serial 3
05-11 20:08:02.632   928  1351 D UntrustedWifiNetworkFactory: got request NetworkRequest [ TRACK_DEFAULT id=100, [ Capabilities: INTERNET&NOT_RESTRICTED&TRUSTED Uid: 10071] ] with score 50 and serial 3
05-11 20:08:02.701 12569 12590 I le.android.tal: WaitForGcToComplete blocked ProfileSaver on ClassLinker for 450.885ms
05-11 20:08:02.708   928  2447 I ActivityManager: Killing 11819:com.google.android.play.games/u0a316 (adj 985): empty #17
05-11 20:08:02.821 12720 12930 W android.youtub: Verification of java.util.List hu.r() took 258.458ms
05-11 20:08:02.940 12720 12930 W android.youtub: Verification of void ht.onOpen(android.database.sqlite.SQLiteDatabase) took 117.736ms
05-11 20:08:03.011 12882 12944 I chatty  : uid=10134(com.facebook.katana) facebook.katana expire 28 lines
05-11 20:08:03.015 12882 12948 I chatty  : uid=10134(com.facebook.katana) facebook.katana expire 65 lines
05-11 20:08:03.017 12882 12947 I chatty  : uid=10134(com.facebook.katana) facebook.katana expire 34 lines
05-11 20:08:03.019 12882 12946 I chatty  : uid=10134(com.facebook.katana) facebook.katana expire 22 lines
05-11 20:08:03.022 12882 12945 I chatty  : uid=10134(com.facebook.katana) facebook.katana expire 61 lines
05-11 20:08:03.039 12882 12949 I chatty  : uid=10134(com.facebook.katana) facebook.katana expire 3 lines
05-11 20:08:03.115 12649 12692 E PlayCommon: [1018] lyu.f: Failed to connect to server for log upload.
05-11 20:08:03.121 12882 12951 I chatty  : uid=10134(com.facebook.katana) facebook.katana expire 1 line
05-11 20:08:03.129 12720 12930 W android.youtub: Verification of void lf.G() took 185.464ms
05-11 20:08:03.174 12948 12948 I chatty  : uid=10134(com.facebook.katana) expire 3 lines
05-11 20:08:03.242 12720 12930 W android.youtub: Verification of du lf.H(boolean) took 113.051ms
05-11 20:08:03.310 12944 12944 I chatty  : uid=10134(com.facebook.katana) expire 1 line
05-11 20:08:03.324 12945 12945 I chatty  : uid=10134(com.facebook.katana) expire 4 lines
05-11 20:08:03.357 12649 12668 I .android.video: Waiting for a blocking GC ProfileSaver
05-11 20:08:03.496 12344 12415 E FirebaseInstanceId: Failed to get FIS auth token
05-11 20:08:03.496 12344 12415 E FirebaseInstanceId: java.util.concurrent.ExecutionException: com.google.firebase.installations.FirebaseInstallationsException: Firebase Installations Service is unavailable. Please try again later.
05-11 20:08:03.496 12344 12415 E FirebaseInstanceId: 	at cal.rlf.c(PG:3)
05-11 20:08:03.496 12344 12415 E FirebaseInstanceId: 	at cal.rlf.a(PG:23)
05-11 20:08:03.496 12344 12415 E FirebaseInstanceId: 	at cal.accm.a(PG:17)
05-11 20:08:03.496 12344 12415 E FirebaseInstanceId: 	at cal.acbz.a(Unknown Source:25)
05-11 20:08:03.496 12344 12415 E FirebaseInstanceId: 	at cal.rkf.run(PG:1)
05-11 20:08:03.496 12344 12415 E FirebaseInstanceId: 	at java.util.concurrent.ThreadPoolExecutor.runWorker(ThreadPoolExecutor.java:1167)
05-11 20:08:03.496 12344 12415 E FirebaseInstanceId: 	at java.util.concurrent.ThreadPoolExecutor$Worker.run(ThreadPoolExecutor.java:641)
05-11 20:08:03.496 12344 12415 E FirebaseInstanceId: 	at cal.qtz.run(PG:2)
05-11 20:08:03.496 12344 12415 E FirebaseInstanceId: 	at java.lang.Thread.run(Thread.java:919)
05-11 20:08:03.496 12344 12415 E FirebaseInstanceId: Caused by: com.google.firebase.installations.FirebaseInstallationsException: Firebase Installations Service is unavailable. Please try again later.
05-11 20:08:03.496 12344 12415 E FirebaseInstanceId: 	at cal.acdt.b(PG:48)
05-11 20:08:03.496 12344 12415 E FirebaseInstanceId: 	at cal.accw.run(Unknown Source:38)
05-11 20:08:03.496 12344 12415 E FirebaseInstanceId: 	at java.util.concurrent.ThreadPoolExecutor.runWorker(ThreadPoolExecutor.java:1167)
05-11 20:08:03.496 12344 12415 E FirebaseInstanceId: 	at java.util.concurrent.ThreadPoolExecutor$Worker.run(ThreadPoolExecutor.java:641)
05-11 20:08:03.496 12344 12415 E FirebaseInstanceId: 	... 1 more
05-11 20:08:03.546 12882 12940 I chatty  : uid=10134(com.facebook.katana) facebook.katana expire 3 lines
05-11 20:08:03.755 12882 12942 I chatty  : uid=10134(com.facebook.katana) facebook.katana expire 1 line
05-11 20:08:03.783 12649 12668 I .android.video: WaitForGcToComplete blocked ProfileSaver on ClassLinker for 426.403ms
05-11 20:08:03.911 12882 12960 I chatty  : uid=10134(com.facebook.katana) facebook.katana expire 1 line
05-11 20:08:03.931 12775 12857 I Finsky  : [1027] wxs.o(20): Loaded library for account: [nMTrrrEKNHsAbnFF1chKQSDIUCWmpgWIAmzvLmZiUKo]
05-11 20:08:03.932 12775 12857 I Finsky  : [1027] wxs.o(24): Finished loading 1 libraries.
05-11 20:08:03.969   928  4244 I ActivityManager: Killing 11949:com.android.chrome/u0a112 (adj 975): empty #17
05-11 20:08:03.969   928  4244 I ActivityManager: Killing 11891:com.google.android.music:main/u0a108 (adj 975): empty #18
05-11 20:08:04.000   628   628 I Zygote  : Process 11949 exited due to signal 9 (Killed)
05-11 20:08:04.092   928  7532 D ConnectivityService: ConnectivityService NetworkRequestInfo binderDied(NetworkRequest [ TRACK_DEFAULT id=90, [ Capabilities: INTERNET&NOT_RESTRICTED&TRUSTED Uid: 10108] ], android.os.BinderProxy@9ef2f4)
05-11 20:08:04.092   627   627 I Zygote  : Process 11891 exited due to signal 9 (Killed)
05-11 20:08:04.094   928  1359 D ConnectivityService: releasing NetworkRequest [ TRACK_DEFAULT id=90, [ Capabilities: INTERNET&NOT_RESTRICTED&TRUSTED Uid: 10108] ] (release request)
05-11 20:08:04.200   928  1111 E libprocessgroup: Failed to kill process cgroup uid 10316 pid 11819 in 1492ms, 1 processes remain
05-11 20:08:04.201   928  1111 I libprocessgroup: Successfully killed process cgroup uid 10112 pid 11949 in 0ms
05-11 20:08:04.202   928  1111 I libprocessgroup: Successfully killed process cgroup uid 10108 pid 11891 in 0ms
05-11 20:08:04.205 12720 12930 W android.youtub: Verification of void hq.<clinit>() took 535.441ms
05-11 20:08:04.317   928  4390 I ActivityManager: Killing 11976:com.google.android.apps.docs/u0a127 (adj 975): empty #17
05-11 20:08:04.319   681   681 E lowmemorykiller: Error writing /proc/11976/oom_score_adj; errno=22
05-11 20:08:04.370   627   627 D Zygote  : Forked child process 12986
05-11 20:08:04.373   928  1110 W ActivityManager: Slow operation: 58ms so far, now at startProcess: returned from zygote!
05-11 20:08:04.374   928  1110 W ActivityManager: Slow operation: 59ms so far, now at startProcess: done updating battery stats
05-11 20:08:04.374   928  1110 W ActivityManager: Slow operation: 59ms so far, now at startProcess: building log message
05-11 20:08:04.374   928  1110 I ActivityManager: Start proc 12986:com.google.android.apps.tachyon/u0a144 for broadcast {com.google.android.apps.tachyon/com.google.android.apps.tachyon.registration.SystemAccountChangedReceiver}
05-11 20:08:04.374   928  1110 W ActivityManager: Slow operation: 59ms so far, now at startProcess: starting to update pids map
05-11 20:08:04.374   928  1110 W ActivityManager: Slow operation: 59ms so far, now at startProcess: done updating pids map
05-11 20:08:04.381 12882 12945 W fb4a.DependencyManager|Runner: Running RegisterMainLooperTracer
05-11 20:08:04.382 12882 12945 W fb4a.DependencyManager|Runner:   Finished RegisterMainLooperTracer in 1ms
05-11 20:08:04.382 12882 12945 W fb4a.DependencyManager|Runner: Running ReleaseDeferredBroadcastReceiver
05-11 20:08:04.382 12882 12945 W fb4a.DependencyManager|Runner:   Finished ReleaseDeferredBroadcastReceiver in 0ms
05-11 20:08:04.382 12882 12945 W fb4a.DependencyManager|Runner: Running ReplaceDalvikBuffer
05-11 20:08:04.383 12882 12945 W fb4a.DependencyManager|Runner:   Finished ReplaceDalvikBuffer in 1ms
05-11 20:08:04.383 12882 12945 W fb4a.DependencyManager|Runner: Running SetupDynaBuilds
05-11 20:08:04.383 12882 12945 W fb4a.DependencyManager|Runner:   Finished SetupDynaBuilds in 0ms
05-11 20:08:04.384 12882 12945 W fb4a.DependencyManager|Runner: Running SetupSmartGc
05-11 20:08:04.385 12882 12945 W fb4a.DependencyManager|Runner:   Finished SetupSmartGc in 0ms
05-11 20:08:04.385 12882 12945 W fb4a.DependencyManager|Runner: Running SetupYogaInstrumentation
05-11 20:08:04.385 12882 12945 W facebook.katan: !bang JNI is deprecated. Switch to @FastNative for void com.facebook.yoga.YogaSetup.jni_enableFacebookInstrumentation()
05-11 20:08:04.385 12882 12945 W facebook.katan: !bang JNI is deprecated. Switch to @FastNative for void com.facebook.yoga.YogaSetup.jni_resetCounters()
05-11 20:08:04.386 12882 12945 W fb4a.DependencyManager|Runner:   Finished SetupYogaInstrumentation in 1ms
05-11 20:08:04.386 12882 12945 W fb4a.DependencyManager|Runner: Running StatefulPeerManagerImpl
05-11 20:08:04.389 12986 12986 E id.apps.tachyo: Not starting debugger since process cannot load the jdwp agent.
05-11 20:08:04.426 12882 12947 W fb4a.DependencyManager|Runner:   Finished LogController in 61ms
05-11 20:08:04.426 12882 12947 W fb4a.DependencyManager|Runner: Running StaticGraphServiceFactoryInitializer
05-11 20:08:04.445 12882 12945 W fb4a.DependencyManager|Runner:   Finished StatefulPeerManagerImpl in 59ms
05-11 20:08:04.445 12882 12945 W fb4a.DependencyManager|Runner: Running TraceCurrentThreadMetadata
05-11 20:08:04.446 12882 12945 W fb4a.DependencyManager|Runner:   Finished TraceCurrentThreadMetadata in 0ms
05-11 20:08:04.446 12882 12945 W fb4a.DependencyManager|Runner: Running TransientNetworkTraceEarlyInit
05-11 20:08:04.446 12882 12945 W fb4a.DependencyManager|Runner:   Finished TransientNetworkTraceEarlyInit in 0ms
05-11 20:08:04.446 12882 12945 W fb4a.DependencyManager|Runner: Running VpvHelperInitializer
05-11 20:08:04.446 12882 12945 W fb4a.DependencyManager|Runner:   Finished VpvHelperInitializer in 0ms
05-11 20:08:04.446 12882 12945 W fb4a.DependencyManager|Runner: Running WhitehatOverlayInitializer
05-11 20:08:04.447 12882 12945 W fb4a.DependencyManager|Runner:   Finished WhitehatOverlayInitializer in 1ms
05-11 20:08:04.447 12882 12945 W fb4a.DependencyManager|Runner: Running ZeroLibraryInitializer
05-11 20:08:04.449 12882 12948 W fb4a.DependencyManager|Runner:   Finished PendingStoryStoreInitializer in 73ms
05-11 20:08:04.450 12882 12948 W fb4a.DependencyManager|Runner: Running SoftReportAnyAppSetupDetectorExceptions
05-11 20:08:04.450 12882 12948 W fb4a.DependencyManager|Runner:   Finished SoftReportAnyAppSetupDetectorExceptions in 0ms
05-11 20:08:04.470 12882 12945 W fb4a.MobileConfigFactoryImpl: null factory used for SESSIONLESS param
05-11 20:08:04.471 12882 12945 W fb4a.DependencyManager|Runner:   Finished ZeroLibraryInitializer in 24ms
05-11 20:08:04.526 12882 12944 W fb4a.QuickPerformanceLoggerModule: Provided QPL: 10957809
05-11 20:08:04.534 12882 12947 W fb4a.DependencyManager|Runner:   Finished StaticGraphServiceFactoryInitializer in 108ms
05-11 20:08:04.536 12720 12930 W android.youtub: Verification of java.lang.Object em.a() took 108.104ms
05-11 20:08:04.538 12882 12946 W fb4a.DependencyManager|Runner:   Finished InitLacrimaLaterInit in 770ms
05-11 20:08:04.548 12882 12978 W fb4a.FrscLanguagePackLoader: FRSC English strings buffer size - (limit : 643576, capacity : 643576)
05-11 20:08:04.548 12882 12944 W fb4a.DependencyManager|Runner:   Finished StartupQPLInit in 660ms
05-11 20:08:04.549 12882 12948 W fb4a.DependencyManager|Runner: Running CombinedLoggingInit
05-11 20:08:04.549 12882 12948 W fb4a.DependencyManager|Runner:   Finished CombinedLoggingInit in 0ms
05-11 20:08:04.549 12882 12945 W fb4a.DependencyManager|Runner: Running FunctionalReliabilityRingBufferInitializer
05-11 20:08:04.553 12882 12945 W fb4a.DependencyManager|Runner:   Finished FunctionalReliabilityRingBufferInitializer in 4ms
05-11 20:08:04.554 12882 12947 W fb4a.DependencyManager|Runner: Running ProfiloBridgeFactoryImpl
05-11 20:08:04.556 12882 12946 W fb4a.DependencyManager|Runner: Running ReliabilityUserPerceptibleScopeToQPL
05-11 20:08:04.556 12882 12946 W fb4a.DependencyManager|Runner:   Finished ReliabilityUserPerceptibleScopeToQPL in 0ms
05-11 20:08:04.556 12882 12948 W fb4a.DependencyManager|Runner: Running StartupInfraPreloader
05-11 20:08:04.557 12882 12948 W fb4a.DependencyManager|Runner:   Finished StartupInfraPreloader in 0ms
05-11 20:08:04.557 12882 12945 W fb4a.DependencyManager|Runner: Running StartupQPLReplayer
05-11 20:08:04.559 12882 12945 W fb4a.DependencyManager|Runner:   Finished StartupQPLReplayer in 1ms
05-11 20:08:04.560 12882 12947 W fb4a.DependencyManager|Runner:   Finished ProfiloBridgeFactoryImpl in 6ms
05-11 20:08:04.563 12882 12944 W fb4a.DependencyManager|Runner: All work finished.
05-11 20:08:04.646 12986 12986 W id.apps.tachyo: JIT profile information will not be recorded: profile file does not exits.
05-11 20:08:04.646 12986 12986 I chatty  : uid=10144(com.google.android.apps.tachyon) identical 1 line
05-11 20:08:04.646 12986 12986 W id.apps.tachyo: JIT profile information will not be recorded: profile file does not exits.
05-11 20:08:04.758 12882 12969 W fb4a.QPLConfig: failed to load config
05-11 20:08:04.758 12882 12969 W fb4a.QPLConfig: java.io.FileNotFoundException: /data/user/0/com.facebook.katana/app_qpl/qpl_sampling_config_v2.null: open failed: ENOENT (No such file or directory)
05-11 20:08:04.758 12882 12969 W fb4a.QPLConfig: 	at libcore.io.IoBridge.open(IoBridge.java:496)
05-11 20:08:04.758 12882 12969 W fb4a.QPLConfig: 	at java.io.FileInputStream.<init>(FileInputStream.java:159)
05-11 20:08:04.758 12882 12969 W fb4a.QPLConfig: 	at X.1mx.run(Unknown Source:75)
05-11 20:08:04.758 12882 12969 W fb4a.QPLConfig: 	at X.1nn.run(Unknown Source:2)
05-11 20:08:04.758 12882 12969 W fb4a.QPLConfig: 	at java.util.concurrent.ThreadPoolExecutor.runWorker(ThreadPoolExecutor.java:1167)
05-11 20:08:04.758 12882 12969 W fb4a.QPLConfig: 	at java.util.concurrent.ThreadPoolExecutor$Worker.run(ThreadPoolExecutor.java:641)
05-11 20:08:04.758 12882 12969 W fb4a.QPLConfig: 	at X.2ld.run(Unknown Source:3)
05-11 20:08:04.758 12882 12969 W fb4a.QPLConfig: 	at X.2lg.run(Unknown Source:12)
05-11 20:08:04.758 12882 12969 W fb4a.QPLConfig: 	at java.lang.Thread.run(Thread.java:919)
05-11 20:08:04.758 12882 12969 W fb4a.QPLConfig: Caused by: android.system.ErrnoException: open failed: ENOENT (No such file or directory)
05-11 20:08:04.758 12882 12969 W fb4a.QPLConfig: 	at libcore.io.Linux.open(Native Method)
05-11 20:08:04.758 12882 12969 W fb4a.QPLConfig: 	at libcore.io.ForwardingOs.open(ForwardingOs.java:167)
05-11 20:08:04.758 12882 12969 W fb4a.QPLConfig: 	at libcore.io.BlockGuardOs.open(BlockGuardOs.java:252)
05-11 20:08:04.758 12882 12969 W fb4a.QPLConfig: 	at libcore.io.ForwardingOs.open(ForwardingOs.java:167)
05-11 20:08:04.758 12882 12969 W fb4a.QPLConfig: 	at android.app.ActivityThread$AndroidOs.open(ActivityThread.java:7255)
05-11 20:08:04.758 12882 12969 W fb4a.QPLConfig: 	at libcore.io.IoBridge.open(IoBridge.java:482)
05-11 20:08:04.758 12882 12969 W fb4a.QPLConfig: 	... 8 more
05-11 20:08:04.759   627   627 I Zygote  : Process 11819 exited due to signal 9 (Killed)
05-11 20:08:04.785 12882 12899 W System  : A resource failed to call close. 
05-11 20:08:04.786 12882 12899 I chatty  : uid=10134(com.facebook.katana) facebook.katana identical 1 line
05-11 20:08:04.786 12882 12899 W System  : A resource failed to call close. 
05-11 20:08:04.994 12720 12930 W android.youtub: Verification of void gc.<init>() took 111.024ms
05-11 20:08:05.002 12986 13015 W id.apps.tachyo: Accessing hidden field Ljava/util/Collections$SynchronizedCollection;->mutex:Ljava/lang/Object; (greylist-max-o, reflection, denied)
05-11 20:08:05.002 12986 13015 W id.apps.tachyo: Accessing hidden method Ljava/util/Collections$SynchronizedSet;-><init>(Ljava/util/Set;Ljava/lang/Object;)V (greylist-max-o, reflection, denied)
05-11 20:08:05.003 12986 13015 W id.apps.tachyo: Accessing hidden method Ljava/util/Collections$SynchronizedCollection;-><init>(Ljava/util/Collection;Ljava/lang/Object;)V (greylist-max-o, reflection, denied)
05-11 20:08:05.128 12720 12930 W android.youtub: Verification of java.lang.Object gi.a() took 130.546ms
05-11 20:08:05.204 12720 12748 I android.youtub: Waiting for a blocking GC ProfileSaver
05-11 20:08:05.270 12720 12930 W android.youtub: Verification of java.lang.Object gk.a() took 106.661ms
05-11 20:08:05.389   726  9985 I chatty  : uid=1013(media) expire 1 line
05-11 20:08:05.390   726  9985 D CCodecBufferChannel: [c2.android.raw.decoder#439] buffers after EOS ignored (0 us)
05-11 20:08:05.392   726  9983 D AudioTrack: stop(23): called with 14208 frames delivered
05-11 20:08:05.458   928  1111 E libprocessgroup: Failed to kill process cgroup uid 10127 pid 11976 in 1138ms, 1 processes remain
05-11 20:08:05.520   659   659 I /vendor/bin/hw/android.hardware.health@2.0-service.marlin: SRAM data: 2481000
05-11 20:08:05.561  1449  2004 D PowerUI : can't show warning due to - plugged: true status unknown: false
05-11 20:08:05.652 12986 13020 D EventBus: No subscribers registered for event class hue
05-11 20:08:05.652 12986 13020 D EventBus: No subscribers registered for event class txa
05-11 20:08:05.721   726  9985 W Codec2Client: query -- param skipped: index = 1342179345.
05-11 20:08:05.721   726  9985 W Codec2Client: query -- param skipped: index = 2415921170.
05-11 20:08:05.728   726  9985 D CCodecBufferChannel: [c2.android.raw.decoder#439] buffers after EOS ignored (0 us)
05-11 20:08:05.729   726  9985 I chatty  : uid=1013(media) identical 1 line
05-11 20:08:05.729   726  9985 D CCodecBufferChannel: [c2.android.raw.decoder#439] buffers after EOS ignored (0 us)
05-11 20:08:05.731   726  9983 D AudioTrack: stop(23): called with 14208 frames delivered
05-11 20:08:05.795 12986 13042 W DynamiteModule: Local module descriptor class for com.google.android.gms.measurement.dynamite not found.
05-11 20:08:05.798   627   627 D Zygote  : Forked child process 13052
05-11 20:08:05.799   928  2600 I ActivityManager: Killing 12097:com.google.android.apps.maps/u0a116 (adj 975): empty #17
05-11 20:08:05.802   681   681 E lowmemorykiller: Error writing /proc/12097/oom_score_adj; errno=22
05-11 20:08:05.803   928  1110 I ActivityManager: Start proc 13052:com.google.android.play.games/u0a316 for broadcast {com.google.android.play.games/com.google.android.apps.play.games.lib.notifications.ChimeRegistrationBroadcastReceiver}
05-11 20:08:05.817 13052 13052 E roid.play.game: Not starting debugger since process cannot load the jdwp agent.
05-11 20:08:05.837 12986 12986 D EventBus: No subscribers registered for event class hue
05-11 20:08:05.838 12986 12986 D EventBus: No subscribers registered for event class txa
05-11 20:08:05.846 12986 13017 D EventBus: No subscribers registered for event class iqy
05-11 20:08:05.846 12986 13017 D EventBus: No subscribers registered for event class txa
05-11 20:08:05.916 12986 13037 W DynamiteModule: Local module descriptor class for com.google.android.gms.googlecertificates not found.
05-11 20:08:05.919 12775 12832 I android.vendin: Waiting for a blocking GC ProfileSaver
05-11 20:08:06.061   726  9985 W Codec2Client: query -- param skipped: index = 1342179345.
05-11 20:08:06.062   726  9985 W Codec2Client: query -- param skipped: index = 2415921170.
05-11 20:08:06.068   726  9985 D CCodecBufferChannel: [c2.android.raw.decoder#439] buffers after EOS ignored (0 us)
05-11 20:08:06.068   726  9985 I chatty  : uid=1013(media) identical 1 line
05-11 20:08:06.069   726  9985 D CCodecBufferChannel: [c2.android.raw.decoder#439] buffers after EOS ignored (0 us)
05-11 20:08:06.071   726  9983 D AudioTrack: stop(23): called with 14208 frames delivered
05-11 20:08:06.088 12986 13042 I DynamiteLoaderV2Impl: [71] MeasurementDynamite.integ
05-11 20:08:06.092 12986 13042 W id.apps.tachyo: ClassLoaderContext type mismatch. expected=PCL, found=DLC (PCL[] | DLC[];PCL[/data/app/com.google.android.apps.tachyon-RQwFy3zlv9StFFbLS-hxsQ==/base.apk*2248953494:/data/app/com.google.android.apps.tachyon-RQwFy3zlv9StFFbLS-hxsQ==/base.apk!classes2.dex*2479807849:/data/app/com.google.android.apps.tachyon-RQwFy3zlv9StFFbLS-hxsQ==/base.apk!classes3.dex*333346826])
05-11 20:08:06.118   627   627 I Zygote  : Process 11976 exited due to signal 9 (Killed)
05-11 20:08:06.210 12720 12748 I android.youtub: WaitForGcToComplete blocked ProfileSaver on ClassLinker for 1.006s
05-11 20:08:06.258 12986 13042 W id.apps.tachyo: Found duplicate classes, falling back to extracting from APK : /data/user_de/0/com.google.android.gms/app_chimera/m/0000018d/dl-MeasurementDynamite.integ_218100000.apk
05-11 20:08:06.258 12986 13042 W id.apps.tachyo: NOTE: This wastes RAM and hurts startup performance.
05-11 20:08:06.258 12986 13042 W id.apps.tachyo: Found duplicated class when checking oat files: 'La;' in /data/app/com.google.android.apps.tachyon-RQwFy3zlv9StFFbLS-hxsQ==/base.apk and /data/user_de/0/com.google.android.gms/app_chimera/m/0000018d/dl-MeasurementDynamite.integ_218100000.apk
05-11 20:08:06.258 12986 13042 W id.apps.tachyo: 
05-11 20:08:06.321 12986 13042 W DynamiteModule: Local module descriptor class for com.google.android.gms.measurement.dynamite not found.
05-11 20:08:06.322 12986 13037 I DynamiteLoaderV2Impl: [71] Googlecertificates
05-11 20:08:06.323 13052 13052 I GAv4-SVC: Google Analytics 210.7.90 is starting up.
05-11 20:08:06.409 12986 13037 W id.apps.tachyo: ClassLoaderContext type mismatch. expected=PCL, found=DLC (PCL[] | DLC[];PCL[/data/app/com.google.android.apps.tachyon-RQwFy3zlv9StFFbLS-hxsQ==/base.apk*2248953494:/data/app/com.google.android.apps.tachyon-RQwFy3zlv9StFFbLS-hxsQ==/base.apk!classes2.dex*2479807849:/data/app/com.google.android.apps.tachyon-RQwFy3zlv9StFFbLS-hxsQ==/base.apk!classes3.dex*333346826])
05-11 20:08:06.409 12986 13037 W id.apps.tachyo: Found duplicate classes, falling back to extracting from APK : /data/user_de/0/com.google.android.gms/app_chimera/m/0000018a/GoogleCertificates.apk
05-11 20:08:06.410 12986 13037 W id.apps.tachyo: NOTE: This wastes RAM and hurts startup performance.
05-11 20:08:06.410 12986 13037 W id.apps.tachyo: Found duplicated class when checking oat files: 'La;' in /data/app/com.google.android.apps.tachyon-RQwFy3zlv9StFFbLS-hxsQ==/base.apk and /data/user_de/0/com.google.android.gms/app_chimera/m/0000018a/GoogleCertificates.apk
05-11 20:08:06.410 12986 13037 W id.apps.tachyo: 
05-11 20:08:06.412   726  9985 W Codec2Client: query -- param skipped: index = 1342179345.
05-11 20:08:06.412   726  9985 W Codec2Client: query -- param skipped: index = 2415921170.
05-11 20:08:06.419   726  9985 D CCodecBufferChannel: [c2.android.raw.decoder#439] buffers after EOS ignored (0 us)
05-11 20:08:06.419   726  9985 I chatty  : uid=1013(media) identical 1 line
05-11 20:08:06.420   726  9985 D CCodecBufferChannel: [c2.android.raw.decoder#439] buffers after EOS ignored (0 us)
05-11 20:08:06.420   726  9983 D AudioTrack: stop(23): called with 14208 frames delivered
05-11 20:08:06.566 12775 12832 I android.vendin: WaitForGcToComplete blocked ProfileSaver on AddRemoveAppImageSpace for 647.343ms
05-11 20:08:06.699  1960  1960 D BoundBrokerSvc: onBind: Intent { act=com.google.android.gms.instantapps.START pkg=com.google.android.gms }
05-11 20:08:06.699  1960  1960 D BoundBrokerSvc: Loading bound service for intent: Intent { act=com.google.android.gms.instantapps.START pkg=com.google.android.gms }
05-11 20:08:06.733 13052 13092 W DynamiteModule: Local module descriptor class for com.google.android.gms.measurement.dynamite not found.
05-11 20:08:06.752   726  9985 W Codec2Client: query -- param skipped: index = 1342179345.
05-11 20:08:06.752   726  9985 W Codec2Client: query -- param skipped: index = 2415921170.
05-11 20:08:06.757   726  9985 D CCodecBufferChannel: [c2.android.raw.decoder#439] buffers after EOS ignored (0 us)
05-11 20:08:06.757   726  9985 I chatty  : uid=1013(media) identical 1 line
05-11 20:08:06.758   726  9985 D CCodecBufferChannel: [c2.android.raw.decoder#439] buffers after EOS ignored (0 us)
05-11 20:08:06.758   726  9983 D AudioTrack: getTimestamp_l(23): device stall time corrected using current time 214811463533
05-11 20:08:06.758   726  9983 D AudioTrack: stop(23): called with 14208 frames delivered
05-11 20:08:06.911 12986 13037 I id.apps.tachyo: Waiting for a blocking GC ClassLinker
05-11 20:08:06.975 13052 13092 I DynamiteLoaderV2Impl: [71] MeasurementDynamite.integ
05-11 20:08:06.978 13052 13092 W roid.play.game: ClassLoaderContext type mismatch. expected=PCL, found=DLC (PCL[] | DLC[];PCL[/data/app/com.google.android.play.games-YocxkpCxrHYBVQvl0LBZGA==/base.apk*3397677399:/data/app/com.google.android.play.games-YocxkpCxrHYBVQvl0LBZGA==/base.apk!classes2.dex*651447801])
