05-07 12:58:04.497 19412 21207 D skia    : --- Failed to create image decoder with message 'unimplemented'
05-07 12:58:04.517 19412 21207 I chatty  : uid=10134(com.facebook.katana) identical 32 lines
05-07 12:58:04.545 19412 21207 D skia    : --- Failed to create image decoder with message 'unimplemented'
05-07 12:58:04.547 19412 19610 D skia    : --- Failed to create image decoder with message 'unimplemented'
05-07 12:58:04.547 19412 19610 D skia    : --- Failed to create image decoder with message 'unimplemented'
05-07 12:58:04.558 21344 21344 I ogle.android.g: The ClassLoaderContext is a special shared library.
05-07 12:58:04.618 19412 19610 D skia    : --- Failed to create image decoder with message 'unimplemented'
05-07 12:58:04.619 19412 19610 I chatty  : uid=10134(com.facebook.katana) identical 20 lines
05-07 12:58:04.619 19412 19610 D skia    : --- Failed to create image decoder with message 'unimplemented'
05-07 12:58:04.645  1970  1970 D BoundBrokerSvc: onUnbind: Intent { act=com.google.android.gms.instantapps.START pkg=com.google.android.gms }
05-07 12:58:04.664 19412 19610 D skia    : --- Failed to create image decoder with message 'unimplemented'
05-07 12:58:04.691 32605 32605 D BoundBrokerSvc: onUnbind: Intent { act=com.google.android.gms.constellation.service.START pkg=com.google.android.gms }
05-07 12:58:04.709 21344 21344 W ogle.android.g: JIT profile information will not be recorded: profile file does not exits.
05-07 12:58:04.709 21344 21344 I chatty  : uid=10072(com.google.android.gm) identical 1 line
05-07 12:58:04.710 21344 21344 W ogle.android.g: JIT profile information will not be recorded: profile file does not exits.
05-07 12:58:04.779 19412 19610 D skia    : --- Failed to create image decoder with message 'unimplemented'
05-07 12:58:04.780 19412 19610 D skia    : --- Failed to create image decoder with message 'unimplemented'
05-07 12:58:04.789 19368 19583 W System.err: java.net.ConnectException: Failed to connect to android.bugly.qq.com/13.127.247.216:80
05-07 12:58:04.789 19368 19583 W System.err: 	at com.android.okhttp.internal.io.RealConnection.connectSocket(RealConnection.java:147)
05-07 12:58:04.789 19368 19583 W System.err: 	at com.android.okhttp.internal.io.RealConnection.connect(RealConnection.java:116)
05-07 12:58:04.789 19368 19583 W System.err: 	at com.android.okhttp.internal.http.StreamAllocation.findConnection(StreamAllocation.java:186)
05-07 12:58:04.789 19368 19583 W System.err: 	at com.android.okhttp.internal.http.StreamAllocation.findHealthyConnection(StreamAllocation.java:128)
05-07 12:58:04.789 19368 19583 W System.err: 	at com.android.okhttp.internal.http.StreamAllocation.newStream(StreamAllocation.java:97)
05-07 12:58:04.790 19368 19583 W System.err: 	at com.android.okhttp.internal.http.HttpEngine.connect(HttpEngine.java:289)
05-07 12:58:04.790 19368 19583 W System.err: 	at com.android.okhttp.internal.http.HttpEngine.sendRequest(HttpEngine.java:232)
05-07 12:58:04.790 19368 19583 W System.err: 	at com.android.okhttp.internal.huc.HttpURLConnectionImpl.execute(HttpURLConnectionImpl.java:465)
05-07 12:58:04.790 19368 19583 W System.err: 	at com.android.okhttp.internal.huc.HttpURLConnectionImpl.connect(HttpURLConnectionImpl.java:131)
05-07 12:58:04.790 19368 19583 W System.err: 	at com.android.okhttp.internal.huc.HttpURLConnectionImpl.getOutputStream(HttpURLConnectionImpl.java:262)
05-07 12:58:04.790 19368 19583 W System.err: 	at com.tencent.bugly.proguard.s.a(SourceFile:266)
05-07 12:58:04.790 19368 19583 W System.err: 	at com.tencent.bugly.proguard.s.a(SourceFile:115)
05-07 12:58:04.790 19368 19583 W System.err: 	at com.tencent.bugly.proguard.v.run(SourceFile:346)
05-07 12:58:04.790 19368 19583 W System.err: 	at com.tencent.bugly.proguard.u$1.run(SourceFile:723)
05-07 12:58:04.790 19368 19583 W System.err: 	at java.lang.Thread.run(Thread.java:919)
05-07 12:58:04.886 21344 21375 W ogle.android.g: Accessing hidden field Ljava/util/Collections$SynchronizedCollection;->mutex:Ljava/lang/Object; (greylist-max-o, reflection, denied)
05-07 12:58:04.887 21344 21375 W ogle.android.g: Accessing hidden method Ljava/util/Collections$SynchronizedSet;-><init>(Ljava/util/Set;Ljava/lang/Object;)V (greylist-max-o, reflection, denied)
05-07 12:58:04.887 21344 21375 W ogle.android.g: Accessing hidden method Ljava/util/Collections$SynchronizedCollection;-><init>(Ljava/util/Collection;Ljava/lang/Object;)V (greylist-max-o, reflection, denied)
05-07 12:58:04.897 19412 21207 W fb4a.ReqContexts: continueFromDirect() replaced by create()
05-07 12:58:04.900 19412 21207 D skia    : --- Failed to create image decoder with message 'unimplemented'
05-07 12:58:04.907 19412 21207 D skia    : --- Failed to create image decoder with message 'unimplemented'
05-07 12:58:04.924 19412 21207 D skia    : --- Failed to create image decoder with message 'unimplemented'
05-07 12:58:04.927   915  4615 I ActivityManager: Killing 20275:com.google.android.videos/u0a79 (adj 975): empty #17
05-07 12:58:04.930 19412 21207 D skia    : --- Failed to create image decoder with message 'unimplemented'
05-07 12:58:04.935 19412 19610 D skia    : --- Failed to create image decoder with message 'unimplemented'
05-07 12:58:04.999 19412 19610 D skia    : --- Failed to create image decoder with message 'unimplemented'
05-07 12:58:05.173 21344 21394 W DynamiteModule: Local module descriptor class for com.google.android.gms.crash not found.
05-07 12:58:05.313 21344 21383 I org.webrtc.Logging: CrashStartupListener: Checking conference crashes for 1 account(s).
05-07 12:58:05.342 21344 21394 I DynamiteLoaderV2Impl: [71] Dynamitemodulesc
05-07 12:58:05.348 32605  6927 I MdiSyncModule: Receiving API connection from package 'com.google.android.gm'...
05-07 12:58:05.366 21344 21394 W ogle.android.g: ClassLoaderContext type mismatch. expected=PCL, found=DLC (PCL[] | DLC[];PCL[/data/app/com.google.android.gm-srwu9oFAf9zfFiUgjDNnQA==/base.apk*3878927487:/data/app/com.google.android.gm-srwu9oFAf9zfFiUgjDNnQA==/base.apk!classes2.dex*1805866422:/data/app/com.google.android.gm-srwu9oFAf9zfFiUgjDNnQA==/base.apk!classes3.dex*583362878:/data/app/com.google.android.gm-srwu9oFAf9zfFiUgjDNnQA==/base.apk!classes4.dex*1501916039:/data/app/com.google.android.gm-srwu9oFAf9zfFiUgjDNnQA==/base.apk!classes5.dex*4125667961]{PCL[/system/framework/org.apache.http.legacy.jar*1038351580]})
05-07 12:58:05.372 32605  6927 I MdiSyncModule: API connection successful!
05-07 12:58:05.373 21344 21394 W ogle.android.g: Found duplicate classes, falling back to extracting from APK : /data/user_de/0/com.google.android.gms/app_chimera/m/00000189/DynamiteModulesC.apk
05-07 12:58:05.373 21344 21394 W ogle.android.g: NOTE: This wastes RAM and hurts startup performance.
05-07 12:58:05.373 21344 21394 W ogle.android.g: Found duplicated class when checking oat files: 'La;' in /data/user_de/0/com.google.android.gms/app_chimera/m/00000189/DynamiteModulesC.apk and /data/app/com.google.android.gm-srwu9oFAf9zfFiUgjDNnQA==/base.apk
05-07 12:58:05.373 21344 21394 W ogle.android.g: 
05-07 12:58:05.459 21344 21394 I FirebaseCrashApiImpl: FirebaseCrashApiImpl created by ClassLoader dalvik.system.DelegateLastClassLoader[DexPathList[[zip file "/data/user_de/0/com.google.android.gms/app_chimera/m/00000189/DynamiteModulesC.apk"],nativeLibraryDirectories=[/data/user_de/0/com.google.android.gms/app_chimera/m/00000189/DynamiteModulesC.apk!/lib/arm64-v8a, /system/lib64, /vendor/lib64, /system/product/lib64]]]
05-07 12:58:05.481 21344 21395 I DynamiteModule: Considering local module com.google.android.gms.flags:3 and remote module com.google.android.gms.flags:3
05-07 12:58:05.482 21344 21395 I DynamiteModule: Selected local version of com.google.android.gms.flags
05-07 12:58:05.492   915  4466 D ConnectivityService: ConnectivityService NetworkRequestInfo binderDied(NetworkRequest [ TRACK_DEFAULT id=1783, [ Capabilities: INTERNET&NOT_RESTRICTED&TRUSTED Uid: 10079] ], android.os.BinderProxy@cf2f47f)
05-07 12:58:05.493   627   627 I Zygote  : Process 20275 exited due to signal 9 (Killed)
05-07 12:58:05.493   915  1366 D ConnectivityService: releasing NetworkRequest [ TRACK_DEFAULT id=1783, [ Capabilities: INTERNET&NOT_RESTRICTED&TRUSTED Uid: 10079] ] (release request)
05-07 12:58:05.502 21344 21395 W DynamiteModule: Local module descriptor class for com.google.android.gms.crash not found.
05-07 12:58:05.521   915  1017 I libprocessgroup: Successfully killed process cgroup uid 10079 pid 20275 in 593ms
05-07 12:58:05.570 21344 21395 I FirebaseCrashApiImpl: FirebaseCrash reporting API initialized
05-07 12:58:05.570 21344 21395 W FirebaseCrashAnalytics: Unable to log event, missing Google Analytics for Firebase library
05-07 12:58:05.584 21072 21096 I .apps.messagin: Waiting for a blocking GC ProfileSaver
05-07 12:58:05.589 19412 19610 W fb4a.ReqContexts: continueFromDirect() replaced by create()
05-07 12:58:05.597 19412 19610 D skia    : --- Failed to create image decoder with message 'unimplemented'
05-07 12:58:05.600 19412 19610 D skia    : --- Failed to create image decoder with message 'unimplemented'
05-07 12:58:05.615 19412 19610 D skia    : --- Failed to create image decoder with message 'unimplemented'
05-07 12:58:05.639 19412 19610 D skia    : --- Failed to create image decoder with message 'unimplemented'
05-07 12:58:05.643 19412 21207 D skia    : --- Failed to create image decoder with message 'unimplemented'
05-07 12:58:05.662 19412 21207 D skia    : --- Failed to create image decoder with message 'unimplemented'
05-07 12:58:05.665 21072 21096 I .apps.messagin: WaitForGcToComplete blocked ProfileSaver on AddRemoveAppImageSpace for 81.219ms
05-07 12:58:05.703 19412 21207 D skia    : --- Failed to create image decoder with message 'unimplemented'
05-07 12:58:05.704 19412 21207 D skia    : --- Failed to create image decoder with message 'unimplemented'
05-07 12:58:05.712 21344 21419 W aeaq    : Toggling Chat components off.
05-07 12:58:05.718 21344 21419 W aeaq    : Toggling Meet components on.
05-07 12:58:05.739 19412 19638 W fb4a.ReqContexts: continueFromDirect() replaced by create()
05-07 12:58:05.752 19412 19522 D skia    : --- Failed to create image decoder with message 'unimplemented'
05-07 12:58:05.754 19412 19522 I chatty  : uid=10134(com.facebook.katana) identical 19 lines
05-07 12:58:05.754 19412 19522 D skia    : --- Failed to create image decoder with message 'unimplemented'
05-07 12:58:05.755 19412 21430 W fb4a.ReqContexts: continueFromDirect() replaced by create()
05-07 12:58:05.764 19412 19522 D skia    : --- Failed to create image decoder with message 'unimplemented'
05-07 12:58:05.781   915  4223 W ActivityManager: Unable to start service Intent { cmp=com.google.android.gm/com.android.email.service.AttachmentService } U=0: not found
05-07 12:58:05.784 19412 21207 W fb4a.ReqContexts: continueFromDirect() replaced by create()
05-07 12:58:05.787 19412 19522 D skia    : --- Failed to create image decoder with message 'unimplemented'
05-07 12:58:05.824 32605 21434 I PmtsSwAccountIntentOp: Processing intent action=android.accounts.LOGIN_ACCOUNTS_CHANGED
05-07 12:58:05.824 32605 21434 I PmtsSwAccountIntentOp: Account added has already been processed
05-07 12:58:05.827  1970 21431 W WakefulBroadcastReceiv.: No active wake lock id #44
05-07 12:58:05.845 18973 18973 I BgTaskExecutorImpl: Starting EXCLUSIVE background task PROCESS_ACCOUNT_CHANGE.
05-07 12:58:05.848 18973 20301 I Search.LoginHelperImpl: #refresh()
05-07 12:58:05.848 18973 20301 I Search.LoginHelperImpl: Getting accounts.
05-07 12:58:05.873 21344 21407 W aeaq    : Toggling Chat components off.
05-07 12:58:05.877 21344 21407 W aeaq    : Toggling Meet components on.
05-07 12:58:05.880   627   627 D Zygote  : Forked child process 21446
05-07 12:58:05.887   915  1014 I ActivityManager: Start proc 21446:com.google.process.gapps/u0a122 for broadcast {com.google.android.syncadapters.contacts/com.google.android.syncadapters.contacts.ContactsSyncAdapterBroadcastReceiver}
05-07 12:58:05.898 21446 21446 E e.process.gapp: Not starting debugger since process cannot load the jdwp agent.
05-07 12:58:05.915 19412 19522 D skia    : --- Failed to create image decoder with message 'unimplemented'
05-07 12:58:05.944   915  7118 D BackupTransportManager: Transport com.google.android.gms/.backup.BackupTransportService updated its attributes
05-07 12:58:05.946 21446 21446 D ApplicationLoaders: Returning zygote-cached class loader: /system/framework/android.hidl.base-V1.0-java.jar
05-07 12:58:05.946 21446 21446 D ApplicationLoaders: Returning zygote-cached class loader: /system/framework/android.hidl.manager-V1.0-java.jar
05-07 12:58:05.946 21446 21446 D ApplicationLoaders: Returning zygote-cached class loader: /system/framework/android.hidl.base-V1.0-java.jar
05-07 12:58:05.951 21446 21446 I e.process.gapp: The ClassLoaderContext is a special shared library.
05-07 12:58:05.953   915  4223 I ActivityManager: Killing 20380:com.google.android.youtube/u0a71 (adj 985): empty #17
05-07 12:58:06.002   915  2354 D ConnectivityService: ConnectivityService NetworkRequestInfo binderDied(NetworkRequest [ TRACK_DEFAULT id=1788, [ Capabilities: INTERNET&NOT_RESTRICTED&TRUSTED Uid: 10071] ], android.os.BinderProxy@4b2f5b1)
05-07 12:58:06.002   915  4466 D ConnectivityService: ConnectivityService NetworkRequestInfo binderDied(NetworkRequest [ LISTEN id=1787, [ Capabilities: INTERNET&NOT_RESTRICTED&TRUSTED&FOREGROUND Uid: 10071] ], android.os.BinderProxy@ef4ba96)
05-07 12:58:06.003   627   627 I Zygote  : Process 20380 exited due to signal 9 (Killed)
05-07 12:58:06.003   915  4287 D ConnectivityService: ConnectivityService NetworkRequestInfo binderDied(NetworkRequest [ TRACK_DEFAULT id=1786, [ Capabilities: INTERNET&NOT_RESTRICTED&TRUSTED Uid: 10071] ], android.os.BinderProxy@5115617)
05-07 12:58:06.005   915  1366 D ConnectivityService: releasing NetworkRequest [ TRACK_DEFAULT id=1788, [ Capabilities: INTERNET&NOT_RESTRICTED&TRUSTED Uid: 10071] ] (release request)
05-07 12:58:06.007   915  1366 D ConnectivityService: releasing NetworkRequest [ TRACK_DEFAULT id=1786, [ Capabilities: INTERNET&NOT_RESTRICTED&TRUSTED Uid: 10071] ] (release request)
05-07 12:58:06.012 19412 19430 W facebook.katan: Suspending all threads took: 164.187ms
05-07 12:58:06.015 19412 19522 D skia    : --- Failed to create image decoder with message 'unimplemented'
05-07 12:58:06.020 21446 21446 I GoogleHttpClient: GMS http client unavailable, use old client
05-07 12:58:06.045   915  1017 I libprocessgroup: Successfully killed process cgroup uid 10071 pid 20380 in 90ms
05-07 12:58:06.068   627   627 D Zygote  : Forked child process 21470
05-07 12:58:06.070   915  1014 I ActivityManager: Start proc 21470:com.google.android.talk/u0a120 for broadcast {com.google.android.talk/com.google.android.apps.hangouts.service.broadcastreceiver.AccountRefreshReceiver}
05-07 12:58:06.086 21470 21470 E le.android.tal: Not starting debugger since process cannot load the jdwp agent.
05-07 12:58:06.093   915  7815 I ActivityManager: Killing 20554:com.google.android.apps.tachyon/u0a144 (adj 985): empty #17
05-07 12:58:06.095   687   687 E lowmemorykiller: Error writing /proc/20554/oom_score_adj; errno=22
05-07 12:58:06.117 18973 18973 I BgTaskExecutorImpl: Starting EXCLUSIVE background task PROACTIVE_NET_RECOVERY_RUN_REQUEST_MANAGER.
05-07 12:58:06.140   627   627 I Zygote  : Process 20554 exited due to signal 9 (Killed)
05-07 12:58:06.146 21470 21470 I le.android.tal: The ClassLoaderContext is a special shared library.
05-07 12:58:06.169   915  1017 I libprocessgroup: Successfully killed process cgroup uid 10144 pid 20554 in 75ms
05-07 12:58:06.188 18973 19009 W SearchServiceCore: Abort, client detached.
05-07 12:58:06.207 21470 21470 W le.android.tal: Accessing hidden field Ljava/util/Collections$SynchronizedCollection;->mutex:Ljava/lang/Object; (greylist-max-o, reflection, denied)
05-07 12:58:06.208 21470 21470 W le.android.tal: Accessing hidden method Ljava/util/Collections$SynchronizedSet;-><init>(Ljava/util/Set;Ljava/lang/Object;)V (greylist-max-o, reflection, denied)
05-07 12:58:06.208 21470 21470 W le.android.tal: Accessing hidden method Ljava/util/Collections$SynchronizedCollection;-><init>(Ljava/util/Collection;Ljava/lang/Object;)V (greylist-max-o, reflection, denied)
05-07 12:58:06.401 21113 21136 I oid.apps.photo: Waiting for a blocking GC ProfileSaver
05-07 12:58:06.466 21470 21505 E SQLiteLog: (1) no such table: mmsconfig
05-07 12:58:06.469 21470 21505 E gnf     : Babel_SMS: canonicalizeMccMnc: invalid mccmnc nullnull
05-07 12:58:06.534 21113 21136 I oid.apps.photo: WaitForGcToComplete blocked ProfileSaver on AddRemoveAppImageSpace for 132.411ms
05-07 12:58:06.863   915  2354 I ActivityManager: Killing 20636:com.google.android.play.games/u0a316 (adj 985): empty #17
05-07 12:58:06.872   687   687 E lowmemorykiller: Error writing /proc/20636/oom_score_adj; errno=22
05-07 12:58:06.888   627   627 D Zygote  : Forked child process 21540
05-07 12:58:06.891   915  1014 I ActivityManager: Start proc 21540:com.google.android.videos/u0a79 for broadcast {com.google.android.videos/com.google.android.apps.play.movies.common.store.sync.accounts.AccountsChangedBroadcastReceiver}
05-07 12:58:06.901 21540 21540 E .android.video: Not starting debugger since process cannot load the jdwp agent.
05-07 12:58:06.913   627   627 I Zygote  : Process 20636 exited due to signal 9 (Killed)
05-07 12:58:06.952   915  1017 I libprocessgroup: Successfully killed process cgroup uid 10316 pid 20636 in 88ms
05-07 12:58:06.957 21540 21540 I .android.video: The ClassLoaderContext is a special shared library.
05-07 12:58:06.964   808 19918 I chatty  : uid=1013(media) expire 149 lines
05-07 12:58:07.405 19412 21430 W fb4a.ReqContexts: continueFromDirect() replaced by create()
05-07 12:58:07.512 19412 21207 W fb4a.ReqContexts: continueFromDirect() replaced by create()
05-07 12:58:07.532 19412 19631 W fb4a.ReqContexts: continueFromDirect() replaced by create()
05-07 12:58:07.558 21540 21575 W PlayMovies: dvm.run:2 User config found
05-07 12:58:07.558 21540 21575 W PlayMovies: 
05-07 12:58:07.560 21540 21575 W PlayMovies: dvm.run:4 Loading user config
05-07 12:58:07.560 21540 21575 W PlayMovies: 
05-07 12:58:07.564   627   627 D Zygote  : Forked child process 21576
05-07 12:58:07.576   915  1014 I ActivityManager: Start proc 21576:com.android.vending/u0a55 for service {com.android.vending/com.google.android.finsky.contentfilterui.ContentFiltersService}
05-07 12:58:07.583 21576 21576 E android.vendin: Not starting debugger since process cannot load the jdwp agent.
05-07 12:58:07.616 21172 21191 I .apps.safetyhu: Waiting for a blocking GC ProfileSaver
05-07 12:58:07.652 21576 21576 I android.vendin: The ClassLoaderContext is a special shared library.
05-07 12:58:07.735 21540 21595 W .android.video: Accessing hidden field Ljava/util/Collections$SynchronizedCollection;->mutex:Ljava/lang/Object; (greylist-max-o, reflection, denied)
05-07 12:58:07.735 21540 21595 W .android.video: Accessing hidden method Ljava/util/Collections$SynchronizedSet;-><init>(Ljava/util/Set;Ljava/lang/Object;)V (greylist-max-o, reflection, denied)
05-07 12:58:07.736 21540 21595 W .android.video: Accessing hidden method Ljava/util/Collections$SynchronizedCollection;-><init>(Ljava/util/Collection;Ljava/lang/Object;)V (greylist-max-o, reflection, denied)
05-07 12:58:07.737 21172 21191 I .apps.safetyhu: WaitForGcToComplete blocked ProfileSaver on AddRemoveAppImageSpace for 120.715ms
05-07 12:58:07.784 19412 21207 W fb4a.ReqContexts: continueFromDirect() replaced by create()
05-07 12:58:07.834 21540 21540 W PlayMovies: bot.onCreate:64 Installer Package: com.android.vending
05-07 12:58:07.834 21540 21540 W PlayMovies: 
05-07 12:58:07.901 21576 21576 W android.vendin: JIT profile information will not be recorded: profile file does not exits.
05-07 12:58:07.902 21576 21576 W android.vendin: JIT profile information will not be recorded: profile file does not exits.
05-07 12:58:07.958 21540 21540 V MediaRouter: Selecting route: RouteInfo{ name=Phone, description=null, status=null, category=RouteCategory{ name=System types=ROUTE_TYPE_LIVE_AUDIO ROUTE_TYPE_LIVE_VIDEO  groupable=false }, supportedTypes=ROUTE_TYPE_LIVE_AUDIO ROUTE_TYPE_LIVE_VIDEO , presentationDisplay=null }
05-07 12:58:07.979 21540 21540 W MediaSessionCompat: Couldn't find a unique registered media button receiver in the given context.
05-07 12:58:08.022 21576 21576 I Finsky  : [2] hew.aA(5): Process created at version: 24.6.31-21 [0] [PR] 364955343
05-07 12:58:08.040 19412 21207 W fb4a.0rI: Called user scoped provider with no viewer. ViewerContextManager was created with no ViewerContext. Using EmptyViewerContextManager to return fake logged in instance.
05-07 12:58:08.120   915  2354 D ConnectivityService: requestNetwork for uid/pid:10079/21540 NetworkRequest [ TRACK_DEFAULT id=1793, [ Capabilities: INTERNET&NOT_RESTRICTED&TRUSTED Uid: 10079] ]
05-07 12:58:08.122   915  1357 D WifiNetworkFactory: got request NetworkRequest [ TRACK_DEFAULT id=1793, [ Capabilities: INTERNET&NOT_RESTRICTED&TRUSTED Uid: 10079] ] with score 50 and serial 3
05-07 12:58:08.123   915  1357 D UntrustedWifiNetworkFactory: got request NetworkRequest [ TRACK_DEFAULT id=1793, [ Capabilities: INTERNET&NOT_RESTRICTED&TRUSTED Uid: 10079] ] with score 50 and serial 3
05-07 12:58:08.123  1675  1675 D PhoneSwitcherNetworkRequstListener: got request NetworkRequest [ TRACK_DEFAULT id=1793, [ Capabilities: INTERNET&NOT_RESTRICTED&TRUSTED Uid: 10079] ] with score 50 and serial 3
05-07 12:58:08.123   915  1417 D Ethernet: got request NetworkRequest [ TRACK_DEFAULT id=1793, [ Capabilities: INTERNET&NOT_RESTRICTED&TRUSTED Uid: 10079] ] with score 50 and serial 3
05-07 12:58:08.138 21213 21232 I .apps.wellbein: Waiting for a blocking GC ProfileSaver
05-07 12:58:08.268 21246 21318 E FirebaseInstanceId: Failed to get FIS auth token
05-07 12:58:08.268 21246 21318 E FirebaseInstanceId: java.util.concurrent.ExecutionException: com.google.firebase.installations.FirebaseInstallationsException: Firebase Installations Service is unavailable. Please try again later.
05-07 12:58:08.268 21246 21318 E FirebaseInstanceId: 	at cal.rlf.c(PG:3)
05-07 12:58:08.268 21246 21318 E FirebaseInstanceId: 	at cal.rlf.a(PG:23)
05-07 12:58:08.268 21246 21318 E FirebaseInstanceId: 	at cal.accm.a(PG:17)
05-07 12:58:08.268 21246 21318 E FirebaseInstanceId: 	at cal.acbz.a(Unknown Source:25)
05-07 12:58:08.268 21246 21318 E FirebaseInstanceId: 	at cal.rkf.run(PG:1)
05-07 12:58:08.268 21246 21318 E FirebaseInstanceId: 	at java.util.concurrent.ThreadPoolExecutor.runWorker(ThreadPoolExecutor.java:1167)
05-07 12:58:08.268 21246 21318 E FirebaseInstanceId: 	at java.util.concurrent.ThreadPoolExecutor$Worker.run(ThreadPoolExecutor.java:641)
05-07 12:58:08.268 21246 21318 E FirebaseInstanceId: 	at cal.qtz.run(PG:2)
05-07 12:58:08.268 21246 21318 E FirebaseInstanceId: 	at java.lang.Thread.run(Thread.java:919)
05-07 12:58:08.268 21246 21318 E FirebaseInstanceId: Caused by: com.google.firebase.installations.FirebaseInstallationsException: Firebase Installations Service is unavailable. Please try again later.
05-07 12:58:08.268 21246 21318 E FirebaseInstanceId: 	at cal.acdt.b(PG:48)
05-07 12:58:08.268 21246 21318 E FirebaseInstanceId: 	at cal.accw.run(Unknown Source:38)
05-07 12:58:08.268 21246 21318 E FirebaseInstanceId: 	at java.util.concurrent.ThreadPoolExecutor.runWorker(ThreadPoolExecutor.java:1167)
05-07 12:58:08.268 21246 21318 E FirebaseInstanceId: 	at java.util.concurrent.ThreadPoolExecutor$Worker.run(ThreadPoolExecutor.java:641)
05-07 12:58:08.268 21246 21318 E FirebaseInstanceId: 	... 1 more
05-07 12:58:08.339 21540 21540 V MediaRouter: Selecting route: RouteInfo{ name=Phone, description=null, status=null, category=RouteCategory{ name=System types=ROUTE_TYPE_LIVE_AUDIO ROUTE_TYPE_LIVE_VIDEO  groupable=false }, supportedTypes=ROUTE_TYPE_LIVE_AUDIO ROUTE_TYPE_LIVE_VIDEO , presentationDisplay=null }
05-07 12:58:08.359 21576 21612 I Finsky  : [18253] aczh.a(18): Finished reading experiment flags from file [0tGUNCGIkbk4o6-fQ335kUYSKwVj4lusnHT-A5Dsy08].
05-07 12:58:08.359 21213 21232 I .apps.wellbein: WaitForGcToComplete blocked ProfileSaver on AddRemoveAppImageSpace for 221.353ms
05-07 12:58:08.378   627   627 D Zygote  : Forked child process 21627
05-07 12:58:08.379   915  1014 W ActivityManager: Slow operation: 61ms so far, now at startProcess: returned from zygote!
05-07 12:58:08.383   915  1014 W ActivityManager: Slow operation: 65ms so far, now at startProcess: done updating battery stats
05-07 12:58:08.383   915  1014 W ActivityManager: Slow operation: 65ms so far, now at startProcess: building log message
05-07 12:58:08.383   915  1014 I ActivityManager: Start proc 21627:com.google.android.youtube/u0a71 for broadcast {com.google.android.youtube/com.google.android.libraries.notifications.entrypoints.accountchanged.AccountChangedReceiver}
05-07 12:58:08.383   915  1014 W ActivityManager: Slow operation: 65ms so far, now at startProcess: starting to update pids map
05-07 12:58:08.384   915  1014 W ActivityManager: Slow operation: 65ms so far, now at startProcess: done updating pids map
05-07 12:58:08.388 21627 21627 E android.youtub: Not starting debugger since process cannot load the jdwp agent.
05-07 12:58:08.486 21627 21627 I android.youtub: The ClassLoaderContext is a special shared library.
05-07 12:58:08.512 21576 21622 W android.vendin: Verification of void njx.n() took 154.349ms
05-07 12:58:08.515 21540 21623 W PlayMovies: dxz.a:2 Start clean up task with reason 2
05-07 12:58:08.515 21540 21623 W PlayMovies: 
05-07 12:58:08.515 21540 21623 W PlayMovies: dxz.a:3 Start cleanup unpinned content
05-07 12:58:08.515 21540 21623 W PlayMovies: 
05-07 12:58:08.562  1970  1982 I .gms.persisten: Background concurrent copying GC freed 183973(9049KB) AllocSpace objects, 48(2732KB) LOS objects, 49% free, 11MB/23MB, paused 60us total 139.089ms
05-07 12:58:08.610 21540 21623 W PlayMovies: dxz.a:31 Done cleanup unpinned content: removed 0 files
05-07 12:58:08.610 21540 21623 W PlayMovies: 
05-07 12:58:08.627 21246 21265 I ndroid.calenda: Waiting for a blocking GC ProfileSaver
05-07 12:58:08.710 21627 21627 W android.youtub: JIT profile information will not be recorded: profile file does not exits.
05-07 12:58:08.710 21627 21627 I chatty  : uid=10071(com.google.android.youtube) identical 1 line
05-07 12:58:08.710 21627 21627 W android.youtub: JIT profile information will not be recorded: profile file does not exits.
05-07 12:58:08.725 21576 21609 I Finsky  : [18250] aczh.a(18): Finished reading experiment flags from file [fXDZfk20coXiUnU_A_4Ko1uCTDGBHmbuhpepA_BDuyY].
05-07 12:58:08.727 21072 21072 V ClearcutMetricXmitter: Transmission is done.
05-07 12:58:08.734 21576 21576 I Finsky  : [2] aczh.a(18): Finished reading experiment flags from file [Se-xCc4LzNyh3UrKMIU2sUf-PUKz4oQEbpKZDMuaFno].
05-07 12:58:08.742 21576 21576 I Finsky  : [2] agnf.<init>(3): Resetting scheduler db
05-07 12:58:08.757 21576 21609 I Finsky  : [18250] aoog.a(2): Not a unicorn account
05-07 12:58:08.762 19412 21430 W fb4a.ReqContexts: continueFromDirect() replaced by create()
05-07 12:58:08.792 21540 21625 W VideoCapabilities: Unrecognized profile 2130706433 for video/avc
05-07 12:58:08.792 21540 21625 W VideoCapabilities: Unrecognized profile 2130706434 for video/avc
05-07 12:58:08.801 21540 21574 W .android.video: Verification of void com.android.org.conscrypt.SSLParametersImpl.<init>(com.android.org.conscrypt.ClientSessionContext, com.android.org.conscrypt.ServerSessionContext, javax.net.ssl.X509KeyManager, com.android.org.conscrypt.PSKKeyManager, javax.net.ssl.X509TrustManager, com.android.org.conscrypt.SSLParametersImpl) took 333.935ms
05-07 12:58:08.822 21576 21674 W android.vendin: Accessing hidden field Ljava/util/Collections$SynchronizedCollection;->mutex:Ljava/lang/Object; (greylist-max-o, reflection, denied)
05-07 12:58:08.822 21576 21674 W android.vendin: Accessing hidden method Ljava/util/Collections$SynchronizedSet;-><init>(Ljava/util/Set;Ljava/lang/Object;)V (greylist-max-o, reflection, denied)
05-07 12:58:08.822 21576 21674 W android.vendin: Accessing hidden method Ljava/util/Collections$SynchronizedCollection;-><init>(Ljava/util/Collection;Ljava/lang/Object;)V (greylist-max-o, reflection, denied)
05-07 12:58:08.824   915  4615 D ConnectivityService: requestNetwork for uid/pid:10055/21576 NetworkRequest [ TRACK_DEFAULT id=1794, [ Capabilities: INTERNET&NOT_RESTRICTED&TRUSTED Uid: 10055] ]
05-07 12:58:08.825  1675  1675 D PhoneSwitcherNetworkRequstListener: got request NetworkRequest [ TRACK_DEFAULT id=1794, [ Capabilities: INTERNET&NOT_RESTRICTED&TRUSTED Uid: 10055] ] with score 50 and serial 3
05-07 12:58:08.825   915  1357 D WifiNetworkFactory: got request NetworkRequest [ TRACK_DEFAULT id=1794, [ Capabilities: INTERNET&NOT_RESTRICTED&TRUSTED Uid: 10055] ] with score 50 and serial 3
05-07 12:58:08.825   915  1357 D UntrustedWifiNetworkFactory: got request NetworkRequest [ TRACK_DEFAULT id=1794, [ Capabilities: INTERNET&NOT_RESTRICTED&TRUSTED Uid: 10055] ] with score 50 and serial 3
05-07 12:58:08.825   915  1417 D Ethernet: got request NetworkRequest [ TRACK_DEFAULT id=1794, [ Capabilities: INTERNET&NOT_RESTRICTED&TRUSTED Uid: 10055] ] with score 50 and serial 3
05-07 12:58:08.826 21576 21611 I cr_CronetLibraryLoader: Cronet version: 90.0.4430.19, arch: aarch64
05-07 12:58:08.849 21072 21072 V ClearcutMetricXmitter: Transmission is done.
05-07 12:58:08.947 21576 21609 I Finsky  : [18250] acav.<init>(3): PackageMonitorReceiverImpl - Registering in memory receiver for android.intent.action.PACKAGE_ADDED and android.intent.action.PACKAGE_REMOVED
05-07 12:58:08.949   618 21693 E ResolverController: No valid NAT64 prefix (100, <unspecified>/0)
05-07 12:58:08.991 21278 21304 I viders.calenda: Waiting for a blocking GC ProfileSaver
05-07 12:58:09.052 21576 21609 W Settings: Setting download_manager_max_bytes_over_mobile has moved from android.provider.Settings.Secure to android.provider.Settings.Global.
05-07 12:58:09.055 21576 21609 I Finsky  : [18250] zqz.i(3): SettingNotFoundException, fall through to G.downloadBytesOverMobileMaximum
05-07 12:58:09.055 21576 21609 W Settings: Setting download_manager_recommended_max_bytes_over_mobile has moved from android.provider.Settings.Secure to android.provider.Settings.Global.
05-07 12:58:09.059 21278 21304 I viders.calenda: WaitForGcToComplete blocked ProfileSaver on AddRemoveAppImageSpace for 67.789ms
05-07 12:58:09.066 21246 21265 I ndroid.calenda: WaitForGcToComplete blocked ProfileSaver on HeapTrim for 438.965ms
05-07 12:58:09.075 21576 21609 I Finsky  : [18250] zqz.j(3): SettingNotFoundException, fall through to G.downloadBytesOverMobileRecommended
05-07 12:58:09.092 21576 21609 I Finsky  : [18250] baot.c(2): registerListener
05-07 12:58:09.116 21576 21609 I Finsky  : [18250] baot.c(2): registerListener
05-07 12:58:09.118 21576 21609 I Finsky  : [18250] wxs.n(5): Enqueuing libraries load for 1503554425
05-07 12:58:09.119 21576 21681 I Finsky  : [18267] wxs.o(1): Starting libraries load for 1503554425
05-07 12:58:09.122 21540 21574 W .android.video: Verification of java.lang.String[] com.android.org.conscrypt.KeyManagerImpl.chooseAlias(java.lang.String[], java.security.Principal[]) took 131.007ms
05-07 12:58:09.142 21627 21708 W YouTube : Fetching the Gservices key 'failsafe_clear_cache_release_13_02' before the end of the bulk initialization
05-07 12:58:09.205 21540 21574 D NetworkSecurityConfig: No Network Security Config specified, using platform default
05-07 12:58:09.256 21627 21723 W android.youtub: Accessing hidden field Ljava/util/Collections$SynchronizedCollection;->mutex:Ljava/lang/Object; (greylist-max-o, reflection, denied)
05-07 12:58:09.257 21627 21723 W android.youtub: Accessing hidden method Ljava/util/Collections$SynchronizedSet;-><init>(Ljava/util/Set;Ljava/lang/Object;)V (greylist-max-o, reflection, denied)
05-07 12:58:09.257 21627 21723 W android.youtub: Accessing hidden method Ljava/util/Collections$SynchronizedCollection;-><init>(Ljava/util/Collection;Ljava/lang/Object;)V (greylist-max-o, reflection, denied)
05-07 12:58:09.265 21576 21609 I Finsky  : [18250] ljc.j(3): Subscription detail: DataSubscriptionInfo{groupIdLevel1=FF, serviceProviderName=airtel}
05-07 12:58:09.266 21576 21679 I Finsky  : [18266] amhw.run(4): SysUA: Set SystemUpdateActivity enabled state to 1
05-07 12:58:09.338 21576 21609 I Finsky  : [18250] aqyw.v(2): Setup app restrictions monitor
05-07 12:58:09.375 21576 21609 I Finsky  : [18250] aras.a(3): Device wide unknown source restriction is changed.
05-07 12:58:09.432   618 21734 E ResolverController: No valid NAT64 prefix (100, <unspecified>/0)
05-07 12:58:09.636 21627 21706 W GooglePlayServicesUtil: Google Play services out of date for com.google.android.youtube.  Requires 211290000 but found 210915037
05-07 12:58:09.645 19412 21207 W fb4a.ReqContexts: continueFromDirect() replaced by create()
05-07 12:58:09.689 21627 21718 E GEL_DELAYED_EVENT_DEBUG: Failed delayed event dispatch, no dispatchers.
05-07 12:58:09.727 21344 21366 I ogle.android.g: Waiting for a blocking GC ProfileSaver
05-07 12:58:09.877   915  7479 D ConnectivityService: requestNetwork for uid/pid:10071/21627 NetworkRequest [ TRACK_DEFAULT id=1796, [ Capabilities: INTERNET&NOT_RESTRICTED&TRUSTED Uid: 10071] ]
05-07 12:58:09.882  1675  1675 D PhoneSwitcherNetworkRequstListener: got request NetworkRequest [ TRACK_DEFAULT id=1796, [ Capabilities: INTERNET&NOT_RESTRICTED&TRUSTED Uid: 10071] ] with score 50 and serial 3
05-07 12:58:09.882   915  1357 D WifiNetworkFactory: got request NetworkRequest [ TRACK_DEFAULT id=1796, [ Capabilities: INTERNET&NOT_RESTRICTED&TRUSTED Uid: 10071] ] with score 50 and serial 3
05-07 12:58:09.882   915  1357 D UntrustedWifiNetworkFactory: got request NetworkRequest [ TRACK_DEFAULT id=1796, [ Capabilities: INTERNET&NOT_RESTRICTED&TRUSTED Uid: 10071] ] with score 50 and serial 3
05-07 12:58:09.882   915  1417 D Ethernet: got request NetworkRequest [ TRACK_DEFAULT id=1796, [ Capabilities: INTERNET&NOT_RESTRICTED&TRUSTED Uid: 10071] ] with score 50 and serial 3
05-07 12:58:09.966 21627 21762 I DynamiteLoaderV2Impl: [71] MeasurementDynamite.integ
05-07 12:58:09.971 21627 21762 W android.youtub: ClassLoaderContext type mismatch. expected=PCL, found=DLC (PCL[] | DLC[];PCL[/data/app/com.google.android.youtube-JVjw7qY3kKIDHI-noH2Mfw==/base.apk*2534864678:/data/app/com.google.android.youtube-JVjw7qY3kKIDHI-noH2Mfw==/base.apk!classes2.dex*3497530772:/data/app/com.google.android.youtube-JVjw7qY3kKIDHI-noH2Mfw==/base.apk!classes3.dex*3400355402:/data/app/com.google.android.youtube-JVjw7qY3kKIDHI-noH2Mfw==/base.apk!classes4.dex*277051688:/data/app/com.google.android.youtube-JVjw7qY3kKIDHI-noH2Mfw==/base.apk!classes5.dex*1801799173]{PCL[/system/framework/org.apache.http.legacy.jar*1038351580]})
05-07 12:58:09.974 21627 21762 W android.youtub: Found duplicate classes, falling back to extracting from APK : /data/user_de/0/com.google.android.gms/app_chimera/m/0000018d/dl-MeasurementDynamite.integ_218100000.apk
05-07 12:58:09.974 21627 21762 W android.youtub: NOTE: This wastes RAM and hurts startup performance.
05-07 12:58:09.974 21627 21762 W android.youtub: Found duplicated class when checking oat files: 'La;' in /data/app/com.google.android.youtube-JVjw7qY3kKIDHI-noH2Mfw==/base.apk and /data/user_de/0/com.google.android.gms/app_chimera/m/0000018d/dl-MeasurementDynamite.integ_218100000.apk
05-07 12:58:09.974 21627 21762 W android.youtub: 
05-07 12:58:09.998 19412 19610 W fb4a.ReqContexts: continueFromDirect() replaced by create()
05-07 12:58:10.104 21344 21366 I ogle.android.g: WaitForGcToComplete blocked ProfileSaver on ClassLinker for 376.807ms
05-07 12:58:10.117 32605 32605 D BoundBrokerSvc: onUnbind: Intent { act=com.google.android.gms.measurement.START pkg=com.google.android.gms }
05-07 12:58:10.336 21627 21727 W android.youtub: Verification of void com.android.org.conscrypt.EvpMdRef$SHA1.<clinit>() took 100.735ms
05-07 12:58:10.347 21627 21627 D JavaScriptCore.Version: 250230.2.1
05-07 12:58:10.391 21213 21225 W .apps.wellbein: Suspending all threads took: 122.972ms
05-07 12:58:10.618 21627 21762 W android.youtub: Verification of void jv.T(java.lang.String, java.lang.String, long, android.os.Bundle, boolean, boolean, boolean) took 120.750ms
05-07 12:58:10.625 19412 19631 W fb4a.ReqContexts: continueFromDirect() replaced by create()
05-07 12:58:10.701 21576 21681 I Finsky  : [18267] wxs.o(20): Loaded library for account: [nMTrrrEKNHsAbnFF1chKQSDIUCWmpgWIAmzvLmZiUKo]
05-07 12:58:10.778 21576 21681 I Finsky  : [18267] wxs.o(24): Finished loading 1 libraries.
05-07 12:58:10.982 21627 21627 V MediaRouter: Selecting route: RouteInfo{ name=Phone, description=null, status=null, category=RouteCategory{ name=System types=ROUTE_TYPE_LIVE_AUDIO ROUTE_TYPE_LIVE_VIDEO  groupable=false }, supportedTypes=ROUTE_TYPE_LIVE_AUDIO ROUTE_TYPE_LIVE_VIDEO , presentationDisplay=null }
05-07 12:58:10.991 21627 21793 W android.youtub: Verification of boolean hu.f(int, byte[]) took 137.010ms
05-07 12:58:11.068 21627 21627 V MediaRouter: Selecting route: RouteInfo{ name=Phone, description=null, status=null, category=RouteCategory{ name=System types=ROUTE_TYPE_LIVE_AUDIO ROUTE_TYPE_LIVE_VIDEO  groupable=false }, supportedTypes=ROUTE_TYPE_LIVE_AUDIO ROUTE_TYPE_LIVE_VIDEO , presentationDisplay=null }
05-07 12:58:11.086   808 19916 I chatty  : uid=1013(media) expire 30 lines
05-07 12:58:11.108 21627 21736 W android.youtub: Verification of int adu.e(aee, aec) took 180.475ms
05-07 12:58:11.140   627   627 D Zygote  : Forked child process 21799
05-07 12:58:11.141   915  1014 W ActivityManager: Slow operation: 52ms so far, now at startProcess: returned from zygote!
05-07 12:58:11.141   915  1014 W ActivityManager: Slow operation: 52ms so far, now at startProcess: done updating battery stats
05-07 12:58:11.141   915  1014 W ActivityManager: Slow operation: 52ms so far, now at startProcess: building log message
05-07 12:58:11.141   915  1014 I ActivityManager: Start proc 21799:com.google.android.apps.tachyon/u0a144 for broadcast {com.google.android.apps.tachyon/com.google.android.apps.tachyon.registration.SystemAccountChangedReceiver}
05-07 12:58:11.141   915  1014 W ActivityManager: Slow operation: 52ms so far, now at startProcess: starting to update pids map
05-07 12:58:11.142   915  1014 W ActivityManager: Slow operation: 53ms so far, now at startProcess: done updating pids map
05-07 12:58:11.158 21799 21799 E id.apps.tachyo: Not starting debugger since process cannot load the jdwp agent.
05-07 12:58:11.181 21470 21491 I le.android.tal: Waiting for a blocking GC ProfileSaver
05-07 12:58:11.262 21627 21793 W android.youtub: Verification of du lf.H(boolean) took 119.071ms
05-07 12:58:11.345 18973 18973 I BgTaskExecutorImpl: Starting EXCLUSIVE background task PROACTIVE_NET_RECOVERY_RUN_REQUEST_MANAGER.
05-07 12:58:11.351 21470 21491 I le.android.tal: WaitForGcToComplete blocked ProfileSaver on AddRemoveAppImageSpace for 170.107ms
05-07 12:58:11.414 21799 21799 W id.apps.tachyo: JIT profile information will not be recorded: profile file does not exits.
05-07 12:58:11.414 21799 21799 I chatty  : uid=10144(com.google.android.apps.tachyon) identical 1 line
05-07 12:58:11.414 21799 21799 W id.apps.tachyo: JIT profile information will not be recorded: profile file does not exits.
05-07 12:58:11.427 21627 21793 W android.youtub: Verification of void le.b(ao) took 162.652ms
05-07 12:58:11.443   915  1623 D ConnectivityService: requestNetwork for uid/pid:10071/21627 NetworkRequest [ TRACK_DEFAULT id=1798, [ Capabilities: INTERNET&NOT_RESTRICTED&TRUSTED Uid: 10071] ]
05-07 12:58:11.447   915  1357 D WifiNetworkFactory: got request NetworkRequest [ TRACK_DEFAULT id=1798, [ Capabilities: INTERNET&NOT_RESTRICTED&TRUSTED Uid: 10071] ] with score 50 and serial 3
05-07 12:58:11.447   915  1357 D UntrustedWifiNetworkFactory: got request NetworkRequest [ TRACK_DEFAULT id=1798, [ Capabilities: INTERNET&NOT_RESTRICTED&TRUSTED Uid: 10071] ] with score 50 and serial 3
05-07 12:58:11.448   915  1417 D Ethernet: got request NetworkRequest [ TRACK_DEFAULT id=1798, [ Capabilities: INTERNET&NOT_RESTRICTED&TRUSTED Uid: 10071] ] with score 50 and serial 3
05-07 12:58:11.448  1675  1675 D PhoneSwitcherNetworkRequstListener: got request NetworkRequest [ TRACK_DEFAULT id=1798, [ Capabilities: INTERNET&NOT_RESTRICTED&TRUSTED Uid: 10071] ] with score 50 and serial 3
05-07 12:58:11.505 18973 19009 W SearchServiceCore: Abort, client detached.
05-07 12:58:11.638 21540 21574 E PlayCommon: [18258] lyu.f: Failed to connect to server for server timestamp: java.net.ConnectException: Failed to connect to play.googleapis.com/142.250.183.106:443
05-07 12:58:11.657 21799 21823 W id.apps.tachyo: Accessing hidden field Ljava/util/Collections$SynchronizedCollection;->mutex:Ljava/lang/Object; (greylist-max-o, reflection, denied)
05-07 12:58:11.663 19412 21430 W fb4a.ReqContexts: continueFromDirect() replaced by create()
05-07 12:58:11.700 21799 21823 W id.apps.tachyo: Accessing hidden method Ljava/util/Collections$SynchronizedSet;-><init>(Ljava/util/Set;Ljava/lang/Object;)V (greylist-max-o, reflection, denied)
05-07 12:58:11.701 21799 21823 W id.apps.tachyo: Accessing hidden method Ljava/util/Collections$SynchronizedCollection;-><init>(Ljava/util/Collection;Ljava/lang/Object;)V (greylist-max-o, reflection, denied)
05-07 12:58:11.789   915  1623 I ActivityManager: Killing 20720:com.google.android.music:main/u0a108 (adj 985): empty #17
05-07 12:58:11.792   687   687 E lowmemorykiller: Error writing /proc/20720/oom_score_adj; errno=22
05-07 12:58:11.822 21627 21793 W android.youtub: Verification of void hq.<clinit>() took 229.644ms
05-07 12:58:11.889   915  4615 D ConnectivityService: ConnectivityService NetworkRequestInfo binderDied(NetworkRequest [ TRACK_DEFAULT id=1789, [ Capabilities: INTERNET&NOT_RESTRICTED&TRUSTED Uid: 10108] ], android.os.BinderProxy@5b3e0b)
05-07 12:58:11.889   627   627 I Zygote  : Process 20720 exited due to signal 9 (Killed)
05-07 12:58:11.893   915  1366 D ConnectivityService: releasing NetworkRequest [ TRACK_DEFAULT id=1789, [ Capabilities: INTERNET&NOT_RESTRICTED&TRUSTED Uid: 10108] ] (release request)
05-07 12:58:11.915   915  1017 I libprocessgroup: Successfully killed process cgroup uid 10108 pid 20720 in 122ms
05-07 12:58:11.975 21344 21359 W ogle.android.g: Suspending all threads took: 13.457ms
05-07 12:58:12.015 21540 21559 I .android.video: Waiting for a blocking GC ProfileSaver
05-07 12:58:12.042 21799 21844 W DynamiteModule: Local module descriptor class for com.google.android.gms.googlecertificates not found.
05-07 12:58:12.053 21799 21826 D EventBus: No subscribers registered for event class hue
05-07 12:58:12.053 21799 21826 D EventBus: No subscribers registered for event class txa
05-07 12:58:12.103 21627 21793 W android.youtub: Verification of java.lang.Object fq.a() took 148.266ms
05-07 12:58:12.167   915  4579 I ActivityManager: Killing 20789:com.android.chrome/u0a112 (adj 985): empty #17
05-07 12:58:12.169   687   687 E lowmemorykiller: Error writing /proc/20789/oom_score_adj; errno=22
05-07 12:58:12.179 21799 21849 W DynamiteModule: Local module descriptor class for com.google.android.gms.measurement.dynamite not found.
05-07 12:58:12.190   628   628 I Zygote  : Process 20789 exited due to signal 9 (Killed)
05-07 12:58:12.195 21799 21799 D EventBus: No subscribers registered for event class hue
05-07 12:58:12.195 21799 21799 D EventBus: No subscribers registered for event class txa
05-07 12:58:12.200   627   627 D Zygote  : Forked child process 21858
05-07 12:58:12.203   915  1014 I ActivityManager: Start proc 21858:com.google.android.play.games/u0a316 for broadcast {com.google.android.play.games/com.google.android.apps.play.games.lib.notifications.ChimeRegistrationBroadcastReceiver}
05-07 12:58:12.209 21799 21828 D EventBus: No subscribers registered for event class iqy
05-07 12:58:12.211   915  1017 I libprocessgroup: Successfully killed process cgroup uid 10112 pid 20789 in 43ms
05-07 12:58:12.215 21799 21828 D EventBus: No subscribers registered for event class txa
05-07 12:58:12.217 21858 21858 E roid.play.game: Not starting debugger since process cannot load the jdwp agent.
05-07 12:58:12.296 21540 21559 I .android.video: WaitForGcToComplete blocked ProfileSaver on ClassLinker for 281.797ms
05-07 12:58:12.338 21246 21318 E FirebaseInstanceId: Failed to get FIS auth token
05-07 12:58:12.338 21246 21318 E FirebaseInstanceId: java.util.concurrent.ExecutionException: com.google.firebase.installations.FirebaseInstallationsException: Firebase Installations Service is unavailable. Please try again later.
05-07 12:58:12.338 21246 21318 E FirebaseInstanceId: 	at cal.rlf.c(PG:3)
05-07 12:58:12.338 21246 21318 E FirebaseInstanceId: 	at cal.rlf.a(PG:23)
05-07 12:58:12.338 21246 21318 E FirebaseInstanceId: 	at cal.accm.a(PG:17)
05-07 12:58:12.338 21246 21318 E FirebaseInstanceId: 	at cal.acbz.a(Unknown Source:25)
05-07 12:58:12.338 21246 21318 E FirebaseInstanceId: 	at cal.rkf.run(PG:1)
05-07 12:58:12.338 21246 21318 E FirebaseInstanceId: 	at java.util.concurrent.ThreadPoolExecutor.runWorker(ThreadPoolExecutor.java:1167)
05-07 12:58:12.338 21246 21318 E FirebaseInstanceId: 	at java.util.concurrent.ThreadPoolExecutor$Worker.run(ThreadPoolExecutor.java:641)
05-07 12:58:12.338 21246 21318 E FirebaseInstanceId: 	at cal.qtz.run(PG:2)
05-07 12:58:12.338 21246 21318 E FirebaseInstanceId: 	at java.lang.Thread.run(Thread.java:919)
05-07 12:58:12.338 21246 21318 E FirebaseInstanceId: Caused by: com.google.firebase.installations.FirebaseInstallationsException: Firebase Installations Service is unavailable. Please try again later.
05-07 12:58:12.338 21246 21318 E FirebaseInstanceId: 	at cal.acdt.b(PG:48)
05-07 12:58:12.338 21246 21318 E FirebaseInstanceId: 	at cal.accw.run(Unknown Source:38)
05-07 12:58:12.338 21246 21318 E FirebaseInstanceId: 	at java.util.concurrent.ThreadPoolExecutor.runWorker(ThreadPoolExecutor.java:1167)
05-07 12:58:12.338 21246 21318 E FirebaseInstanceId: 	at java.util.concurrent.ThreadPoolExecutor$Worker.run(ThreadPoolExecutor.java:641)
05-07 12:58:12.338 21246 21318 E FirebaseInstanceId: 	... 1 more
05-07 12:58:12.371 21576 21576 I Finsky  : [2] aqdq.a(1): Warm data store was already initialized.
05-07 12:58:12.380   915  1893 I ActivityManager: Killing 20838:com.google.android.apps.docs/u0a127 (adj 985): empty #17
05-07 12:58:12.381   687   687 E lowmemorykiller: Error writing /proc/20838/oom_score_adj; errno=22
05-07 12:58:12.392 21576 21594 I Finsky  : [18247] aimf.h(7): Will not allow first-party apps signed by test keys
05-07 12:58:12.394 21576 21594 I Finsky  : [18247] dvy.a(6): Received content filters request from com.google.android.videos
05-07 12:58:12.404 21576 21576 I Finsky  : [2] szn.<init>(13): Installer: Setting Parallelism[DEFAULT]
05-07 12:58:12.417 21576 21576 I Finsky  : [2] swa.v(2): Installer: Attempting to start installer
05-07 12:58:12.449 21576 21576 I Finsky  : [2] baot.c(2): registerListener
05-07 12:58:12.495 21576 21576 I Finsky  : [2] ljb.onSubscriptionsChanged(1): onSubscriptionsChanged
05-07 12:58:12.585 21576 21612 D NetworkSecurityConfig: No Network Security Config specified, using platform default
05-07 12:58:12.680 21627 21793 W android.youtub: Verification of mq mo.b(java.lang.String, boolean) took 116.095ms
05-07 12:58:12.691 19412 19610 W fb4a.ReqContexts: continueFromDirect() replaced by create()
05-07 12:58:12.722 21858 21858 I GAv4-SVC: Google Analytics 210.7.90 is starting up.
05-07 12:58:13.003  1970  1970 D BoundBrokerSvc: onBind: Intent { act=com.google.android.gms.instantapps.START pkg=com.google.android.gms }
05-07 12:58:13.003  1970  1970 D BoundBrokerSvc: Loading bound service for intent: Intent { act=com.google.android.gms.instantapps.START pkg=com.google.android.gms }
05-07 12:58:13.055 21858 21900 W DynamiteModule: Local module descriptor class for com.google.android.gms.measurement.dynamite not found.
05-07 12:58:13.067 21576 21607 I android.vendin: Waiting for a blocking GC ProfileSaver
05-07 12:58:13.075 21799 21844 W id.apps.tachyo: Verification of android.content.Context dg.a(android.content.Context, java.lang.String, int, android.database.Cursor) took 322.064ms
05-07 12:58:13.240 21858 21900 I DynamiteLoaderV2Impl: [71] MeasurementDynamite.integ
05-07 12:58:13.263 21858 21900 W roid.play.game: ClassLoaderContext type mismatch. expected=PCL, found=DLC (PCL[] | DLC[];PCL[/data/app/com.google.android.play.games-YocxkpCxrHYBVQvl0LBZGA==/base.apk*3397677399:/data/app/com.google.android.play.games-YocxkpCxrHYBVQvl0LBZGA==/base.apk!classes2.dex*651447801])
05-07 12:58:13.264 21858 21900 W roid.play.game: Found duplicate classes, falling back to extracting from APK : /data/user_de/0/com.google.android.gms/app_chimera/m/0000018d/dl-MeasurementDynamite.integ_218100000.apk
05-07 12:58:13.264 21858 21900 W roid.play.game: NOTE: This wastes RAM and hurts startup performance.
05-07 12:58:13.264 21858 21900 W roid.play.game: Found duplicated class when checking oat files: 'La;' in /data/app/com.google.android.play.games-YocxkpCxrHYBVQvl0LBZGA==/base.apk and /data/user_de/0/com.google.android.gms/app_chimera/m/0000018d/dl-MeasurementDynamite.integ_218100000.apk
05-07 12:58:13.264 21858 21900 W roid.play.game: 
05-07 12:58:13.393   627   627 I Zygote  : Process 20838 exited due to signal 9 (Killed)
05-07 12:58:13.408 21858 21900 W DynamiteModule: Local module descriptor class for com.google.android.gms.measurement.dynamite not found.
05-07 12:58:13.431   915  1017 I libprocessgroup: Successfully killed process cgroup uid 10127 pid 20838 in 1049ms
05-07 12:58:13.436 21799 21844 W id.apps.tachyo: Verification of ey dg.c(android.content.Context, long) took 360.168ms
