05-07 11:07:13.271   915  2372 I chatty  : uid=1000 system_server expire 1 line
05-07 11:07:21.149  1454  2005 D PowerUI : can't show warning due to - plugged: true status unknown: false
05-07 11:08:21.107  1454  2005 D PowerUI : can't show warning due to - plugged: true status unknown: false
05-07 11:09:13.402 13354 13398 E ActivityThread: Failed to find provider info for com.dianxinos.dxbs.DuCandyCooProvider
05-07 11:09:13.408 13354 13398 E ActivityThread: Failed to find provider info for com.dianxinos.optimizer.duplay.DuCandyCooProvider
05-07 11:09:13.469 13354 13398 E ActivityThread: Failed to find provider info for com.estrongs.android.pop.DuCandyCooProvider
05-07 11:09:21.128  1454  2005 D PowerUI : can't show warning due to - plugged: true status unknown: false
05-07 11:10:21.109  1454  2005 D PowerUI : can't show warning due to - plugged: true status unknown: false
05-07 11:11:16.571   915  1014 I chatty  : uid=1000 system_server expire 12 lines
05-07 11:11:21.105  1454  2005 D PowerUI : can't show warning due to - plugged: true status unknown: false
05-07 11:12:21.106  1454  2005 D PowerUI : can't show warning due to - plugged: true status unknown: false
05-07 11:12:27.809   915  1014 I chatty  : uid=1000 system_server expire 1 line
05-07 11:12:28.366   915  7118 I chatty  : uid=1000 system_server expire 2 lines
05-07 11:12:30.073   915  1014 I chatty  : uid=1000 system_server expire 13 lines
05-07 11:12:31.023   915  4408 I chatty  : uid=1000 system_server expire 1 line
05-07 11:12:32.324   915  1014 I chatty  : uid=1000 system_server expire 42 lines
05-07 11:12:32.470   915  2617 I chatty  : uid=1000 system_server expire 1 line
05-07 11:12:32.635   915   986 I chatty  : uid=1000 system_server expire 8 lines
05-07 11:12:32.640   915   915 I chatty  : uid=1000 system_server expire 19 lines
05-07 11:12:32.643 13895 13951 D ActivityThread: Loading provider call_log_shadow: com.android.providers.contacts.ShadowCallLogProvider
05-07 11:12:32.663   915  2372 I chatty  : uid=1000 system_server expire 1 line
05-07 11:12:32.665 13895 13895 D ActivityThread: Loading provider contacts;com.android.contacts: com.android.providers.contacts.ContactsProvider2
05-07 11:12:34.346   915  1366 I chatty  : uid=1000 system_server expire 11 lines
05-07 11:12:35.580 13542 13701 I SystemConfig: Adding association: com.google.android.as <- com.android.providers.contacts
05-07 11:12:35.581 13542 13701 I SystemConfig: Adding association: com.google.android.as <- com.android.providers.media
05-07 11:12:35.581 13542 13701 I SystemConfig: Adding association: com.google.android.as <- com.android.providers.telephony
05-07 11:12:35.581 13542 13701 I SystemConfig: Adding association: com.google.android.as <- com.android.systemui
05-07 11:12:35.581 13542 13701 I SystemConfig: Adding association: com.google.android.as <- com.google.android.gms
05-07 11:12:35.581 13542 13701 I SystemConfig: Adding association: com.google.android.as <- com.google.android.gsf
05-07 11:12:35.631 13542 13701 W SystemConfig: No directory /product_services/etc/sysconfig, skipping
05-07 11:12:35.631 13542 13701 W SystemConfig: No directory /product_services/etc/permissions, skipping
05-07 11:12:36.673   915  1893 I chatty  : uid=1000 system_server expire 3 lines
05-07 11:12:36.782   915  2354 I chatty  : uid=1000 system_server expire 7 lines
05-07 11:12:37.465   915  1597 I chatty  : uid=1000 system_server expire 1 line
05-07 11:12:37.496   915  4365 I chatty  : uid=1000 system_server expire 2 lines
05-07 11:12:38.060   915  1623 I chatty  : uid=1000 system_server expire 3 lines
05-07 11:12:40.372   915  2397 I chatty  : uid=1000 system_server expire 1 line
05-07 11:12:41.241   915  4615 I chatty  : uid=1000 system_server expire 6 lines
05-07 11:12:42.525   915  4223 I chatty  : uid=1000 system_server expire 2 lines
05-07 11:12:42.633   915  8474 I chatty  : uid=1000 system_server expire 3 lines
05-07 11:12:43.464   915  4466 I chatty  : uid=1000 system_server expire 1 line
05-07 11:12:43.845   915  9308 I chatty  : uid=1000 system_server expire 8 lines
05-07 11:12:44.371   915  1382 I chatty  : uid=1000 system_server expire 6 lines
05-07 11:12:49.401   915  7479 I chatty  : uid=1000 system_server expire 1 line
05-07 11:12:51.765   915  4001 I chatty  : uid=1000 system_server expire 3 lines
05-07 11:12:52.675   915  5499 I chatty  : uid=1000 system_server expire 2 lines
05-07 11:12:52.835   915  7118 I chatty  : uid=1000 system_server expire 1 line
05-07 11:12:54.921   915  1012 I chatty  : uid=1000 system_server expire 4 lines
05-07 11:12:57.774 15216 15243 I SystemConfig: Adding association: com.google.android.as <- com.android.providers.contacts
05-07 11:12:57.774 15216 15243 I SystemConfig: Adding association: com.google.android.as <- com.android.providers.media
05-07 11:12:57.774 15216 15243 I SystemConfig: Adding association: com.google.android.as <- com.android.providers.telephony
05-07 11:12:57.774 15216 15243 I SystemConfig: Adding association: com.google.android.as <- com.android.systemui
05-07 11:12:57.774 15216 15243 I SystemConfig: Adding association: com.google.android.as <- com.google.android.gms
05-07 11:12:57.774 15216 15243 I SystemConfig: Adding association: com.google.android.as <- com.google.android.gsf
05-07 11:12:57.789 15216 15243 W SystemConfig: No directory /product_services/etc/sysconfig, skipping
05-07 11:12:57.789 15216 15243 W SystemConfig: No directory /product_services/etc/permissions, skipping
05-07 11:12:57.863   915  1014 I chatty  : uid=1000 system_server expire 21 lines
05-07 11:12:58.450   915   915 I chatty  : uid=1000 system_server expire 4 lines
05-07 11:12:58.641   915  1009 I chatty  : uid=1000(system) android.bg expire 2 lines
05-07 11:13:03.213   915   939 I chatty  : uid=1000 system_server expire 1 line
05-07 11:13:04.692   915  7898 I chatty  : uid=1000 system_server expire 6 lines
05-07 11:13:06.483   915  3937 I chatty  : uid=1000 system_server expire 2 lines
05-07 11:13:08.790   915   941 I chatty  : uid=1000 system_server expire 2 lines
05-07 11:13:08.924   915  2408 I chatty  : uid=1000 system_server expire 5 lines
05-07 11:13:11.321   915  4408 I chatty  : uid=1000 system_server expire 2 lines
05-07 11:13:12.438   915  1617 I chatty  : uid=1000 system_server expire 3 lines
05-07 11:13:16.246   915  4383 I chatty  : uid=1000 system_server expire 1 line
05-07 11:13:17.076   915  1014 I chatty  : uid=1000 system_server expire 1 line
05-07 11:13:19.044   915  7898 I chatty  : uid=1000 system_server expire 1 line
05-07 11:13:19.624   915  7815 I chatty  : uid=1000 system_server expire 1 line
05-07 11:13:19.716   915  4408 I chatty  : uid=1000 system_server expire 1 line
05-07 11:13:19.778   915  1798 I chatty  : uid=1000 system_server expire 1 line
05-07 11:13:19.787   915  1014 I chatty  : uid=1000 system_server expire 1 line
05-07 11:13:20.317   915   915 I chatty  : uid=1000 system_server expire 3 lines
05-07 11:13:20.677   915  7118 I chatty  : uid=1000 system_server expire 1 line
05-07 11:13:20.970   915  1632 I chatty  : uid=1000 system_server expire 1 line
05-07 11:13:21.085  1454  2005 D PowerUI : can't show warning due to - plugged: true status unknown: false
05-07 11:13:23.612   915  7898 I chatty  : uid=1000 system_server expire 1 line
05-07 11:13:28.573   915  1014 I chatty  : uid=1000 system_server expire 1 line
05-07 11:13:32.316   915  1632 I chatty  : uid=1000 system_server expire 1 line
05-07 11:13:35.950   915  2372 I chatty  : uid=1000 system_server expire 4 lines
05-07 11:13:36.127   915  7815 I chatty  : uid=1000 system_server expire 2 lines
05-07 11:13:36.128   915  1366 I chatty  : uid=1000 system_server expire 2 lines
05-07 11:13:36.699   915  2354 I chatty  : uid=1000 system_server expire 1 line
05-07 11:13:54.814   915  8474 I chatty  : uid=1000 system_server expire 1 line
05-07 11:14:08.440   915  4466 I chatty  : uid=1000 system_server expire 1 line
05-07 11:14:08.445   915  4466 I ActivityManager: Killing 15977:com.google.android.youtube/u0a71 (adj 975): empty #18
05-07 11:14:08.557   915  7479 D ConnectivityService: ConnectivityService NetworkRequestInfo binderDied(NetworkRequest [ TRACK_DEFAULT id=1750, [ Capabilities: INTERNET&NOT_RESTRICTED&TRUSTED Uid: 10071] ], android.os.BinderProxy@f840609)
05-07 11:14:08.558   915  4466 D ConnectivityService: ConnectivityService NetworkRequestInfo binderDied(NetworkRequest [ LISTEN id=1749, [ Capabilities: INTERNET&NOT_RESTRICTED&TRUSTED&FOREGROUND Uid: 10071] ], android.os.BinderProxy@903800e)
05-07 11:14:08.559   915  1366 D ConnectivityService: releasing NetworkRequest [ TRACK_DEFAULT id=1750, [ Capabilities: INTERNET&NOT_RESTRICTED&TRUSTED Uid: 10071] ] (release request)
05-07 11:14:08.562   915  7479 D ConnectivityService: ConnectivityService NetworkRequestInfo binderDied(NetworkRequest [ TRACK_DEFAULT id=1748, [ Capabilities: INTERNET&NOT_RESTRICTED&TRUSTED Uid: 10071] ], android.os.BinderProxy@55fa2f)
05-07 11:14:08.574   915  1366 D ConnectivityService: releasing NetworkRequest [ TRACK_DEFAULT id=1748, [ Capabilities: INTERNET&NOT_RESTRICTED&TRUSTED Uid: 10071] ] (release request)
05-07 11:14:21.160  1454  2005 D PowerUI : can't show warning due to - plugged: true status unknown: false
05-07 11:15:21.103  1454  2005 D PowerUI : can't show warning due to - plugged: true status unknown: false
05-07 11:16:21.109  1454  2005 D PowerUI : can't show warning due to - plugged: true status unknown: false
05-07 11:17:21.110  1454  2005 D PowerUI : can't show warning due to - plugged: true status unknown: false
05-07 11:18:21.104  1454  2005 D PowerUI : can't show warning due to - plugged: true status unknown: false
05-07 11:19:21.157  1454  2005 D PowerUI : can't show warning due to - plugged: true status unknown: false
05-07 11:21:21.108  1454  2005 I chatty  : uid=10014(com.android.systemui) ndroid.systemui identical 2 lines
05-07 11:22:21.108  1454  2005 D PowerUI : can't show warning due to - plugged: true status unknown: false
05-07 11:23:21.109  1454  2005 D PowerUI : can't show warning due to - plugged: true status unknown: false
05-07 11:24:21.110  1454  2005 D PowerUI : can't show warning due to - plugged: true status unknown: false
05-07 11:24:57.449   915  1009 I UsageStatsService: User[0] Flushing usage stats to disk
05-07 11:24:57.552   915  1009 E AppIdleHistory: Error writing app idle file for user 0
05-07 11:24:57.553   915  1009 I UsageStatsService: User[11] Flushing usage stats to disk
05-07 11:24:57.608   915  1009 E AppIdleHistory: Error writing app idle file for user 11
05-07 11:24:57.609   915  1009 I UsageStatsService: User[12] Flushing usage stats to disk
05-07 11:24:57.658   915  1009 E AppIdleHistory: Error writing app idle file for user 12
05-07 11:25:21.106  1454  2005 D PowerUI : can't show warning due to - plugged: true status unknown: false
05-07 11:26:21.106  1454  2005 D PowerUI : can't show warning due to - plugged: true status unknown: false
05-07 11:27:21.140  1454  2005 D PowerUI : can't show warning due to - plugged: true status unknown: false
05-07 11:27:24.159   915  1014 I ActivityManager: Start proc 16548:com.google.process.gapps/u0a8 for content provider {com.google.android.gsf/com.google.android.gsf.subscribedfeeds.SubscribedFeedsProvider}
05-07 11:27:24.425   915  4223 I ActivityManager: Killing 15216:com.google.android.permissioncontroller/u0a212 (adj 965): empty #17
05-07 11:28:21.108  1454  2005 D PowerUI : can't show warning due to - plugged: true status unknown: false
05-07 11:28:47.748   915  1014 I ActivityManager: Start proc 16590:android.process.acore/u0a20 for content provider {com.android.providers.contacts/com.android.providers.contacts.ContactsProvider2}
05-07 11:28:47.927   915  2408 D CountryDetector: The first listener is added
05-07 11:28:47.932 16590 16590 D ActivityThread: Loading provider contacts;com.android.contacts: com.android.providers.contacts.ContactsProvider2
05-07 11:28:55.549   915  4383 I DropBoxManagerService: add tag=event_data isTagEnabled=true flags=0x2
05-07 11:28:55.568   915  1012 W BroadcastQueue: Background execution not allowed: receiving Intent { act=android.intent.action.DROPBOX_ENTRY_ADDED flg=0x10 (has extras) } to com.google.android.gms/.stats.service.DropBoxEntryAddedReceiver
05-07 11:28:55.568   915  1012 W BroadcastQueue: Background execution not allowed: receiving Intent { act=android.intent.action.DROPBOX_ENTRY_ADDED flg=0x10 (has extras) } to com.google.android.gms/.chimera.GmsIntentOperationService$PersistentTrustedReceiver
05-07 11:28:55.633   915  4408 I DropBoxManagerService: add tag=dumpsys:account isTagEnabled=true flags=0x2
05-07 11:28:55.641   915  1012 W BroadcastQueue: Background execution not allowed: receiving Intent { act=android.intent.action.DROPBOX_ENTRY_ADDED flg=0x10 (has extras) } to com.google.android.gms/.stats.service.DropBoxEntryAddedReceiver
05-07 11:28:55.641   915  1012 W BroadcastQueue: Background execution not allowed: receiving Intent { act=android.intent.action.DROPBOX_ENTRY_ADDED flg=0x10 (has extras) } to com.google.android.gms/.chimera.GmsIntentOperationService$PersistentTrustedReceiver
05-07 11:28:57.693   915  1014 W ActivityManager: Slow operation: 65ms so far, now at startProcess: returned from zygote!
05-07 11:28:57.693   915  1014 W ActivityManager: Slow operation: 66ms so far, now at startProcess: done updating battery stats
05-07 11:28:57.694   915  1014 W ActivityManager: Slow operation: 66ms so far, now at startProcess: building log message
05-07 11:28:57.694   915  1014 I ActivityManager: Start proc 16627:com.google.android.contacts/u0a105 for service {com.google.android.contacts/androidx.work.impl.background.systemjob.SystemJobService}
05-07 11:28:57.694   915  1014 W ActivityManager: Slow operation: 67ms so far, now at startProcess: starting to update pids map
05-07 11:28:57.696   915  1014 W ActivityManager: Slow operation: 68ms so far, now at startProcess: done updating pids map
05-07 11:29:21.109  1454  2005 D PowerUI : can't show warning due to - plugged: true status unknown: false
05-07 11:29:22.935   915  1632 I ActivityManager: Killing 16177:com.google.android.play.games/u0a316 (adj 965): empty #17
05-07 11:29:49.558   915  4223 I ActivityManager: Killing 16232:com.google.android.dialer/u0a43 (adj 965): empty #17
05-07 11:30:05.054   915   915 W Looper  : Slow dispatch took 141ms main h=android.os.Handler c=android.app.AlarmManager$ListenerWrapper@2574f6a m=0
05-07 11:30:21.105  1454  2005 D PowerUI : can't show warning due to - plugged: true status unknown: false
05-07 11:31:21.096  1454  2005 I chatty  : uid=10014(com.android.systemui) ndroid.systemui identical 1 line
05-07 11:32:21.089  1454  2005 D PowerUI : can't show warning due to - plugged: true status unknown: false
05-07 11:33:21.106  1454  2005 D PowerUI : can't show warning due to - plugged: true status unknown: false
05-07 11:34:21.150  1454  2005 D PowerUI : can't show warning due to - plugged: true status unknown: false
05-07 11:34:53.353   915  1031 E BatteryExternalStatsWorker: no controller energy info supplied for bluetooth
05-07 11:35:21.103  1454  2005 D PowerUI : can't show warning due to - plugged: true status unknown: false
05-07 11:35:27.103   915  1316 W ActivityManager: Unable to start service Intent { act=com.UCMobile.intl.intent.action.COCKROACH flg=0x4 (has extras) } U=0: not found
05-07 11:36:21.106  1454  2005 D PowerUI : can't show warning due to - plugged: true status unknown: false
05-07 11:37:21.107  1454  2005 D PowerUI : can't show warning due to - plugged: true status unknown: false
05-07 11:38:21.109  1454  2005 D PowerUI : can't show warning due to - plugged: true status unknown: false
05-07 11:39:21.105  1454  2005 D PowerUI : can't show warning due to - plugged: true status unknown: false
05-07 11:40:21.106  1454  2005 D PowerUI : can't show warning due to - plugged: true status unknown: false
05-07 11:41:21.110  1454  2005 D PowerUI : can't show warning due to - plugged: true status unknown: false
05-07 11:42:21.107  1454  2005 D PowerUI : can't show warning due to - plugged: true status unknown: false
05-07 11:43:12.582   915  1014 I ActivityManager: Start proc 16756:com.android.providers.calendar/u0a57 for content provider {com.android.providers.calendar/com.android.providers.calendar.CalendarProvider2}
05-07 11:43:21.129  1454  2005 D PowerUI : can't show warning due to - plugged: true status unknown: false
05-07 11:43:21.613   915   915 I ActivityManager: Killing 15595:com.google.android.calendar/u0a115 (adj 945): empty for 1800s
05-07 11:43:21.614   915   915 I ActivityManager: Killing 16335:com.google.android.apps.messaging:rcs/u0a85 (adj 955): empty for 1800s
05-07 11:43:21.618   915   915 I ActivityManager: Killing 15267:com.android.vending:download_service/u0a55 (adj 955): empty for 1801s
05-07 11:43:21.749   915  4223 D ConnectivityService: ConnectivityService NetworkRequestInfo binderDied(NetworkRequest [ TRACK_DEFAULT id=1742, [ Capabilities: INTERNET&NOT_RESTRICTED&TRUSTED Uid: 10055] ], android.os.BinderProxy@622e71c)
05-07 11:43:21.750   915  1366 D ConnectivityService: releasing NetworkRequest [ TRACK_DEFAULT id=1742, [ Capabilities: INTERNET&NOT_RESTRICTED&TRUSTED Uid: 10055] ] (release request)
05-07 11:43:21.797   915  2397 I ActivityManager: Killing 15694:com.google.android.gm/u0a72 (adj 995): empty for 1800s
05-07 11:43:22.249   915  1014 W ActivityManager: Slow operation: 53ms so far, now at startProcess: returned from zygote!
05-07 11:43:22.249   915  1014 W ActivityManager: Slow operation: 53ms so far, now at startProcess: done updating battery stats
05-07 11:43:22.250   915  1014 W ActivityManager: Slow operation: 53ms so far, now at startProcess: building log message
05-07 11:43:22.250   915  1014 I ActivityManager: Start proc 16779:com.google.android.settings.intelligence/u0a34 for service {com.google.android.settings.intelligence/com.google.android.settings.intelligence.modules.smartringer.impl.StateCheckJobService}
05-07 11:43:22.250   915  1014 W ActivityManager: Slow operation: 54ms so far, now at startProcess: starting to update pids map
05-07 11:43:22.250   915  1014 W ActivityManager: Slow operation: 54ms so far, now at startProcess: done updating pids map
05-07 11:43:22.490   915  2397 E WifiService: Permission violation - getConfiguredNetworks not allowed for uid=10034, packageName=com.google.android.settings.intelligence, reason=java.lang.SecurityException: Location mode is disabled for the device
05-07 11:43:23.614   915  4408 I ActivityManager: Killing 16274:com.google.android.music:main/u0a108 (adj 945): empty for 1800s
05-07 11:43:32.585   915  2372 I ActivityManager: Killing 16456:com.google.android.gms.ui/u0a8 (adj 985): empty for 1803s
05-07 11:43:58.437   915  1632 I ActivityManager: Killing 14616:com.android.vending/u0a55 (adj 975): empty for 1803s
05-07 11:43:58.498   915  9308 D ConnectivityService: ConnectivityService NetworkRequestInfo binderDied(NetworkRequest [ TRACK_DEFAULT id=1736, [ Capabilities: INTERNET&NOT_RESTRICTED&TRUSTED Uid: 10055] ], android.os.BinderProxy@8dcfe4b)
05-07 11:43:58.498   915  9308 D ConnectivityService: ConnectivityService NetworkRequestInfo binderDied(NetworkRequest [ LISTEN id=1737, [ Capabilities: INTERNET&NOT_RESTRICTED&TRUSTED Uid: 10055] ], android.os.BinderProxy@4955028)
05-07 11:43:58.499   915  1366 D ConnectivityService: releasing NetworkRequest [ TRACK_DEFAULT id=1736, [ Capabilities: INTERNET&NOT_RESTRICTED&TRUSTED Uid: 10055] ] (release request)
05-07 11:44:21.145  1454  2005 D PowerUI : can't show warning due to - plugged: true status unknown: false
05-07 11:45:21.104  1454  2005 D PowerUI : can't show warning due to - plugged: true status unknown: false
05-07 11:46:21.142  1454  2005 D PowerUI : can't show warning due to - plugged: true status unknown: false
05-07 11:47:21.146  1454  2005 D PowerUI : can't show warning due to - plugged: true status unknown: false
05-07 11:47:40.914   915  1014 W ActivityManager: Slow operation: 56ms so far, now at startProcess: returned from zygote!
05-07 11:47:40.915   915  1014 W ActivityManager: Slow operation: 57ms so far, now at startProcess: done updating battery stats
05-07 11:47:40.916   915  1014 W ActivityManager: Slow operation: 57ms so far, now at startProcess: building log message
05-07 11:47:40.916   915  1014 I ActivityManager: Start proc 16841:com.google.android.apps.gcs/u0a41 for service {com.google.android.apps.gcs/androidx.work.impl.background.systemjob.SystemJobService}
05-07 11:47:40.916   915  1014 W ActivityManager: Slow operation: 58ms so far, now at startProcess: starting to update pids map
05-07 11:47:40.916   915  1014 W ActivityManager: Slow operation: 58ms so far, now at startProcess: done updating pids map
05-07 11:47:41.264   915  4579 D ConnectivityService: requestNetwork for uid/pid:10041/16841 NetworkRequest [ TRACK_DEFAULT id=1751, [ Capabilities: INTERNET&NOT_RESTRICTED&TRUSTED Uid: 10041] ]
05-07 11:48:11.732   915  1009 I UsageStatsService: User[0] Flushing usage stats to disk
05-07 11:48:11.843   915  1009 E AppIdleHistory: Error writing app idle file for user 0
05-07 11:48:11.843   915  1009 I UsageStatsService: User[11] Flushing usage stats to disk
05-07 11:48:11.880   915  1009 E AppIdleHistory: Error writing app idle file for user 11
05-07 11:48:11.880   915  1009 I UsageStatsService: User[12] Flushing usage stats to disk
05-07 11:48:11.925   915  1009 E AppIdleHistory: Error writing app idle file for user 12
05-07 11:48:21.108  1454  2005 D PowerUI : can't show warning due to - plugged: true status unknown: false
05-07 11:48:58.290   915  1014 W ActivityManager: Slow operation: 60ms so far, now at startProcess: returned from zygote!
05-07 11:48:58.291   915  1014 W ActivityManager: Slow operation: 60ms so far, now at startProcess: done updating battery stats
05-07 11:48:58.291   915  1014 W ActivityManager: Slow operation: 61ms so far, now at startProcess: building log message
05-07 11:48:58.291   915  1014 I ActivityManager: Start proc 16879:com.google.android.apps.wellbeing/u0a159 for service {com.google.android.apps.wellbeing/androidx.work.impl.background.systemjob.SystemJobService}
05-07 11:48:58.291   915  1014 W ActivityManager: Slow operation: 61ms so far, now at startProcess: starting to update pids map
05-07 11:48:58.293   915  1014 W ActivityManager: Slow operation: 63ms so far, now at startProcess: done updating pids map
05-07 11:48:58.769   915  7479 D ConnectivityService: requestNetwork for uid/pid:10159/16879 NetworkRequest [ TRACK_DEFAULT id=1752, [ Capabilities: INTERNET&NOT_RESTRICTED&TRUSTED Uid: 10159] ]
05-07 11:49:21.112  1454  2005 D PowerUI : can't show warning due to - plugged: true status unknown: false
05-07 11:50:21.140  1454  2005 D PowerUI : can't show warning due to - plugged: true status unknown: false
05-07 11:51:21.110  1454  2005 I chatty  : uid=10014(com.android.systemui) ndroid.systemui identical 1 line
05-07 11:52:21.108  1454  2005 D PowerUI : can't show warning due to - plugged: true status unknown: false
05-07 11:53:21.146  1454  2005 D PowerUI : can't show warning due to - plugged: true status unknown: false
05-07 11:53:26.217   915  1014 I ActivityManager: Start proc 16925:com.UCMobile.intl:resident/u0a218 for service {com.UCMobile.intl/com.uc.ud.ploys.jobscheduler.UdJobService}
05-07 11:53:26.536   915  4615 W ActivityManager: Background start not allowed: service Intent { act=com.ud.business.ntf pkg=com.UCMobile.intl (has extras) } to com.UCMobile.intl/com.uc.browser.multiprocess.resident.ResidentIpcService from pid=16925 uid=10218 pkg=com.UCMobile.intl startFg?=false
05-07 11:53:26.545   915  4615 W ActivityManager: Background start not allowed: service Intent { act=com.ud.business.ntf pkg=com.UCMobile.intl (has extras) } to com.UCMobile.intl/com.uc.browser.multiprocess.resident.ResidentIpcService from pid=16925 uid=10218 pkg=com.UCMobile.intl startFg?=false
05-07 11:54:21.107  1454  2005 D PowerUI : can't show warning due to - plugged: true status unknown: false
05-07 11:55:21.107  1454  2005 D PowerUI : can't show warning due to - plugged: true status unknown: false
05-07 11:56:21.104  1454  2005 D PowerUI : can't show warning due to - plugged: true status unknown: false
05-07 11:57:21.104  1454  2005 D PowerUI : can't show warning due to - plugged: true status unknown: false
05-07 11:58:21.151  1454  2005 D PowerUI : can't show warning due to - plugged: true status unknown: false
05-07 11:58:32.809   915  1014 W ActivityManager: Slow operation: 65ms so far, now at startProcess: returned from zygote!
05-07 11:58:32.810   915  1014 W ActivityManager: Slow operation: 66ms so far, now at startProcess: done updating battery stats
05-07 11:58:32.810   915  1014 W ActivityManager: Slow operation: 66ms so far, now at startProcess: building log message
05-07 11:58:32.810   915  1014 I ActivityManager: Start proc 17017:com.google.android.apps.wallpaper/u0a22 for broadcast {com.google.android.apps.wallpaper/com.android.wallpaper.module.DailyLoggingAlarmReceiver}
05-07 11:58:32.810   915  1014 W ActivityManager: Slow operation: 66ms so far, now at startProcess: starting to update pids map
05-07 11:58:32.812   915  1014 W ActivityManager: Slow operation: 68ms so far, now at startProcess: done updating pids map
05-07 11:58:32.853   915  1014 W ActivityManager: Slow operation: 82ms so far, now at startProcess: returned from zygote!
05-07 11:58:32.853   915  1014 W ActivityManager: Slow operation: 82ms so far, now at startProcess: done updating battery stats
05-07 11:58:32.854   915  1014 W ActivityManager: Slow operation: 82ms so far, now at startProcess: building log message
05-07 11:58:32.854   915  1014 I ActivityManager: Start proc 17033:com.google.android.apps.messaging/u0a85 for service {com.google.android.apps.messaging/androidx.work.impl.background.systemjob.SystemJobService}
05-07 11:58:32.854   915  1014 W ActivityManager: Slow operation: 82ms so far, now at startProcess: starting to update pids map
05-07 11:58:32.855   915  1014 W ActivityManager: Slow operation: 84ms so far, now at startProcess: done updating pids map
05-07 11:58:33.391   915  4579 D ConnectivityService: requestNetwork for uid/pid:10085/17033 NetworkRequest [ TRACK_DEFAULT id=1754, [ Capabilities: INTERNET&NOT_RESTRICTED&TRUSTED Uid: 10085] ]
05-07 11:58:34.029   915  1014 I ActivityManager: Start proc 17098:com.google.android.apps.messaging:rcs/u0a85 for broadcast {com.google.android.apps.messaging/com.google.android.ims.receiver.ProvisioningEventReceiver}
05-07 11:58:48.548   915  4615 I ActivityManager: Killing 16548:com.google.process.gapps/u0a8 (adj 965): empty for 1800s
05-07 11:58:54.195   915  6679 W ActivityManager: Background start not allowed: service Intent { cmp=com.google.android.apps.messaging/.shared.datamodel.action.execution.ActionExecutorImpl$EmptyService } to com.google.android.apps.messaging/.shared.datamodel.action.execution.ActionExecutorImpl$EmptyService from pid=17033 uid=10085 pkg=com.google.android.apps.messaging startFg?=false
05-07 11:58:54.209   915  6679 I chatty  : uid=1000 system_server identical 1 line
05-07 11:58:54.514   915  6679 W ActivityManager: Background start not allowed: service Intent { cmp=com.google.android.apps.messaging/.shared.datamodel.action.execution.ActionExecutorImpl$EmptyService } to com.google.android.apps.messaging/.shared.datamodel.action.execution.ActionExecutorImpl$EmptyService from pid=17033 uid=10085 pkg=com.google.android.apps.messaging startFg?=false
05-07 11:59:08.783   915   915 I ActivityManager: Killing 16627:com.google.android.contacts/u0a105 (adj 955): empty for 1802s
05-07 11:59:08.784   915   915 I ActivityManager: Killing 16590:android.process.acore/u0a20 (adj 955): empty for 1802s
05-07 11:59:08.870   915  1623 D CountryDetector: No listener is left
05-07 11:59:21.106  1454  2005 D PowerUI : can't show warning due to - plugged: true status unknown: false
05-07 12:00:21.111  1454  2005 D PowerUI : can't show warning due to - plugged: true status unknown: false
05-07 12:00:27.353   915  1014 W ActivityManager: Slow operation: 76ms so far, now at startProcess: returned from zygote!
05-07 12:00:27.354   915  1014 W ActivityManager: Slow operation: 77ms so far, now at startProcess: done updating battery stats
05-07 12:00:27.354   915  1014 W ActivityManager: Slow operation: 77ms so far, now at startProcess: building log message
05-07 12:00:27.354   915  1014 I ActivityManager: Start proc 17182:com.whatsapp/u0a142 for broadcast {com.whatsapp/com.whatsapp.AlarmBroadcastReceiver}
05-07 12:00:27.354   915  1014 W ActivityManager: Slow operation: 77ms so far, now at startProcess: starting to update pids map
05-07 12:00:27.356   915  1014 W ActivityManager: Slow operation: 79ms so far, now at startProcess: done updating pids map
05-07 12:00:28.113   915  7118 D ConnectivityService: requestNetwork for uid/pid:10142/17182 NetworkRequest [ TRACK_DEFAULT id=1755, [ Capabilities: INTERNET&NOT_RESTRICTED&TRUSTED Uid: 10142] ]
05-07 12:00:28.214   915  7118 D ConnectivityService: requestNetwork for uid/pid:10142/17182 NetworkRequest [ TRACK_DEFAULT id=1756, [ Capabilities: INTERNET&NOT_RESTRICTED&TRUSTED Uid: 10142] ]
05-07 12:00:28.794   915  1014 W ActivityManager: Slow operation: 62ms so far, now at startProcess: returned from zygote!
05-07 12:00:28.794   915  1014 W ActivityManager: Slow operation: 63ms so far, now at startProcess: done updating battery stats
05-07 12:00:28.795   915  1014 W ActivityManager: Slow operation: 64ms so far, now at startProcess: building log message
05-07 12:00:28.795   915  1014 I ActivityManager: Start proc 17268:com.google.android.apps.maps/u0a116 for service {com.google.android.apps.maps/androidx.work.impl.background.systemjob.SystemJobService}
05-07 12:00:28.795   915  1014 W ActivityManager: Slow operation: 64ms so far, now at startProcess: starting to update pids map
05-07 12:00:28.796   915  1014 W ActivityManager: Slow operation: 65ms so far, now at startProcess: done updating pids map
05-07 12:00:29.704   915  1014 I ActivityManager: Start proc 17316:com.google.process.gapps/u0a8 for content provider {com.google.android.gsf/com.google.android.gsf.settings.GoogleSettingsProvider}
05-07 12:00:29.725   915  1597 I ActivityManager: Killing 16756:com.android.providers.calendar/u0a57 (adj 965): empty #17
05-07 12:00:30.028   915  7118 D ConnectivityService: requestNetwork for uid/pid:10116/17268 NetworkRequest [ TRACK_DEFAULT id=1757, [ Capabilities: INTERNET&NOT_RESTRICTED&TRUSTED Uid: 10116] ]
05-07 12:00:48.315   915  3937 W ActivityManager: Background start not allowed: service Intent { cmp=com.google.android.apps.messaging/.shared.datamodel.action.execution.ActionExecutorImpl$EmptyService } to com.google.android.apps.messaging/.shared.datamodel.action.execution.ActionExecutorImpl$EmptyService from pid=17033 uid=10085 pkg=com.google.android.apps.messaging startFg?=false
05-07 12:00:48.326   915  3937 W ActivityManager: Background start not allowed: service Intent { cmp=com.google.android.apps.messaging/.shared.datamodel.action.execution.ActionExecutorImpl$EmptyService } to com.google.android.apps.messaging/.shared.datamodel.action.execution.ActionExecutorImpl$EmptyService from pid=17033 uid=10085 pkg=com.google.android.apps.messaging startFg?=false
05-07 12:00:48.611   915  1014 I ActivityManager: Start proc 17355:android.process.acore/u0a20 for content provider {com.android.providers.contacts/com.android.providers.contacts.ContactsProvider2}
05-07 12:00:48.664   915  4365 I ActivityManager: Killing 16779:com.google.android.settings.intelligence/u0a34 (adj 965): empty #17
05-07 12:00:48.840   915  2617 D CountryDetector: The first listener is added
05-07 12:00:48.846 17355 17355 D ActivityThread: Loading provider contacts;com.android.contacts: com.android.providers.contacts.ContactsProvider2
05-07 12:00:51.550   915  3937 W ActivityManager: Background start not allowed: service Intent { cmp=com.google.android.apps.messaging/.shared.datamodel.action.execution.ActionExecutorImpl$EmptyService } to com.google.android.apps.messaging/.shared.datamodel.action.execution.ActionExecutorImpl$EmptyService from pid=17033 uid=10085 pkg=com.google.android.apps.messaging startFg?=false
05-07 12:01:21.146  1454  2005 D PowerUI : can't show warning due to - plugged: true status unknown: false
05-07 12:01:25.691   915  4365 W ActivityManager: Background start not allowed: service Intent { act=com.uc.browser.intent.FRIEND flg=0x20 pkg=com.UCMobile.intl (has extras) } to com.UCMobile.intl/com.uc.ud.ploys.friend.FriendAcceptorService from pid=13542 uid=10133 pkg=com.lenovo.anyshare.gps startFg?=false
05-07 12:02:21.107  1454  2005 D PowerUI : can't show warning due to - plugged: true status unknown: false
05-07 12:03:21.108  1454  2005 D PowerUI : can't show warning due to - plugged: true status unknown: false
05-07 12:04:21.108  1454  2005 D PowerUI : can't show warning due to - plugged: true status unknown: false
05-07 12:04:53.346   915  1031 E BatteryExternalStatsWorker: no controller energy info supplied for bluetooth
05-07 12:05:17.171   915  4287 I DropBoxManagerService: add tag=event_data isTagEnabled=true flags=0x2
05-07 12:05:17.193   915  1012 W BroadcastQueue: Background execution not allowed: receiving Intent { act=android.intent.action.DROPBOX_ENTRY_ADDED flg=0x10 (has extras) } to com.google.android.gms/.stats.service.DropBoxEntryAddedReceiver
05-07 12:05:17.193   915  1012 W BroadcastQueue: Background execution not allowed: receiving Intent { act=android.intent.action.DROPBOX_ENTRY_ADDED flg=0x10 (has extras) } to com.google.android.gms/.chimera.GmsIntentOperationService$PersistentTrustedReceiver
05-07 12:05:17.224   915  4287 I DropBoxManagerService: add tag=dumpsys:account isTagEnabled=true flags=0x2
05-07 12:05:17.231   915  1012 W BroadcastQueue: Background execution not allowed: receiving Intent { act=android.intent.action.DROPBOX_ENTRY_ADDED flg=0x10 (has extras) } to com.google.android.gms/.stats.service.DropBoxEntryAddedReceiver
05-07 12:05:17.232   915  1012 W BroadcastQueue: Background execution not allowed: receiving Intent { act=android.intent.action.DROPBOX_ENTRY_ADDED flg=0x10 (has extras) } to com.google.android.gms/.chimera.GmsIntentOperationService$PersistentTrustedReceiver
05-07 12:05:21.149  1454  2005 D PowerUI : can't show warning due to - plugged: true status unknown: false
05-07 12:06:21.106  1454  2005 D PowerUI : can't show warning due to - plugged: true status unknown: false
05-07 12:06:51.074   915  1014 W ActivityManager: Slow operation: 67ms so far, now at startProcess: returned from zygote!
05-07 12:06:51.075   915  1014 W ActivityManager: Slow operation: 68ms so far, now at startProcess: done updating battery stats
05-07 12:06:51.076   915  1014 W ActivityManager: Slow operation: 69ms so far, now at startProcess: building log message
05-07 12:06:51.076   915  1014 I ActivityManager: Start proc 17423:com.estrongs.android.pop/u0a156 for broadcast {com.estrongs.android.pop/com.duapps.ad.stats.CallbackAReceiver}
05-07 12:06:51.076   915  1014 W ActivityManager: Slow operation: 69ms so far, now at startProcess: starting to update pids map
05-07 12:06:51.078   915  1014 W ActivityManager: Slow operation: 71ms so far, now at startProcess: done updating pids map
05-07 12:06:51.079   915  1014 W ActivityManager: Slow operation: 62ms so far, now at startProcess: asking zygote to start proc
05-07 12:06:51.113   915  1014 W ActivityManager: Slow operation: 96ms so far, now at startProcess: returned from zygote!
05-07 12:06:51.114   915  1014 W ActivityManager: Slow operation: 97ms so far, now at startProcess: done updating battery stats
05-07 12:06:51.114   915  1014 W ActivityManager: Slow operation: 98ms so far, now at startProcess: building log message
05-07 12:06:51.114   915  1014 I ActivityManager: Start proc 17435:com.google.android.partnersetup/u0a45 for service {com.google.android.partnersetup/com.google.android.partnersetup.InstalledAppJobService}
05-07 12:06:51.114   915  1014 W ActivityManager: Slow operation: 98ms so far, now at startProcess: starting to update pids map
05-07 12:06:51.115   915  1014 W ActivityManager: Slow operation: 99ms so far, now at startProcess: done updating pids map
05-07 12:06:51.288   915  7118 I ActivityManager: Killing 16841:com.google.android.apps.gcs/u0a41 (adj 965): empty #17
05-07 12:06:51.316   915  4287 D ConnectivityService: ConnectivityService NetworkRequestInfo binderDied(NetworkRequest [ TRACK_DEFAULT id=1751, [ Capabilities: INTERNET&NOT_RESTRICTED&TRUSTED Uid: 10041] ], android.os.BinderProxy@d2ac983)
05-07 12:06:51.317   915  1366 D ConnectivityService: releasing NetworkRequest [ TRACK_DEFAULT id=1751, [ Capabilities: INTERNET&NOT_RESTRICTED&TRUSTED Uid: 10041] ] (release request)
05-07 12:06:52.025   915  4001 I ActivityManager: Killing 16925:com.UCMobile.intl:resident/u0a218 (adj 965): empty #17
05-07 12:06:52.088   915  1623 D ConnectivityService: ConnectivityService NetworkRequestInfo binderDied(NetworkRequest [ LISTEN id=1753, [ Capabilities: INTERNET&NOT_RESTRICTED&TRUSTED Uid: 10218] ], android.os.BinderProxy@17c52c1)
05-07 12:07:21.141  1454  2005 D PowerUI : can't show warning due to - plugged: true status unknown: false
05-07 12:07:59.255   915  1014 W ActivityManager: Slow operation: 68ms so far, now at startProcess: returned from zygote!
05-07 12:07:59.257   915  1014 W ActivityManager: Slow operation: 70ms so far, now at startProcess: done updating battery stats
05-07 12:07:59.257   915  1014 W ActivityManager: Slow operation: 70ms so far, now at startProcess: building log message
05-07 12:07:59.258   915  1014 I ActivityManager: Start proc 17539:com.google.android.apps.photos/u0a82 for service {com.google.android.apps.photos/com.google.android.apps.photos.dbprocessor.impl.DatabaseProcessorJobService}
05-07 12:07:59.258   915  1014 W ActivityManager: Slow operation: 70ms so far, now at startProcess: starting to update pids map
05-07 12:07:59.259   915  1014 W ActivityManager: Slow operation: 72ms so far, now at startProcess: done updating pids map
05-07 12:07:59.782   915  4615 I ActivityManager: Killing 16879:com.google.android.apps.wellbeing/u0a159 (adj 965): empty #17
05-07 12:07:59.804   915  2372 D ConnectivityService: ConnectivityService NetworkRequestInfo binderDied(NetworkRequest [ TRACK_DEFAULT id=1752, [ Capabilities: INTERNET&NOT_RESTRICTED&TRUSTED Uid: 10159] ], android.os.BinderProxy@191cf7a)
05-07 12:07:59.805   915  1366 D ConnectivityService: releasing NetworkRequest [ TRACK_DEFAULT id=1752, [ Capabilities: INTERNET&NOT_RESTRICTED&TRUSTED Uid: 10159] ] (release request)
05-07 12:08:21.112  1454  2005 D PowerUI : can't show warning due to - plugged: true status unknown: false
05-07 12:09:21.142  1454  2005 D PowerUI : can't show warning due to - plugged: true status unknown: false
05-07 12:10:21.112  1454  2005 D PowerUI : can't show warning due to - plugged: true status unknown: false
05-07 12:11:17.252   915  1014 W ActivityManager: Slow operation: 65ms so far, now at startProcess: returned from zygote!
05-07 12:11:17.253   915  1014 W ActivityManager: Slow operation: 65ms so far, now at startProcess: done updating battery stats
05-07 12:11:17.253   915  1014 W ActivityManager: Slow operation: 66ms so far, now at startProcess: building log message
05-07 12:11:17.253   915  1014 I ActivityManager: Start proc 17595:com.google.android.apps.turbo:aab/u0a50 for service {com.google.android.apps.turbo/com.google.android.libraries.smartbattery.appusage.library.InferAppBucketsJob}
05-07 12:11:17.253   915  1014 W ActivityManager: Slow operation: 66ms so far, now at startProcess: starting to update pids map
05-07 12:11:17.254   915  1014 W ActivityManager: Slow operation: 67ms so far, now at startProcess: done updating pids map
05-07 12:11:17.822   915  3937 I ActivityManager: Killing 17017:com.google.android.apps.wallpaper/u0a22 (adj 965): empty #17
05-07 12:11:21.109  1454  2005 D PowerUI : can't show warning due to - plugged: true status unknown: false
05-07 12:12:21.107  1454  2005 D PowerUI : can't show warning due to - plugged: true status unknown: false
05-07 12:13:01.925   915  1009 I UsageStatsService: User[0] Flushing usage stats to disk
05-07 12:13:02.030   915  1009 E AppIdleHistory: Error writing app idle file for user 0
05-07 12:13:02.031   915  1009 I UsageStatsService: User[11] Flushing usage stats to disk
05-07 12:13:02.085   915  1009 E AppIdleHistory: Error writing app idle file for user 11
05-07 12:13:02.085   915  1009 I UsageStatsService: User[12] Flushing usage stats to disk
05-07 12:13:02.132   915  1009 E AppIdleHistory: Error writing app idle file for user 12
05-07 12:13:21.115  1454  2005 D PowerUI : can't show warning due to - plugged: true status unknown: false
05-07 12:13:23.580   915  1014 W ActivityManager: Slow operation: 64ms so far, now at startProcess: returned from zygote!
05-07 12:13:23.581   915  1014 W ActivityManager: Slow operation: 65ms so far, now at startProcess: done updating battery stats
05-07 12:13:23.583   915  1014 W ActivityManager: Slow operation: 67ms so far, now at startProcess: building log message
05-07 12:13:23.583   915  1014 I ActivityManager: Start proc 17657:com.google.android.talk/u0a120 for service {com.google.android.talk/androidx.work.impl.background.systemjob.SystemJobService}
05-07 12:13:23.583   915  1014 W ActivityManager: Slow operation: 67ms so far, now at startProcess: starting to update pids map
05-07 12:13:23.584   915  1014 W ActivityManager: Slow operation: 68ms so far, now at startProcess: done updating pids map
05-07 12:13:24.347   915  4383 D ConnectivityService: requestNetwork for uid/pid:10120/17657 NetworkRequest [ TRACK_DEFAULT id=1759, [ Capabilities: INTERNET&NOT_RESTRICTED&TRUSTED Uid: 10120] ]
05-07 12:13:25.330   915   915 W Looper  : Slow dispatch took 239ms main h=android.app.ActivityThread$H c=android.app.-$$Lambda$LoadedApk$ReceiverDispatcher$Args$_BumDX2UKsnxLVrE6UJsJZkotuA@ab6bf9c m=0
05-07 12:13:25.330   915   915 W Looper  : Slow delivery took 301ms main h=android.app.ActivityThread$H c=android.app.-$$Lambda$LoadedApk$ReceiverDispatcher$Args$_BumDX2UKsnxLVrE6UJsJZkotuA@cd94da5 m=0
05-07 12:13:25.361   915   986 W Looper  : Slow delivery took 206ms android.fg h=android.os.Handler c=<recycled PooledLambda@7e18a6> m=0
05-07 12:13:25.364   915   915 I Telecom : DefaultDialerCache: Refreshing default dialer for user 0: now com.google.android.dialer: DDC.oR@Aek
05-07 12:13:25.364   915   915 I Telecom : DefaultDialerCache: Refreshing default dialer for user 11: now null: DDC.oR@Aek
05-07 12:13:25.364   915   915 I Telecom : DefaultDialerCache: Refreshing default dialer for user 12: now null: DDC.oR@Aek
05-07 12:13:25.678   915   915 W Looper  : Drained
05-07 12:13:28.393   915   986 W Looper  : Drained
05-07 12:13:53.909   915  2617 I Telecom : PhoneAccountRegistrar: getSimCallManager: SimCallManager for subId 2 queried, returning: null: TSI.gSCM@Aeo
05-07 12:13:53.940   915  2617 I Telecom : PhoneAccountRegistrar: getSimCallManager: SimCallManager for subId 2 queried, returning: null: TSI.gSCM@Aew
05-07 12:14:15.487   915  2617 I ActivityManager: Killing 17098:com.google.android.apps.messaging:rcs/u0a85 (adj 965): empty #17
05-07 12:14:21.090  1454  2005 D PowerUI : can't show warning due to - plugged: true status unknown: false
05-07 12:15:21.112  1454  2005 D PowerUI : can't show warning due to - plugged: true status unknown: false
05-07 12:16:21.108  1454  2005 D PowerUI : can't show warning due to - plugged: true status unknown: false
05-07 12:17:21.108  1454  2005 D PowerUI : can't show warning due to - plugged: true status unknown: false
05-07 12:18:21.111  1454  2005 D PowerUI : can't show warning due to - plugged: true status unknown: false
05-07 12:18:50.484 32605 32636 W PackageParser: Unknown element under <manifest>: queries at /data/user_de/0/com.google.android.gms/app_chimera/m/00000165/AdsDynamite.apk Binary XML file line #5
05-07 12:18:50.537 32605 32636 W PackageParser: Unknown element under <manifest>: queries at /data/user_de/0/com.google.android.gms/app_chimera/m/0000018f/dl-AdsFdrDynamite.integ_210890500100000.apk Binary XML file line #5
05-07 12:18:50.568 32605 32636 W PackageParser: Unknown element under <manifest>: queries at /data/user_de/0/com.google.android.gms/app_chimera/m/00000191/dl-Payments.integ_211290904100400.apk Binary XML file line #5
05-07 12:18:50.786 32605 32636 W PackageParser: Unknown element under <manifest>: queries at /data/user_de/0/com.google.android.gms/app_chimera/m/00000165/AdsDynamite.apk Binary XML file line #5
05-07 12:18:50.840 32605 32636 W PackageParser: Unknown element under <manifest>: queries at /data/user_de/0/com.google.android.gms/app_chimera/m/0000018f/dl-AdsFdrDynamite.integ_210890500100000.apk Binary XML file line #5
05-07 12:18:50.871 32605 32636 W PackageParser: Unknown element under <manifest>: queries at /data/user_de/0/com.google.android.gms/app_chimera/m/00000191/dl-Payments.integ_211290904100400.apk Binary XML file line #5
05-07 12:19:13.142   915  1014 I ActivityManager: Start proc 17800:com.android.providers.calendar/u0a57 for content provider {com.android.providers.calendar/com.android.providers.calendar.CalendarProvider2}
05-07 12:19:13.260   915  7815 I ActivityManager: Killing 17268:com.google.android.apps.maps/u0a116 (adj 965): empty #17
05-07 12:19:13.299   915  1893 D ConnectivityService: ConnectivityService NetworkRequestInfo binderDied(NetworkRequest [ TRACK_DEFAULT id=1757, [ Capabilities: INTERNET&NOT_RESTRICTED&TRUSTED Uid: 10116] ], android.os.BinderProxy@2f37617)
05-07 12:19:13.300   915  4287 D ConnectivityService: ConnectivityService NetworkRequestInfo binderDied(NetworkRequest [ LISTEN id=1758, [ Capabilities: INTERNET&NOT_RESTRICTED&TRUSTED Uid: 10116] ], android.os.BinderProxy@c6e7a04)
05-07 12:19:13.300   915  1366 D ConnectivityService: releasing NetworkRequest [ TRACK_DEFAULT id=1757, [ Capabilities: INTERNET&NOT_RESTRICTED&TRUSTED Uid: 10116] ] (release request)
05-07 12:19:21.091  1454  2005 D PowerUI : can't show warning due to - plugged: true status unknown: false
05-07 12:20:21.108  1454  2005 D PowerUI : can't show warning due to - plugged: true status unknown: false
05-07 12:21:21.104  1454  2005 I chatty  : uid=10014(com.android.systemui) ndroid.systemui identical 1 line
05-07 12:22:21.103  1454  2005 D PowerUI : can't show warning due to - plugged: true status unknown: false
05-07 12:23:21.105  1454  2005 D PowerUI : can't show warning due to - plugged: true status unknown: false
05-07 12:24:02.902   915  4579 D ConnectivityService: requestNetwork for uid/pid:10120/17657 NetworkRequest [ TRACK_DEFAULT id=1761, [ Capabilities: INTERNET&NOT_RESTRICTED&TRUSTED Uid: 10120] ]
05-07 12:24:21.107  1454  2005 D PowerUI : can't show warning due to - plugged: true status unknown: false
05-07 12:25:21.105  1454  2005 D PowerUI : can't show warning due to - plugged: true status unknown: false
05-07 12:26:21.139  1454  2005 D PowerUI : can't show warning due to - plugged: true status unknown: false
05-07 12:27:21.103  1454  2005 D PowerUI : can't show warning due to - plugged: true status unknown: false
05-07 12:28:21.140  1454  2005 D PowerUI : can't show warning due to - plugged: true status unknown: false
05-07 12:29:21.110  1454  2005 D PowerUI : can't show warning due to - plugged: true status unknown: false
05-07 12:30:21.113  1454  2005 D PowerUI : can't show warning due to - plugged: true status unknown: false
05-07 12:30:30.592   915   915 I ActivityManager: Killing 17316:com.google.process.gapps/u0a8 (adj 955): empty for 1800s
05-07 12:30:51.290   915   915 I ActivityManager: Killing 17355:android.process.acore/u0a20 (adj 955): empty for 1802s
05-07 12:30:51.348   915  1893 D CountryDetector: No listener is left
05-07 12:31:21.102  1454  2005 D PowerUI : can't show warning due to - plugged: true status unknown: false
05-07 12:32:21.103  1454  2005 D PowerUI : can't show warning due to - plugged: true status unknown: false
05-07 12:32:41.415   915  2354 I ActivityManager: Killing 17033:com.google.android.apps.messaging/u0a85 (adj 995): empty for 1803s
05-07 12:32:41.457   915   939 D ConnectivityService: ConnectivityService NetworkRequestInfo binderDied(NetworkRequest [ TRACK_DEFAULT id=1754, [ Capabilities: INTERNET&NOT_RESTRICTED&TRUSTED Uid: 10085] ], android.os.BinderProxy@28dfe90)
05-07 12:32:41.459   915  1366 D ConnectivityService: releasing NetworkRequest [ TRACK_DEFAULT id=1754, [ Capabilities: INTERNET&NOT_RESTRICTED&TRUSTED Uid: 10085] ] (release request)
05-07 12:33:21.107  1454  2005 D PowerUI : can't show warning due to - plugged: true status unknown: false
05-07 12:33:25.460   915  1009 I UsageStatsService: User[0] Flushing usage stats to disk
05-07 12:33:25.541   915  1009 E AppIdleHistory: Error writing app idle file for user 0
05-07 12:33:25.541   915  1009 I UsageStatsService: User[11] Flushing usage stats to disk
05-07 12:33:25.581   915  1009 E AppIdleHistory: Error writing app idle file for user 11
05-07 12:33:25.581   915  1009 I UsageStatsService: User[12] Flushing usage stats to disk
05-07 12:33:25.620   915  1009 E AppIdleHistory: Error writing app idle file for user 12
05-07 12:34:21.108  1454  2005 D PowerUI : can't show warning due to - plugged: true status unknown: false
05-07 12:34:53.360   915  1031 E BatteryExternalStatsWorker: no controller energy info supplied for bluetooth
05-07 12:35:15.969   915  4466 I DropBoxManagerService: add tag=event_data isTagEnabled=true flags=0x2
05-07 12:35:15.982   915  1012 W BroadcastQueue: Background execution not allowed: receiving Intent { act=android.intent.action.DROPBOX_ENTRY_ADDED flg=0x10 (has extras) } to com.google.android.gms/.stats.service.DropBoxEntryAddedReceiver
