05-06 07:34:24.022  1454  2005 D PowerUI : can't show warning due to - plugged: true status unknown: false
05-06 07:35:24.023  1454  2005 D PowerUI : can't show warning due to - plugged: true status unknown: false
05-06 07:36:24.023  1454  2005 D PowerUI : can't show warning due to - plugged: true status unknown: false
05-06 07:37:04.122   915  7118 I chatty  : uid=1000 system_server expire 10 lines
05-06 07:37:24.026  1454  2005 D PowerUI : can't show warning due to - plugged: true status unknown: false
05-06 07:38:24.057  1454  2005 D PowerUI : can't show warning due to - plugged: true status unknown: false
05-06 07:39:24.053  1454  2005 D PowerUI : can't show warning due to - plugged: true status unknown: false
05-06 07:40:24.020  1454  2005 D PowerUI : can't show warning due to - plugged: true status unknown: false
05-06 07:41:24.024  1454  2005 D PowerUI : can't show warning due to - plugged: true status unknown: false
05-06 07:42:24.024  1454  2005 D PowerUI : can't show warning due to - plugged: true status unknown: false
05-06 07:43:24.016  1454  2005 D PowerUI : can't show warning due to - plugged: true status unknown: false
05-06 07:44:24.023  1454  2005 D PowerUI : can't show warning due to - plugged: true status unknown: false
05-06 07:45:24.025  1454  2005 D PowerUI : can't show warning due to - plugged: true status unknown: false
05-06 07:46:11.161   915  1009 I chatty  : uid=1000(system) android.bg expire 13 lines
05-06 07:46:24.054  1454  2005 D PowerUI : can't show warning due to - plugged: true status unknown: false
05-06 07:47:24.020  1454  2005 D PowerUI : can't show warning due to - plugged: true status unknown: false
05-06 07:48:24.023  1454  2005 D PowerUI : can't show warning due to - plugged: true status unknown: false
05-06 07:48:39.130   915  1014 I chatty  : uid=1000 system_server expire 12 lines
05-06 07:49:24.020  1454  2005 D PowerUI : can't show warning due to - plugged: true status unknown: false
05-06 07:50:24.025  1454  2005 D PowerUI : can't show warning due to - plugged: true status unknown: false
05-06 07:51:24.042  1454  2005 D PowerUI : can't show warning due to - plugged: true status unknown: false
05-06 07:52:24.049  1454  2005 D PowerUI : can't show warning due to - plugged: true status unknown: false
05-06 07:53:24.056  1454  2005 D PowerUI : can't show warning due to - plugged: true status unknown: false
05-06 07:54:24.025  1454  2005 D PowerUI : can't show warning due to - plugged: true status unknown: false
05-06 07:55:24.024  1454  2005 D PowerUI : can't show warning due to - plugged: true status unknown: false
05-06 07:56:24.059  1454  2005 D PowerUI : can't show warning due to - plugged: true status unknown: false
05-06 07:57:24.054  1454  2005 D PowerUI : can't show warning due to - plugged: true status unknown: false
05-06 07:59:24.024  1454  2005 D PowerUI : can't show warning due to - plugged: true status unknown: false
05-06 08:00:24.054  1454  2005 D PowerUI : can't show warning due to - plugged: true status unknown: false
05-06 08:01:24.041  1454  2005 D PowerUI : can't show warning due to - plugged: true status unknown: false
05-06 08:02:24.066  1454  2005 D PowerUI : can't show warning due to - plugged: true status unknown: false
05-06 08:04:24.015  1454  2005 D PowerUI : can't show warning due to - plugged: true status unknown: false
05-06 08:05:24.055  1454  2005 D PowerUI : can't show warning due to - plugged: true status unknown: false
05-06 08:06:12.555   915  1014 I chatty  : uid=1000 system_server expire 10 lines
05-06 08:06:13.734   915  1012 I chatty  : uid=1000 system_server expire 12 lines
05-06 08:06:13.862   915  1597 I chatty  : uid=1000 system_server expire 11 lines
05-06 08:06:24.026  1454  2005 D PowerUI : can't show warning due to - plugged: true status unknown: false
05-06 08:07:24.029  1454  2005 D PowerUI : can't show warning due to - plugged: true status unknown: false
05-06 08:08:24.049  1454  2005 D PowerUI : can't show warning due to - plugged: true status unknown: false
05-06 08:09:24.016  1454  2005 D PowerUI : can't show warning due to - plugged: true status unknown: false
05-06 08:10:13.984   915  1014 I chatty  : uid=1000 system_server expire 13 lines
05-06 08:10:15.495 25844 25844 D ActivityThread: Loading provider contacts;com.android.contacts: com.android.providers.contacts.ContactsProvider2
05-06 08:10:24.020  1454  2005 D PowerUI : can't show warning due to - plugged: true status unknown: false
05-06 08:11:24.064  1454  2005 D PowerUI : can't show warning due to - plugged: true status unknown: false
05-06 08:13:24.017  1454  2005 D PowerUI : can't show warning due to - plugged: true status unknown: false
05-06 08:14:24.036  1454  2005 D PowerUI : can't show warning due to - plugged: true status unknown: false
05-06 08:15:24.050  1454  2005 D PowerUI : can't show warning due to - plugged: true status unknown: false
05-06 08:17:24.033  1454  2005 D PowerUI : can't show warning due to - plugged: true status unknown: false
05-06 08:17:47.443   915  1014 I chatty  : uid=1000 system_server expire 35 lines
05-06 08:17:50.343   915  7898 I chatty  : uid=1000 system_server expire 8 lines
05-06 08:17:58.312   915  1893 I chatty  : uid=1000 system_server expire 11 lines
05-06 08:18:03.400   915   915 I chatty  : uid=1000 system_server expire 12 lines
05-06 08:18:03.624   915  1366 I chatty  : uid=1000 system_server expire 13 lines
05-06 08:18:03.774  1454  2005 D PowerUI : can't show warning due to - plugged: true status unknown: false
05-06 08:18:03.823   915  4287 I chatty  : uid=1000 system_server expire 12 lines
05-06 08:18:05.270  1454  2005 D PowerUI : can't show warning due to - plugged: true status unknown: false
05-06 08:18:24.019  1454  2005 D PowerUI : can't show warning due to - plugged: true status unknown: false
05-06 08:18:31.935   915   939 I chatty  : uid=1000 system_server expire 11 lines
05-06 08:19:24.057  1454  2005 D PowerUI : can't show warning due to - plugged: true status unknown: false
05-06 08:20:24.051  1454  2005 D PowerUI : can't show warning due to - plugged: true status unknown: false
05-06 08:21:24.056  1454  2005 D PowerUI : can't show warning due to - plugged: true status unknown: false
05-06 08:21:54.290   915  1014 I chatty  : uid=1000 system_server expire 40 lines
05-06 08:22:00.173 27195 27337 I SystemConfig: Adding association: com.google.android.as <- com.android.providers.contacts
05-06 08:22:00.173 27195 27337 I SystemConfig: Adding association: com.google.android.as <- com.android.providers.media
05-06 08:22:00.173 27195 27337 I SystemConfig: Adding association: com.google.android.as <- com.android.providers.telephony
05-06 08:22:00.173 27195 27337 I SystemConfig: Adding association: com.google.android.as <- com.android.systemui
05-06 08:22:00.173 27195 27337 I SystemConfig: Adding association: com.google.android.as <- com.google.android.gms
05-06 08:22:00.173 27195 27337 I SystemConfig: Adding association: com.google.android.as <- com.google.android.gsf
05-06 08:22:00.236 27195 27337 W SystemConfig: No directory /product_services/etc/sysconfig, skipping
05-06 08:22:00.236 27195 27337 W SystemConfig: No directory /product_services/etc/permissions, skipping
05-06 08:22:03.422   915  2397 I chatty  : uid=1000 system_server expire 12 lines
05-06 08:22:14.981   915   915 I chatty  : uid=1000 system_server expire 15 lines
05-06 08:22:15.216   915  4615 I chatty  : uid=1000 system_server expire 11 lines
05-06 08:22:17.299 28537 28562 I SystemConfig: Adding association: com.google.android.as <- com.android.providers.contacts
05-06 08:22:17.299 28537 28562 I SystemConfig: Adding association: com.google.android.as <- com.android.providers.media
05-06 08:22:17.299 28537 28562 I SystemConfig: Adding association: com.google.android.as <- com.android.providers.telephony
05-06 08:22:17.299 28537 28562 I SystemConfig: Adding association: com.google.android.as <- com.android.systemui
05-06 08:22:17.299 28537 28562 I SystemConfig: Adding association: com.google.android.as <- com.google.android.gms
05-06 08:22:17.299 28537 28562 I SystemConfig: Adding association: com.google.android.as <- com.google.android.gsf
05-06 08:22:17.310 28537 28562 W SystemConfig: No directory /product_services/etc/sysconfig, skipping
05-06 08:22:17.311 28537 28562 W SystemConfig: No directory /product_services/etc/permissions, skipping
05-06 08:22:17.575   915  1014 I chatty  : uid=1000 system_server expire 34 lines
05-06 08:22:17.896   915  1009 I chatty  : uid=1000(system) android.bg expire 19 lines
05-06 08:22:24.027  1454  2005 D PowerUI : can't show warning due to - plugged: true status unknown: false
05-06 08:23:06.436   915  9308 I chatty  : uid=1000 system_server expire 12 lines
05-06 08:23:24.056  1454  2005 D PowerUI : can't show warning due to - plugged: true status unknown: false
05-06 08:24:24.027  1454  2005 D PowerUI : can't show warning due to - plugged: true status unknown: false
05-06 08:25:05.913   915  1014 I chatty  : uid=1000 system_server expire 14 lines
05-06 08:25:06.118   915  2354 I chatty  : uid=1000 system_server expire 10 lines
05-06 08:25:06.125 29826 29826 D ActivityThread: Loading provider contacts;com.android.contacts: com.android.providers.contacts.ContactsProvider2
05-06 08:25:24.022  1454  2005 D PowerUI : can't show warning due to - plugged: true status unknown: false
05-06 08:26:24.005  1454  2005 D PowerUI : can't show warning due to - plugged: true status unknown: false
05-06 08:27:24.043  1454  2005 D PowerUI : can't show warning due to - plugged: true status unknown: false
05-06 08:28:24.015  1454  2005 D PowerUI : can't show warning due to - plugged: true status unknown: false
05-06 08:29:24.036  1454  2005 D PowerUI : can't show warning due to - plugged: true status unknown: false
05-06 08:30:24.057  1454  2005 D PowerUI : can't show warning due to - plugged: true status unknown: false
05-06 08:32:24.018  1454  2005 I chatty  : uid=10014(com.android.systemui) ndroid.systemui identical 10 lines
05-06 08:33:24.017  1454  2005 D PowerUI : can't show warning due to - plugged: true status unknown: false
05-06 08:34:24.017  1454  2005 D PowerUI : can't show warning due to - plugged: true status unknown: false
05-06 08:35:24.014  1454  2005 D PowerUI : can't show warning due to - plugged: true status unknown: false
05-06 08:36:24.052  1454  2005 D PowerUI : can't show warning due to - plugged: true status unknown: false
05-06 08:36:37.112   915  1012 I chatty  : uid=1000 system_server expire 12 lines
05-06 08:36:37.162   915  4579 I chatty  : uid=1000 system_server expire 8 lines
05-06 08:37:24.054  1454  2005 D PowerUI : can't show warning due to - plugged: true status unknown: false
05-06 08:38:24.060  1454  2005 D PowerUI : can't show warning due to - plugged: true status unknown: false
05-06 08:39:24.053  1454  2005 D PowerUI : can't show warning due to - plugged: true status unknown: false
05-06 08:40:24.041  1454  2005 D PowerUI : can't show warning due to - plugged: true status unknown: false
05-06 08:41:24.045  1454  2005 D PowerUI : can't show warning due to - plugged: true status unknown: false
05-06 08:42:24.050  1454  2005 D PowerUI : can't show warning due to - plugged: true status unknown: false
05-06 08:43:16.591   915  1014 I chatty  : uid=1000 system_server expire 18 lines
05-06 08:43:16.700   915  1366 I chatty  : uid=1000 system_server expire 11 lines
05-06 08:43:24.020  1454  2005 D PowerUI : can't show warning due to - plugged: true status unknown: false
05-06 08:44:24.022  1454  2005 D PowerUI : can't show warning due to - plugged: true status unknown: false
05-06 08:45:24.040  1454  2005 D PowerUI : can't show warning due to - plugged: true status unknown: false
05-06 08:47:24.019  1454  2005 D PowerUI : can't show warning due to - plugged: true status unknown: false
05-06 08:48:24.044  1454  2005 D PowerUI : can't show warning due to - plugged: true status unknown: false
05-06 08:49:24.026  1454  2005 D PowerUI : can't show warning due to - plugged: true status unknown: false
05-06 08:51:24.021  1454  2005 D PowerUI : can't show warning due to - plugged: true status unknown: false
05-06 08:52:24.023  1454  2005 D PowerUI : can't show warning due to - plugged: true status unknown: false
05-06 08:52:51.680   915   915 I chatty  : uid=1000 system_server expire 10 lines
05-06 08:53:07.476   915  5499 I chatty  : uid=1000 system_server expire 13 lines
05-06 08:53:07.476   915  1623 I chatty  : uid=1000 system_server expire 5 lines
05-06 08:53:24.045  1454  2005 D PowerUI : can't show warning due to - plugged: true status unknown: false
05-06 08:54:24.022  1454  2005 D PowerUI : can't show warning due to - plugged: true status unknown: false
05-06 08:55:24.018  1454  2005 D PowerUI : can't show warning due to - plugged: true status unknown: false
05-06 08:56:24.050  1454  2005 D PowerUI : can't show warning due to - plugged: true status unknown: false
05-06 08:57:24.044  1454  2005 D PowerUI : can't show warning due to - plugged: true status unknown: false
05-06 08:58:24.051  1454  2005 D PowerUI : can't show warning due to - plugged: true status unknown: false
05-06 09:00:24.022  1454  2005 D PowerUI : can't show warning due to - plugged: true status unknown: false
05-06 09:01:24.053  1454  2005 D PowerUI : can't show warning due to - plugged: true status unknown: false
05-06 09:02:24.052  1454  2005 D PowerUI : can't show warning due to - plugged: true status unknown: false
05-06 09:03:24.054  1454  2005 D PowerUI : can't show warning due to - plugged: true status unknown: false
05-06 09:04:24.061  1454  2005 D PowerUI : can't show warning due to - plugged: true status unknown: false
05-06 09:05:24.018  1454  2005 D PowerUI : can't show warning due to - plugged: true status unknown: false
05-06 09:06:24.019  1454  2005 D PowerUI : can't show warning due to - plugged: true status unknown: false
05-06 09:06:42.162   915  1014 I chatty  : uid=1000 system_server expire 13 lines
05-06 09:07:24.020  1454  2005 D PowerUI : can't show warning due to - plugged: true status unknown: false
05-06 09:08:24.017  1454  2005 D PowerUI : can't show warning due to - plugged: true status unknown: false
05-06 09:09:24.022  1454  2005 D PowerUI : can't show warning due to - plugged: true status unknown: false
05-06 09:10:24.023  1454  2005 D PowerUI : can't show warning due to - plugged: true status unknown: false
05-06 09:11:24.026  1454  2005 D PowerUI : can't show warning due to - plugged: true status unknown: false
05-06 09:12:24.029  1454  2005 D PowerUI : can't show warning due to - plugged: true status unknown: false
05-06 09:15:24.019  1454  2005 D PowerUI : can't show warning due to - plugged: true status unknown: false
05-06 09:16:24.046  1454  2005 D PowerUI : can't show warning due to - plugged: true status unknown: false
05-06 09:17:24.051  1454  2005 D PowerUI : can't show warning due to - plugged: true status unknown: false
05-06 09:19:24.018  1454  2005 D PowerUI : can't show warning due to - plugged: true status unknown: false
05-06 09:20:24.019  1454  2005 D PowerUI : can't show warning due to - plugged: true status unknown: false
05-06 09:21:24.021  1454  2005 D PowerUI : can't show warning due to - plugged: true status unknown: false
05-06 09:22:19.192   915  1014 I chatty  : uid=1000 system_server expire 15 lines
05-06 09:22:20.947   915   986 I chatty  : uid=1000 system_server expire 14 lines
05-06 09:22:24.024  1454  2005 D PowerUI : can't show warning due to - plugged: true status unknown: false
05-06 09:23:24.023  1454  2005 D PowerUI : can't show warning due to - plugged: true status unknown: false
05-06 09:24:24.022  1454  2005 D PowerUI : can't show warning due to - plugged: true status unknown: false
05-06 09:25:24.023  1454  2005 D PowerUI : can't show warning due to - plugged: true status unknown: false
05-06 09:26:24.021  1454  2005 D PowerUI : can't show warning due to - plugged: true status unknown: false
05-06 09:27:24.021  1454  2005 D PowerUI : can't show warning due to - plugged: true status unknown: false
05-06 09:28:24.021  1454  2005 D PowerUI : can't show warning due to - plugged: true status unknown: false
05-06 09:29:24.070  1454  2005 D PowerUI : can't show warning due to - plugged: true status unknown: false
05-06 09:31:24.009  1454  2005 D PowerUI : can't show warning due to - plugged: true status unknown: false
05-06 09:32:24.019  1454  2005 D PowerUI : can't show warning due to - plugged: true status unknown: false
05-06 09:33:00.539   915  8474 I chatty  : uid=1000 system_server expire 13 lines
05-06 09:33:24.056  1454  2005 D PowerUI : can't show warning due to - plugged: true status unknown: false
05-06 09:34:24.021  1454  2005 D PowerUI : can't show warning due to - plugged: true status unknown: false
05-06 09:35:24.043  1454  2005 D PowerUI : can't show warning due to - plugged: true status unknown: false
05-06 09:36:24.024  1454  2005 D PowerUI : can't show warning due to - plugged: true status unknown: false
05-06 09:36:35.417   915   915 I chatty  : uid=1000 system_server expire 16 lines
05-06 09:37:24.048  1454  2005 D PowerUI : can't show warning due to - plugged: true status unknown: false
05-06 09:38:24.061  1454  2005 D PowerUI : can't show warning due to - plugged: true status unknown: false
05-06 09:40:24.020  1454  2005 D PowerUI : can't show warning due to - plugged: true status unknown: false
05-06 09:41:24.020  1454  2005 D PowerUI : can't show warning due to - plugged: true status unknown: false
05-06 09:42:24.023  1454  2005 D PowerUI : can't show warning due to - plugged: true status unknown: false
05-06 09:43:24.050  1454  2005 D PowerUI : can't show warning due to - plugged: true status unknown: false
05-06 09:44:24.021  1454  2005 D PowerUI : can't show warning due to - plugged: true status unknown: false
05-06 09:45:24.050  1454  2005 D PowerUI : can't show warning due to - plugged: true status unknown: false
05-06 09:46:24.020  1454  2005 D PowerUI : can't show warning due to - plugged: true status unknown: false
05-06 09:47:24.020  1454  2005 D PowerUI : can't show warning due to - plugged: true status unknown: false
05-06 09:48:24.035  1454  2005 D PowerUI : can't show warning due to - plugged: true status unknown: false
05-06 09:49:24.043  1454  2005 D PowerUI : can't show warning due to - plugged: true status unknown: false
05-06 09:50:24.015  1454  2005 D PowerUI : can't show warning due to - plugged: true status unknown: false
05-06 09:51:24.052  1454  2005 D PowerUI : can't show warning due to - plugged: true status unknown: false
05-06 09:52:21.148   915  1009 I chatty  : uid=1000(system) android.bg expire 18 lines
05-06 09:52:24.023  1454  2005 D PowerUI : can't show warning due to - plugged: true status unknown: false
05-06 09:52:44.610   915  1014 I chatty  : uid=1000 system_server expire 14 lines
05-06 09:52:45.660   915  1012 I chatty  : uid=1000 system_server expire 15 lines
05-06 09:53:24.020  1454  2005 D PowerUI : can't show warning due to - plugged: true status unknown: false
05-06 09:54:24.021  1454  2005 D PowerUI : can't show warning due to - plugged: true status unknown: false
05-06 09:55:13.661   915  1014 I chatty  : uid=1000 system_server expire 13 lines
05-06 09:55:24.021  1454  2005 D PowerUI : can't show warning due to - plugged: true status unknown: false
05-06 09:56:24.021  1454  2005 D PowerUI : can't show warning due to - plugged: true status unknown: false
05-06 09:57:24.019  1454  2005 D PowerUI : can't show warning due to - plugged: true status unknown: false
05-06 09:58:24.022  1454  2005 D PowerUI : can't show warning due to - plugged: true status unknown: false
05-06 09:59:24.022  1454  2005 D PowerUI : can't show warning due to - plugged: true status unknown: false
05-06 10:00:24.015  1454  2005 D PowerUI : can't show warning due to - plugged: true status unknown: false
05-06 10:00:41.607   915 31699 I chatty  : uid=1000 system_server expire 62 lines
05-06 10:00:47.603   915  1014 I chatty  : uid=1000 system_server expire 20 lines
05-06 10:00:52.534   915  1893 I chatty  : uid=1000 system_server expire 10 lines
05-06 10:00:56.207   915  4223 I chatty  : uid=1000 system_server expire 10 lines
05-06 10:00:56.269   915  1366 I chatty  : uid=1000 system_server expire 16 lines
05-06 10:01:24.024  1454  2005 D PowerUI : can't show warning due to - plugged: true status unknown: false
05-06 10:02:24.020  1454  2005 D PowerUI : can't show warning due to - plugged: true status unknown: false
05-06 10:03:24.026  1454  2005 D PowerUI : can't show warning due to - plugged: true status unknown: false
05-06 10:04:24.022  1454  2005 D PowerUI : can't show warning due to - plugged: true status unknown: false
05-06 10:05:24.052  1454  2005 D PowerUI : can't show warning due to - plugged: true status unknown: false
05-06 10:06:12.634   915  1014 I chatty  : uid=1000 system_server expire 13 lines
05-06 10:06:13.748   915  4408 I chatty  : uid=1000 system_server expire 8 lines
05-06 10:06:24.017  1454  2005 D PowerUI : can't show warning due to - plugged: true status unknown: false
05-06 10:07:24.020  1454  2005 D PowerUI : can't show warning due to - plugged: true status unknown: false
05-06 10:08:24.017  1454  2005 D PowerUI : can't show warning due to - plugged: true status unknown: false
05-06 10:09:24.018  1454  2005 D PowerUI : can't show warning due to - plugged: true status unknown: false
05-06 10:10:24.059  1454  2005 D PowerUI : can't show warning due to - plugged: true status unknown: false
05-06 10:10:31.760   915  1014 I chatty  : uid=1000 system_server expire 10 lines
05-06 10:10:32.406   915  6679 I chatty  : uid=1000 system_server expire 7 lines
05-06 10:11:24.016  1454  2005 D PowerUI : can't show warning due to - plugged: true status unknown: false
05-06 10:12:24.018  1454  2005 D PowerUI : can't show warning due to - plugged: true status unknown: false
05-06 10:13:24.015  1454  2005 D PowerUI : can't show warning due to - plugged: true status unknown: false
05-06 10:14:24.019  1454  2005 D PowerUI : can't show warning due to - plugged: true status unknown: false
05-06 10:15:24.026  1454  2005 D PowerUI : can't show warning due to - plugged: true status unknown: false
05-06 10:16:24.043  1454  2005 D PowerUI : can't show warning due to - plugged: true status unknown: false
05-06 10:17:24.016  1454  2005 D PowerUI : can't show warning due to - plugged: true status unknown: false
05-06 10:18:24.019  1454  2005 D PowerUI : can't show warning due to - plugged: true status unknown: false
05-06 10:19:24.019  1454  2005 D PowerUI : can't show warning due to - plugged: true status unknown: false
05-06 10:20:24.039  1454  2005 D PowerUI : can't show warning due to - plugged: true status unknown: false
05-06 10:21:24.019  1454  2005 I chatty  : uid=10014(com.android.systemui) ndroid.systemui identical 12 lines
05-06 10:22:24.015  1454  2005 D PowerUI : can't show warning due to - plugged: true status unknown: false
05-06 10:23:24.017  1454  2005 D PowerUI : can't show warning due to - plugged: true status unknown: false
05-06 10:24:24.057  1454  2005 D PowerUI : can't show warning due to - plugged: true status unknown: false
05-06 10:25:24.021  1454  2005 D PowerUI : can't show warning due to - plugged: true status unknown: false
05-06 10:25:54.507  1454  2005 D PowerUI : can't show warning due to - plugged: true status unknown: false
05-06 10:25:54.529  1454  2005 D PowerUI : can't show warning due to - plugged: true status unknown: false
05-06 10:26:04.749   915  1632 I chatty  : uid=1000 system_server expire 8 lines
05-06 10:26:24.016  1454  2005 D PowerUI : can't show warning due to - plugged: true status unknown: false
05-06 10:27:24.019  1454  2005 D PowerUI : can't show warning due to - plugged: true status unknown: false
05-06 10:28:24.019  1454  2005 D PowerUI : can't show warning due to - plugged: true status unknown: false
05-06 10:29:24.047  1454  2005 D PowerUI : can't show warning due to - plugged: true status unknown: false
05-06 10:30:24.020  1454  2005 D PowerUI : can't show warning due to - plugged: true status unknown: false
05-06 10:31:24.022  1454  2005 D PowerUI : can't show warning due to - plugged: true status unknown: false
05-06 10:32:24.044  1454  2005 D PowerUI : can't show warning due to - plugged: true status unknown: false
05-06 10:33:24.018  1454  2005 D PowerUI : can't show warning due to - plugged: true status unknown: false
05-06 10:34:24.019  1454  2005 D PowerUI : can't show warning due to - plugged: true status unknown: false
05-06 10:35:24.021  1454  2005 D PowerUI : can't show warning due to - plugged: true status unknown: false
05-06 10:35:46.715   915  7815 I chatty  : uid=1000 system_server expire 4 lines
05-06 10:36:18.798   915   915 I chatty  : uid=1000 system_server expire 24 lines
05-06 10:36:24.066  1454  2005 D PowerUI : can't show warning due to - plugged: true status unknown: false
05-06 10:37:24.023  1454  2005 D PowerUI : can't show warning due to - plugged: true status unknown: false
05-06 10:38:24.059  1454  2005 D PowerUI : can't show warning due to - plugged: true status unknown: false
05-06 10:39:24.065  1454  2005 D PowerUI : can't show warning due to - plugged: true status unknown: false
05-06 10:39:25.020   915  1014 I chatty  : uid=1000 system_server expire 15 lines
05-06 10:39:26.027 32643 32643 D ActivityThread: Loading provider contacts;com.android.contacts: com.android.providers.contacts.ContactsProvider2
05-06 10:40:24.068  1454  2005 D PowerUI : can't show warning due to - plugged: true status unknown: false
05-06 10:41:24.051  1454  2005 D PowerUI : can't show warning due to - plugged: true status unknown: false
05-06 10:42:24.057  1454  2005 D PowerUI : can't show warning due to - plugged: true status unknown: false
05-06 10:43:24.017  1454  2005 D PowerUI : can't show warning due to - plugged: true status unknown: false
05-06 10:44:24.044  1454  2005 D PowerUI : can't show warning due to - plugged: true status unknown: false
05-06 10:45:24.022  1454  2005 D PowerUI : can't show warning due to - plugged: true status unknown: false
05-06 10:46:24.022  1454  2005 D PowerUI : can't show warning due to - plugged: true status unknown: false
05-06 10:47:24.050  1454  2005 D PowerUI : can't show warning due to - plugged: true status unknown: false
05-06 10:48:24.022  1454  2005 D PowerUI : can't show warning due to - plugged: true status unknown: false
05-06 10:49:24.021  1454  2005 D PowerUI : can't show warning due to - plugged: true status unknown: false
05-06 10:50:24.049  1454  2005 D PowerUI : can't show warning due to - plugged: true status unknown: false
05-06 10:52:24.005  1454  2005 D PowerUI : can't show warning due to - plugged: true status unknown: false
05-06 10:53:24.048  1454  2005 D PowerUI : can't show warning due to - plugged: true status unknown: false
05-06 10:54:24.023  1454  2005 D PowerUI : can't show warning due to - plugged: true status unknown: false
05-06 10:55:24.047  1454  2005 D PowerUI : can't show warning due to - plugged: true status unknown: false
05-06 10:56:24.021  1454  2005 D PowerUI : can't show warning due to - plugged: true status unknown: false
05-06 10:57:07.748  1454  2005 D PowerUI : can't show warning due to - plugged: true status unknown: false
05-06 10:57:09.829   915  2035 I chatty  : uid=1000 system_server expire 2 lines
05-06 10:57:09.896   915  1091 I chatty  : uid=1000 system_server expire 4 lines
05-06 10:57:09.897   915   988 I chatty  : uid=1000 system_server expire 5 lines
05-06 10:57:09.912  1454  2005 D PowerUI : can't show warning due to - plugged: true status unknown: false
05-06 10:57:09.920   915  1012 I chatty  : uid=1000 system_server expire 45 lines
05-06 10:57:09.964   915  1009 I chatty  : uid=1000(system) android.bg expire 15 lines
05-06 10:57:10.386   915  1031 I chatty  : uid=1000 system_server expire 10 lines
05-06 10:57:10.399   915  1014 I chatty  : uid=1000 system_server expire 20 lines
05-06 10:57:10.423  1454  2005 D PowerUI : can't show warning due to - plugged: true status unknown: false
05-06 10:57:19.547  1454  2005 D PowerUI : can't show warning due to - plugged: true status unknown: false
05-06 10:57:21.124  1454  2005 D PowerUI : can't show warning due to - plugged: true status unknown: false
05-06 10:57:21.156  1454  2005 D PowerUI : can't show warning due to - plugged: true status unknown: false
05-06 10:57:22.079  1454  2005 D PowerUI : can't show warning due to - plugged: true status unknown: false
05-06 10:57:23.579  1454  2005 D PowerUI : can't show warning due to - plugged: true status unknown: false
05-06 10:58:21.133  1454  2005 D PowerUI : can't show warning due to - plugged: true status unknown: false
05-06 10:59:21.133  1454  2005 D PowerUI : can't show warning due to - plugged: true status unknown: false
05-06 11:00:21.108  1454  2005 D PowerUI : can't show warning due to - plugged: true status unknown: false
05-06 11:01:21.106  1454  2005 D PowerUI : can't show warning due to - plugged: true status unknown: false
05-06 11:02:21.107  1454  2005 D PowerUI : can't show warning due to - plugged: true status unknown: false
05-06 11:03:21.111  1454  2005 D PowerUI : can't show warning due to - plugged: true status unknown: false
05-06 11:04:21.205  1454  2005 D PowerUI : can't show warning due to - plugged: true status unknown: false
05-06 11:05:18.407   915  4383 I chatty  : uid=1000 system_server expire 11 lines
05-06 11:05:18.412   915  1012 I chatty  : uid=1000 system_server expire 13 lines
05-06 11:05:21.096  1454  2005 D PowerUI : can't show warning due to - plugged: true status unknown: false
05-06 11:05:36.146  1450  1499 I SystemConfig: Adding association: com.google.android.as <- com.android.providers.contacts
05-06 11:05:36.147  1450  1499 I SystemConfig: Adding association: com.google.android.as <- com.android.providers.media
05-06 11:05:36.147  1450  1499 I SystemConfig: Adding association: com.google.android.as <- com.android.providers.telephony
05-06 11:05:36.147  1450  1499 I SystemConfig: Adding association: com.google.android.as <- com.android.systemui
05-06 11:05:36.147  1450  1499 I SystemConfig: Adding association: com.google.android.as <- com.google.android.gms
05-06 11:05:36.147  1450  1499 I SystemConfig: Adding association: com.google.android.as <- com.google.android.gsf
05-06 11:05:36.157  1450  1499 W SystemConfig: No directory /product_services/etc/sysconfig, skipping
05-06 11:05:36.158  1450  1499 W SystemConfig: No directory /product_services/etc/permissions, skipping
05-06 11:05:41.661   915  1014 I chatty  : uid=1000 system_server expire 58 lines
05-06 11:06:08.229   915  7479 I chatty  : uid=1000 system_server expire 10 lines
05-06 11:06:17.750   915  1087 I chatty  : uid=1000 system_server expire 2 lines
05-06 11:06:21.108  1454  2005 D PowerUI : can't show warning due to - plugged: true status unknown: false
05-06 11:06:27.588  1454  2005 D PowerUI : can't show warning due to - plugged: true status unknown: false
05-06 11:06:40.841   915  3937 I chatty  : uid=1000 system_server expire 10 lines
05-06 11:07:08.460   915  4615 I chatty  : uid=1000 system_server expire 5 lines
05-06 11:07:21.109  1454  2005 D PowerUI : can't show warning due to - plugged: true status unknown: false
05-06 11:07:54.102   915  1014 I chatty  : uid=1000 system_server expire 12 lines
05-06 11:08:21.106  1454  2005 D PowerUI : can't show warning due to - plugged: true status unknown: false
05-06 11:09:13.291  2677  2734 E ActivityThread: Failed to find provider info for com.dianxinos.dxbs.DuCandyCooProvider
05-06 11:09:13.298  2677  2734 E ActivityThread: Failed to find provider info for com.dianxinos.optimizer.duplay.DuCandyCooProvider
05-06 11:09:13.381  2677  2734 E ActivityThread: Failed to find provider info for com.estrongs.android.pop.DuCandyCooProvider
05-06 11:09:21.116  1454  2005 D PowerUI : can't show warning due to - plugged: true status unknown: false
05-06 11:10:21.116  1454  2005 D PowerUI : can't show warning due to - plugged: true status unknown: false
05-06 11:11:21.164  1454  2005 D PowerUI : can't show warning due to - plugged: true status unknown: false
05-06 11:12:10.339   915  1014 I chatty  : uid=1000 system_server expire 13 lines
05-06 11:12:15.736   915   915 I chatty  : uid=1000 system_server expire 18 lines
05-06 11:12:19.051  2926  3082 I SystemConfig: Adding association: com.google.android.as <- com.android.providers.contacts
05-06 11:12:19.051  2926  3082 I SystemConfig: Adding association: com.google.android.as <- com.android.providers.media
05-06 11:12:19.051  2926  3082 I SystemConfig: Adding association: com.google.android.as <- com.android.providers.telephony
05-06 11:12:19.051  2926  3082 I SystemConfig: Adding association: com.google.android.as <- com.android.systemui
05-06 11:12:19.051  2926  3082 I SystemConfig: Adding association: com.google.android.as <- com.google.android.gms
05-06 11:12:19.051  2926  3082 I SystemConfig: Adding association: com.google.android.as <- com.google.android.gsf
05-06 11:12:19.100  2926  3082 W SystemConfig: No directory /product_services/etc/sysconfig, skipping
05-06 11:12:19.104  2926  3082 W SystemConfig: No directory /product_services/etc/permissions, skipping
05-06 11:12:21.110  1454  2005 D PowerUI : can't show warning due to - plugged: true status unknown: false
05-06 11:12:21.209   915  1014 I chatty  : uid=1000 system_server expire 35 lines
05-06 11:12:30.431   915  1597 I chatty  : uid=1000 system_server expire 6 lines
05-06 11:12:36.999  4551  4595 I SystemConfig: Adding association: com.google.android.as <- com.android.providers.contacts
05-06 11:12:36.999  4551  4595 I SystemConfig: Adding association: com.google.android.as <- com.android.providers.media
05-06 11:12:36.999  4551  4595 I SystemConfig: Adding association: com.google.android.as <- com.android.providers.telephony
05-06 11:12:36.999  4551  4595 I SystemConfig: Adding association: com.google.android.as <- com.android.systemui
05-06 11:12:36.999  4551  4595 I SystemConfig: Adding association: com.google.android.as <- com.google.android.gms
05-06 11:12:36.999  4551  4595 I SystemConfig: Adding association: com.google.android.as <- com.google.android.gsf
05-06 11:12:37.015  4551  4595 W SystemConfig: No directory /product_services/etc/sysconfig, skipping
05-06 11:12:37.016  4551  4595 W SystemConfig: No directory /product_services/etc/permissions, skipping
05-06 11:12:37.734   915   915 I chatty  : uid=1000 system_server expire 10 lines
05-06 11:12:39.157   915  1014 I chatty  : uid=1000 system_server expire 45 lines
05-06 11:12:40.440   915  5499 I chatty  : uid=1000 system_server expire 5 lines
05-06 11:12:45.269   915   941 I chatty  : uid=1000 system_server expire 3 lines
05-06 11:12:45.271   915  1366 I chatty  : uid=1000 system_server expire 10 lines
05-06 11:12:45.802   915  4365 I chatty  : uid=1000 system_server expire 4 lines
05-06 11:12:48.612   915  1382 I chatty  : uid=1000 system_server expire 5 lines
05-06 11:13:13.320  1454  2005 D PowerUI : can't show warning due to - plugged: true status unknown: false
05-06 11:13:19.180   915  4466 I chatty  : uid=1000 system_server expire 5 lines
05-06 11:13:21.144  1454  2005 D PowerUI : can't show warning due to - plugged: true status unknown: false
05-06 11:14:21.149  1454  2005 D PowerUI : can't show warning due to - plugged: true status unknown: false
05-06 11:15:21.103  1454  2005 D PowerUI : can't show warning due to - plugged: true status unknown: false
05-06 11:16:21.105  1454  2005 D PowerUI : can't show warning due to - plugged: true status unknown: false
05-06 11:17:21.111  1454  2005 D PowerUI : can't show warning due to - plugged: true status unknown: false
05-06 11:18:21.111  1454  2005 D PowerUI : can't show warning due to - plugged: true status unknown: false
05-06 11:19:21.112  1454  2005 D PowerUI : can't show warning due to - plugged: true status unknown: false
05-06 11:28:06.371   915  4287 I chatty  : uid=1000 system_server expire 3 lines
05-06 11:28:47.762   915  1014 I chatty  : uid=1000 system_server expire 31 lines
05-06 11:28:48.024  5975  5975 D ActivityThread: Loading provider contacts;com.android.contacts: com.android.providers.contacts.ContactsProvider2
05-06 11:30:03.929   915  1009 I chatty  : uid=1000(system) android.bg expire 12 lines
05-06 11:30:12.907   915   939 I chatty  : uid=1000 system_server expire 1 line
05-06 11:30:21.111  1454  2005 I chatty  : uid=10014(com.android.systemui) ndroid.systemui expire 19 lines
05-06 11:35:19.786   915  1316 I chatty  : uid=1000 system_server expire 2 lines
05-06 11:42:58.901   915   915 I chatty  : uid=1000 system_server expire 12 lines
05-06 11:43:22.771   915  9308 I chatty  : uid=1000 system_server expire 6 lines
05-06 11:49:21.133  1454  2005 D PowerUI : can't show warning due to - plugged: true status unknown: false
05-06 11:50:21.147  1454  2005 D PowerUI : can't show warning due to - plugged: true status unknown: false
05-06 11:51:21.111  1454  2005 I chatty  : uid=10014(com.android.systemui) ndroid.systemui identical 14 lines
05-06 11:53:26.221   915  1014 I chatty  : uid=1000 system_server expire 33 lines
05-06 11:58:32.834   915  2354 I chatty  : uid=1000 system_server expire 2 lines
05-06 11:58:48.918   915  1012 I chatty  : uid=1000 system_server expire 11 lines
05-06 12:00:48.012   915  1893 I chatty  : uid=1000 system_server expire 3 lines
05-06 12:00:48.146  6742  6742 D ActivityThread: Loading provider contacts;com.android.contacts: com.android.providers.contacts.ContactsProvider2
05-06 12:01:21.108  1454  2005 I chatty  : uid=10014(com.android.systemui) ndroid.systemui expire 16 lines
05-06 12:05:16.531   915  2617 I chatty  : uid=1000 system_server expire 4 lines
05-06 12:05:16.593   915  4223 I chatty  : uid=1000 system_server expire 5 lines
05-06 12:06:44.409   915  1014 I chatty  : uid=1000 system_server expire 24 lines
05-06 12:07:19.549   915  1617 I chatty  : uid=1000 system_server expire 2 lines
05-06 12:17:56.697 32605  3349 I SystemConfig: Adding association: com.google.android.as <- com.android.providers.contacts
05-06 12:17:56.698 32605  3349 I SystemConfig: Adding association: com.google.android.as <- com.android.providers.media
05-06 12:17:56.698 32605  3349 I SystemConfig: Adding association: com.google.android.as <- com.android.providers.telephony
05-06 12:17:56.698 32605  3349 I SystemConfig: Adding association: com.google.android.as <- com.android.systemui
05-06 12:17:56.698 32605  3349 I SystemConfig: Adding association: com.google.android.as <- com.google.android.gms
05-06 12:17:56.698 32605  3349 I SystemConfig: Adding association: com.google.android.as <- com.google.android.gsf
05-06 12:17:56.725 32605  3349 W SystemConfig: No directory /product_services/etc/sysconfig, skipping
05-06 12:17:56.725 32605  3349 W SystemConfig: No directory /product_services/etc/permissions, skipping
05-06 12:17:56.769 32605  3349 W PackageParser: Unknown element under <manifest>: queries at /data/user_de/0/com.google.android.gms/app_chimera/m/00000165/AdsDynamite.apk Binary XML file line #5
05-06 12:17:56.821 32605  3349 W PackageParser: Unknown element under <manifest>: queries at /data/user_de/0/com.google.android.gms/app_chimera/m/0000018f/dl-AdsFdrDynamite.integ_210890500100000.apk Binary XML file line #5
05-06 12:17:56.852 32605  3349 W PackageParser: Unknown element under <manifest>: queries at /data/user_de/0/com.google.android.gms/app_chimera/m/00000191/dl-Payments.integ_211290904100400.apk Binary XML file line #5
05-06 12:17:57.187 32605  3349 W PackageParser: Unknown element under <manifest>: queries at /data/user_de/0/com.google.android.gms/app_chimera/m/00000165/AdsDynamite.apk Binary XML file line #5
05-06 12:17:57.241 32605  3349 W PackageParser: Unknown element under <manifest>: queries at /data/user_de/0/com.google.android.gms/app_chimera/m/0000018f/dl-AdsFdrDynamite.integ_210890500100000.apk Binary XML file line #5
05-06 12:17:57.271 32605  3349 W PackageParser: Unknown element under <manifest>: queries at /data/user_de/0/com.google.android.gms/app_chimera/m/00000191/dl-Payments.integ_211290904100400.apk Binary XML file line #5
05-06 12:18:21.104  1454  2005 I chatty  : uid=10014(com.android.systemui) ndroid.systemui expire 16 lines
05-06 12:18:32.475   915  1009 I chatty  : uid=1000(system) android.bg expire 12 lines
05-06 12:19:13.331   915  1014 I chatty  : uid=1000 system_server expire 10 lines
05-06 12:28:50.976   915  4383 I chatty  : uid=1000 system_server expire 3 lines
05-06 12:30:30.963   915   915 I chatty  : uid=1000 system_server expire 9 lines
05-06 12:30:31.071   915  1366 I chatty  : uid=1000 system_server expire 7 lines
05-06 12:34:47.854  7329  7329 D ActivityThread: Loading provider contacts;com.android.contacts: com.android.providers.contacts.ContactsProvider2
05-06 12:35:21.106  1454  2005 I chatty  : uid=10014(com.android.systemui) ndroid.systemui expire 63 lines
05-06 12:42:11.939   915  1014 I chatty  : uid=1000 system_server expire 71 lines
05-06 12:42:12.858   915  2397 I chatty  : uid=1000 system_server expire 6 lines
05-06 12:43:00.802   915  4001 I chatty  : uid=1000 system_server expire 2 lines
05-06 12:44:47.425   915  1012 I chatty  : uid=1000 system_server expire 9 lines
05-06 12:44:47.552   915  1009 I chatty  : uid=1000(system) android.bg expire 15 lines
05-06 13:01:49.996   915  7479 I chatty  : uid=1000 system_server expire 7 lines
05-06 13:04:52.513   915  1031 I chatty  : uid=1000 system_server expire 3 lines
05-06 13:05:10.706   915   915 I chatty  : uid=1000 system_server expire 19 lines
05-06 13:05:10.795   915  9308 I chatty  : uid=1000 system_server expire 4 lines
05-06 13:05:10.796   915  1366 I chatty  : uid=1000 system_server expire 5 lines
05-06 13:06:08.472   915  7118 I chatty  : uid=1000 system_server expire 3 lines
05-06 13:09:18.642   915  8474 I chatty  : uid=1000 system_server expire 1 line
05-06 13:10:34.482   915  4383 I chatty  : uid=1000 system_server expire 2 lines
05-06 13:10:34.507   915  1382 I chatty  : uid=1000 system_server expire 3 lines
05-06 13:12:20.780   915  4466 I chatty  : uid=1000 system_server expire 1 line
05-06 13:18:00.368   915  4615 I chatty  : uid=1000 system_server expire 3 lines
05-06 13:28:57.571   915  1623 I chatty  : uid=1000 system_server expire 4 lines
05-06 13:31:53.397   915  1597 I chatty  : uid=1000 system_server expire 1 line
05-06 13:35:19.897   915  1316 I chatty  : uid=1000 system_server expire 1 line
05-06 13:36:08.971   915   939 I chatty  : uid=1000 system_server expire 1 line
05-06 13:36:10.622   618  8512 W SocketClient: write error (Broken pipe)
05-06 13:36:21.105  1454  2005 I chatty  : uid=10014(com.android.systemui) ndroid.systemui expire 18 lines
05-06 13:47:59.527   915  1009 I chatty  : uid=1000(system) android.bg expire 6 lines
05-06 13:48:43.125   915  6679 I chatty  : uid=1000 system_server expire 1 line
05-06 13:53:26.215   915  1014 I chatty  : uid=1000 system_server expire 23 lines
05-06 13:53:26.644   915  4001 I chatty  : uid=1000 system_server expire 1 line
05-06 13:53:26.657   915  4408 I chatty  : uid=1000 system_server expire 2 lines
05-06 13:57:46.640   915  2372 I chatty  : uid=1000 system_server expire 1 line
05-06 13:58:01.421   915  5499 I chatty  : uid=1000 system_server expire 4 lines
05-06 13:58:01.425  8830  8830 D ActivityThread: Loading provider contacts;com.android.contacts: com.android.providers.contacts.ContactsProvider2
05-06 13:58:21.107  1454  2005 I chatty  : uid=10014(com.android.systemui) ndroid.systemui expire 14 lines
05-06 14:00:01.459   915  4287 I chatty  : uid=1000 system_server expire 4 lines
05-06 14:01:22.491   915  1014 I chatty  : uid=1000 system_server expire 107 lines
05-06 14:03:50.263   915  2438 I chatty  : uid=1000(system) backup-0 expire 2 lines
05-06 14:03:50.267   915  8976 I chatty  : uid=1000 system_server expire 63 lines
05-06 14:03:50.284   915  1798 I chatty  : uid=1000 system_server expire 3 lines
05-06 14:04:00.177   915   986 I chatty  : uid=1000 system_server expire 10 lines
05-06 14:04:13.967   915  1623 I chatty  : uid=1000 system_server expire 6 lines
05-06 14:04:14.071   915  4223 I chatty  : uid=1000 system_server expire 1 line
05-06 14:04:14.073   915  1366 I chatty  : uid=1000 system_server expire 12 lines
05-06 14:04:15.388   915  4383 I chatty  : uid=1000 system_server expire 1 line
05-06 14:04:52.498   915  1031 I chatty  : uid=1000 system_server expire 1 line
05-06 14:04:55.004   915   988 I chatty  : uid=1000 system_server expire 2 lines
05-06 14:05:18.973   915  7898 I chatty  : uid=1000 system_server expire 4 lines
05-06 14:05:18.985   915  1012 I chatty  : uid=1000 system_server expire 7 lines
05-06 14:05:19.053   915  7118 I chatty  : uid=1000 system_server expire 5 lines
05-06 14:05:29.326   915  4579 I chatty  : uid=1000 system_server expire 10 lines
05-06 14:06:45.211   915  1382 I chatty  : uid=1000 system_server expire 8 lines
05-06 14:07:06.738   915  1009 I chatty  : uid=1000(system) android.bg expire 5 lines
05-06 14:10:37.627   915  4408 I chatty  : uid=1000 system_server expire 4 lines
05-06 14:10:37.650   915  2354 I chatty  : uid=1000 system_server expire 5 lines
05-06 14:10:56.270   915  1597 I chatty  : uid=1000 system_server expire 4 lines
05-06 14:12:17.773   915   915 I chatty  : uid=1000 system_server expire 25 lines
05-06 14:12:17.956  9016  9976 I SystemConfig: Adding association: com.google.android.as <- com.android.providers.contacts
05-06 14:12:17.956  9016  9976 I SystemConfig: Adding association: com.google.android.as <- com.android.providers.media
05-06 14:12:17.956  9016  9976 I SystemConfig: Adding association: com.google.android.as <- com.android.providers.telephony
05-06 14:12:17.956  9016  9976 I SystemConfig: Adding association: com.google.android.as <- com.android.systemui
05-06 14:12:17.956  9016  9976 I SystemConfig: Adding association: com.google.android.as <- com.google.android.gms
05-06 14:12:17.957  9016  9976 I SystemConfig: Adding association: com.google.android.as <- com.google.android.gsf
05-06 14:12:18.005  9016  9976 W SystemConfig: No directory /product_services/etc/sysconfig, skipping
05-06 14:12:18.005  9016  9976 W SystemConfig: No directory /product_services/etc/permissions, skipping
05-06 14:12:19.128   915  2617 I chatty  : uid=1000 system_server expire 7 lines
05-06 14:12:20.607  9561  9707 I SystemConfig: Adding association: com.google.android.as <- com.android.providers.contacts
05-06 14:12:20.607  9561  9707 I SystemConfig: Adding association: com.google.android.as <- com.android.providers.media
05-06 14:12:20.607  9561  9707 I SystemConfig: Adding association: com.google.android.as <- com.android.providers.telephony
05-06 14:12:20.607  9561  9707 I SystemConfig: Adding association: com.google.android.as <- com.android.systemui
05-06 14:12:20.607  9561  9707 I SystemConfig: Adding association: com.google.android.as <- com.google.android.gms
05-06 14:12:20.607  9561  9707 I SystemConfig: Adding association: com.google.android.as <- com.google.android.gsf
05-06 14:12:20.675  9561  9707 W SystemConfig: No directory /product_services/etc/sysconfig, skipping
05-06 14:12:20.675  9561  9707 W SystemConfig: No directory /product_services/etc/permissions, skipping
05-06 14:12:21.106  1454  2005 I chatty  : uid=10014(com.android.systemui) ndroid.systemui expire 14 lines
05-06 14:12:21.616   915  1893 I chatty  : uid=1000 system_server expire 1 line
05-06 14:12:22.862   915  2372 I chatty  : uid=1000 system_server expire 18 lines
05-06 14:12:22.891   915  2408 I chatty  : uid=1000 system_server expire 4 lines
05-06 14:12:24.205   915  2397 I chatty  : uid=1000 system_server expire 4 lines
05-06 14:12:24.336   915  4365 I chatty  : uid=1000 system_server expire 7 lines
05-06 14:12:25.127   915  4466 I chatty  : uid=1000 system_server expire 1 line
05-06 14:12:25.750   915   941 I chatty  : uid=1000 system_server expire 6 lines
05-06 14:12:27.110   915  7479 I chatty  : uid=1000 system_server expire 1 line
05-06 14:12:28.983   915  8474 I chatty  : uid=1000 system_server expire 5 lines
05-06 14:12:32.328   915  3937 I chatty  : uid=1000 system_server expire 1 line
05-06 14:12:34.637   915  9308 I chatty  : uid=1000 system_server expire 4 lines
05-06 14:12:34.766   915  6679 I chatty  : uid=1000 system_server expire 4 lines
05-06 14:12:48.604   915  4615 I chatty  : uid=1000 system_server expire 2 lines
05-06 14:12:50.353   618 11241 W SocketClient: write error (Broken pipe)
05-06 14:12:50.925   915  1014 I chatty  : uid=1000 system_server expire 30 lines
05-06 14:12:57.138   915   915 I chatty  : uid=1000 system_server expire 6 lines
05-06 14:12:58.782   915  7815 I chatty  : uid=1000 system_server expire 7 lines
05-06 14:13:29.017   915  4001 I chatty  : uid=1000 system_server expire 1 line
05-06 14:13:29.021   915  1366 I chatty  : uid=1000 system_server expire 10 lines
05-06 14:15:20.687 12169 12169 D ActivityThread: Loading provider contacts;com.android.contacts: com.android.providers.contacts.ContactsProvider2
05-06 14:15:57.091   915  1031 I chatty  : uid=1000 system_server expire 5 lines
05-06 14:18:01.420   915  1009 I chatty  : uid=1000(system) android.bg expire 12 lines
05-06 14:26:21.160  1454  2005 I chatty  : uid=10014(com.android.systemui) ndroid.systemui expire 46 lines
05-06 14:29:04.146   915  7898 I chatty  : uid=1000 system_server expire 2 lines
05-06 14:31:22.110   915  1597 I chatty  : uid=1000 system_server expire 6 lines
05-06 14:35:17.559   915  4615 I chatty  : uid=1000 system_server expire 3 lines
05-06 14:35:17.569   915  1012 I chatty  : uid=1000 system_server expire 12 lines
05-06 14:35:17.622   915  1632 I chatty  : uid=1000 system_server expire 1 line
05-06 14:35:18.066   915  1316 I chatty  : uid=1000 system_server expire 2 lines
05-06 14:39:24.143   915  1014 I chatty  : uid=1000 system_server expire 21 lines
