05-06 00:21:24.062  1454  2005 D PowerUI : can't show warning due to - plugged: true status unknown: false
05-06 00:22:24.017  1454  2005 D PowerUI : can't show warning due to - plugged: true status unknown: false
05-06 00:23:24.022  1454  2005 D PowerUI : can't show warning due to - plugged: true status unknown: false
05-06 00:24:24.023  1454  2005 D PowerUI : can't show warning due to - plugged: true status unknown: false
05-06 00:25:24.020  1454  2005 D PowerUI : can't show warning due to - plugged: true status unknown: false
05-06 00:26:24.022  1454  2005 D PowerUI : can't show warning due to - plugged: true status unknown: false
05-06 00:27:24.049  1454  2005 D PowerUI : can't show warning due to - plugged: true status unknown: false
05-06 00:28:24.026  1454  2005 D PowerUI : can't show warning due to - plugged: true status unknown: false
05-06 00:29:24.018  1454  2005 D PowerUI : can't show warning due to - plugged: true status unknown: false
05-06 00:30:24.055  1454  2005 D PowerUI : can't show warning due to - plugged: true status unknown: false
05-06 00:31:24.018  1454  2005 D PowerUI : can't show warning due to - plugged: true status unknown: false
05-06 00:32:24.053  1454  2005 D PowerUI : can't show warning due to - plugged: true status unknown: false
05-06 00:33:24.056  1454  2005 D PowerUI : can't show warning due to - plugged: true status unknown: false
05-06 00:34:24.016  1454  2005 D PowerUI : can't show warning due to - plugged: true status unknown: false
05-06 00:35:16.324   915  1012 I chatty  : uid=1000(system) ActivityManager expire 19 lines
05-06 00:35:24.046  1454  2005 D PowerUI : can't show warning due to - plugged: true status unknown: false
05-06 00:36:24.060  1454  2005 D PowerUI : can't show warning due to - plugged: true status unknown: false
05-06 00:37:24.016  1454  2005 D PowerUI : can't show warning due to - plugged: true status unknown: false
05-06 00:38:24.020  1454  2005 D PowerUI : can't show warning due to - plugged: true status unknown: false
05-06 00:39:24.082  1454  2005 D PowerUI : can't show warning due to - plugged: true status unknown: false
05-06 00:40:24.020  1454  2005 D PowerUI : can't show warning due to - plugged: true status unknown: false
05-06 00:41:24.045  1454  2005 D PowerUI : can't show warning due to - plugged: true status unknown: false
05-06 00:42:24.063  1454  2005 D PowerUI : can't show warning due to - plugged: true status unknown: false
05-06 00:44:24.049  1454  2005 D PowerUI : can't show warning due to - plugged: true status unknown: false
05-06 00:45:24.055  1454  2005 D PowerUI : can't show warning due to - plugged: true status unknown: false
05-06 00:46:24.018  1454  2005 D PowerUI : can't show warning due to - plugged: true status unknown: false
05-06 00:47:24.039  1454  2005 D PowerUI : can't show warning due to - plugged: true status unknown: false
05-06 00:48:24.020  1454  2005 D PowerUI : can't show warning due to - plugged: true status unknown: false
05-06 00:49:24.052  1454  2005 D PowerUI : can't show warning due to - plugged: true status unknown: false
05-06 00:52:24.018  1454  2005 D PowerUI : can't show warning due to - plugged: true status unknown: false
05-06 00:53:24.022  1454  2005 D PowerUI : can't show warning due to - plugged: true status unknown: false
05-06 00:53:26.225   915  1014 I chatty  : uid=1000(system) ActivityManager expire 12 lines
05-06 00:54:24.018  1454  2005 D PowerUI : can't show warning due to - plugged: true status unknown: false
05-06 00:55:24.018  1454  2005 D PowerUI : can't show warning due to - plugged: true status unknown: false
05-06 00:56:24.018  1454  2005 D PowerUI : can't show warning due to - plugged: true status unknown: false
05-06 00:57:24.057  1454  2005 D PowerUI : can't show warning due to - plugged: true status unknown: false
05-06 00:58:24.021  1454  2005 D PowerUI : can't show warning due to - plugged: true status unknown: false
05-06 00:59:24.048  1454  2005 D PowerUI : can't show warning due to - plugged: true status unknown: false
05-06 01:00:24.020  1454  2005 D PowerUI : can't show warning due to - plugged: true status unknown: false
05-06 01:00:31.587   915   915 I chatty  : uid=1000 system_server expire 17 lines
05-06 01:01:24.017  1454  2005 D PowerUI : can't show warning due to - plugged: true status unknown: false
05-06 01:02:24.005  1454  2005 D PowerUI : can't show warning due to - plugged: true status unknown: false
05-06 01:03:24.013  1454  2005 D PowerUI : can't show warning due to - plugged: true status unknown: false
05-06 01:04:24.024  1454  2005 D PowerUI : can't show warning due to - plugged: true status unknown: false
05-06 01:05:24.020  1454  2005 D PowerUI : can't show warning due to - plugged: true status unknown: false
05-06 01:05:25.423   915  1014 I chatty  : uid=1000 system_server expire 22 lines
05-06 01:05:27.528 17593 17593 D ActivityThread: Loading provider contacts;com.android.contacts: com.android.providers.contacts.ContactsProvider2
05-06 01:06:24.023  1454  2005 D PowerUI : can't show warning due to - plugged: true status unknown: false
05-06 01:06:41.408   915  1014 I chatty  : uid=1000 system_server expire 12 lines
05-06 01:07:24.024  1454  2005 D PowerUI : can't show warning due to - plugged: true status unknown: false
05-06 01:08:24.064  1454  2005 D PowerUI : can't show warning due to - plugged: true status unknown: false
05-06 01:09:24.024  1454  2005 D PowerUI : can't show warning due to - plugged: true status unknown: false
05-06 01:10:24.031  1454  2005 D PowerUI : can't show warning due to - plugged: true status unknown: false
05-06 01:10:26.128   915  1014 I chatty  : uid=1000 system_server expire 16 lines
05-06 01:11:24.025  1454  2005 D PowerUI : can't show warning due to - plugged: true status unknown: false
05-06 01:12:24.025  1454  2005 D PowerUI : can't show warning due to - plugged: true status unknown: false
05-06 01:13:24.030  1454  2005 D PowerUI : can't show warning due to - plugged: true status unknown: false
05-06 01:14:24.021  1454  2005 D PowerUI : can't show warning due to - plugged: true status unknown: false
05-06 01:15:12.874   915  1009 I chatty  : uid=1000(system) android.bg expire 12 lines
05-06 01:15:24.025  1454  2005 D PowerUI : can't show warning due to - plugged: true status unknown: false
05-06 01:16:24.021  1454  2005 D PowerUI : can't show warning due to - plugged: true status unknown: false
05-06 01:17:24.025  1454  2005 D PowerUI : can't show warning due to - plugged: true status unknown: false
05-06 01:18:24.026  1454  2005 D PowerUI : can't show warning due to - plugged: true status unknown: false
05-06 01:19:24.039  1454  2005 D PowerUI : can't show warning due to - plugged: true status unknown: false
05-06 01:20:24.027  1454  2005 I chatty  : uid=10014(com.android.systemui) ndroid.systemui identical 16 lines
05-06 01:21:24.023  1454  2005 D PowerUI : can't show warning due to - plugged: true status unknown: false
05-06 01:22:24.024  1454  2005 D PowerUI : can't show warning due to - plugged: true status unknown: false
05-06 01:23:24.024  1454  2005 D PowerUI : can't show warning due to - plugged: true status unknown: false
05-06 01:24:24.043  1454  2005 D PowerUI : can't show warning due to - plugged: true status unknown: false
05-06 01:25:24.028  1454  2005 D PowerUI : can't show warning due to - plugged: true status unknown: false
05-06 01:26:24.051  1454  2005 D PowerUI : can't show warning due to - plugged: true status unknown: false
05-06 01:27:24.021  1454  2005 D PowerUI : can't show warning due to - plugged: true status unknown: false
05-06 01:28:24.026  1454  2005 D PowerUI : can't show warning due to - plugged: true status unknown: false
05-06 01:29:24.024  1454  2005 D PowerUI : can't show warning due to - plugged: true status unknown: false
05-06 01:30:24.026  1454  2005 D PowerUI : can't show warning due to - plugged: true status unknown: false
05-06 01:31:13.464   915  2408 I chatty  : uid=1000(system) Binder:915_D expire 14 lines
05-06 01:31:24.013  1454  2005 D PowerUI : can't show warning due to - plugged: true status unknown: false
05-06 01:32:24.048  1454  2005 D PowerUI : can't show warning due to - plugged: true status unknown: false
05-06 01:33:24.024  1454  2005 D PowerUI : can't show warning due to - plugged: true status unknown: false
05-06 01:34:24.064  1454  2005 D PowerUI : can't show warning due to - plugged: true status unknown: false
05-06 01:34:51.627   915  1031 I chatty  : uid=1000(system) batterystats-wo expire 12 lines
05-06 01:35:13.990   915  7815 I chatty  : uid=1000(system) Binder:915_1D expire 11 lines
05-06 01:35:24.018  1454  2005 D PowerUI : can't show warning due to - plugged: true status unknown: false
05-06 01:36:24.021  1454  2005 D PowerUI : can't show warning due to - plugged: true status unknown: false
05-06 01:36:43.264   915  2397 I chatty  : uid=1000(system) Binder:915_C expire 12 lines
05-06 01:37:06.147   915  1382 I chatty  : uid=1000(system) Binder:915_3 expire 11 lines
05-06 01:37:24.037  1454  2005 D PowerUI : can't show warning due to - plugged: true status unknown: false
05-06 01:38:24.023  1454  2005 D PowerUI : can't show warning due to - plugged: true status unknown: false
05-06 01:39:24.054  1454  2005 D PowerUI : can't show warning due to - plugged: true status unknown: false
05-06 01:41:24.021  1454  2005 D PowerUI : can't show warning due to - plugged: true status unknown: false
05-06 01:42:24.048  1454  2005 D PowerUI : can't show warning due to - plugged: true status unknown: false
05-06 01:45:24.012  1454  2005 D PowerUI : can't show warning due to - plugged: true status unknown: false
05-06 01:46:24.022  1454  2005 D PowerUI : can't show warning due to - plugged: true status unknown: false
05-06 01:47:24.018  1454  2005 D PowerUI : can't show warning due to - plugged: true status unknown: false
05-06 01:48:24.059  1454  2005 D PowerUI : can't show warning due to - plugged: true status unknown: false
05-06 01:48:36.472   915  1798 I chatty  : uid=1000(system) Binder:915_8 expire 12 lines
05-06 01:49:24.018  1454  2005 D PowerUI : can't show warning due to - plugged: true status unknown: false
05-06 01:50:19.580   915 18384 I chatty  : uid=1000 system_server expire 62 lines
05-06 01:50:24.028  1454  2005 D PowerUI : can't show warning due to - plugged: true status unknown: false
05-06 01:50:25.399   915  1014 I chatty  : uid=1000 system_server expire 13 lines
05-06 01:50:29.794   915   986 I chatty  : uid=1000(system) android.fg expire 11 lines
05-06 01:51:24.020  1454  2005 D PowerUI : can't show warning due to - plugged: true status unknown: false
05-06 01:52:24.022  1454  2005 D PowerUI : can't show warning due to - plugged: true status unknown: false
05-06 01:53:24.021  1454  2005 D PowerUI : can't show warning due to - plugged: true status unknown: false
05-06 01:53:26.223   915  1014 I chatty  : uid=1000 system_server expire 12 lines
05-06 01:54:24.024  1454  2005 D PowerUI : can't show warning due to - plugged: true status unknown: false
05-06 01:56:24.021  1454  2005 D PowerUI : can't show warning due to - plugged: true status unknown: false
05-06 01:56:43.137   915  1009 I chatty  : uid=1000(system) android.bg expire 13 lines
05-06 01:57:24.021  1454  2005 D PowerUI : can't show warning due to - plugged: true status unknown: false
05-06 01:58:24.023  1454  2005 D PowerUI : can't show warning due to - plugged: true status unknown: false
05-06 01:59:24.056  1454  2005 D PowerUI : can't show warning due to - plugged: true status unknown: false
05-06 02:00:00.065   915  1014 I chatty  : uid=1000 system_server expire 12 lines
05-06 02:00:24.021  1454  2005 D PowerUI : can't show warning due to - plugged: true status unknown: false
05-06 02:01:24.026  1454  2005 D PowerUI : can't show warning due to - plugged: true status unknown: false
05-06 02:02:24.058  1454  2005 D PowerUI : can't show warning due to - plugged: true status unknown: false
05-06 02:03:24.022  1454  2005 D PowerUI : can't show warning due to - plugged: true status unknown: false
05-06 02:04:24.024  1454  2005 D PowerUI : can't show warning due to - plugged: true status unknown: false
05-06 02:05:24.025  1454  2005 D PowerUI : can't show warning due to - plugged: true status unknown: false
05-06 02:06:24.025  1454  2005 D PowerUI : can't show warning due to - plugged: true status unknown: false
05-06 02:07:12.822   915  7479 I chatty  : uid=1000(system) Binder:915_1C expire 12 lines
05-06 02:07:24.057  1454  2005 D PowerUI : can't show warning due to - plugged: true status unknown: false
05-06 02:08:24.047  1454  2005 D PowerUI : can't show warning due to - plugged: true status unknown: false
05-06 02:09:15.596   915  1014 I chatty  : uid=1000 system_server expire 35 lines
05-06 02:09:17.046 19549 19549 D ActivityThread: Loading provider contacts;com.android.contacts: com.android.providers.contacts.ContactsProvider2
05-06 02:09:24.025  1454  2005 D PowerUI : can't show warning due to - plugged: true status unknown: false
05-06 02:10:24.023  1454  2005 D PowerUI : can't show warning due to - plugged: true status unknown: false
05-06 02:11:24.033  1454  2005 D PowerUI : can't show warning due to - plugged: true status unknown: false
05-06 02:12:24.044  1454  2005 D PowerUI : can't show warning due to - plugged: true status unknown: false
05-06 02:13:24.026  1454  2005 D PowerUI : can't show warning due to - plugged: true status unknown: false
05-06 02:14:24.055  1454  2005 D PowerUI : can't show warning due to - plugged: true status unknown: false
05-06 02:15:24.024  1454  2005 D PowerUI : can't show warning due to - plugged: true status unknown: false
05-06 02:16:24.049  1454  2005 D PowerUI : can't show warning due to - plugged: true status unknown: false
05-06 02:17:24.020  1454  2005 D PowerUI : can't show warning due to - plugged: true status unknown: false
05-06 02:18:24.051  1454  2005 D PowerUI : can't show warning due to - plugged: true status unknown: false
05-06 02:19:24.026  1454  2005 D PowerUI : can't show warning due to - plugged: true status unknown: false
05-06 02:20:24.028  1454  2005 D PowerUI : can't show warning due to - plugged: true status unknown: false
05-06 02:21:24.027  1454  2005 D PowerUI : can't show warning due to - plugged: true status unknown: false
05-06 02:22:24.051  1454  2005 D PowerUI : can't show warning due to - plugged: true status unknown: false
05-06 02:25:24.019  1454  2005 D PowerUI : can't show warning due to - plugged: true status unknown: false
05-06 02:25:40.006   915   915 I chatty  : uid=1000 system_server expire 23 lines
05-06 02:26:24.021  1454  2005 D PowerUI : can't show warning due to - plugged: true status unknown: false
05-06 02:27:24.011  1454  2005 D PowerUI : can't show warning due to - plugged: true status unknown: false
05-06 02:28:24.054  1454  2005 D PowerUI : can't show warning due to - plugged: true status unknown: false
05-06 02:29:24.024  1454  2005 D PowerUI : can't show warning due to - plugged: true status unknown: false
05-06 02:30:24.027  1454  2005 D PowerUI : can't show warning due to - plugged: true status unknown: false
05-06 02:31:24.020  1454  2005 D PowerUI : can't show warning due to - plugged: true status unknown: false
05-06 02:32:24.017  1454  2005 D PowerUI : can't show warning due to - plugged: true status unknown: false
05-06 02:33:24.023  1454  2005 D PowerUI : can't show warning due to - plugged: true status unknown: false
05-06 02:34:24.019  1454  2005 D PowerUI : can't show warning due to - plugged: true status unknown: false
05-06 02:35:17.314   915  1012 I chatty  : uid=1000 system_server expire 14 lines
05-06 02:35:17.355   915  4466 I chatty  : uid=1000(system) Binder:915_16 expire 10 lines
05-06 02:35:24.031  1454  2005 D PowerUI : can't show warning due to - plugged: true status unknown: false
05-06 02:35:42.327   915  1366 I chatty  : uid=1000(system) ConnectivitySer expire 15 lines
05-06 02:36:24.024  1454  2005 D PowerUI : can't show warning due to - plugged: true status unknown: false
05-06 02:37:24.035  1454  2005 D PowerUI : can't show warning due to - plugged: true status unknown: false
05-06 02:38:24.022  1454  2005 D PowerUI : can't show warning due to - plugged: true status unknown: false
05-06 02:39:24.046  1454  2005 D PowerUI : can't show warning due to - plugged: true status unknown: false
05-06 02:39:24.883   915  1632 I chatty  : uid=1000 system_server expire 11 lines
05-06 02:40:24.092  1454  2005 D PowerUI : can't show warning due to - plugged: true status unknown: false
05-06 02:42:24.043  1454  2005 D PowerUI : can't show warning due to - plugged: true status unknown: false
05-06 02:43:13.452   915  5499 I chatty  : uid=1000 system_server expire 11 lines
05-06 02:43:24.025  1454  2005 D PowerUI : can't show warning due to - plugged: true status unknown: false
05-06 02:44:24.026  1454  2005 D PowerUI : can't show warning due to - plugged: true status unknown: false
05-06 02:45:24.059  1454  2005 D PowerUI : can't show warning due to - plugged: true status unknown: false
05-06 02:45:45.263   915  1009 I chatty  : uid=1000(system) android.bg expire 12 lines
05-06 02:46:24.044  1454  2005 D PowerUI : can't show warning due to - plugged: true status unknown: false
05-06 02:47:24.027  1454  2005 D PowerUI : can't show warning due to - plugged: true status unknown: false
05-06 02:48:24.028  1454  2005 D PowerUI : can't show warning due to - plugged: true status unknown: false
05-06 02:48:37.012   915  4615 I chatty  : uid=1000 system_server expire 15 lines
05-06 02:49:24.024  1454  2005 D PowerUI : can't show warning due to - plugged: true status unknown: false
05-06 02:50:24.051  1454  2005 D PowerUI : can't show warning due to - plugged: true status unknown: false
05-06 02:51:24.048  1454  2005 D PowerUI : can't show warning due to - plugged: true status unknown: false
05-06 02:52:24.051  1454  2005 D PowerUI : can't show warning due to - plugged: true status unknown: false
05-06 02:53:24.050  1454  2005 D PowerUI : can't show warning due to - plugged: true status unknown: false
05-06 02:54:24.019  1454  2005 D PowerUI : can't show warning due to - plugged: true status unknown: false
05-06 02:55:24.044  1454  2005 D PowerUI : can't show warning due to - plugged: true status unknown: false
05-06 02:56:24.056  1454  2005 D PowerUI : can't show warning due to - plugged: true status unknown: false
05-06 02:57:24.015  1454  2005 D PowerUI : can't show warning due to - plugged: true status unknown: false
05-06 02:58:24.054  1454  2005 D PowerUI : can't show warning due to - plugged: true status unknown: false
05-06 03:00:24.021  1454  2005 D PowerUI : can't show warning due to - plugged: true status unknown: false
05-06 03:01:24.041  1454  2005 D PowerUI : can't show warning due to - plugged: true status unknown: false
05-06 03:02:24.018  1454  2005 D PowerUI : can't show warning due to - plugged: true status unknown: false
05-06 03:03:24.032  1454  2005 D PowerUI : can't show warning due to - plugged: true status unknown: false
05-06 03:04:24.040  1454  2005 D PowerUI : can't show warning due to - plugged: true status unknown: false
05-06 03:05:17.644   915  9308 I chatty  : uid=1000 system_server expire 10 lines
05-06 03:05:24.044  1454  2005 D PowerUI : can't show warning due to - plugged: true status unknown: false
05-06 03:06:08.089   915   939 I chatty  : uid=1000 system_server expire 13 lines
05-06 03:06:24.041  1454  2005 D PowerUI : can't show warning due to - plugged: true status unknown: false
05-06 03:06:41.998   915  1014 I chatty  : uid=1000 system_server expire 13 lines
05-06 03:07:24.023  1454  2005 D PowerUI : can't show warning due to - plugged: true status unknown: false
05-06 03:08:24.052  1454  2005 D PowerUI : can't show warning due to - plugged: true status unknown: false
05-06 03:09:23.824 20745 20745 D ActivityThread: Loading provider contacts;com.android.contacts: com.android.providers.contacts.ContactsProvider2
05-06 03:09:23.999  1454  2005 D PowerUI : can't show warning due to - plugged: true status unknown: false
05-06 03:10:24.014  1454  2005 D PowerUI : can't show warning due to - plugged: true status unknown: false
05-06 03:10:27.202   915  1014 I chatty  : uid=1000 system_server expire 14 lines
05-06 03:11:24.037  1454  2005 D PowerUI : can't show warning due to - plugged: true status unknown: false
05-06 03:13:24.017  1454  2005 D PowerUI : can't show warning due to - plugged: true status unknown: false
05-06 03:14:24.021  1454  2005 D PowerUI : can't show warning due to - plugged: true status unknown: false
05-06 03:15:24.038  1454  2005 D PowerUI : can't show warning due to - plugged: true status unknown: false
05-06 03:16:24.049  1454  2005 D PowerUI : can't show warning due to - plugged: true status unknown: false
05-06 03:17:24.021  1454  2005 D PowerUI : can't show warning due to - plugged: true status unknown: false
05-06 03:18:24.028  1454  2005 D PowerUI : can't show warning due to - plugged: true status unknown: false
05-06 03:19:24.017  1454  2005 D PowerUI : can't show warning due to - plugged: true status unknown: false
05-06 03:20:24.050  1454  2005 D PowerUI : can't show warning due to - plugged: true status unknown: false
05-06 03:21:24.041  1454  2005 D PowerUI : can't show warning due to - plugged: true status unknown: false
05-06 03:22:24.048  1454  2005 D PowerUI : can't show warning due to - plugged: true status unknown: false
05-06 03:24:24.020  1454  2005 D PowerUI : can't show warning due to - plugged: true status unknown: false
05-06 03:25:24.053  1454  2005 D PowerUI : can't show warning due to - plugged: true status unknown: false
05-06 03:26:24.077  1454  2005 D PowerUI : can't show warning due to - plugged: true status unknown: false
05-06 03:27:24.042  1454  2005 D PowerUI : can't show warning due to - plugged: true status unknown: false
05-06 03:28:24.057  1454  2005 D PowerUI : can't show warning due to - plugged: true status unknown: false
05-06 03:29:24.016  1454  2005 D PowerUI : can't show warning due to - plugged: true status unknown: false
05-06 03:30:24.052  1454  2005 D PowerUI : can't show warning due to - plugged: true status unknown: false
05-06 03:32:24.017  1454  2005 D PowerUI : can't show warning due to - plugged: true status unknown: false
05-06 03:33:24.023  1454  2005 D PowerUI : can't show warning due to - plugged: true status unknown: false
05-06 03:34:24.025  1454  2005 D PowerUI : can't show warning due to - plugged: true status unknown: false
05-06 03:35:24.017  1454  2005 D PowerUI : can't show warning due to - plugged: true status unknown: false
05-06 03:35:32.377   915  1009 I chatty  : uid=1000(system) android.bg expire 13 lines
05-06 03:36:24.024  1454  2005 D PowerUI : can't show warning due to - plugged: true status unknown: false
05-06 03:37:24.021  1454  2005 D PowerUI : can't show warning due to - plugged: true status unknown: false
05-06 03:38:24.030  1454  2005 D PowerUI : can't show warning due to - plugged: true status unknown: false
05-06 03:39:24.095  1454  2005 D PowerUI : can't show warning due to - plugged: true status unknown: false
05-06 03:40:24.044  1454  2005 D PowerUI : can't show warning due to - plugged: true status unknown: false
05-06 03:41:24.059  1454  2005 D PowerUI : can't show warning due to - plugged: true status unknown: false
05-06 03:42:24.027  1454  2005 D PowerUI : can't show warning due to - plugged: true status unknown: false
05-06 03:43:24.059  1454  2005 D PowerUI : can't show warning due to - plugged: true status unknown: false
05-06 03:44:24.022  1454  2005 D PowerUI : can't show warning due to - plugged: true status unknown: false
05-06 03:45:24.047  1454  2005 D PowerUI : can't show warning due to - plugged: true status unknown: false
05-06 03:46:24.049  1454  2005 D PowerUI : can't show warning due to - plugged: true status unknown: false
05-06 03:47:24.024  1454  2005 D PowerUI : can't show warning due to - plugged: true status unknown: false
05-06 03:48:24.053  1454  2005 D PowerUI : can't show warning due to - plugged: true status unknown: false
05-06 03:49:24.054  1454  2005 D PowerUI : can't show warning due to - plugged: true status unknown: false
05-06 03:50:24.025  1454  2005 D PowerUI : can't show warning due to - plugged: true status unknown: false
05-06 03:51:24.044  1454  2005 D PowerUI : can't show warning due to - plugged: true status unknown: false
05-06 03:53:24.023  1454  2005 D PowerUI : can't show warning due to - plugged: true status unknown: false
05-06 03:54:24.025  1454  2005 D PowerUI : can't show warning due to - plugged: true status unknown: false
05-06 03:55:24.043  1454  2005 D PowerUI : can't show warning due to - plugged: true status unknown: false
05-06 03:56:24.021  1454  2005 D PowerUI : can't show warning due to - plugged: true status unknown: false
05-06 03:57:24.025  1454  2005 D PowerUI : can't show warning due to - plugged: true status unknown: false
05-06 03:58:24.056  1454  2005 D PowerUI : can't show warning due to - plugged: true status unknown: false
05-06 04:00:24.021  1454  2005 D PowerUI : can't show warning due to - plugged: true status unknown: false
05-06 04:01:24.047  1454  2005 D PowerUI : can't show warning due to - plugged: true status unknown: false
05-06 04:03:24.020  1454  2005 D PowerUI : can't show warning due to - plugged: true status unknown: false
05-06 04:04:24.055  1454  2005 D PowerUI : can't show warning due to - plugged: true status unknown: false
05-06 04:05:24.024  1454  2005 D PowerUI : can't show warning due to - plugged: true status unknown: false
05-06 04:05:28.482   915  1012 I chatty  : uid=1000 system_server expire 12 lines
05-06 04:06:24.021  1454  2005 D PowerUI : can't show warning due to - plugged: true status unknown: false
05-06 04:06:42.229   915  1014 I chatty  : uid=1000 system_server expire 12 lines
05-06 04:07:24.037  1454  2005 D PowerUI : can't show warning due to - plugged: true status unknown: false
05-06 04:08:24.083  1454  2005 D PowerUI : can't show warning due to - plugged: true status unknown: false
05-06 04:09:24.024  1454  2005 D PowerUI : can't show warning due to - plugged: true status unknown: false
05-06 04:10:24.016  1454  2005 D PowerUI : can't show warning due to - plugged: true status unknown: false
05-06 04:10:27.850   915  1014 I chatty  : uid=1000 system_server expire 12 lines
05-06 04:11:24.017  1454  2005 D PowerUI : can't show warning due to - plugged: true status unknown: false
05-06 04:12:24.049  1454  2005 D PowerUI : can't show warning due to - plugged: true status unknown: false
05-06 04:13:24.015  1454  2005 D PowerUI : can't show warning due to - plugged: true status unknown: false
05-06 04:14:24.056  1454  2005 D PowerUI : can't show warning due to - plugged: true status unknown: false
05-06 04:15:24.043  1454  2005 D PowerUI : can't show warning due to - plugged: true status unknown: false
05-06 04:16:24.052  1454  2005 D PowerUI : can't show warning due to - plugged: true status unknown: false
05-06 04:17:24.053  1454  2005 D PowerUI : can't show warning due to - plugged: true status unknown: false
05-06 04:18:24.060  1454  2005 D PowerUI : can't show warning due to - plugged: true status unknown: false
05-06 04:19:24.054  1454  2005 D PowerUI : can't show warning due to - plugged: true status unknown: false
05-06 04:20:24.019  1454  2005 D PowerUI : can't show warning due to - plugged: true status unknown: false
05-06 04:21:24.022  1454  2005 D PowerUI : can't show warning due to - plugged: true status unknown: false
05-06 04:22:24.051  1454  2005 D PowerUI : can't show warning due to - plugged: true status unknown: false
05-06 04:23:24.020  1454  2005 D PowerUI : can't show warning due to - plugged: true status unknown: false
05-06 04:24:24.018  1454  2005 D PowerUI : can't show warning due to - plugged: true status unknown: false
05-06 04:25:24.020  1454  2005 D PowerUI : can't show warning due to - plugged: true status unknown: false
05-06 04:26:24.017  1454  2005 D PowerUI : can't show warning due to - plugged: true status unknown: false
05-06 04:27:24.026  1454  2005 D PowerUI : can't show warning due to - plugged: true status unknown: false
05-06 04:28:24.058  1454  2005 D PowerUI : can't show warning due to - plugged: true status unknown: false
05-06 04:29:24.020  1454  2005 D PowerUI : can't show warning due to - plugged: true status unknown: false
05-06 04:30:24.016  1454  2005 D PowerUI : can't show warning due to - plugged: true status unknown: false
05-06 04:31:24.018  1454  2005 D PowerUI : can't show warning due to - plugged: true status unknown: false
05-06 04:32:24.048  1454  2005 D PowerUI : can't show warning due to - plugged: true status unknown: false
05-06 04:33:24.018  1454  2005 D PowerUI : can't show warning due to - plugged: true status unknown: false
05-06 04:34:24.045  1454  2005 D PowerUI : can't show warning due to - plugged: true status unknown: false
05-06 04:35:24.014  1454  2005 D PowerUI : can't show warning due to - plugged: true status unknown: false
05-06 04:36:24.052  1454  2005 D PowerUI : can't show warning due to - plugged: true status unknown: false
05-06 04:37:24.044  1454  2005 D PowerUI : can't show warning due to - plugged: true status unknown: false
05-06 04:38:24.021  1454  2005 D PowerUI : can't show warning due to - plugged: true status unknown: false
05-06 04:39:24.053  1454  2005 D PowerUI : can't show warning due to - plugged: true status unknown: false
05-06 04:39:24.135   915  1014 I chatty  : uid=1000 system_server expire 15 lines
05-06 04:40:24.018  1454  2005 D PowerUI : can't show warning due to - plugged: true status unknown: false
05-06 04:41:24.016  1454  2005 D PowerUI : can't show warning due to - plugged: true status unknown: false
05-06 04:42:24.018  1454  2005 D PowerUI : can't show warning due to - plugged: true status unknown: false
05-06 04:43:24.044  1454  2005 D PowerUI : can't show warning due to - plugged: true status unknown: false
05-06 04:44:24.050  1454  2005 D PowerUI : can't show warning due to - plugged: true status unknown: false
05-06 04:45:24.057  1454  2005 D PowerUI : can't show warning due to - plugged: true status unknown: false
05-06 04:47:24.013  1454  2005 D PowerUI : can't show warning due to - plugged: true status unknown: false
05-06 04:48:24.039  1454  2005 D PowerUI : can't show warning due to - plugged: true status unknown: false
05-06 04:49:24.041  1454  2005 D PowerUI : can't show warning due to - plugged: true status unknown: false
05-06 04:50:24.047  1454  2005 D PowerUI : can't show warning due to - plugged: true status unknown: false
05-06 04:51:24.048  1454  2005 D PowerUI : can't show warning due to - plugged: true status unknown: false
05-06 04:52:24.014  1454  2005 D PowerUI : can't show warning due to - plugged: true status unknown: false
05-06 04:53:24.044  1454  2005 D PowerUI : can't show warning due to - plugged: true status unknown: false
05-06 04:54:24.042  1454  2005 D PowerUI : can't show warning due to - plugged: true status unknown: false
05-06 04:55:24.052  1454  2005 D PowerUI : can't show warning due to - plugged: true status unknown: false
05-06 04:56:24.053  1454  2005 D PowerUI : can't show warning due to - plugged: true status unknown: false
05-06 04:57:24.072  1454  2005 D PowerUI : can't show warning due to - plugged: true status unknown: false
05-06 04:58:24.016  1454  2005 D PowerUI : can't show warning due to - plugged: true status unknown: false
05-06 04:59:24.053  1454  2005 D PowerUI : can't show warning due to - plugged: true status unknown: false
05-06 05:00:24.055  1454  2005 D PowerUI : can't show warning due to - plugged: true status unknown: false
05-06 05:01:24.020  1454  2005 D PowerUI : can't show warning due to - plugged: true status unknown: false
05-06 05:02:19.854   915  1014 I chatty  : uid=1000 system_server expire 17 lines
05-06 05:02:24.054  1454  2005 D PowerUI : can't show warning due to - plugged: true status unknown: false
05-06 05:03:13.834   915  1009 I chatty  : uid=1000(system) android.bg expire 19 lines
05-06 05:03:24.058  1454  2005 D PowerUI : can't show warning due to - plugged: true status unknown: false
05-06 05:04:24.061  1454  2005 D PowerUI : can't show warning due to - plugged: true status unknown: false
05-06 05:05:24.022  1454  2005 D PowerUI : can't show warning due to - plugged: true status unknown: false
05-06 05:06:10.842   915  2617 I chatty  : uid=1000 system_server expire 10 lines
05-06 05:06:24.059  1454  2005 D PowerUI : can't show warning due to - plugged: true status unknown: false
05-06 05:06:42.531   915  1014 I chatty  : uid=1000 system_server expire 14 lines
05-06 05:07:24.063  1454  2005 D PowerUI : can't show warning due to - plugged: true status unknown: false
05-06 05:08:24.060  1454  2005 D PowerUI : can't show warning due to - plugged: true status unknown: false
05-06 05:09:24.059  1454  2005 D PowerUI : can't show warning due to - plugged: true status unknown: false
05-06 05:09:43.612 22756 22756 D ActivityThread: Loading provider contacts;com.android.contacts: com.android.providers.contacts.ContactsProvider2
05-06 05:10:24.063  1454  2005 D PowerUI : can't show warning due to - plugged: true status unknown: false
05-06 05:10:28.473   915  1014 I chatty  : uid=1000 system_server expire 12 lines
05-06 05:10:29.044   915  4383 I chatty  : uid=1000 system_server expire 12 lines
05-06 05:11:24.067  1454  2005 D PowerUI : can't show warning due to - plugged: true status unknown: false
05-06 05:12:24.028  1454  2005 D PowerUI : can't show warning due to - plugged: true status unknown: false
05-06 05:13:24.056  1454  2005 D PowerUI : can't show warning due to - plugged: true status unknown: false
05-06 05:14:24.066  1454  2005 D PowerUI : can't show warning due to - plugged: true status unknown: false
05-06 05:16:24.028  1454  2005 I chatty  : uid=10014(com.android.systemui) ndroid.systemui identical 16 lines
05-06 05:17:24.027  1454  2005 D PowerUI : can't show warning due to - plugged: true status unknown: false
05-06 05:18:24.051  1454  2005 D PowerUI : can't show warning due to - plugged: true status unknown: false
05-06 05:19:24.057  1454  2005 D PowerUI : can't show warning due to - plugged: true status unknown: false
05-06 05:20:24.119  1454  2005 D PowerUI : can't show warning due to - plugged: true status unknown: false
05-06 05:22:24.027  1454  2005 D PowerUI : can't show warning due to - plugged: true status unknown: false
05-06 05:23:24.057  1454  2005 D PowerUI : can't show warning due to - plugged: true status unknown: false
05-06 05:24:24.064  1454  2005 D PowerUI : can't show warning due to - plugged: true status unknown: false
05-06 05:25:24.060  1454  2005 D PowerUI : can't show warning due to - plugged: true status unknown: false
05-06 05:26:24.062  1454  2005 D PowerUI : can't show warning due to - plugged: true status unknown: false
05-06 05:27:24.075  1454  2005 D PowerUI : can't show warning due to - plugged: true status unknown: false
05-06 05:28:04.954   915  4001 I chatty  : uid=1000 system_server expire 10 lines
05-06 05:28:24.024  1454  2005 D PowerUI : can't show warning due to - plugged: true status unknown: false
05-06 05:29:24.030  1454  2005 D PowerUI : can't show warning due to - plugged: true status unknown: false
05-06 05:30:24.060  1454  2005 D PowerUI : can't show warning due to - plugged: true status unknown: false
05-06 05:31:24.029  1454  2005 D PowerUI : can't show warning due to - plugged: true status unknown: false
05-06 05:32:24.060  1454  2005 D PowerUI : can't show warning due to - plugged: true status unknown: false
05-06 05:33:24.116  1454  2005 D PowerUI : can't show warning due to - plugged: true status unknown: false
05-06 05:34:24.058  1454  2005 D PowerUI : can't show warning due to - plugged: true status unknown: false
05-06 05:35:24.030  1454  2005 D PowerUI : can't show warning due to - plugged: true status unknown: false
05-06 05:35:45.561   915  1012 I chatty  : uid=1000 system_server expire 13 lines
05-06 05:36:24.066  1454  2005 D PowerUI : can't show warning due to - plugged: true status unknown: false
05-06 05:37:24.026  1454  2005 D PowerUI : can't show warning due to - plugged: true status unknown: false
05-06 05:38:24.030  1454  2005 D PowerUI : can't show warning due to - plugged: true status unknown: false
05-06 05:39:24.031  1454  2005 D PowerUI : can't show warning due to - plugged: true status unknown: false
05-06 05:39:45.705   915  1623 I chatty  : uid=1000 system_server expire 10 lines
05-06 05:40:24.068  1454  2005 D PowerUI : can't show warning due to - plugged: true status unknown: false
05-06 05:42:24.026  1454  2005 D PowerUI : can't show warning due to - plugged: true status unknown: false
05-06 05:43:24.070  1454  2005 D PowerUI : can't show warning due to - plugged: true status unknown: false
05-06 05:45:24.028  1454  2005 D PowerUI : can't show warning due to - plugged: true status unknown: false
05-06 05:46:24.059  1454  2005 D PowerUI : can't show warning due to - plugged: true status unknown: false
05-06 05:47:24.025  1454  2005 D PowerUI : can't show warning due to - plugged: true status unknown: false
05-06 05:48:24.067  1454  2005 D PowerUI : can't show warning due to - plugged: true status unknown: false
05-06 05:48:38.146   915  1014 I chatty  : uid=1000 system_server expire 12 lines
05-06 05:48:38.635   915  4408 I chatty  : uid=1000 system_server expire 11 lines
05-06 05:48:38.664   915  4579 I chatty  : uid=1000 system_server expire 13 lines
05-06 05:49:24.056  1454  2005 D PowerUI : can't show warning due to - plugged: true status unknown: false
05-06 05:51:24.011  1454  2005 D PowerUI : can't show warning due to - plugged: true status unknown: false
05-06 05:52:24.055  1454  2005 D PowerUI : can't show warning due to - plugged: true status unknown: false
05-06 05:53:24.053  1454  2005 D PowerUI : can't show warning due to - plugged: true status unknown: false
05-06 05:53:26.680   915  6679 I chatty  : uid=1000 system_server expire 11 lines
05-06 05:54:24.057  1454  2005 D PowerUI : can't show warning due to - plugged: true status unknown: false
05-06 05:55:24.021  1454  2005 D PowerUI : can't show warning due to - plugged: true status unknown: false
05-06 05:56:24.104  1454  2005 D PowerUI : can't show warning due to - plugged: true status unknown: false
05-06 05:56:43.073   915  1014 I chatty  : uid=1000 system_server expire 17 lines
05-06 05:57:24.038  1454  2005 D PowerUI : can't show warning due to - plugged: true status unknown: false
05-06 05:57:24.115   915 23473 I chatty  : uid=1000 system_server expire 53 lines
05-06 05:57:25.264   915  1617 I chatty  : uid=1000 system_server expire 14 lines
05-06 05:57:37.750   915  3937 I chatty  : uid=1000 system_server expire 10 lines
05-06 05:58:24.003  1454  2005 D PowerUI : can't show warning due to - plugged: true status unknown: false
05-06 05:59:24.024  1454  2005 D PowerUI : can't show warning due to - plugged: true status unknown: false
05-06 06:00:00.001   915   915 I chatty  : uid=1000 system_server expire 15 lines
05-06 06:00:24.024  1454  2005 D PowerUI : can't show warning due to - plugged: true status unknown: false
05-06 06:01:24.020  1454  2005 D PowerUI : can't show warning due to - plugged: true status unknown: false
05-06 06:02:24.024  1454  2005 D PowerUI : can't show warning due to - plugged: true status unknown: false
05-06 06:03:24.023  1454  2005 D PowerUI : can't show warning due to - plugged: true status unknown: false
05-06 06:04:24.023  1454  2005 D PowerUI : can't show warning due to - plugged: true status unknown: false
05-06 06:05:24.022  1454  2005 D PowerUI : can't show warning due to - plugged: true status unknown: false
05-06 06:05:55.234   915  1014 I chatty  : uid=1000 system_server expire 13 lines
05-06 06:06:24.023  1454  2005 D PowerUI : can't show warning due to - plugged: true status unknown: false
05-06 06:07:24.066  1454  2005 D PowerUI : can't show warning due to - plugged: true status unknown: false
05-06 06:08:24.022  1454  2005 D PowerUI : can't show warning due to - plugged: true status unknown: false
05-06 06:09:24.022  1454  2005 D PowerUI : can't show warning due to - plugged: true status unknown: false
05-06 06:09:52.696   915  1014 I chatty  : uid=1000 system_server expire 10 lines
05-06 06:09:54.120 24013 24013 D ActivityThread: Loading provider contacts;com.android.contacts: com.android.providers.contacts.ContactsProvider2
05-06 06:10:24.011  1454  2005 D PowerUI : can't show warning due to - plugged: true status unknown: false
05-06 06:11:24.020  1454  2005 D PowerUI : can't show warning due to - plugged: true status unknown: false
05-06 06:12:24.021  1454  2005 D PowerUI : can't show warning due to - plugged: true status unknown: false
05-06 06:13:24.021  1454  2005 D PowerUI : can't show warning due to - plugged: true status unknown: false
05-06 06:15:24.019  1454  2005 D PowerUI : can't show warning due to - plugged: true status unknown: false
05-06 06:16:24.023  1454  2005 D PowerUI : can't show warning due to - plugged: true status unknown: false
05-06 06:17:24.002  1454  2005 D PowerUI : can't show warning due to - plugged: true status unknown: false
05-06 06:17:24.161   915  1009 I chatty  : uid=1000(system) android.bg expire 12 lines
05-06 06:18:24.023  1454  2005 D PowerUI : can't show warning due to - plugged: true status unknown: false
05-06 06:19:24.026  1454  2005 D PowerUI : can't show warning due to - plugged: true status unknown: false
05-06 06:20:24.061  1454  2005 D PowerUI : can't show warning due to - plugged: true status unknown: false
05-06 06:21:24.021  1454  2005 D PowerUI : can't show warning due to - plugged: true status unknown: false
05-06 06:22:24.021  1454  2005 D PowerUI : can't show warning due to - plugged: true status unknown: false
05-06 06:23:24.023  1454  2005 D PowerUI : can't show warning due to - plugged: true status unknown: false
05-06 06:24:24.025  1454  2005 D PowerUI : can't show warning due to - plugged: true status unknown: false
05-06 06:25:24.021  1454  2005 D PowerUI : can't show warning due to - plugged: true status unknown: false
05-06 06:26:24.063  1454  2005 D PowerUI : can't show warning due to - plugged: true status unknown: false
05-06 06:27:24.022  1454  2005 D PowerUI : can't show warning due to - plugged: true status unknown: false
05-06 06:28:24.029  1454  2005 D PowerUI : can't show warning due to - plugged: true status unknown: false
05-06 06:29:24.021  1454  2005 D PowerUI : can't show warning due to - plugged: true status unknown: false
05-06 06:30:24.041  1454  2005 D PowerUI : can't show warning due to - plugged: true status unknown: false
05-06 06:31:24.020  1454  2005 D PowerUI : can't show warning due to - plugged: true status unknown: false
05-06 06:32:24.018  1454  2005 D PowerUI : can't show warning due to - plugged: true status unknown: false
05-06 06:33:24.015  1454  2005 D PowerUI : can't show warning due to - plugged: true status unknown: false
05-06 06:34:24.020  1454  2005 D PowerUI : can't show warning due to - plugged: true status unknown: false
05-06 06:35:24.008  1454  2005 D PowerUI : can't show warning due to - plugged: true status unknown: false
05-06 06:36:24.050  1454  2005 D PowerUI : can't show warning due to - plugged: true status unknown: false
05-06 06:37:24.030  1454  2005 D PowerUI : can't show warning due to - plugged: true status unknown: false
05-06 06:38:24.017  1454  2005 D PowerUI : can't show warning due to - plugged: true status unknown: false
05-06 06:39:24.019  1454  2005 D PowerUI : can't show warning due to - plugged: true status unknown: false
05-06 06:40:24.054  1454  2005 D PowerUI : can't show warning due to - plugged: true status unknown: false
05-06 06:41:24.020  1454  2005 D PowerUI : can't show warning due to - plugged: true status unknown: false
05-06 06:42:24.045  1454  2005 D PowerUI : can't show warning due to - plugged: true status unknown: false
05-06 06:43:24.053  1454  2005 D PowerUI : can't show warning due to - plugged: true status unknown: false
05-06 06:44:24.055  1454  2005 D PowerUI : can't show warning due to - plugged: true status unknown: false
05-06 06:46:24.004  1454  2005 D PowerUI : can't show warning due to - plugged: true status unknown: false
05-06 06:47:24.027  1454  2005 D PowerUI : can't show warning due to - plugged: true status unknown: false
05-06 06:48:24.025  1454  2005 D PowerUI : can't show warning due to - plugged: true status unknown: false
05-06 06:48:39.048   915  4365 I chatty  : uid=1000 system_server expire 11 lines
05-06 06:49:24.063  1454  2005 D PowerUI : can't show warning due to - plugged: true status unknown: false
05-06 06:50:24.026  1454  2005 D PowerUI : can't show warning due to - plugged: true status unknown: false
05-06 06:51:24.068  1454  2005 D PowerUI : can't show warning due to - plugged: true status unknown: false
05-06 06:52:24.017  1454  2005 D PowerUI : can't show warning due to - plugged: true status unknown: false
05-06 06:53:24.022  1454  2005 D PowerUI : can't show warning due to - plugged: true status unknown: false
05-06 06:53:26.216   915  1014 I chatty  : uid=1000 system_server expire 13 lines
05-06 06:54:24.029  1454  2005 D PowerUI : can't show warning due to - plugged: true status unknown: false
05-06 06:55:24.027  1454  2005 D PowerUI : can't show warning due to - plugged: true status unknown: false
05-06 06:56:24.060  1454  2005 D PowerUI : can't show warning due to - plugged: true status unknown: false
05-06 06:57:24.062  1454  2005 D PowerUI : can't show warning due to - plugged: true status unknown: false
05-06 06:58:24.029  1454  2005 D PowerUI : can't show warning due to - plugged: true status unknown: false
05-06 06:59:24.058  1454  2005 D PowerUI : can't show warning due to - plugged: true status unknown: false
05-06 07:00:24.021  1454  2005 D PowerUI : can't show warning due to - plugged: true status unknown: false
05-06 07:01:24.022  1454  2005 D PowerUI : can't show warning due to - plugged: true status unknown: false
05-06 07:01:29.344   915  4223 I chatty  : uid=1000 system_server expire 13 lines
05-06 07:02:24.038  1454  2005 D PowerUI : can't show warning due to - plugged: true status unknown: false
05-06 07:03:15.520   915  1009 I chatty  : uid=1000(system) android.bg expire 12 lines
05-06 07:03:24.024  1454  2005 D PowerUI : can't show warning due to - plugged: true status unknown: false
05-06 07:04:24.025  1454  2005 D PowerUI : can't show warning due to - plugged: true status unknown: false
05-06 07:04:52.343   915  1031 I chatty  : uid=1000 system_server expire 13 lines
05-06 07:05:24.021  1454  2005 D PowerUI : can't show warning due to - plugged: true status unknown: false
05-06 07:06:01.625   915  1012 I chatty  : uid=1000 system_server expire 10 lines
05-06 07:06:24.021  1454  2005 D PowerUI : can't show warning due to - plugged: true status unknown: false
05-06 07:06:43.102   915  1014 I chatty  : uid=1000 system_server expire 13 lines
05-06 07:07:24.018  1454  2005 D PowerUI : can't show warning due to - plugged: true status unknown: false
05-06 07:08:24.025  1454  2005 D PowerUI : can't show warning due to - plugged: true status unknown: false
05-06 07:09:24.024  1454  2005 D PowerUI : can't show warning due to - plugged: true status unknown: false
05-06 07:10:04.686 24930 24930 D ActivityThread: Loading provider contacts;com.android.contacts: com.android.providers.contacts.ContactsProvider2
05-06 07:10:24.019  1454  2005 D PowerUI : can't show warning due to - plugged: true status unknown: false
05-06 07:10:27.582   915  1366 I chatty  : uid=1000 system_server expire 12 lines
05-06 07:10:29.758   915  1014 I chatty  : uid=1000 system_server expire 13 lines
05-06 07:11:24.035  1454  2005 D PowerUI : can't show warning due to - plugged: true status unknown: false
05-06 07:12:24.054  1454  2005 D PowerUI : can't show warning due to - plugged: true status unknown: false
05-06 07:13:24.016  1454  2005 D PowerUI : can't show warning due to - plugged: true status unknown: false
05-06 07:14:24.018  1454  2005 D PowerUI : can't show warning due to - plugged: true status unknown: false
05-06 07:15:24.045  1454  2005 D PowerUI : can't show warning due to - plugged: true status unknown: false
05-06 07:16:24.054  1454  2005 D PowerUI : can't show warning due to - plugged: true status unknown: false
05-06 07:17:24.019  1454  2005 D PowerUI : can't show warning due to - plugged: true status unknown: false
05-06 07:18:24.045  1454  2005 D PowerUI : can't show warning due to - plugged: true status unknown: false
05-06 07:20:24.017  1454  2005 D PowerUI : can't show warning due to - plugged: true status unknown: false
05-06 07:21:24.019  1454  2005 D PowerUI : can't show warning due to - plugged: true status unknown: false
05-06 07:22:24.070  1454  2005 D PowerUI : can't show warning due to - plugged: true status unknown: false
05-06 07:25:24.018  1454  2005 D PowerUI : can't show warning due to - plugged: true status unknown: false
05-06 07:26:23.996  1454  2005 D PowerUI : can't show warning due to - plugged: true status unknown: false
05-06 07:26:29.253   915  2372 I chatty  : uid=1000 system_server expire 17 lines
05-06 07:27:24.019  1454  2005 D PowerUI : can't show warning due to - plugged: true status unknown: false
05-06 07:28:24.011  1454  2005 D PowerUI : can't show warning due to - plugged: true status unknown: false
05-06 07:29:24.020  1454  2005 D PowerUI : can't show warning due to - plugged: true status unknown: false
05-06 07:30:24.022  1454  2005 D PowerUI : can't show warning due to - plugged: true status unknown: false
05-06 07:31:24.026  1454  2005 D PowerUI : can't show warning due to - plugged: true status unknown: false
05-06 07:33:24.013  1454  2005 D PowerUI : can't show warning due to - plugged: true status unknown: false
